
> infra-tracker@1.0.0 portco:reconciliation:apply
> npx tsx scripts/portco-reconciliation/apply-cli.ts --proposal=audits/portco-reconciliation/2026-08-03/proposals/0119-puc-transmission-lp-v1/proposal.json --approval=audits/portco-reconciliation/2026-08-03/approvals/0119-puc-transmission-lp-v1.json --production-snapshot=audits/portco-reconciliation/2026-08-03/execution-v1/tasks/0119-puc-transmission-lp/attempt-1/locked-production-snapshot.json --proposal-sha256=6c1c7770b52e182e79e6441c631751f620dae3a37494d884ff94484ea395c320 --approval-sha256=158bc922c9843aeb3f47ce9654306d41a2eb79a88553e9b6de5179249bacf15e --snapshot-sha256=611533ecc9cf66d6be4eb78dc82458fc27828f66d0c931fe9b5890d2961b4ded --seed-artifact=prisma/seed-data/approved-portco-after-images.json --apply --write-token=APPLY_APPROVED_PORTCO_CHANGE --receipt=tmp/portco-reconciliation/production/apply-receipt.json --public-base-url=https://infra-ma-2.vercel.app/Infra-MA2/

(node:3130) DeprecationWarning: Calling client.query() when the client is already executing a query is deprecated and will be removed in pg@9.0. Use async/await or an external async flow control mechanism instead.
(Use `node --trace-deprecation ...` to show where the warning was created)
{
  "mode": "APPLIED",
  "receiptPath": "/home/runner/work/Infra-MA2/Infra-MA2/tmp/portco-reconciliation/production/apply-receipt.json",
  "receipt": {
    "schemaVersion": 1,
    "artifactType": "PORTCO_CHANGE_APPLY_RECEIPT",
    "runId": "portco-reconciliation-2026-08-03-v2",
    "taskId": "ledger:0119:puc-transmission-lp:5441ac76",
    "taskIndex": 119,
    "companyName": "PUC Transmission LP",
    "companyId": "cmrxpj84w00lwivhepnoou4ov",
    "proposalSha256": "6c1c7770b52e182e79e6441c631751f620dae3a37494d884ff94484ea395c320",
    "approvalSha256": "158bc922c9843aeb3f47ce9654306d41a2eb79a88553e9b6de5179249bacf15e",
    "productionSnapshotSha256": "611533ecc9cf66d6be4eb78dc82458fc27828f66d0c931fe9b5890d2961b4ded",
    "beforeCompanySnapshotSha256": "f9ba89ffd7fe8d126275bde677cb7bc056cebc34b5e9b9a32e926d0b66c8307f",
    "appliedAfterImageSha256": "187ed29245db53534e016529f114f490d77153b68300560d2fc91d832a151c71",
    "seedAfterImageSha256": "187ed29245db53534e016529f114f490d77153b68300560d2fc91d832a151c71",
    "approvedSeedEntrySha256": "291e2ef352db83b45ab4168fdd613cff0d336a0c56a58bd4afe8bad0d7bba75c",
    "databaseTargetFingerprint": "45836a2e3306aa27a98c47cded3087b545691ec737c22861a69c4ab202986929",
    "transactionId": "2838a2a3-30b2-40da-ba7c-409ab9cdfc1a",
    "auditEventId": "cmsz7n25y000feyyy6qs06a05",
    "appliedAt": "2026-08-18T22:04:26.248Z",
    "verification": {
      "databaseMatchesAfterImage": true,
      "seedMatchesAfterImage": true,
      "detailApiVerified": true
    },
    "receiptSha256": "3f360cc376dbd8aa47cd7970b358205ad490d97e79ccce8e1cd0a34e1631cab4"
  }
}
