
> infra-tracker@1.0.0 portco:reconciliation:batch:apply
> npx tsx scripts/portco-reconciliation/batch-apply-cli.ts --batch-manifest=audits/portco-reconciliation/2026-08-23/batches/batch-0274-0278-v3/batch-manifest.json --batch-sha256=9326c6d7e14548704ce7c55a88b37b201db7f350387178348d1430ddef659dd9

(node:3221) DeprecationWarning: Calling client.query() when the client is already executing a query is deprecated and will be removed in pg@9.0. Use async/await or an external async flow control mechanism instead.
(Use `node --trace-deprecation ...` to show where the warning was created)
{
  "mode": "BATCH_DRY_RUN",
  "batchId": "batch-0274-0278-v3",
  "batchSha256": "9326c6d7e14548704ce7c55a88b37b201db7f350387178348d1430ddef659dd9",
  "databaseWrites": false,
  "seedWrites": false,
  "plans": [
    {
      "companyName": "CoolCo",
      "mutations": [
        {
          "kind": "CORRECT_COMPANY",
          "relationIds": [],
          "detail": "Apply approved changes to aliases, description, website, headquarters, lastVerifiedAt, ownershipPeriods, milestones, citations."
        },
        {
          "kind": "ADD_OWNER",
          "relationIds": [],
          "detail": "Add 1 approved ownership period(s)."
        },
        {
          "kind": "MERGE_COMPANIES",
          "relationIds": [
            "seed:ledger:0474:coolco-cincinnati-district-energy:47c3df2b"
          ],
          "detail": "retire 1 reviewed seed-only identity record(s)"
        }
      ],
      "changedFields": [
        "aliases",
        "citations",
        "description",
        "headquarters",
        "lastVerifiedAt",
        "milestones",
        "ownershipPeriods",
        "seedIdentities",
        "website"
      ],
      "retiredCompanyIds": []
    }
  ]
}
