
> infra-tracker@1.0.0 portco:reconciliation:apply
> npx tsx scripts/portco-reconciliation/apply-cli.ts --proposal=audits/portco-reconciliation/2026-08-03/proposals/0041-pattern-energy-group-lp-pattern-energy-v1/proposal.json --approval=audits/portco-reconciliation/2026-08-03/approvals/0041-pattern-energy-group-lp-pattern-energy-v1.json --production-snapshot=audits/portco-reconciliation/2026-08-03/execution-v1/tasks/0041-pattern-energy-group-lp-pattern-energy/attempt-3/production-snapshot.json --proposal-sha256=6359a499bf9fca50cd2025da2a1e7a83d1f0cda296680e8cd5fdc5cb96cdfa9e --approval-sha256=20fbb3beca7a32c429274e8427f605b4d4708b30d1d5ba8a452a24f27a2136dd --snapshot-sha256=75ef29395626034ba8af6628c3b04b83bd23eb19c8df3a5091ea6afad634d22d --seed-artifact=prisma/seed-data/approved-portco-after-images.json --apply --write-token=APPLY_APPROVED_PORTCO_CHANGE --receipt=tmp/portco-reconciliation/production/apply-receipt.json --public-base-url=https://infra-ma-2.vercel.app/Infra-MA2/

(node:3103) DeprecationWarning: Calling client.query() when the client is already executing a query is deprecated and will be removed in pg@9.0. Use async/await or an external async flow control mechanism instead.
(Use `node --trace-deprecation ...` to show where the warning was created)
{
  "mode": "APPLIED",
  "receiptPath": "/home/runner/work/Infra-MA2/Infra-MA2/tmp/portco-reconciliation/production/apply-receipt.json",
  "receipt": {
    "schemaVersion": 1,
    "artifactType": "PORTCO_CHANGE_APPLY_RECEIPT",
    "runId": "portco-reconciliation-2026-08-03-v2",
    "taskId": "ledger:0041:pattern-energy-group-lp-pattern-energy:21bb4249",
    "taskIndex": 41,
    "companyName": "Pattern Energy Group LP (Pattern Energy)",
    "proposalSha256": "6359a499bf9fca50cd2025da2a1e7a83d1f0cda296680e8cd5fdc5cb96cdfa9e",
    "approvalSha256": "20fbb3beca7a32c429274e8427f605b4d4708b30d1d5ba8a452a24f27a2136dd",
    "productionSnapshotSha256": "75ef29395626034ba8af6628c3b04b83bd23eb19c8df3a5091ea6afad634d22d",
    "beforeCompanySnapshotSha256": "84ed15f09841641ea728a0b1e44648b5e0f117ca42f26c5d28e5a77595eb6f80",
    "appliedAfterImageSha256": "3186eb405684a999772e65f1d96109a03c78b36e291afa06a1a2d11214ebd75c",
    "seedAfterImageSha256": "3186eb405684a999772e65f1d96109a03c78b36e291afa06a1a2d11214ebd75c",
    "approvedSeedEntrySha256": "6538226ad3a0d2cd039e888fbead28607e24e2588a134f1ea0f00197f07f97af",
    "databaseTargetFingerprint": "45836a2e3306aa27a98c47cded3087b545691ec737c22861a69c4ab202986929",
    "transactionId": "5b3332a3-6319-4405-ba90-dd3b3c7fcdd8",
    "auditEventId": "cmsk7sggb000le74s7ferbk67",
    "appliedAt": "2026-08-08T10:12:05.436Z",
    "verification": {
      "databaseMatchesAfterImage": true,
      "seedMatchesAfterImage": true,
      "detailApiVerified": true
    },
    "receiptSha256": "34bf3cbdf28c21a02fb4cf23cbd8552d6cf27b0d62e09d25c15ddbc7ca95e0bb"
  }
}
