
> infra-tracker@1.0.0 portco:reconciliation:apply
> npx tsx scripts/portco-reconciliation/apply-cli.ts --proposal=audits/portco-reconciliation/2026-08-03/proposals/0041-pattern-energy-group-lp-pattern-energy-v1/proposal.json --approval=audits/portco-reconciliation/2026-08-03/approvals/0041-pattern-energy-group-lp-pattern-energy-v1.json --production-snapshot=audits/portco-reconciliation/2026-08-03/execution-v1/tasks/0041-pattern-energy-group-lp-pattern-energy/attempt-3/production-snapshot.json --proposal-sha256=6359a499bf9fca50cd2025da2a1e7a83d1f0cda296680e8cd5fdc5cb96cdfa9e --approval-sha256=20fbb3beca7a32c429274e8427f605b4d4708b30d1d5ba8a452a24f27a2136dd --snapshot-sha256=75ef29395626034ba8af6628c3b04b83bd23eb19c8df3a5091ea6afad634d22d

(node:2859) DeprecationWarning: Calling client.query() when the client is already executing a query is deprecated and will be removed in pg@9.0. Use async/await or an external async flow control mechanism instead.
(Use `node --trace-deprecation ...` to show where the warning was created)
{
  "mode": "DRY_RUN",
  "databaseWrites": false,
  "seedWrites": false,
  "seedEntry": {
    "proposalSha256": "6359a499bf9fca50cd2025da2a1e7a83d1f0cda296680e8cd5fdc5cb96cdfa9e",
    "approvalSha256": "20fbb3beca7a32c429274e8427f605b4d4708b30d1d5ba8a452a24f27a2136dd",
    "afterImageSha256": "3186eb405684a999772e65f1d96109a03c78b36e291afa06a1a2d11214ebd75c",
    "taskId": "ledger:0041:pattern-energy-group-lp-pattern-energy:21bb4249",
    "operation": "MERGE",
    "company": {
      "name": "Pattern Energy Group LP",
      "investmentFirm": "APG Asset Management",
      "sector": "Power & ET",
      "subsector": "Wind, solar, storage, and transmission development",
      "region": "North America",
      "country": "United States",
      "ownershipVehicle": "Windmolens, LLC",
      "description": "Pattern Energy Group LP is a San Francisco-headquartered developer, owner, and operator of utility-scale wind, solar, energy storage, and transmission infrastructure across North America. The company reports 46 operating facilities totaling approximately 12 GW and a 40 GW development and active-construction portfolio. CPP Investments has owned the platform since the March 2020 take-private and holds 69.1% after Pattern completed its share-based acquisition of CPP-owned Cordelio Power on April 2, 2026. On June 9, 2025, an APG- and ART-headed consortium that also included a CalSTRS buyer vehicle acquired Riverstone's entire stake alongside Pattern management; the individual consortium and management stakes were not disclosed. Riverstone had backed Pattern since its 2009 formation and rolled its interest through the 2020 combination before exiting in 2025.",
      "status": "Active",
      "countryTags": [
        "United States",
        "Canada",
        "Mexico"
      ],
      "website": "https://patternenergy.com/",
      "yearFounded": 2009,
      "investmentYear": 2025,
      "headquarters": "San Francisco, California",
      "milestones": [
        {
          "date": "2009",
          "event": "Pattern Energy Group was founded.",
          "category": "Founding"
        },
        {
          "date": "Sep 2013",
          "event": "Pattern completed its initial public offering on NASDAQ.",
          "category": "IPO"
        },
        {
          "date": "Mar 2020",
          "event": "CPP Investments completed the take-private acquisition of Pattern.",
          "category": "Financing"
        },
        {
          "date": "Dec 2024",
          "event": "Pattern announced the sale of Riverstone's equity stake to a consortium led by APG and ART.",
          "category": "Divestiture"
        },
        {
          "date": "Jun 9, 2025",
          "event": "Pattern closed the equity investment from the APG- and ART-headed consortium, which became an owner alongside CPP Investments and Pattern management.",
          "category": "Financing"
        },
        {
          "date": "2009",
          "event": "Public company materials identify 2009 as the founding year for Pattern Energy.",
          "category": "Founding"
        },
        {
          "date": "Mar 16, 2020",
          "event": "CPP Investments completed the take-private acquisition of Pattern Energy.",
          "category": "Acquisition"
        },
        {
          "date": "Jun 9, 2025",
          "event": "Pattern announced the closing of an equity investment from a consortium headed by APG and Australian Retirement Trust, which acquired Riverstone's stake.",
          "category": "Acquisition"
        },
        {
          "date": "Apr 2, 2026",
          "event": "Pattern completed the acquisition of Cordelio Power, expanding the platform across the United States and Canada.",
          "category": "Expansion"
        }
      ],
      "management": [],
      "sources": [
        {
          "label": "Patternenergy — Pattern Energy Group LP",
          "url": "https://patternenergy.com/",
          "type": "WEBSITE",
          "purpose": "COMPANY_PROFILE",
          "evidenceLabel": "Patternenergy company profile"
        },
        {
          "label": "Cppinvestments — Pattern Energy Group LP",
          "url": "https://www.cppinvestments.com/public-media/headlines/2020/cpp-investments-completes-acquisition-of-pattern-energy-group/",
          "type": "WEBSITE",
          "purpose": "MILESTONE_EVENT",
          "evidenceLabel": "Cppinvestments transaction or milestone detail"
        },
        {
          "label": "Announcement date source — APG Infrastructure — Pattern Energy Group LP",
          "url": "https://patternenergy.com/pattern-energy-announces-equity-investment-from-consortium-headed-by-apg-and-art/",
          "type": "PRESS_RELEASE",
          "purpose": "OWNERSHIP_INVESTMENT",
          "evidenceLabel": "APG Infrastructure transaction announcement"
        },
        {
          "label": "Close date source — APG Infrastructure — Pattern Energy Group LP",
          "url": "https://patternenergy.com/pattern-energy-announces-closing-of-equity-investment-from-consortium-headed-by-apg-and-art/",
          "type": "ARTICLE",
          "purpose": "OWNERSHIP_INVESTMENT",
          "evidenceLabel": "APG Infrastructure closing confirmation"
        },
        {
          "label": "Close date source — CPP Investments — Pattern Energy Group",
          "url": "https://patternenergy.com/pattern-energy-and-canada-pension-plan-investment-board-complete-transaction/",
          "type": "ARTICLE",
          "purpose": "OWNERSHIP_INVESTMENT",
          "evidenceLabel": "CPP Investments closing confirmation"
        },
        {
          "label": "Close date source — APG Infrastructure — Pattern Energy Group LP",
          "url": "https://patternenergy.com/pattern-energy-announces-closing-of-equity-investment-from-consortium-headed-by-apg-and-art/",
          "type": "ARTICLE",
          "purpose": "SUPPORTING_CONTEXT",
          "evidenceLabel": "Patternenergy — Pattern Energy Group"
        },
        {
          "label": "Patternenergy — Cordelio Power",
          "url": "https://patternenergy.com/pattern-energy-announces-completion-of-acquisition-of-cordelio-power/",
          "type": "ARTICLE",
          "purpose": "MILESTONE_EVENT",
          "evidenceLabel": "Patternenergy transaction or milestone detail"
        },
        {
          "label": "Pattern Energy — legal identity",
          "url": "https://patternenergy.com/terms-conditions/",
          "type": "WEBSITE",
          "purpose": "SUPPORTING_CONTEXT",
          "evidenceLabel": "Official legal identity for Pattern Energy Group LP"
        },
        {
          "label": "Pattern Energy — company profile",
          "url": "https://patternenergy.com/about/",
          "type": "WEBSITE",
          "purpose": "COMPANY_PROFILE",
          "evidenceLabel": "Current infrastructure scope and operating scale"
        },
        {
          "label": "Pattern Energy — California presence",
          "url": "https://patternenergy.com/projects/california/",
          "type": "WEBSITE",
          "purpose": "COMPANY_PROFILE",
          "evidenceLabel": "San Francisco headquarters and 2009 founding year"
        },
        {
          "label": "Pattern Energy — 2025 sustainability report",
          "url": "https://patternenergy.com/wp-content/uploads/2025/09/Pattern-Energy-2025-ESG-Report.pdf",
          "type": "OTHER",
          "purpose": "OPERATIONS_ASSETS",
          "evidenceLabel": "United States, Canada, and Mexico operating footprint"
        },
        {
          "label": "CPP Investments — Pattern Energy transaction close",
          "url": "https://www.cppinvestments.com/newsroom/pattern-energy-and-canada-pension-plan-investment-board-complete-transaction/",
          "type": "PRESS_RELEASE",
          "purpose": "OWNERSHIP_INVESTMENT",
          "evidenceLabel": "CPP Investments' March 2020 entry and renewable-energy strategy basis"
        },
        {
          "label": "CPP Investments — Q3 fiscal 2026 results",
          "url": "https://www.cppinvestments.com/newsroom/cpp-investments-net-assets-total-780-7-billion-at-third-quarter-fiscal-2026/",
          "type": "PRESS_RELEASE",
          "purpose": "OWNERSHIP_INVESTMENT",
          "evidenceLabel": "69.1% Pattern ownership upon Cordelio closing"
        },
        {
          "label": "Pattern Energy — Cordelio acquisition agreement",
          "url": "https://patternenergy.com/pattern-energy-announces-agreement-to-acquire-cordelio-power/",
          "type": "PRESS_RELEASE",
          "purpose": "OWNERSHIP_INVESTMENT",
          "evidenceLabel": "Share-based transaction mechanics increasing CPP Investments' Pattern stake"
        },
        {
          "label": "COFECE — Pattern Energy ownership decision",
          "url": "https://www.cofece.mx/CFCResoluciones/docs/Concentraciones/V6085/12/6359349.pdf",
          "type": "OTHER",
          "purpose": "OWNERSHIP_INVESTMENT",
          "evidenceLabel": "Windmolens, LLC and the distinct 2025 buyer parties"
        },
        {
          "label": "APG — Asset Owner Partnership investment update",
          "url": "https://assetmanagement.apg.nl/publications/apg-s-partnership-with-swiss-investors-deploys-over-250-million-in-its-first-year/",
          "type": "ARTICLE",
          "purpose": "OWNERSHIP_INVESTMENT",
          "evidenceLabel": "APG direct-infrastructure mandate and ongoing Pattern holding"
        },
        {
          "label": "Australian Retirement Trust — Pattern Energy investment",
          "url": "https://www.australianretirementtrust.com.au/investments/market-watch/insights/investing-in-transmission-infrastructure",
          "type": "ARTICLE",
          "purpose": "OWNERSHIP_INVESTMENT",
          "evidenceLabel": "ART as a distinct Pattern co-owner"
        }
      ],
      "owners": [
        {
          "investmentFirm": "APG Asset Management",
          "ownershipVehicle": "Windmolens, LLC",
          "investmentYear": 2025,
          "status": "Active",
          "transactionState": "CLOSED_ACTIVE"
        },
        {
          "investmentFirm": "CPP Investments",
          "ownershipVehicle": "CPP Investments",
          "investmentYear": 2020,
          "stake": "69.1%",
          "status": "Active",
          "transactionState": "CLOSED_ACTIVE"
        }
      ]
    },
    "retiredCompanies": [
      {
        "name": "Pattern Energy Group",
        "country": "United States / Canada"
      },
      {
        "name": "Pattern Energy Group LP",
        "country": "United States"
      },
      {
        "name": "Pattern Energy Group LP (Pattern Energy)",
        "country": "United States / Canada"
      }
    ],
    "reviewedSeedRetirements": [
      {
        "sourceQueueTaskId": "ledger:0485:pattern-energy-group:87e3d72d",
        "sourceQueueEntrySha256": "6fa48bc4875874c7aa5ad6298d57b16fbac1ce62da6b61af02c7e33ecc437730",
        "name": "Pattern Energy Group",
        "country": "United States / Canada",
        "rawSeedEntrySha256": "00412e3c1ff150a7d8386382bbc96989c634bda5f3670983ec8f11447f114e9e",
        "evaluatedSeedEntrySha256": "00412e3c1ff150a7d8386382bbc96989c634bda5f3670983ec8f11447f114e9e"
      },
      {
        "sourceQueueTaskId": "ledger:0486:pattern-energy-group-lp:d08ef8c1",
        "sourceQueueEntrySha256": "af7191fb3a8252faabd53f80ca5c9e1b7e5d57f706ac96ce991f5ba09b221478",
        "name": "Pattern Energy Group LP",
        "country": "United States",
        "rawSeedEntrySha256": "9bd8d8e00cb7c278c9e3bfb5c994a076e2367791c1576240b63fab1c98e38e6d",
        "evaluatedSeedEntrySha256": "9bd8d8e00cb7c278c9e3bfb5c994a076e2367791c1576240b63fab1c98e38e6d"
      }
    ],
    "canonicalAfterImage": {
      "id": "cmrxpj5g400htivhen2tours6",
      "name": "Pattern Energy Group LP",
      "aliases": [
        "Pattern Energy",
        "Pattern Energy Group",
        "Pattern Energy Group LP (Pattern Energy)",
        "Pattern Energy Group, LP"
      ],
      "sector": "POWER_ET",
      "subsector": "Wind, solar, storage, and transmission development",
      "region": "NORTH_AMERICA",
      "country": "United States",
      "countryTags": [
        "United States",
        "Canada",
        "Mexico"
      ],
      "description": "Pattern Energy Group LP is a San Francisco-headquartered developer, owner, and operator of utility-scale wind, solar, energy storage, and transmission infrastructure across North America. The company reports 46 operating facilities totaling approximately 12 GW and a 40 GW development and active-construction portfolio. CPP Investments has owned the platform since the March 2020 take-private and holds 69.1% after Pattern completed its share-based acquisition of CPP-owned Cordelio Power on April 2, 2026. On June 9, 2025, an APG- and ART-headed consortium that also included a CalSTRS buyer vehicle acquired Riverstone's entire stake alongside Pattern management; the individual consortium and management stakes were not disclosed. Riverstone had backed Pattern since its 2009 formation and rolled its interest through the 2020 combination before exiting in 2025.",
      "companyStatus": "ACTIVE",
      "recordStatus": "PUBLISHED",
      "website": "https://patternenergy.com/",
      "yearFounded": 2009,
      "headquarters": "San Francisco, California",
      "lastVerifiedAt": "2026-08-08T00:00:00.000Z",
      "ownershipPeriods": [
        {
          "id": "cmrxpjqg601ejivhen0mxgpjk",
          "managerName": "APG Asset Management",
          "organizationName": "APG Asset Management",
          "fundName": null,
          "vehicleName": "Windmolens, LLC",
          "stake": null,
          "investmentYear": 2025,
          "exitYear": null,
          "isActive": true,
          "transactionState": "CLOSED_ACTIVE"
        },
        {
          "id": "cmrxpjy0j01qoivhetpk1txdj",
          "managerName": "CPP Investments",
          "organizationName": "CPP Investments",
          "fundName": null,
          "vehicleName": null,
          "stake": "69.1%",
          "investmentYear": 2020,
          "exitYear": null,
          "isActive": true,
          "transactionState": "CLOSED_ACTIVE"
        }
      ],
      "pendingOwnershipTransactions": [],
      "milestones": [
        {
          "id": "cmrxpkhs702jkivhee71rc8ij",
          "date": "2009",
          "event": "Pattern Energy Group was founded.",
          "category": "FOUNDING",
          "sortDate": "2009-01-01T00:00:00.000Z",
          "evidenceUrls": []
        },
        {
          "id": "cmrxpkhso02jlivhe07quj81k",
          "date": "Sep 2013",
          "event": "Pattern completed its initial public offering on NASDAQ.",
          "category": "IPO",
          "sortDate": "2013-09-01T04:00:00.000Z",
          "evidenceUrls": []
        },
        {
          "id": "cmrxpkht702jmivheh4lwnczd",
          "date": "Mar 2020",
          "event": "CPP Investments completed the take-private acquisition of Pattern.",
          "category": "FINANCING",
          "sortDate": "2020-03-01T05:00:00.000Z",
          "evidenceUrls": []
        },
        {
          "id": "cmrxpkhtq02jnivhejei8n08n",
          "date": "Dec 2024",
          "event": "Pattern announced the sale of Riverstone's equity stake to a consortium led by APG and ART.",
          "category": "DIVESTITURE",
          "sortDate": "2024-12-01T05:00:00.000Z",
          "evidenceUrls": []
        },
        {
          "id": "cmrxpkhub02joivhel9boqkcl",
          "date": "Jun 9, 2025",
          "event": "Pattern closed the equity investment from the APG- and ART-headed consortium, which became an owner alongside CPP Investments and Pattern management.",
          "category": "FINANCING",
          "sortDate": "2025-06-09T04:00:00.000Z",
          "evidenceUrls": []
        },
        {
          "id": "cmrxplczy03l7ivheq3fve90n",
          "date": "2009",
          "event": "Public company materials identify 2009 as the founding year for Pattern Energy.",
          "category": "FOUNDING",
          "sortDate": "2009-01-01T00:00:00.000Z",
          "evidenceUrls": []
        },
        {
          "id": "cmrxpld0f03l8ivhe4hqhzb2c",
          "date": "Mar 16, 2020",
          "event": "CPP Investments completed the take-private acquisition of Pattern Energy.",
          "category": "ACQUISITION",
          "sortDate": "2020-03-16T04:00:00.000Z",
          "evidenceUrls": []
        },
        {
          "id": "cmrxpld0z03l9ivhe0gwljo17",
          "date": "Jun 9, 2025",
          "event": "Pattern announced the closing of an equity investment from a consortium headed by APG and Australian Retirement Trust, which acquired Riverstone's stake.",
          "category": "ACQUISITION",
          "sortDate": "2025-06-09T04:00:00.000Z",
          "evidenceUrls": []
        },
        {
          "id": "cmrxpld1k03laivheeih7gky9",
          "date": "Apr 2, 2026",
          "event": "Pattern completed the acquisition of Cordelio Power, expanding the platform across the United States and Canada.",
          "category": "EXPANSION",
          "sortDate": "2026-04-02T04:00:00.000Z",
          "evidenceUrls": []
        }
      ],
      "managementRoles": [],
      "citations": [
        {
          "id": "cmrxpospb077nivheedvux7lq",
          "label": "Patternenergy — Pattern Energy Group LP",
          "url": "https://patternenergy.com/",
          "sourceType": "WEBSITE",
          "purpose": "COMPANY_PROFILE",
          "evidenceLabel": "Patternenergy company profile",
          "isPrimary": true
        },
        {
          "id": "cmrxposqf077pivhecwy7jpap",
          "label": "Cppinvestments — Pattern Energy Group LP",
          "url": "https://www.cppinvestments.com/public-media/headlines/2020/cpp-investments-completes-acquisition-of-pattern-energy-group/",
          "sourceType": "WEBSITE",
          "purpose": "MILESTONE_EVENT",
          "evidenceLabel": "Cppinvestments transaction or milestone detail",
          "isPrimary": false
        },
        {
          "id": "cmrxposri077rivhe63c93q8c",
          "label": "Announcement date source — APG Infrastructure — Pattern Energy Group LP",
          "url": "https://patternenergy.com/pattern-energy-announces-equity-investment-from-consortium-headed-by-apg-and-art/",
          "sourceType": "PRESS_RELEASE",
          "purpose": "OWNERSHIP_INVESTMENT",
          "evidenceLabel": "APG Infrastructure transaction announcement",
          "isPrimary": false
        },
        {
          "id": "cmrxpossi077tivhemvgngy11",
          "label": "Close date source — APG Infrastructure — Pattern Energy Group LP",
          "url": "https://patternenergy.com/pattern-energy-announces-closing-of-equity-investment-from-consortium-headed-by-apg-and-art/",
          "sourceType": "ARTICLE",
          "purpose": "OWNERSHIP_INVESTMENT",
          "evidenceLabel": "APG Infrastructure closing confirmation",
          "isPrimary": false
        },
        {
          "id": "cmrxpqdv009iaivhecuj38sv5",
          "label": "Close date source — CPP Investments — Pattern Energy Group",
          "url": "https://patternenergy.com/pattern-energy-and-canada-pension-plan-investment-board-complete-transaction/",
          "sourceType": "ARTICLE",
          "purpose": "OWNERSHIP_INVESTMENT",
          "evidenceLabel": "CPP Investments closing confirmation",
          "isPrimary": false
        },
        {
          "id": "cmrxpqdvp09ibivhewyj7tbbe",
          "label": "Close date source — APG Infrastructure — Pattern Energy Group LP",
          "url": "https://patternenergy.com/pattern-energy-announces-closing-of-equity-investment-from-consortium-headed-by-apg-and-art/",
          "sourceType": "ARTICLE",
          "purpose": "SUPPORTING_CONTEXT",
          "evidenceLabel": "Patternenergy — Pattern Energy Group",
          "isPrimary": false
        },
        {
          "id": "cmrxpqdwe09icivheix6orm8q",
          "label": "Patternenergy — Cordelio Power",
          "url": "https://patternenergy.com/pattern-energy-announces-completion-of-acquisition-of-cordelio-power/",
          "sourceType": "ARTICLE",
          "purpose": "MILESTONE_EVENT",
          "evidenceLabel": "Patternenergy transaction or milestone detail",
          "isPrimary": false
        },
        {
          "id": null,
          "label": "Pattern Energy — legal identity",
          "url": "https://patternenergy.com/terms-conditions/",
          "sourceType": "WEBSITE",
          "purpose": "SUPPORTING_CONTEXT",
          "evidenceLabel": "Official legal identity for Pattern Energy Group LP",
          "isPrimary": false
        },
        {
          "id": null,
          "label": "Pattern Energy — company profile",
          "url": "https://patternenergy.com/about/",
          "sourceType": "WEBSITE",
          "purpose": "COMPANY_PROFILE",
          "evidenceLabel": "Current infrastructure scope and operating scale",
          "isPrimary": false
        },
        {
          "id": null,
          "label": "Pattern Energy — California presence",
          "url": "https://patternenergy.com/projects/california/",
          "sourceType": "WEBSITE",
          "purpose": "COMPANY_PROFILE",
          "evidenceLabel": "San Francisco headquarters and 2009 founding year",
          "isPrimary": false
        },
        {
          "id": null,
          "label": "Pattern Energy — 2025 sustainability report",
          "url": "https://patternenergy.com/wp-content/uploads/2025/09/Pattern-Energy-2025-ESG-Report.pdf",
          "sourceType": "OTHER",
          "purpose": "OPERATIONS_ASSETS",
          "evidenceLabel": "United States, Canada, and Mexico operating footprint",
          "isPrimary": false
        },
        {
          "id": null,
          "label": "CPP Investments — Pattern Energy transaction close",
          "url": "https://www.cppinvestments.com/newsroom/pattern-energy-and-canada-pension-plan-investment-board-complete-transaction/",
          "sourceType": "PRESS_RELEASE",
          "purpose": "OWNERSHIP_INVESTMENT",
          "evidenceLabel": "CPP Investments' March 2020 entry and renewable-energy strategy basis",
          "isPrimary": false
        },
        {
          "id": null,
          "label": "CPP Investments — Q3 fiscal 2026 results",
          "url": "https://www.cppinvestments.com/newsroom/cpp-investments-net-assets-total-780-7-billion-at-third-quarter-fiscal-2026/",
          "sourceType": "PRESS_RELEASE",
          "purpose": "OWNERSHIP_INVESTMENT",
          "evidenceLabel": "69.1% Pattern ownership upon Cordelio closing",
          "isPrimary": false
        },
        {
          "id": null,
          "label": "Pattern Energy — Cordelio acquisition agreement",
          "url": "https://patternenergy.com/pattern-energy-announces-agreement-to-acquire-cordelio-power/",
          "sourceType": "PRESS_RELEASE",
          "purpose": "OWNERSHIP_INVESTMENT",
          "evidenceLabel": "Share-based transaction mechanics increasing CPP Investments' Pattern stake",
          "isPrimary": false
        },
        {
          "id": null,
          "label": "COFECE — Pattern Energy ownership decision",
          "url": "https://www.cofece.mx/CFCResoluciones/docs/Concentraciones/V6085/12/6359349.pdf",
          "sourceType": "OTHER",
          "purpose": "OWNERSHIP_INVESTMENT",
          "evidenceLabel": "Windmolens, LLC and the distinct 2025 buyer parties",
          "isPrimary": false
        },
        {
          "id": null,
          "label": "APG — Asset Owner Partnership investment update",
          "url": "https://assetmanagement.apg.nl/publications/apg-s-partnership-with-swiss-investors-deploys-over-250-million-in-its-first-year/",
          "sourceType": "ARTICLE",
          "purpose": "OWNERSHIP_INVESTMENT",
          "evidenceLabel": "APG direct-infrastructure mandate and ongoing Pattern holding",
          "isPrimary": false
        },
        {
          "id": null,
          "label": "Australian Retirement Trust — Pattern Energy investment",
          "url": "https://www.australianretirementtrust.com.au/investments/market-watch/insights/investing-in-transmission-infrastructure",
          "sourceType": "ARTICLE",
          "purpose": "OWNERSHIP_INVESTMENT",
          "evidenceLabel": "ART as a distinct Pattern co-owner",
          "isPrimary": false
        }
      ]
    }
  },
  "plan": {
    "companyName": "Pattern Energy Group LP",
    "mutations": [
      {
        "kind": "CORRECT_COMPANY",
        "relationIds": [],
        "detail": "Apply approved changes to name, aliases, country, countryTags, description, website, headquarters, lastVerifiedAt, ownershipPeriods, citations."
      },
      {
        "kind": "MERGE_COMPANIES",
        "relationIds": [
          "seed:ledger:0485:pattern-energy-group:87e3d72d",
          "seed:ledger:0486:pattern-energy-group-lp:d08ef8c1"
        ],
        "detail": "retire 2 reviewed seed-only identity record(s)"
      }
    ],
    "changedFields": [
      "aliases",
      "citations",
      "country",
      "countryTags",
      "description",
      "headquarters",
      "lastVerifiedAt",
      "name",
      "ownershipPeriods",
      "seedIdentities",
      "website"
    ],
    "retiredCompanyIds": []
  }
}
