
> infra-tracker@1.0.0 portco:reconciliation:apply
> npx tsx scripts/portco-reconciliation/apply-cli.ts --proposal=audits/portco-reconciliation/2026-08-03/proposals/0097-oneta-energy-center-v2/proposal.json --approval=audits/portco-reconciliation/2026-08-03/approvals/0097-oneta-energy-center-v2.json --production-snapshot=audits/portco-reconciliation/2026-08-03/execution-v1/tasks/0097-oneta-energy-center/attempt-2/locked-production-snapshot.json --proposal-sha256=386c65cb654569cdf18a325e7e3662b745e16d0a4cfcc078748d0983913383ac --approval-sha256=566315867cee55aa700447d608384afc5b4ade52606443ebf520978b54b2f943 --snapshot-sha256=37677278faa8ab21c488500f9cc0b530366335ea36e7071c692608cf474422ca --seed-artifact=prisma/seed-data/approved-portco-after-images.json --apply --write-token=APPLY_APPROVED_PORTCO_CHANGE --receipt=tmp/portco-reconciliation/production/apply-receipt.json --public-base-url=https://infra-ma-2.vercel.app/Infra-MA2/

(node:3250) DeprecationWarning: Calling client.query() when the client is already executing a query is deprecated and will be removed in pg@9.0. Use async/await or an external async flow control mechanism instead.
(Use `node --trace-deprecation ...` to show where the warning was created)
{
  "mode": "APPLIED",
  "receiptPath": "/home/runner/work/Infra-MA2/Infra-MA2/tmp/portco-reconciliation/production/apply-receipt.json",
  "receipt": {
    "schemaVersion": 1,
    "artifactType": "PORTCO_CHANGE_APPLY_RECEIPT",
    "runId": "portco-reconciliation-2026-08-03-v2",
    "taskId": "ledger:0097:oneta-energy-center:feec8a7c",
    "taskIndex": 97,
    "companyName": "Oneta Energy Center",
    "companyId": "cmrxpj5uv00ifivheiv841o51",
    "proposalSha256": "386c65cb654569cdf18a325e7e3662b745e16d0a4cfcc078748d0983913383ac",
    "approvalSha256": "566315867cee55aa700447d608384afc5b4ade52606443ebf520978b54b2f943",
    "productionSnapshotSha256": "37677278faa8ab21c488500f9cc0b530366335ea36e7071c692608cf474422ca",
    "beforeCompanySnapshotSha256": "d92768c21f60ed4d1a4c496a6d23e2f1785ba24b292eabb5c907c474b7f4b840",
    "appliedAfterImageSha256": "ec2c21d0757e17d19cd63c465b324708a054e842941eaf2a021d9e5bb9c0542d",
    "seedAfterImageSha256": "ec2c21d0757e17d19cd63c465b324708a054e842941eaf2a021d9e5bb9c0542d",
    "approvedSeedEntrySha256": "2b2eaef468440aa76da9e9c56cf10968878741726c51a05efd8d508965907156",
    "databaseTargetFingerprint": "45836a2e3306aa27a98c47cded3087b545691ec737c22861a69c4ab202986929",
    "transactionId": "fe22ad23-4626-4d36-b908-87e69fb9a756",
    "auditEventId": "cmsvpcrdo0009ia6hisnms78u",
    "appliedAt": "2026-08-16T11:09:14.110Z",
    "verification": {
      "databaseMatchesAfterImage": true,
      "seedMatchesAfterImage": true,
      "detailApiVerified": true
    },
    "receiptSha256": "3e1646352954f3c1e680d9347c3d094416f6ca3a2ffa9c3953fdc3b8d7b03a7d"
  }
}
