
> infra-tracker@1.0.0 portco:reconciliation:apply
> npx tsx scripts/portco-reconciliation/apply-cli.ts --proposal=audits/portco-reconciliation/2026-08-03/proposals/0073-inspiration-mobility-v3/proposal.json --approval=audits/portco-reconciliation/2026-08-03/approvals/0073-inspiration-mobility-v3.json --production-snapshot=audits/portco-reconciliation/2026-08-03/execution-v1/tasks/0073-inspiration-mobility/attempt-3/production-snapshot.json --proposal-sha256=8336ec7493f4134831e0579e35991acc12ae0e2c45051ebe62189bd6b6bcce89 --approval-sha256=852caaf24cad331897149e60af54b7f65a9cdbe5013e04d6b48c5bea7d9d8cdb --snapshot-sha256=efe50d7e8642dd6e99d64de1f08c95424129e712aefef75dd701c4501b433210 --seed-artifact=prisma/seed-data/approved-portco-after-images.json --apply --write-token=APPLY_APPROVED_PORTCO_CHANGE --receipt=tmp/portco-reconciliation/production/apply-receipt.json --public-base-url=https://infra-ma-2.vercel.app/Infra-MA2/

(node:3049) DeprecationWarning: Calling client.query() when the client is already executing a query is deprecated and will be removed in pg@9.0. Use async/await or an external async flow control mechanism instead.
(Use `node --trace-deprecation ...` to show where the warning was created)
{
  "mode": "APPLIED",
  "receiptPath": "/home/runner/work/Infra-MA2/Infra-MA2/tmp/portco-reconciliation/production/apply-receipt.json",
  "receipt": {
    "schemaVersion": 1,
    "artifactType": "PORTCO_CHANGE_APPLY_RECEIPT",
    "runId": "portco-reconciliation-2026-08-03-v2",
    "taskId": "ledger:0073:inspiration-mobility:1eba7153",
    "taskIndex": 73,
    "companyName": "Inspiration Mobility",
    "companyId": "cmrxpj6ea00j6ivhe1ojh2ca6",
    "proposalSha256": "8336ec7493f4134831e0579e35991acc12ae0e2c45051ebe62189bd6b6bcce89",
    "approvalSha256": "852caaf24cad331897149e60af54b7f65a9cdbe5013e04d6b48c5bea7d9d8cdb",
    "productionSnapshotSha256": "efe50d7e8642dd6e99d64de1f08c95424129e712aefef75dd701c4501b433210",
    "beforeCompanySnapshotSha256": "c22c1ff38670092f6b9edfd2825f974a876569bc2a0200fcdf145ec9c50976b5",
    "appliedAfterImageSha256": "79852a8f93fa272320aa5d2d41e563c2b09dc014fc4d8c4e766f4fa985477e6a",
    "seedAfterImageSha256": "79852a8f93fa272320aa5d2d41e563c2b09dc014fc4d8c4e766f4fa985477e6a",
    "approvedSeedEntrySha256": "47de803a9cade669ccf661c97a6a63047d7624d1f3e72977003d11d27adbc265",
    "databaseTargetFingerprint": "45836a2e3306aa27a98c47cded3087b545691ec737c22861a69c4ab202986929",
    "transactionId": "a22f198b-d43b-40bc-8688-e826cbdfa76d",
    "auditEventId": "cmsrahvg0000hcp4swbossmma",
    "appliedAt": "2026-08-13T09:02:13.765Z",
    "verification": {
      "databaseMatchesAfterImage": true,
      "seedMatchesAfterImage": true,
      "detailApiVerified": true
    },
    "receiptSha256": "a9f24bb5d68177976a8e4a4d221ae24a07a9fd1a4907a00da1704c120176c13b"
  }
}
