
> infra-tracker@1.0.0 portfolio:fund-attribution:apply
> npx tsx scripts/apply-portfolio-fund-attribution.ts --manifest=audits/portfolio-fund-attribution/2026-08-23/scoped/batch-0162-attribution-editorial/apply-manifest.json --manifest-sha256=0e2743095fb9d48e0a134b506f581f777af76f7667bcc35da14655cafde176a6 --production-snapshot=audits/portfolio-fund-attribution/2026-08-23/scoped/batch-0162-attribution-editorial/production-snapshot.json --approval=audits/portfolio-fund-attribution/2026-08-23/scoped/batch-0162-attribution-editorial/approval.json --approval-sha256=7b25afc492a333788a4d62f67435de1181c452fd7778ba6aead8cfb65d2925d2 --apply=true --write-token=APPLY_REVIEWED_PORTFOLIO_FUND_ATTRIBUTION --receipt=tmp/portfolio-fund-attribution/production/apply-receipt.json

(node:3201) DeprecationWarning: Calling client.query() when the client is already executing a query is deprecated and will be removed in pg@9.0. Use async/await or an external async flow control mechanism instead.
(Use `node --trace-deprecation ...` to show where the warning was created)
{
  "schemaVersion": 1,
  "artifactType": "PORTFOLIO_FUND_ATTRIBUTION_APPLY_RECEIPT",
  "manifestSha256": "0e2743095fb9d48e0a134b506f581f777af76f7667bcc35da14655cafde176a6",
  "approvalSha256": "7b25afc492a333788a4d62f67435de1181c452fd7778ba6aead8cfb65d2925d2",
  "environment": "production",
  "pipelineRunId": "cmt63nfp80000gxyy2njpoffi",
  "mutationCount": 2,
  "changed": 2,
  "idempotent": false,
  "beforeFingerprint": "fd974eb9836192c9fd9fbe779b3e76304741a4a2a4b4c2bf391946a86551d25f",
  "afterFingerprint": "ab0bd3c9702c932ec925beae62dbb3640d2f2c2299b4c6074f0b2b0ba8d8f6c0",
  "rows": [
    {
      "recordId": "OFA-EDITORIAL-0164-COPIA",
      "ownershipPeriodId": "cmrxpjvxx01neivheya8o7kr4",
      "companyId": "cmrxpjakf00ppivhe197wcvey",
      "stateBeforeApply": "PENDING",
      "before": {
        "linkedFundName": null,
        "fundAttribution": "UNRESOLVED",
        "attributedFundName": null,
        "attributionConfidence": null,
        "attributionRationale": "Carlyle's launch and pending-sale materials establish Carlyle ownership of Copia Power but do not publicly identify a specific Carlyle fund vehicle; the stale CGI Opportunity Fund estimate is therefore removed without changing the active ownership period."
      },
      "after": {
        "linkedFundName": null,
        "fundAttribution": "UNRESOLVED",
        "attributedFundName": null,
        "attributionConfidence": null,
        "attributionRationale": "Public materials identify Carlyle as Copia Power's owner but do not disclose the specific Carlyle fund or acquisition vehicle. The signed sale to EQT Infrastructure VII remained pending as of August 19, 2026."
      }
    },
    {
      "recordId": "OFA-EDITORIAL-0165-FERMATA",
      "ownershipPeriodId": "cmrxpjvyz01ngivhepbsr5vxc",
      "companyId": "cmrxpjalg00privheqmhw1bjb",
      "stateBeforeApply": "PENDING",
      "before": {
        "linkedFundName": null,
        "fundAttribution": "UNRESOLVED",
        "attributedFundName": null,
        "attributionConfidence": null,
        "attributionRationale": "Carlyle's original commitment establishes its former ownership of Fermata Energy but does not disclose a specific Carlyle fund; the stale CRSEF II estimate is removed after the April 2025 sale of substantially all assets ended the active ownership period."
      },
      "after": {
        "linkedFundName": null,
        "fundAttribution": "UNRESOLVED",
        "attributedFundName": null,
        "attributionConfidence": null,
        "attributionRationale": "Carlyle publicly disclosed its 2021 investment in Fermata Energy but not the specific fund or investment vehicle. Fermata Energy LLC sold substantially all operating assets on April 25, 2025, ending Carlyle's active ownership period."
      }
    }
  ],
  "appliedAt": "2026-08-23T17:47:07.225Z",
  "receiptSha256": "ff72bc1d4c19acd5ad18549b7783f36a4722f51ca3cbcfeb6d0bfe9876df8dcb"
}
