
> infra-tracker@1.0.0 portco:reconciliation:apply
> npx tsx scripts/portco-reconciliation/apply-cli.ts --proposal=audits/portco-reconciliation/2026-08-03/proposals/0052-freedom-cng-freedom-alternative-fuel-infrastructure-v1/proposal.json --approval=audits/portco-reconciliation/2026-08-03/approvals/0052-freedom-cng-freedom-alternative-fuel-infrastructure-v1.json --production-snapshot=audits/portco-reconciliation/2026-08-03/execution-v1/tasks/0052-freedom-cng/attempt-1/production-snapshot.json --proposal-sha256=e7db4b38ba99a5c19baec66a236d28a38c56476d6c30a78114ceba2f4feb717f --approval-sha256=1fff0c6be0c5b52c3d00b5003b2b67f599ed6236fca2c6abd0537e2afc365ac9 --snapshot-sha256=768e23da769146321836c72cf1fc7b16777a1f6571f770cbc8782336ddaf4757

(node:2641) DeprecationWarning: Calling client.query() when the client is already executing a query is deprecated and will be removed in pg@9.0. Use async/await or an external async flow control mechanism instead.
(Use `node --trace-deprecation ...` to show where the warning was created)
{
  "mode": "DRY_RUN",
  "databaseWrites": false,
  "seedWrites": false,
  "seedEntry": {
    "proposalSha256": "e7db4b38ba99a5c19baec66a236d28a38c56476d6c30a78114ceba2f4feb717f",
    "approvalSha256": "1fff0c6be0c5b52c3d00b5003b2b67f599ed6236fca2c6abd0537e2afc365ac9",
    "afterImageSha256": "3e58bed3bc67ad89c9ecc855fed5fe6d82cb5ae996721617a6705ce7981bcb90",
    "taskId": "ledger:0052:freedom-cng:2de7ee7a",
    "operation": "UPSERT",
    "company": {
      "name": "Freedom Alternative Fuel Infrastructure",
      "investmentFirm": "Apollo Global Management",
      "sector": "Power & ET",
      "subsector": "Compressed and renewable natural gas fueling infrastructure",
      "region": "North America",
      "country": "United States",
      "ownershipVehicle": "Apollo-managed funds (specific funds and legal vehicle not publicly disclosed)",
      "description": "Freedom Alternative Fuel Infrastructure, branded Freedom AFI and formerly known as Freedom CNG, designs, builds, owns and operates fixed and mobile compressed-natural-gas and renewable-natural-gas fueling infrastructure across the United States and Canada. The Houston-headquartered platform serves fleets including logistics and transportation operators, refuse companies, municipalities and school districts. Founded in 2012, Freedom expanded its Western U.S. network through the 2025 acquisitions of X3CNG and Lancer Energy and added Canadian capabilities through ComTech Energy. Apollo Global Management-managed funds acquired a majority interest in September 2024; the exact ownership percentage and specific fund are not publicly disclosed. Current company and Apollo materials continued to show Apollo majority ownership and Infrastructure Group board representation, and no Apollo exit was identified through August 8, 2026.",
      "status": "Active",
      "countryTags": [
        "United States",
        "Canada"
      ],
      "website": "https://freedomafi.com/",
      "yearFounded": 2012,
      "investmentYear": 2024,
      "headquarters": "Houston, Texas",
      "milestones": [
        {
          "date": "2012",
          "event": "Freedom CNG was founded to develop and operate compressed-natural-gas fueling infrastructure for commercial and public fleets.",
          "category": "Founding"
        },
        {
          "date": "Sep 12, 2024",
          "event": "Apollo Global Management-managed funds completed the acquisition of a majority interest in Freedom CNG to support expansion of its CNG and renewable-natural-gas fueling infrastructure.",
          "category": "Acquisition"
        },
        {
          "date": "Apr 28, 2025",
          "event": "Freedom AFI acquired X3CNG and Lancer Energy, extending its compressed- and renewable-natural-gas fueling network across the Western United States.",
          "category": "Acquisition"
        },
        {
          "date": "Jun 24, 2025",
          "event": "Freedom AFI acquired ComTech Energy, adding Canadian alternative-fuel infrastructure capabilities to the North American platform.",
          "category": "Acquisition"
        }
      ],
      "management": [],
      "sources": [
        {
          "label": "Apollo — acquisition of Freedom CNG",
          "url": "https://www.apollo.com/insights-news/pressreleases/2024/09/apollo-funds-acquire-freedom-cng-a-leading-provider-of-renewable-natural-gas-fueling-infrastructure-2945597",
          "type": "PRESS_RELEASE",
          "purpose": "OWNERSHIP_INVESTMENT",
          "evidenceLabel": "Completed September 2024 majority acquisition and infrastructure-strategy basis"
        },
        {
          "label": "Freedom AFI — About",
          "url": "https://freedomafi.com/about-freedom-freedom-afi/",
          "type": "WEBSITE",
          "purpose": "COMPANY_PROFILE",
          "evidenceLabel": "Current identity, founding year, headquarters, operating model and North American footprint"
        },
        {
          "label": "Freedom AFI — ComTech Energy acquisition",
          "url": "https://freedomafi.com/a-bold-future-awaits/",
          "type": "PRESS_RELEASE",
          "purpose": "OWNERSHIP_INVESTMENT",
          "evidenceLabel": "June 2025 current Apollo majority ownership and Canadian platform expansion"
        },
        {
          "label": "Freedom AFI — Western U.S. acquisitions",
          "url": "https://freedomafi.com/acquisition-western-us/",
          "type": "PRESS_RELEASE",
          "purpose": "MILESTONE_EVENT",
          "evidenceLabel": "April 2025 acquisitions of X3CNG and Lancer Energy and platform boundary"
        },
        {
          "label": "Apollo — Scott Browning biography",
          "url": "https://www.apollo.com/aboutus/leadership-and-people/scott-browning",
          "type": "WEBSITE",
          "purpose": "OWNERSHIP_INVESTMENT",
          "evidenceLabel": "Current Apollo Infrastructure Group board representation"
        },
        {
          "label": "Apollo — 2025 portfolio supplement",
          "url": "https://www.apollo.com/content/dam/apolloaem/documents/impact/apollo-2025-rso-portfolio-supplement.pdf",
          "type": "PRESENTATION",
          "purpose": "OWNERSHIP_INVESTMENT",
          "evidenceLabel": "Current portfolio listing, holding-company alias and North American RNG fueling infrastructure"
        }
      ],
      "owners": [
        {
          "investmentFirm": "Apollo Global Management",
          "ownershipVehicle": "Apollo-managed funds (specific funds and legal vehicle not publicly disclosed)",
          "investmentYear": 2024,
          "stake": "Majority interest (exact percentage not publicly disclosed)",
          "status": "Active",
          "transactionState": "CLOSED_ACTIVE"
        }
      ]
    },
    "retiredCompanies": [],
    "canonicalAfterImage": {
      "id": null,
      "name": "Freedom Alternative Fuel Infrastructure",
      "aliases": [
        "Freedom AFI",
        "Freedom CNG",
        "Freedom CNG Group LLC",
        "Freedom Alternative Fuel Infrastructure Holdings"
      ],
      "sector": "POWER_ET",
      "subsector": "Compressed and renewable natural gas fueling infrastructure",
      "region": "NORTH_AMERICA",
      "country": "United States",
      "countryTags": [
        "United States",
        "Canada"
      ],
      "description": "Freedom Alternative Fuel Infrastructure, branded Freedom AFI and formerly known as Freedom CNG, designs, builds, owns and operates fixed and mobile compressed-natural-gas and renewable-natural-gas fueling infrastructure across the United States and Canada. The Houston-headquartered platform serves fleets including logistics and transportation operators, refuse companies, municipalities and school districts. Founded in 2012, Freedom expanded its Western U.S. network through the 2025 acquisitions of X3CNG and Lancer Energy and added Canadian capabilities through ComTech Energy. Apollo Global Management-managed funds acquired a majority interest in September 2024; the exact ownership percentage and specific fund are not publicly disclosed. Current company and Apollo materials continued to show Apollo majority ownership and Infrastructure Group board representation, and no Apollo exit was identified through August 8, 2026.",
      "companyStatus": "ACTIVE",
      "recordStatus": "PUBLISHED",
      "website": "https://freedomafi.com/",
      "yearFounded": 2012,
      "headquarters": "Houston, Texas",
      "lastVerifiedAt": "2026-08-08T00:00:00.000Z",
      "ownershipPeriods": [
        {
          "id": null,
          "managerName": "Apollo Global Management",
          "organizationName": "Apollo Global Management",
          "fundName": null,
          "vehicleName": "Apollo-managed funds (specific funds and legal vehicle not publicly disclosed)",
          "stake": "Majority interest (exact percentage not publicly disclosed)",
          "investmentYear": 2024,
          "exitYear": null,
          "isActive": true,
          "transactionState": "CLOSED_ACTIVE"
        }
      ],
      "pendingOwnershipTransactions": [],
      "milestones": [
        {
          "id": null,
          "date": "2012",
          "event": "Freedom CNG was founded to develop and operate compressed-natural-gas fueling infrastructure for commercial and public fleets.",
          "category": "FOUNDING",
          "sortDate": "2012-01-01T00:00:00.000Z",
          "evidenceUrls": [
            "https://freedomafi.com/about-freedom-freedom-afi/",
            "https://www.apollo.com/insights-news/pressreleases/2024/09/apollo-funds-acquire-freedom-cng-a-leading-provider-of-renewable-natural-gas-fueling-infrastructure-2945597"
          ]
        },
        {
          "id": null,
          "date": "Sep 12, 2024",
          "event": "Apollo Global Management-managed funds completed the acquisition of a majority interest in Freedom CNG to support expansion of its CNG and renewable-natural-gas fueling infrastructure.",
          "category": "ACQUISITION",
          "sortDate": "2024-09-12T04:00:00.000Z",
          "evidenceUrls": [
            "https://www.apollo.com/insights-news/pressreleases/2024/09/apollo-funds-acquire-freedom-cng-a-leading-provider-of-renewable-natural-gas-fueling-infrastructure-2945597"
          ]
        },
        {
          "id": null,
          "date": "Apr 28, 2025",
          "event": "Freedom AFI acquired X3CNG and Lancer Energy, extending its compressed- and renewable-natural-gas fueling network across the Western United States.",
          "category": "ACQUISITION",
          "sortDate": "2025-04-28T04:00:00.000Z",
          "evidenceUrls": [
            "https://freedomafi.com/acquisition-western-us/"
          ]
        },
        {
          "id": null,
          "date": "Jun 24, 2025",
          "event": "Freedom AFI acquired ComTech Energy, adding Canadian alternative-fuel infrastructure capabilities to the North American platform.",
          "category": "ACQUISITION",
          "sortDate": "2025-06-24T04:00:00.000Z",
          "evidenceUrls": [
            "https://freedomafi.com/a-bold-future-awaits/"
          ]
        }
      ],
      "managementRoles": [],
      "citations": [
        {
          "id": null,
          "label": "Apollo — acquisition of Freedom CNG",
          "url": "https://www.apollo.com/insights-news/pressreleases/2024/09/apollo-funds-acquire-freedom-cng-a-leading-provider-of-renewable-natural-gas-fueling-infrastructure-2945597",
          "sourceType": "PRESS_RELEASE",
          "purpose": "OWNERSHIP_INVESTMENT",
          "evidenceLabel": "Completed September 2024 majority acquisition and infrastructure-strategy basis",
          "isPrimary": true
        },
        {
          "id": null,
          "label": "Freedom AFI — About",
          "url": "https://freedomafi.com/about-freedom-freedom-afi/",
          "sourceType": "WEBSITE",
          "purpose": "COMPANY_PROFILE",
          "evidenceLabel": "Current identity, founding year, headquarters, operating model and North American footprint",
          "isPrimary": false
        },
        {
          "id": null,
          "label": "Freedom AFI — ComTech Energy acquisition",
          "url": "https://freedomafi.com/a-bold-future-awaits/",
          "sourceType": "PRESS_RELEASE",
          "purpose": "OWNERSHIP_INVESTMENT",
          "evidenceLabel": "June 2025 current Apollo majority ownership and Canadian platform expansion",
          "isPrimary": false
        },
        {
          "id": null,
          "label": "Freedom AFI — Western U.S. acquisitions",
          "url": "https://freedomafi.com/acquisition-western-us/",
          "sourceType": "PRESS_RELEASE",
          "purpose": "MILESTONE_EVENT",
          "evidenceLabel": "April 2025 acquisitions of X3CNG and Lancer Energy and platform boundary",
          "isPrimary": false
        },
        {
          "id": null,
          "label": "Apollo — Scott Browning biography",
          "url": "https://www.apollo.com/aboutus/leadership-and-people/scott-browning",
          "sourceType": "WEBSITE",
          "purpose": "OWNERSHIP_INVESTMENT",
          "evidenceLabel": "Current Apollo Infrastructure Group board representation",
          "isPrimary": false
        },
        {
          "id": null,
          "label": "Apollo — 2025 portfolio supplement",
          "url": "https://www.apollo.com/content/dam/apolloaem/documents/impact/apollo-2025-rso-portfolio-supplement.pdf",
          "sourceType": "PRESENTATION",
          "purpose": "OWNERSHIP_INVESTMENT",
          "evidenceLabel": "Current portfolio listing, holding-company alias and North American RNG fueling infrastructure",
          "isPrimary": false
        }
      ]
    }
  },
  "plan": {
    "companyName": "Freedom Alternative Fuel Infrastructure",
    "mutations": [
      {
        "kind": "CREATE_COMPANY",
        "relationIds": [],
        "detail": "Create the approved canonical company and all approved relations."
      }
    ],
    "changedFields": [
      "company"
    ],
    "retiredCompanyIds": []
  }
}
