
> infra-tracker@1.0.0 portco:reconciliation:apply
> npx tsx scripts/portco-reconciliation/apply-cli.ts --proposal=audits/portco-reconciliation/2026-08-03/proposals/0038-i-66-express-mobility-partners-llc-v4/proposal.json --approval=audits/portco-reconciliation/2026-08-03/approvals/0038-i-66-express-mobility-partners-llc-v4.json --production-snapshot=audits/portco-reconciliation/2026-08-03/execution-v1/tasks/0038-i-66-express-mobility-partners-llc/attempt-4/production-snapshot.json --proposal-sha256=bad182235d69b2c500ac2c44a8ccc2898bdff212e7f5324e36ca52733fc75e26 --approval-sha256=9b734a930d5937cef0fc52ac9f91132f695c067399a86211dca2f0c200089167 --snapshot-sha256=c30b52b81135c2ec317e543b87f0e242e5f6daf52b5f55382af0255d996004a9 --seed-artifact=prisma/seed-data/approved-portco-after-images.json --apply --write-token=APPLY_APPROVED_PORTCO_CHANGE --receipt=tmp/portco-reconciliation/production/apply-receipt.json --public-base-url=https://infra-ma-2.vercel.app/Infra-MA2/

(node:3103) DeprecationWarning: Calling client.query() when the client is already executing a query is deprecated and will be removed in pg@9.0. Use async/await or an external async flow control mechanism instead.
(Use `node --trace-deprecation ...` to show where the warning was created)
{
  "mode": "APPLIED",
  "receiptPath": "/home/runner/work/Infra-MA2/Infra-MA2/tmp/portco-reconciliation/production/apply-receipt.json",
  "receipt": {
    "schemaVersion": 1,
    "artifactType": "PORTCO_CHANGE_APPLY_RECEIPT",
    "runId": "portco-reconciliation-2026-08-03-v2",
    "taskId": "ledger:0038:i-66-express-mobility-partners-llc:07dacc7a",
    "taskIndex": 38,
    "companyName": "I-66 Express Mobility Partners, LLC",
    "proposalSha256": "bad182235d69b2c500ac2c44a8ccc2898bdff212e7f5324e36ca52733fc75e26",
    "approvalSha256": "9b734a930d5937cef0fc52ac9f91132f695c067399a86211dca2f0c200089167",
    "productionSnapshotSha256": "c30b52b81135c2ec317e543b87f0e242e5f6daf52b5f55382af0255d996004a9",
    "beforeCompanySnapshotSha256": "b2704f238a4868deaf6999e1a818159f97138a5e9b5ed7fd16921ce9235262dd",
    "appliedAfterImageSha256": "d05f33782ed5ebb2f3ea59c452ad1a0a1f2c3f0ad6e1ea0df0598dfec0d28ccb",
    "seedAfterImageSha256": "d05f33782ed5ebb2f3ea59c452ad1a0a1f2c3f0ad6e1ea0df0598dfec0d28ccb",
    "databaseTargetFingerprint": "45836a2e3306aa27a98c47cded3087b545691ec737c22861a69c4ab202986929",
    "transactionId": "4ab9c46a-a510-4f40-9a31-6d46dc04131e",
    "auditEventId": "cmsk3u12q000be74srrhuf6cy",
    "appliedAt": "2026-08-08T08:21:20.476Z",
    "verification": {
      "databaseMatchesAfterImage": true,
      "seedMatchesAfterImage": true,
      "detailApiVerified": true
    },
    "receiptSha256": "86166b10f8c8c380da23229b20eb80f63905137917eab4818a867978b98e032d"
  }
}
