
> infra-tracker@1.0.0 portco:reconciliation:batch:apply
> npx tsx scripts/portco-reconciliation/batch-apply-cli.ts --batch-manifest=audits/portco-reconciliation/2026-08-23/batches/batch-0472-0492-v1/batch-manifest-v4.json --batch-sha256=49afca09e76ffb917d71c246f842dea38f914726906964b83fecdfd4dd375ac4

(node:3226) DeprecationWarning: Calling client.query() when the client is already executing a query is deprecated and will be removed in pg@9.0. Use async/await or an external async flow control mechanism instead.
(Use `node --trace-deprecation ...` to show where the warning was created)
{
  "mode": "BATCH_DRY_RUN",
  "batchId": "batch-0472-0492-v1",
  "batchSha256": "49afca09e76ffb917d71c246f842dea38f914726906964b83fecdfd4dd375ac4",
  "databaseWrites": false,
  "seedWrites": false,
  "plans": [
    {
      "companyName": "Skyservice US",
      "mutations": [
        {
          "kind": "CORRECT_COMPANY",
          "relationIds": [],
          "detail": "Apply approved changes to aliases, description, headquarters, lastVerifiedAt, ownershipPeriods, milestones, citations."
        },
        {
          "kind": "MERGE_COMPANIES",
          "relationIds": [
            "seed:ledger:0493:skyservice-us-formerly-leading-edge-jet-center:49066c79"
          ],
          "detail": "retire 1 reviewed seed-only identity record(s)"
        }
      ],
      "changedFields": [
        "aliases",
        "citations",
        "description",
        "headquarters",
        "lastVerifiedAt",
        "milestones",
        "ownershipPeriods",
        "seedIdentities"
      ],
      "retiredCompanyIds": []
    }
  ]
}
