
> infra-tracker@1.0.0 portco:reconciliation:apply
> npx tsx scripts/portco-reconciliation/apply-cli.ts --proposal=audits/portco-reconciliation/2026-08-03/proposals/0037-hudson-transmission-project-v1/proposal.json --approval=audits/portco-reconciliation/2026-08-03/approvals/0037-hudson-transmission-project-v1.json --production-snapshot=audits/portco-reconciliation/2026-08-03/execution-v1/tasks/0037-hudson-transmission-project/attempt-1/production-snapshot.json --proposal-sha256=4e2c52627b148a1c23e5e9e4fb37983dfa4edff07d836d3e848823ad4770636d --approval-sha256=44cef5c4187bc941cfd51c39b0f56bd3c490a14d3f0dfe3d9e1ec9f683b52006 --snapshot-sha256=5eade33e221ee1248419b13bca296983b774bb8f475e9cbff42cb12d98bb12b8 --seed-artifact=prisma/seed-data/approved-portco-after-images.json --apply --write-token=APPLY_APPROVED_PORTCO_CHANGE --receipt=tmp/portco-reconciliation/production/apply-receipt.json --public-base-url=https://infra-ma-2.vercel.app/Infra-MA2/

(node:3108) DeprecationWarning: Calling client.query() when the client is already executing a query is deprecated and will be removed in pg@9.0. Use async/await or an external async flow control mechanism instead.
(Use `node --trace-deprecation ...` to show where the warning was created)
{
  "mode": "APPLIED",
  "receiptPath": "/home/runner/work/Infra-MA2/Infra-MA2/tmp/portco-reconciliation/production/apply-receipt.json",
  "receipt": {
    "schemaVersion": 1,
    "artifactType": "PORTCO_CHANGE_APPLY_RECEIPT",
    "runId": "portco-reconciliation-2026-08-03-v2",
    "taskId": "ledger:0037:hudson-transmission-project:932c04f7",
    "taskIndex": 37,
    "companyName": "Hudson Transmission Project",
    "proposalSha256": "4e2c52627b148a1c23e5e9e4fb37983dfa4edff07d836d3e848823ad4770636d",
    "approvalSha256": "44cef5c4187bc941cfd51c39b0f56bd3c490a14d3f0dfe3d9e1ec9f683b52006",
    "productionSnapshotSha256": "5eade33e221ee1248419b13bca296983b774bb8f475e9cbff42cb12d98bb12b8",
    "beforeCompanySnapshotSha256": "1e472a68904bf8db2a9b99829c6fc831e350312b3802a0283c931808ff70a105",
    "appliedAfterImageSha256": "a156a65f4c650f037d8e57684151f1070b251512f10ea2ececb85b2c265ba18a",
    "seedAfterImageSha256": "a156a65f4c650f037d8e57684151f1070b251512f10ea2ececb85b2c265ba18a",
    "databaseTargetFingerprint": "45836a2e3306aa27a98c47cded3087b545691ec737c22861a69c4ab202986929",
    "transactionId": "8dd3191f-620d-4636-b6d7-5e64ad90c40a",
    "auditEventId": "cmsk2dv560009ec4stjcv23o2",
    "appliedAt": "2026-08-08T07:40:46.581Z",
    "verification": {
      "databaseMatchesAfterImage": true,
      "seedMatchesAfterImage": true,
      "detailApiVerified": true
    },
    "receiptSha256": "dd8066109348fe82091c7a8008aefdc79cd8f52097e170c5564f2b4c8718c226"
  }
}
