
> infra-tracker@1.0.0 portfolio:fund-attribution:apply
> npx tsx scripts/apply-portfolio-fund-attribution.ts --manifest=audits/portfolio-fund-attribution/2026-08-18/apply-manifest.json --manifest-sha256=fdf17eb7cd1c817865903efd252871024f25fe1b020c632e05d50e7981b3304a --production-snapshot=audits/portfolio-fund-attribution/2026-08-18/production-snapshot.json --approval=audits/portfolio-fund-attribution/2026-08-18/approval.json --approval-sha256=4b5d99d062adc3c33eca7c3fad39af31488c0ec4c3ead1dfc8b111cdbb5c5d5c --apply=true --write-token=APPLY_REVIEWED_PORTFOLIO_FUND_ATTRIBUTION --receipt=tmp/portfolio-fund-attribution/production/apply-receipt.json

(node:3055) DeprecationWarning: Calling client.query() when the client is already executing a query is deprecated and will be removed in pg@9.0. Use async/await or an external async flow control mechanism instead.
(Use `node --trace-deprecation ...` to show where the warning was created)
{
  "schemaVersion": 1,
  "artifactType": "PORTFOLIO_FUND_ATTRIBUTION_APPLY_RECEIPT",
  "manifestSha256": "fdf17eb7cd1c817865903efd252871024f25fe1b020c632e05d50e7981b3304a",
  "approvalSha256": "4b5d99d062adc3c33eca7c3fad39af31488c0ec4c3ead1dfc8b111cdbb5c5d5c",
  "environment": "production",
  "pipelineRunId": "cmsy1c5ln0000cv6hj1c4oeia",
  "mutationCount": 1,
  "changed": 1,
  "idempotent": false,
  "beforeFingerprint": "b13d5eddd4bb88e4cf5a488c819007b514710c8a4551ce78c6615c0897e3d109",
  "afterFingerprint": "8ba58e552e551d900a1d5de18fff28e4b1b501977314fc0ef08db323d7178bcb",
  "rows": [
    {
      "recordId": "OFA-240C8AB30E8E",
      "ownershipPeriodId": "cmsy0inue000fbv6hkwmd4l24",
      "companyId": "cmsy0inql0000bv6h87ieyi4h",
      "stateBeforeApply": "PENDING",
      "before": {
        "linkedFundName": "Alinda Infrastructure Fund IV",
        "fundAttribution": "UNRESOLVED",
        "attributedFundName": null,
        "attributionConfidence": null,
        "attributionRationale": null
      },
      "after": {
        "linkedFundName": "Alinda Infrastructure Fund IV",
        "fundAttribution": "DISCLOSED",
        "attributedFundName": "Alinda Infrastructure Fund IV",
        "attributionConfidence": null,
        "attributionRationale": "Seed milestones or source evidence explicitly name the current fund vehicle."
      }
    }
  ],
  "appliedAt": "2026-08-18T02:20:12.650Z",
  "receiptSha256": "38631789f16184b5b4a0b2d7a224e0cbb2d127387ee17b7a79d908b881c57a4f"
}
