
> infra-tracker@1.0.0 portco:reconciliation:apply
> npx tsx scripts/portco-reconciliation/apply-cli.ts --proposal=audits/portco-reconciliation/2026-08-03/proposals/0063-advanced-power-v3/proposal.json --approval=audits/portco-reconciliation/2026-08-03/approvals/0063-advanced-power-v3.json --production-snapshot=audits/portco-reconciliation/2026-08-03/execution-v1/tasks/0063-advanced-power/attempt-3/production-snapshot.json --proposal-sha256=426e2a274fd9248605ca26ad73ec9ea74f0c1d4023a328c8f3ef84bfc34eea41 --approval-sha256=6058f753326cf2a9c383e9b0ca738cf742c0819a8b87b32e1a4bd81cad3f6624 --snapshot-sha256=80c00aac0dae0647057658bbf51057f4a189cc485bf5e1edf0f157a8905dd1f5

(node:2657) DeprecationWarning: Calling client.query() when the client is already executing a query is deprecated and will be removed in pg@9.0. Use async/await or an external async flow control mechanism instead.
(Use `node --trace-deprecation ...` to show where the warning was created)
{
  "mode": "DRY_RUN",
  "databaseWrites": false,
  "seedWrites": false,
  "seedEntry": {
    "proposalSha256": "426e2a274fd9248605ca26ad73ec9ea74f0c1d4023a328c8f3ef84bfc34eea41",
    "approvalSha256": "6058f753326cf2a9c383e9b0ca738cf742c0819a8b87b32e1a4bd81cad3f6624",
    "afterImageSha256": "a8131c84827c7133b66430ddd54fdbe7a0a6f4aaec04e5a6e5896e3f126ee7ea",
    "taskId": "ledger:0063:advanced-power:f32ea35e",
    "operation": "UPSERT",
    "company": {
      "name": "Advanced Power",
      "investmentFirm": "ArcLight Capital Partners",
      "sector": "Power & ET",
      "subsector": "Power Development",
      "region": "North America",
      "country": "United States",
      "ownershipVehicle": "ArcLight Infrastructure Partners Fund VIII",
      "description": "Advanced Power is a Boston-based developer, financial structurer, owner and asset manager of utility-scale natural-gas, solar, wind and battery-storage projects. Founded in 2000, the platform develops and manages projects through permitting, interconnection, financing, construction and operations, with U.S. offices in Boston and Houston. At ArcLight's July 2025 announcement, Advanced Power reported 6 GW of completed thermal and renewable projects, a late-stage U.S. pipeline exceeding 12 GW and more than 10 GWh of storage projects. ArcLight Infrastructure Partners Fund VIII completed its acquisition of 100% of Advanced Power US Holdings, Inc., the controlling U.S. entity, on February 12, 2026; the exact percentage acquired in the broader branded platform is not publicly disclosed.",
      "status": "Active",
      "countryTags": [
        "United States"
      ],
      "website": "https://www.advanced-power.com/",
      "yearFounded": 2000,
      "investmentYear": 2026,
      "headquarters": "Boston, Massachusetts, United States",
      "milestones": [
        {
          "date": "2000",
          "event": "Advanced Power was founded as a developer, owner and manager of modern power infrastructure.",
          "category": "Founding"
        },
        {
          "date": "Jul 24, 2025",
          "event": "ArcLight announced its acquisition of Advanced Power and an initial US$1 billion equity commitment for new power infrastructure; the acquisition remained subject to closing conditions.",
          "category": "Acquisition"
        },
        {
          "date": "Feb 12, 2026",
          "event": "ArcLight completed Fund VIII's acquisition of 100% of Advanced Power US Holdings, Inc., the controlling U.S. entity, from Advanced Power AG.",
          "category": "Acquisition"
        }
      ],
      "management": [],
      "sources": [
        {
          "label": "Investment date source — ArcLight Capital Partners — Advanced Power",
          "url": "https://www.prnewswire.com/news-releases/arclight-acquires-advanced-power-a-leading-power-infrastructure-developer-302512542.html",
          "type": "PRESS_RELEASE",
          "purpose": "OWNERSHIP_INVESTMENT",
          "evidenceLabel": "July 2025 announcement, initial equity commitment, manager identity and company profile"
        },
        {
          "label": "Advanced Power — Advanced Power",
          "url": "https://www.advanced-power.com/",
          "type": "WEBSITE",
          "purpose": "COMPANY_PROFILE",
          "evidenceLabel": "Current operating scope, technologies and publicly disclosed scale"
        },
        {
          "label": "Advanced Power — Advanced Power",
          "url": "https://www.advanced-power.com/assets/2025.07.08-FINAL-MCE-RFP-Press-Release_Bechtel-AP.pdf",
          "type": "PRESENTATION",
          "purpose": "OPERATIONS_ASSETS",
          "evidenceLabel": "Advanced Power operations / asset details"
        },
        {
          "label": "Advanced Power — Advanced Power",
          "url": "https://www.advanced-power.com/assets/10.27.25-FINAL-Advanced-Powers-640-MW-Maple-Creek-Development-Secures-GE-Vernova-H-Class-Equipment-Accelerating-Development-Timeline.pdf",
          "type": "PRESENTATION",
          "purpose": "OPERATIONS_ASSETS",
          "evidenceLabel": "Advanced Power operations / asset details"
        },
        {
          "label": "PJM Independent Market Monitor — Q1 2026 State of the Market",
          "url": "https://www.monitoringanalytics.com/reports/PJM_State_of_the_Market/2026/2026q1-som-pjm-sec3.pdf",
          "type": "OTHER",
          "purpose": "OWNERSHIP_INVESTMENT",
          "evidenceLabel": "February 12, 2026 transaction completion and 100% transfer of the controlling U.S. entity"
        },
        {
          "label": "ArcLight — 2025 ESG Report",
          "url": "https://arclight.com/wp-content/uploads/2025/10/2025-ArcLight-ESG-Report.pdf",
          "type": "PRESENTATION",
          "purpose": "OWNERSHIP_INVESTMENT",
          "evidenceLabel": "Fund VIII attribution and September 2025 pending-closing status"
        },
        {
          "label": "FERC — January 30, 2026 notational order",
          "url": "https://www.ferc.gov/news-events/events/notational-order-2026-01-30-01302026",
          "type": "WEBSITE",
          "purpose": "OWNERSHIP_INVESTMENT",
          "evidenceLabel": "Regulatory approval lineage for docket EC25-123"
        },
        {
          "label": "ArcLight Infrastructure Partners Fund VIII",
          "url": "https://www.prnewswire.com/news-releases/arclight-announces-final-fund-viii-close-of-3-9-billion-302734967.html",
          "type": "PRESS_RELEASE",
          "purpose": "OWNERSHIP_INVESTMENT",
          "evidenceLabel": "Current Fund VIII relationship and infrastructure-strategy basis"
        },
        {
          "label": "Advanced Power — U.S. offices",
          "url": "https://www.advanced-power.com/home/contact",
          "type": "WEBSITE",
          "purpose": "COMPANY_PROFILE",
          "evidenceLabel": "Boston and Houston operating-office addresses"
        }
      ],
      "owners": [
        {
          "investmentFirm": "ArcLight Capital Partners",
          "ownershipVehicle": "ArcLight Infrastructure Partners Fund VIII",
          "investmentYear": 2026,
          "stake": "100% of Advanced Power US Holdings, Inc. (controlling U.S. entity); exact platform-level percentage not publicly disclosed",
          "status": "Active",
          "transactionState": "CLOSED_ACTIVE"
        }
      ]
    },
    "retiredCompanies": [],
    "canonicalAfterImage": {
      "id": "cmrxpj66t00ixivhe37f0a9ad",
      "name": "Advanced Power",
      "aliases": [],
      "sector": "POWER_ET",
      "subsector": "Power Development",
      "region": "NORTH_AMERICA",
      "country": "United States",
      "countryTags": [
        "United States"
      ],
      "description": "Advanced Power is a Boston-based developer, financial structurer, owner and asset manager of utility-scale natural-gas, solar, wind and battery-storage projects. Founded in 2000, the platform develops and manages projects through permitting, interconnection, financing, construction and operations, with U.S. offices in Boston and Houston. At ArcLight's July 2025 announcement, Advanced Power reported 6 GW of completed thermal and renewable projects, a late-stage U.S. pipeline exceeding 12 GW and more than 10 GWh of storage projects. ArcLight Infrastructure Partners Fund VIII completed its acquisition of 100% of Advanced Power US Holdings, Inc., the controlling U.S. entity, on February 12, 2026; the exact percentage acquired in the broader branded platform is not publicly disclosed.",
      "companyStatus": "ACTIVE",
      "recordStatus": "PUBLISHED",
      "website": "https://www.advanced-power.com/",
      "yearFounded": 2000,
      "headquarters": "Boston, Massachusetts, United States",
      "lastVerifiedAt": "2026-08-12T00:00:00.000Z",
      "ownershipPeriods": [
        {
          "id": "cmrxpjr8201fsivhedp2wxihz",
          "managerName": "ArcLight Capital Partners",
          "organizationName": "ArcLight Capital Partners",
          "fundName": "ArcLight Infrastructure Partners Fund VIII",
          "vehicleName": "ArcLight Infrastructure Partners Fund VIII",
          "stake": "100% of Advanced Power US Holdings, Inc. (controlling U.S. entity); exact platform-level percentage not publicly disclosed",
          "investmentYear": 2026,
          "exitYear": null,
          "isActive": true,
          "transactionState": "CLOSED_ACTIVE"
        }
      ],
      "pendingOwnershipTransactions": [],
      "milestones": [
        {
          "id": "cmrxpkl0t02nkivhebs1drzny",
          "date": "2000",
          "event": "Advanced Power was founded as a developer, owner and manager of modern power infrastructure.",
          "category": "FOUNDING",
          "sortDate": "2000-01-01T05:00:00.000Z",
          "evidenceUrls": [
            "https://www.prnewswire.com/news-releases/arclight-acquires-advanced-power-a-leading-power-infrastructure-developer-302512542.html"
          ]
        },
        {
          "id": "cmrxpkl1e02nlivhew1egaoui",
          "date": "Jul 24, 2025",
          "event": "ArcLight announced its acquisition of Advanced Power and an initial US$1 billion equity commitment for new power infrastructure; the acquisition remained subject to closing conditions.",
          "category": "ACQUISITION",
          "sortDate": "2025-07-24T04:00:00.000Z",
          "evidenceUrls": [
            "https://www.prnewswire.com/news-releases/arclight-acquires-advanced-power-a-leading-power-infrastructure-developer-302512542.html",
            "https://arclight.com/wp-content/uploads/2025/10/2025-ArcLight-ESG-Report.pdf"
          ]
        },
        {
          "id": "cmrxpkl1v02nmivhev6vr0ljk",
          "date": "Feb 12, 2026",
          "event": "ArcLight completed Fund VIII's acquisition of 100% of Advanced Power US Holdings, Inc., the controlling U.S. entity, from Advanced Power AG.",
          "category": "ACQUISITION",
          "sortDate": "2026-02-12T05:00:00.000Z",
          "evidenceUrls": [
            "https://www.monitoringanalytics.com/reports/PJM_State_of_the_Market/2026/2026q1-som-pjm-sec3.pdf",
            "https://www.ferc.gov/news-events/events/notational-order-2026-01-30-01302026"
          ]
        }
      ],
      "managementRoles": [],
      "citations": [
        {
          "id": "cmrxpoykq07gcivhe1ggogr5h",
          "label": "Investment date source — ArcLight Capital Partners — Advanced Power",
          "url": "https://www.prnewswire.com/news-releases/arclight-acquires-advanced-power-a-leading-power-infrastructure-developer-302512542.html",
          "sourceType": "PRESS_RELEASE",
          "purpose": "OWNERSHIP_INVESTMENT",
          "evidenceLabel": "July 2025 announcement, initial equity commitment, manager identity and company profile",
          "isPrimary": false
        },
        {
          "id": "cmrxpoyol07geivhej7ps23or",
          "label": "Advanced Power — Advanced Power",
          "url": "https://www.advanced-power.com/",
          "sourceType": "WEBSITE",
          "purpose": "COMPANY_PROFILE",
          "evidenceLabel": "Current operating scope, technologies and publicly disclosed scale",
          "isPrimary": false
        },
        {
          "id": "cmrxpoypw07ggivhehddv1343",
          "label": "Advanced Power — Advanced Power",
          "url": "https://www.advanced-power.com/assets/2025.07.08-FINAL-MCE-RFP-Press-Release_Bechtel-AP.pdf",
          "sourceType": "PRESENTATION",
          "purpose": "OPERATIONS_ASSETS",
          "evidenceLabel": "Advanced Power operations / asset details",
          "isPrimary": false
        },
        {
          "id": "cmrxpoyr607giivherzrh8fm7",
          "label": "Advanced Power — Advanced Power",
          "url": "https://www.advanced-power.com/assets/10.27.25-FINAL-Advanced-Powers-640-MW-Maple-Creek-Development-Secures-GE-Vernova-H-Class-Equipment-Accelerating-Development-Timeline.pdf",
          "sourceType": "PRESENTATION",
          "purpose": "OPERATIONS_ASSETS",
          "evidenceLabel": "Advanced Power operations / asset details",
          "isPrimary": false
        },
        {
          "id": null,
          "label": "PJM Independent Market Monitor — Q1 2026 State of the Market",
          "url": "https://www.monitoringanalytics.com/reports/PJM_State_of_the_Market/2026/2026q1-som-pjm-sec3.pdf",
          "sourceType": "OTHER",
          "purpose": "OWNERSHIP_INVESTMENT",
          "evidenceLabel": "February 12, 2026 transaction completion and 100% transfer of the controlling U.S. entity",
          "isPrimary": true
        },
        {
          "id": null,
          "label": "ArcLight — 2025 ESG Report",
          "url": "https://arclight.com/wp-content/uploads/2025/10/2025-ArcLight-ESG-Report.pdf",
          "sourceType": "PRESENTATION",
          "purpose": "OWNERSHIP_INVESTMENT",
          "evidenceLabel": "Fund VIII attribution and September 2025 pending-closing status",
          "isPrimary": false
        },
        {
          "id": null,
          "label": "FERC — January 30, 2026 notational order",
          "url": "https://www.ferc.gov/news-events/events/notational-order-2026-01-30-01302026",
          "sourceType": "WEBSITE",
          "purpose": "OWNERSHIP_INVESTMENT",
          "evidenceLabel": "Regulatory approval lineage for docket EC25-123",
          "isPrimary": false
        },
        {
          "id": null,
          "label": "ArcLight Infrastructure Partners Fund VIII",
          "url": "https://www.prnewswire.com/news-releases/arclight-announces-final-fund-viii-close-of-3-9-billion-302734967.html",
          "sourceType": "PRESS_RELEASE",
          "purpose": "OWNERSHIP_INVESTMENT",
          "evidenceLabel": "Current Fund VIII relationship and infrastructure-strategy basis",
          "isPrimary": false
        },
        {
          "id": null,
          "label": "Advanced Power — U.S. offices",
          "url": "https://www.advanced-power.com/home/contact",
          "sourceType": "WEBSITE",
          "purpose": "COMPANY_PROFILE",
          "evidenceLabel": "Boston and Houston operating-office addresses",
          "isPrimary": false
        }
      ]
    }
  },
  "plan": {
    "companyName": "Advanced Power",
    "mutations": [
      {
        "kind": "CORRECT_COMPANY",
        "relationIds": [],
        "detail": "Apply approved changes to description, website, headquarters, lastVerifiedAt, ownershipPeriods, milestones, citations."
      }
    ],
    "changedFields": [
      "citations",
      "description",
      "headquarters",
      "lastVerifiedAt",
      "milestones",
      "ownershipPeriods",
      "website"
    ],
    "retiredCompanyIds": []
  }
}
