
> infra-tracker@1.0.0 portco:reconciliation:apply
> npx tsx scripts/portco-reconciliation/apply-cli.ts --proposal=audits/portco-reconciliation/2026-08-03/proposals/0079-orca-v1/proposal.json --approval=audits/portco-reconciliation/2026-08-03/approvals/0079-orca-v1.json --production-snapshot=audits/portco-reconciliation/2026-08-03/execution-v1/tasks/0079-orca/attempt-1/locked-production-snapshot.json --proposal-sha256=6e8348b76e14a9a4e5fac8c6e79c8dad645787ab55b96eb280336b32245bd30e --approval-sha256=6fbb8049a4c93342fa8f6eb7a6ca6870edf27061b25904531e90a626b949eaa7 --snapshot-sha256=cc070e56e183ad6a16211f220b6f1f29ea498c7d2fcbb0e81bcd4bc61d7fbde2 --seed-artifact=prisma/seed-data/approved-portco-after-images.json --apply --write-token=APPLY_APPROVED_PORTCO_CHANGE --receipt=tmp/portco-reconciliation/production/apply-receipt.json --public-base-url=https://infra-ma-2.vercel.app/Infra-MA2/

(node:3055) DeprecationWarning: Calling client.query() when the client is already executing a query is deprecated and will be removed in pg@9.0. Use async/await or an external async flow control mechanism instead.
(Use `node --trace-deprecation ...` to show where the warning was created)
{
  "mode": "APPLIED",
  "receiptPath": "/home/runner/work/Infra-MA2/Infra-MA2/tmp/portco-reconciliation/production/apply-receipt.json",
  "receipt": {
    "schemaVersion": 1,
    "artifactType": "PORTCO_CHANGE_APPLY_RECEIPT",
    "runId": "portco-reconciliation-2026-08-03-v2",
    "taskId": "ledger:0079:orca:0d6c01b2",
    "taskIndex": 79,
    "companyName": "Orca",
    "companyId": "cmstu15ni0000cv6hlqbn9wqr",
    "proposalSha256": "6e8348b76e14a9a4e5fac8c6e79c8dad645787ab55b96eb280336b32245bd30e",
    "approvalSha256": "6fbb8049a4c93342fa8f6eb7a6ca6870edf27061b25904531e90a626b949eaa7",
    "productionSnapshotSha256": "cc070e56e183ad6a16211f220b6f1f29ea498c7d2fcbb0e81bcd4bc61d7fbde2",
    "beforeCompanySnapshotSha256": null,
    "appliedAfterImageSha256": "6b66d2dc7352f0c018ffe866f9b40ed3f114d120aab5ef45d967f03a1b6a5ba6",
    "seedAfterImageSha256": "6b66d2dc7352f0c018ffe866f9b40ed3f114d120aab5ef45d967f03a1b6a5ba6",
    "approvedSeedEntrySha256": "f3c94d7d060224ba7fa9961fefea6becc82e5ac6fd5501e0888967525511a161",
    "databaseTargetFingerprint": "45836a2e3306aa27a98c47cded3087b545691ec737c22861a69c4ab202986929",
    "transactionId": "35f6507c-a14f-4a2b-a305-61c0f7c17a0b",
    "auditEventId": "cmstu19yl000lcv6hten1bijk",
    "appliedAt": "2026-08-15T03:44:44.019Z",
    "verification": {
      "databaseMatchesAfterImage": true,
      "seedMatchesAfterImage": true,
      "detailApiVerified": true
    },
    "receiptSha256": "7ddac9ef99ce8d1ab509c02b521bf63d6b97f41278514da64c611f18bb74b719"
  }
}
