
> infra-tracker@1.0.0 portco:reconciliation:apply
> npx tsx scripts/portco-reconciliation/apply-cli.ts --proposal=audits/portco-reconciliation/2026-08-03/proposals/0048-bullrock-energy-ventures-apollo-bullrock-community-solar-joint-venture-v2/proposal.json --approval=audits/portco-reconciliation/2026-08-03/approvals/0048-bullrock-energy-ventures-apollo-bullrock-community-solar-joint-venture-v2.json --production-snapshot=audits/portco-reconciliation/2026-08-03/execution-v1/tasks/0048-bullrock-energy-ventures/attempt-2/locked-production-snapshot.json --proposal-sha256=ca455f9840bae4a374a23596ca536e7e749da5c7ab4f79accc5004cd0ad3f8a7 --approval-sha256=fd6c3971d6d00ba6ac4afff77ab967b6df405de43bd77d62d00f1a2ee7ee68ae --snapshot-sha256=85a523d0bfa92109503b4d3359d78f3a6c5f8a0b12816bb3aedee311b849bbeb --seed-artifact=prisma/seed-data/approved-portco-after-images.json --apply --write-token=APPLY_APPROVED_PORTCO_CHANGE --receipt=tmp/portco-reconciliation/production/apply-receipt.json --public-base-url=https://infra-ma-2.vercel.app/Infra-MA2/

(node:2916) DeprecationWarning: Calling client.query() when the client is already executing a query is deprecated and will be removed in pg@9.0. Use async/await or an external async flow control mechanism instead.
(Use `node --trace-deprecation ...` to show where the warning was created)
{
  "mode": "APPLIED",
  "receiptPath": "/home/runner/work/Infra-MA2/Infra-MA2/tmp/portco-reconciliation/production/apply-receipt.json",
  "receipt": {
    "schemaVersion": 1,
    "artifactType": "PORTCO_CHANGE_APPLY_RECEIPT",
    "runId": "portco-reconciliation-2026-08-03-v2",
    "taskId": "ledger:0048:bullrock-energy-ventures:ac39af1a",
    "taskIndex": 48,
    "companyName": "Bullrock Energy Ventures",
    "proposalSha256": "ca455f9840bae4a374a23596ca536e7e749da5c7ab4f79accc5004cd0ad3f8a7",
    "approvalSha256": "fd6c3971d6d00ba6ac4afff77ab967b6df405de43bd77d62d00f1a2ee7ee68ae",
    "productionSnapshotSha256": "85a523d0bfa92109503b4d3359d78f3a6c5f8a0b12816bb3aedee311b849bbeb",
    "beforeCompanySnapshotSha256": "970c415abc097c06e149b89b6d9d459f1214e4947395b82abd3e40d699ce548f",
    "appliedAfterImageSha256": "a2c322e35382dd17b96ddcb5c679da83209ffed02750cfe570eacda5138cbae0",
    "seedAfterImageSha256": "a2c322e35382dd17b96ddcb5c679da83209ffed02750cfe570eacda5138cbae0",
    "approvedSeedEntrySha256": "42fec0986128543a080913346a0dbf90f87247f2c2b403e602a5c61e1406a0da",
    "databaseTargetFingerprint": "45836a2e3306aa27a98c47cded3087b545691ec737c22861a69c4ab202986929",
    "transactionId": "455463eb-7eb6-4c0a-8335-0867324bb272",
    "auditEventId": "cmskfrpe0000b904ssf0op7mw",
    "appliedAt": "2026-08-08T13:55:27.329Z",
    "verification": {
      "databaseMatchesAfterImage": true,
      "seedMatchesAfterImage": true,
      "detailApiVerified": true
    },
    "receiptSha256": "4f6c7cd963cee3f5c0581dae64a3a442189ccd32abf8876ed1faa201a3c876c3"
  }
}
