
> infra-tracker@1.0.0 portfolio:fund-attribution:apply
> npx tsx scripts/apply-portfolio-fund-attribution.ts --manifest=audits/portfolio-fund-attribution/2026-08-18/scoped/task-114-axium-aster-attribution/apply-manifest.json --manifest-sha256=d24fdc2f30fd1dfddb48221b78fbd2b002f9595d91fa97e94c313ada563efa59 --production-snapshot=audits/portfolio-fund-attribution/2026-08-18/scoped/task-114-axium-aster-attribution/production-snapshot.json --approval=audits/portfolio-fund-attribution/2026-08-18/scoped/task-114-axium-aster-attribution/approval.json --approval-sha256=e7b3614616990080ac35495f9315013bfff3825324f9a385109a63d3d887f3f0 --apply=true --write-token=APPLY_REVIEWED_PORTFOLIO_FUND_ATTRIBUTION --receipt=tmp/portfolio-fund-attribution/production/apply-receipt.json

(node:3156) DeprecationWarning: Calling client.query() when the client is already executing a query is deprecated and will be removed in pg@9.0. Use async/await or an external async flow control mechanism instead.
(Use `node --trace-deprecation ...` to show where the warning was created)
{
  "schemaVersion": 1,
  "artifactType": "PORTFOLIO_FUND_ATTRIBUTION_APPLY_RECEIPT",
  "manifestSha256": "d24fdc2f30fd1dfddb48221b78fbd2b002f9595d91fa97e94c313ada563efa59",
  "approvalSha256": "e7b3614616990080ac35495f9315013bfff3825324f9a385109a63d3d887f3f0",
  "environment": "production",
  "pipelineRunId": "cmsyw00ae0000fo6hn2dq6lod",
  "mutationCount": 1,
  "changed": 1,
  "idempotent": false,
  "beforeFingerprint": "bf52a3e9c7c6945fd696dec9708ae3b67c769dc0caafdd56018726079e9fc1b8",
  "afterFingerprint": "1703ce8cf5e86c07d5b89f55f3f7e97cf778464b1ad1691acba029081372abeb",
  "rows": [
    {
      "recordId": "OFA-789E2CAE2551",
      "ownershipPeriodId": "cmrxpjsok01i2ivhex4m45yih",
      "companyId": "cmrxpj7m000l1ivhezpjsd4h1",
      "stateBeforeApply": "PENDING",
      "before": {
        "linkedFundName": null,
        "fundAttribution": "INFERRED",
        "attributedFundName": "AxInfra Fund I-IV",
        "attributionConfidence": "LOW",
        "attributionRationale": "Estimated from manager match 1.00, evergreen/permanent-capital vehicle, North America-relevant mandate; no second manager-matched fund candidate. Public disclosure does not identify a distinct fund."
      },
      "after": {
        "linkedFundName": null,
        "fundAttribution": "UNRESOLVED",
        "attributedFundName": null,
        "attributionConfidence": null,
        "attributionRationale": "Reviewed evidence identifies AIC II as the disclosed fund for the Aster vehicle, but that fund is not yet present in the curated fund database. The ownership period remains unlinked pending separate fund review."
      }
    }
  ],
  "appliedAt": "2026-08-18T16:38:33.768Z",
  "receiptSha256": "8e0e73277a9fd7367643aafc32ab354d3f6ef9cdd205d981ecee94c2537fd9cd"
}
