
> infra-tracker@1.0.0 portco:reconciliation:batch:apply
> npx tsx scripts/portco-reconciliation/batch-apply-cli.ts --batch-manifest=audits/portco-reconciliation/2026-08-23/batches/batch-0399-0403-v1/batch-manifest.json --batch-sha256=504b275f54e2a71d7aa4b688ebee267b93592e5b7976df47a1e6b63ea1eb3f2b

(node:3523) DeprecationWarning: Calling client.query() when the client is already executing a query is deprecated and will be removed in pg@9.0. Use async/await or an external async flow control mechanism instead.
(Use `node --trace-deprecation ...` to show where the warning was created)
{
  "mode": "BATCH_DRY_RUN",
  "batchId": "batch-0399-0403-v1",
  "batchSha256": "504b275f54e2a71d7aa4b688ebee267b93592e5b7976df47a1e6b63ea1eb3f2b",
  "databaseWrites": false,
  "seedWrites": false,
  "plans": [
    {
      "companyName": "PurposeEnergy",
      "mutations": [
        {
          "kind": "CORRECT_COMPANY",
          "relationIds": [],
          "detail": "Apply approved changes to aliases, description, milestones, citations."
        },
        {
          "kind": "MERGE_COMPANIES",
          "relationIds": [
            "cmrxpjms4018nivhe4b9fmlk9"
          ],
          "detail": "merge 1 production duplicate(s)"
        }
      ],
      "changedFields": [
        "aliases",
        "citations",
        "description",
        "milestones",
        "redirects"
      ],
      "retiredCompanyIds": [
        "cmrxpjms4018nivhe4b9fmlk9"
      ]
    }
  ]
}
