
> infra-tracker@1.0.0 portco:reconciliation:batch:apply
> npx tsx scripts/portco-reconciliation/batch-apply-cli.ts --batch-manifest=audits/portco-reconciliation/2026-08-23/batches/batch-0334-0338-v1/batch-manifest-v5.json --batch-sha256=a1186bdbd71d02b197832fd6abe3beb27a952e09d26a3f82e70a60f032c32f6f

(node:3317) DeprecationWarning: Calling client.query() when the client is already executing a query is deprecated and will be removed in pg@9.0. Use async/await or an external async flow control mechanism instead.
(Use `node --trace-deprecation ...` to show where the warning was created)
{
  "mode": "BATCH_DRY_RUN",
  "batchId": "batch-0334-0338-v1",
  "batchSha256": "a1186bdbd71d02b197832fd6abe3beb27a952e09d26a3f82e70a60f032c32f6f",
  "databaseWrites": false,
  "seedWrites": false,
  "plans": [
    {
      "companyName": "Yusen Terminals LLC",
      "mutations": [
        {
          "kind": "CORRECT_COMPANY",
          "relationIds": [],
          "detail": "Apply approved changes to aliases, description, website, headquarters, lastVerifiedAt, milestones, citations."
        },
        {
          "kind": "ADD_OWNER",
          "relationIds": [],
          "detail": "Add 2 approved ownership period(s)."
        },
        {
          "kind": "RETIRE_OWNERSHIP",
          "relationIds": [
            "cmrxpk6ln0240ivhev26gwa8k"
          ],
          "detail": "Retire 1 ownership period(s) without deleting history."
        }
      ],
      "changedFields": [
        "aliases",
        "citations",
        "description",
        "headquarters",
        "lastVerifiedAt",
        "milestones",
        "ownershipPeriods",
        "website"
      ],
      "retiredCompanyIds": []
    },
    {
      "companyName": "Maverick 6 & 7",
      "mutations": [
        {
          "kind": "CREATE_COMPANY",
          "relationIds": [],
          "detail": "Create the approved canonical company and all approved relations."
        }
      ],
      "changedFields": [
        "company"
      ],
      "retiredCompanyIds": []
    }
  ]
}
