
> infra-tracker@1.0.0 portco:reconciliation:batch:apply
> npx tsx scripts/portco-reconciliation/batch-apply-cli.ts --batch-manifest=audits/portco-reconciliation/2026-08-23/batches/batch-0209-0213-v1/batch-manifest.json --batch-sha256=b92c30918cfc5fde5cd1e648e523c01d49942ce4ac32586d4a8a11ebffd8f1a9 --seed-artifact=prisma/seed-data/approved-portco-after-images.json --apply --write-token=APPLY_APPROVED_PORTCO_BATCH --commit-receipt=tmp/portco-reconciliation/production/batch-commit-receipt.json --receipt=tmp/portco-reconciliation/production/batch-apply-receipt.json --public-base-url=https://infra-ma-2.vercel.app/Infra-MA2/

(node:3708) DeprecationWarning: Calling client.query() when the client is already executing a query is deprecated and will be removed in pg@9.0. Use async/await or an external async flow control mechanism instead.
(Use `node --trace-deprecation ...` to show where the warning was created)
{
  "mode": "BATCH_APPLIED",
  "receiptPath": "/home/runner/work/Infra-MA2/Infra-MA2/tmp/portco-reconciliation/production/batch-apply-receipt.json",
  "receipt": {
    "schemaVersion": 1,
    "artifactType": "PORTCO_APPLY_BATCH_RECEIPT",
    "runId": "portco-reconciliation-2026-08-03-v2",
    "batchId": "batch-0209-0213-v1",
    "batchSha256": "b92c30918cfc5fde5cd1e648e523c01d49942ce4ac32586d4a8a11ebffd8f1a9",
    "releaseSha": "fbbdf82fcf0cb48ea8d9538bc747a3ce328752b3",
    "databaseTargetFingerprint": "45836a2e3306aa27a98c47cded3087b545691ec737c22861a69c4ab202986929",
    "transactionId": "44507fde-d8d2-46b5-bdd4-73985198271c",
    "appliedAt": "2026-08-29T07:00:10.993Z",
    "members": [
      {
        "kind": "MUTATION",
        "taskId": "ledger:0209:tonaquint-data-centers:c32a57e3",
        "taskIndex": 209,
        "companyName": "Tonaquint Data Centers",
        "receipt": {
          "schemaVersion": 1,
          "artifactType": "PORTCO_CHANGE_APPLY_RECEIPT",
          "runId": "portco-reconciliation-2026-08-03-v2",
          "taskId": "ledger:0209:tonaquint-data-centers:c32a57e3",
          "taskIndex": 209,
          "companyName": "Tonaquint Data Centers",
          "companyId": "cmrxpjd5200tqivheyj3gg8uj",
          "proposalSha256": "5f2648ca43aef481e8afeaeceb24a7a873e6e328f9d179300e126b630d6e548a",
          "approvalSha256": "2c9ab8f247958f992a6d22d03956c7f6ba801c22813598f9eeb0d313fd14d6a3",
          "productionSnapshotSha256": "f4d73ebc15afdc9b8a24d2020814d9a3c1f56924ed94d602102467bb5def8968",
          "beforeCompanySnapshotSha256": "d49269816fd1c8572511c1e36c4184bab79b00ab64c1f0f6e69c26e1fab91ecf",
          "appliedAfterImageSha256": "9e370772773ca9fd063d2a91f7b0f2d7179af9fa1ef58684ba8b6806802d2d42",
          "seedAfterImageSha256": "9e370772773ca9fd063d2a91f7b0f2d7179af9fa1ef58684ba8b6806802d2d42",
          "approvedSeedEntrySha256": "b3d328ed8b9d8839cd0b96e7206857dad71ae3e2ed2b4a52c7180f2bca644a85",
          "databaseTargetFingerprint": "45836a2e3306aa27a98c47cded3087b545691ec737c22861a69c4ab202986929",
          "transactionId": "44507fde-d8d2-46b5-bdd4-73985198271c",
          "auditEventId": "cmte16ciu000cv02baxm7xrhv",
          "appliedAt": "2026-08-29T07:00:10.993Z",
          "verification": {
            "databaseMatchesAfterImage": true,
            "seedMatchesAfterImage": true,
            "detailApiVerified": true
          },
          "receiptSha256": "0e061394b96e751801c653135a14bee68081bc2d7ba8f01522d2dd8a2bbf119e"
        }
      },
      {
        "kind": "TERMINAL",
        "taskId": "ledger:0210:valorc3:48b37136",
        "taskIndex": 210,
        "companyName": "ValorC3",
        "outcome": "SUPERSEDED",
        "decisionSha256": "ee2d8e4d938cda47ab41ea7edaa914811c912840666ba671845337bb7374faf3"
      },
      {
        "kind": "MUTATION",
        "taskId": "ledger:0211:beanfield-metroconnect:1a05dc89",
        "taskIndex": 211,
        "companyName": "Beanfield Metroconnect",
        "receipt": {
          "schemaVersion": 1,
          "artifactType": "PORTCO_CHANGE_APPLY_RECEIPT",
          "runId": "portco-reconciliation-2026-08-03-v2",
          "taskId": "ledger:0211:beanfield-metroconnect:1a05dc89",
          "taskIndex": 211,
          "companyName": "Beanfield Metroconnect",
          "companyId": "cmrxpjd8g00tsivhe75mpfqhf",
          "proposalSha256": "12762bf4a650106408ae2ae42606cbc3a1dd142af746ba0c19208d1b5fff4465",
          "approvalSha256": "cf7889c56687ff7ed216b6fbf3df16fb10b5b592cb5b149495d4a48a9ed41592",
          "productionSnapshotSha256": "36999efb557c421a1fc771f9df165b9ffa3915c55fdc7b03975349bb70a9029c",
          "beforeCompanySnapshotSha256": "37ee866e65bfce67612a0d288014b652d044549fee7938f9d69277f515dc9ae6",
          "appliedAfterImageSha256": "6f1d81d0e9bffbfda7ea98ee826b6d0b9bc566686e24a9df2b37b2420c1826d3",
          "seedAfterImageSha256": "6f1d81d0e9bffbfda7ea98ee826b6d0b9bc566686e24a9df2b37b2420c1826d3",
          "approvedSeedEntrySha256": "b26edae55c0823616d8af84706c596101d2452372df6c020beabd19492f98ed2",
          "databaseTargetFingerprint": "45836a2e3306aa27a98c47cded3087b545691ec737c22861a69c4ab202986929",
          "transactionId": "44507fde-d8d2-46b5-bdd4-73985198271c",
          "auditEventId": "cmte16kth000kv02bpymbozlt",
          "appliedAt": "2026-08-29T07:00:10.993Z",
          "verification": {
            "databaseMatchesAfterImage": true,
            "seedMatchesAfterImage": true,
            "detailApiVerified": true
          },
          "receiptSha256": "0f5d2a828edfad8695a34a7d1a1e6a109a410ecee9939f3613259cbdc721ac23"
        }
      },
      {
        "kind": "TERMINAL",
        "taskId": "ledger:0212:boingo-wireless:94c73adf",
        "taskIndex": 212,
        "companyName": "Boingo Wireless",
        "outcome": "VERIFIED_NO_CHANGE",
        "decisionSha256": "b99f93a16cfa474c29f31e917a01ffda272c18535a947720c512600ecfd625e9"
      },
      {
        "kind": "TERMINAL",
        "taskId": "ledger:0213:extenet-formerly-extenet-systems:1d3fac1c",
        "taskIndex": 213,
        "companyName": "Extenet (formerly ExteNet Systems)",
        "outcome": "DEFERRED",
        "decisionSha256": "382e6ed9c8b54719db3ea09d45aa6aec8fac7494c1aa68192fb63c3bb7e8c31f"
      }
    ],
    "verification": {
      "databaseTransactionCommitted": true,
      "seedArtifactVerified": true,
      "allDetailApisVerified": true,
      "partialDatabaseApplication": false
    },
    "receiptSha256": "242168a778b8dd6b38a83ccaaf56eab68d833c026df7e51e88228a74781bdee7"
  }
}
