
> infra-tracker@1.0.0 portco:reconciliation:apply
> npx tsx scripts/portco-reconciliation/apply-cli.ts --proposal=audits/portco-reconciliation/2026-08-03/proposals/0114-axium-aster-and-axium-bloom-v1/proposal.json --approval=audits/portco-reconciliation/2026-08-03/approvals/0114-axium-aster-and-axium-bloom-v1.json --production-snapshot=audits/portco-reconciliation/2026-08-03/execution-v1/tasks/0114-axium-aster-and-axium-bloom/attempt-1/locked-production-snapshot.json --proposal-sha256=1ebf20ecb246b0083b8b1374b915c9b06ba7e78d2b3e0fe9c499af5fc3dd238a --approval-sha256=5b25a82d85a63652e716460cc5a9e3d61f7614f340e8b9c900e9c2b0b194e442 --snapshot-sha256=75edbe5758fd9dcad8777ac522ef4f569191c7d7ad8bc80448db6db53590107d --seed-artifact=prisma/seed-data/approved-portco-after-images.json --apply --write-token=APPLY_APPROVED_PORTCO_CHANGE --receipt=tmp/portco-reconciliation/production/apply-receipt.json --public-base-url=https://infra-ma-2.vercel.app/Infra-MA2/

(node:3099) DeprecationWarning: Calling client.query() when the client is already executing a query is deprecated and will be removed in pg@9.0. Use async/await or an external async flow control mechanism instead.
(Use `node --trace-deprecation ...` to show where the warning was created)
{
  "mode": "APPLIED",
  "receiptPath": "/home/runner/work/Infra-MA2/Infra-MA2/tmp/portco-reconciliation/production/apply-receipt.json",
  "receipt": {
    "schemaVersion": 1,
    "artifactType": "PORTCO_CHANGE_APPLY_RECEIPT",
    "runId": "portco-reconciliation-2026-08-03-v2",
    "taskId": "ledger:0114:axium-aster-and-axium-bloom:b9357b8d",
    "taskIndex": 114,
    "companyName": "Axium Aster & Axium Bloom",
    "companyId": "cmrxpj7m000l1ivhezpjsd4h1",
    "proposalSha256": "1ebf20ecb246b0083b8b1374b915c9b06ba7e78d2b3e0fe9c499af5fc3dd238a",
    "approvalSha256": "5b25a82d85a63652e716460cc5a9e3d61f7614f340e8b9c900e9c2b0b194e442",
    "productionSnapshotSha256": "75edbe5758fd9dcad8777ac522ef4f569191c7d7ad8bc80448db6db53590107d",
    "beforeCompanySnapshotSha256": "d28046a003d316aa5060b4d7b221a9bfc7023e677fdab30ef7a1f98d9f31b602",
    "appliedAfterImageSha256": "3914dd64528835a18801fa46c10095b2771db6a32b8a5a5a7f0ab986b404262f",
    "seedAfterImageSha256": "3914dd64528835a18801fa46c10095b2771db6a32b8a5a5a7f0ab986b404262f",
    "approvedSeedEntrySha256": "d2f60cfba57aadb468eeec602a6bb2b8deb1cdadcb88e908ab2e052fe55c786c",
    "databaseTargetFingerprint": "45836a2e3306aa27a98c47cded3087b545691ec737c22861a69c4ab202986929",
    "transactionId": "ab6bad56-852b-4c7b-8946-a72944449d4b",
    "auditEventId": "cmsyv928b000de36ha2rwfs55",
    "appliedAt": "2026-08-18T16:17:38.089Z",
    "verification": {
      "databaseMatchesAfterImage": true,
      "seedMatchesAfterImage": true,
      "detailApiVerified": true
    },
    "receiptSha256": "f68de1961caa67c7aeadb12527bc9ae0b7d39c956cb13544c147dba721467290"
  }
}
