
> infra-tracker@1.0.0 portco:reconciliation:apply
> npx tsx scripts/portco-reconciliation/apply-cli.ts --proposal=audits/portco-reconciliation/2026-08-03/proposals/0061-valor-compute-infrastructure-vci-v2/proposal.json --approval=audits/portco-reconciliation/2026-08-03/approvals/0061-valor-compute-infrastructure-vci-v2.json --production-snapshot=audits/portco-reconciliation/2026-08-03/execution-v1/tasks/0061-valor-compute-infrastructure-vci/attempt-2/production-snapshot.json --proposal-sha256=b2bec65272c59de3384320e5a029c4093cfed749a61d7d9e53369b11b7e54ce4 --approval-sha256=7d619ca34cf690753deb5f62199def77dac65d049ef95988bed1195f3e19b6e1 --snapshot-sha256=d85dbbbf34234d5e9b4f079bc0852f6f159f51b2fb90f45d4594fefb1e1e6473

(node:2996) DeprecationWarning: Calling client.query() when the client is already executing a query is deprecated and will be removed in pg@9.0. Use async/await or an external async flow control mechanism instead.
(Use `node --trace-deprecation ...` to show where the warning was created)
{
  "mode": "DRY_RUN",
  "databaseWrites": false,
  "seedWrites": false,
  "seedEntry": {
    "proposalSha256": "b2bec65272c59de3384320e5a029c4093cfed749a61d7d9e53369b11b7e54ce4",
    "approvalSha256": "7d619ca34cf690753deb5f62199def77dac65d049ef95988bed1195f3e19b6e1",
    "afterImageSha256": "8c69440bbf2689fb3324cfdbffe20fbda0b88b583adc3dc74939c34df0eb7437",
    "taskId": "ledger:0061:valor-compute-infrastructure-vci:e12f218b",
    "operation": "ARCHIVE",
    "company": {
      "name": "Valor Compute Infrastructure (VCI)",
      "investmentFirm": "Apollo Global Management",
      "sector": "Digital",
      "subsector": "AI Compute Infrastructure Leasing",
      "region": "North America",
      "country": "United States",
      "ownershipVehicle": "Apollo-led asset-backed capital solution; no ownership of VCI L.P. established",
      "description": "Archived census record for Valor Compute Infrastructure L.P., a Delaware pooled private-equity fund formed in 2025 and managed by Valor Management LLC, with Valor CI Associates L.P. as general partner. The fund acquires compute infrastructure for leasing to an xAI subsidiary. Apollo led an asset-backed capital solution, and an Apollo private-credit vehicle also held small non-controlling equity interests in downstream numbered financing SPVs; no public evidence establishes Apollo ownership or control of VCI L.P. or an Apollo infrastructure-equity portfolio company. The record is therefore excluded from the PortCo census.",
      "status": "Realized",
      "countryTags": [
        "United States"
      ],
      "yearFounded": 2025,
      "headquarters": "Chicago, Illinois",
      "milestones": [
        {
          "date": "2025",
          "event": "Valor Compute Infrastructure L.P. was formed in Delaware as a pooled private-equity fund managed by Valor.",
          "category": "Founding"
        },
        {
          "date": "Jan 2026",
          "event": "Apollo announced a US$3.5 billion asset-backed capital solution supporting VCI's acquisition and lease of NVIDIA compute infrastructure; the announcement identified VCI as a Valor-managed fund, not an Apollo-owned company.",
          "category": "Financing"
        }
      ],
      "management": [],
      "sources": [
        {
          "label": "Investment date source — Apollo Global Management — Valor Compute Infrastructure (VCI)",
          "url": "https://www.apollo.com/insights-news/pressreleases/2026/01/apollo-backs-5-4-billion-valor-and-xai-data-center-compute-infrastructure-transaction-with-3-5-billion-capital-solution-3214463",
          "type": "ARTICLE",
          "purpose": "FINANCING_FILINGS",
          "evidenceLabel": "Apollo describes VCI as a Valor-managed fund and its own role as leading a capital solution"
        },
        {
          "label": "Data Center Dynamics — Valor Compute Infrastructure (VCI)",
          "url": "https://www.datacenterdynamics.com/en/news/valor-equity-partners-raises-54bn-to-buy-nvidia-gpus-for-xai/",
          "type": "ARTICLE",
          "purpose": "SUPPORTING_CONTEXT",
          "evidenceLabel": "Secondary description of Valor's VCI fund and the Apollo financing"
        },
        {
          "label": "PR Newswire — Valor Compute Infrastructure (VCI)",
          "url": "https://www.prnewswire.com/news-releases/apollo-backs-5-4-billion-valor-and-xai-data-center-compute-infrastructure-transaction-with-3-5-billion-capital-solution-302343615.html",
          "type": "PRESS_RELEASE",
          "purpose": "SUPPORTING_CONTEXT",
          "evidenceLabel": "Syndicated copy of the Apollo capital-solution announcement"
        },
        {
          "label": "SEC — Valor Compute Infrastructure L.P. Form D/A",
          "url": "https://www.sec.gov/Archives/edgar/data/2074951/000101297526000462/xslFormDX01/primary_doc.xml",
          "type": "SEC_FILING",
          "purpose": "COMPANY_PROFILE",
          "evidenceLabel": "Legal identity, pooled-fund classification, Valor adviser and general partner"
        },
        {
          "label": "SEC — Apollo Debt Solutions BDC June 2026 holdings",
          "url": "https://www.sec.gov/Archives/edgar/data/1837532/000119312526341358/ck0001837532-20260630.htm",
          "type": "SEC_FILING",
          "purpose": "FINANCING_FILINGS",
          "evidenceLabel": "Current Apollo credit exposure and non-controlling downstream TopCo equity interests"
        }
      ],
      "owners": [
        {
          "investmentFirm": "Apollo Global Management",
          "ownershipVehicle": "Apollo-led asset-backed capital solution; no ownership of VCI L.P. established",
          "stake": "No Apollo ownership or control of VCI L.P. established",
          "status": "Realized",
          "transactionState": "REALIZED"
        }
      ]
    },
    "retiredCompanies": [],
    "canonicalAfterImage": {
      "id": "cmrxpj63n00irivhejoael21j",
      "name": "Valor Compute Infrastructure (VCI)",
      "aliases": [
        "Valor Compute Infrastructure L.P.",
        "VCI"
      ],
      "sector": "DIGITAL",
      "subsector": "AI Compute Infrastructure Leasing",
      "region": "NORTH_AMERICA",
      "country": "United States",
      "countryTags": [
        "United States"
      ],
      "description": "Archived census record for Valor Compute Infrastructure L.P., a Delaware pooled private-equity fund formed in 2025 and managed by Valor Management LLC, with Valor CI Associates L.P. as general partner. The fund acquires compute infrastructure for leasing to an xAI subsidiary. Apollo led an asset-backed capital solution, and an Apollo private-credit vehicle also held small non-controlling equity interests in downstream numbered financing SPVs; no public evidence establishes Apollo ownership or control of VCI L.P. or an Apollo infrastructure-equity portfolio company. The record is therefore excluded from the PortCo census.",
      "companyStatus": "REALIZED",
      "recordStatus": "ARCHIVED",
      "website": null,
      "yearFounded": 2025,
      "headquarters": "Chicago, Illinois",
      "lastVerifiedAt": "2026-08-12T00:00:00.000Z",
      "ownershipPeriods": [
        {
          "id": "cmrxpjr5301fmivheuku95c94",
          "managerName": "Apollo Global Management",
          "organizationName": "Apollo Global Management",
          "fundName": null,
          "vehicleName": "Apollo-led asset-backed capital solution; no ownership of VCI L.P. established",
          "stake": "No Apollo ownership or control of VCI L.P. established",
          "investmentYear": null,
          "exitYear": null,
          "isActive": false,
          "transactionState": "REALIZED"
        }
      ],
      "pendingOwnershipTransactions": [],
      "milestones": [
        {
          "id": "cmrxpkkne02n6ivhes3vi30p8",
          "date": "2025",
          "event": "Valor Compute Infrastructure L.P. was formed in Delaware as a pooled private-equity fund managed by Valor.",
          "category": "FOUNDING",
          "sortDate": "2025-01-01T00:00:00.000Z",
          "evidenceUrls": [
            "https://www.sec.gov/Archives/edgar/data/2074951/000101297526000462/xslFormDX01/primary_doc.xml"
          ]
        },
        {
          "id": "cmrxpkkny02n7ivhee43ukukb",
          "date": "Jan 2026",
          "event": "Apollo announced a US$3.5 billion asset-backed capital solution supporting VCI's acquisition and lease of NVIDIA compute infrastructure; the announcement identified VCI as a Valor-managed fund, not an Apollo-owned company.",
          "category": "FINANCING",
          "sortDate": "2026-01-07T05:00:00.000Z",
          "evidenceUrls": [
            "https://www.apollo.com/insights-news/pressreleases/2026/01/apollo-backs-5-4-billion-valor-and-xai-data-center-compute-infrastructure-transaction-with-3-5-billion-capital-solution-3214463"
          ]
        }
      ],
      "managementRoles": [],
      "citations": [
        {
          "id": "cmrxpoxxb07fcivhe4b3vrdrm",
          "label": "Investment date source — Apollo Global Management — Valor Compute Infrastructure (VCI)",
          "url": "https://www.apollo.com/insights-news/pressreleases/2026/01/apollo-backs-5-4-billion-valor-and-xai-data-center-compute-infrastructure-transaction-with-3-5-billion-capital-solution-3214463",
          "sourceType": "ARTICLE",
          "purpose": "FINANCING_FILINGS",
          "evidenceLabel": "Apollo describes VCI as a Valor-managed fund and its own role as leading a capital solution",
          "isPrimary": false
        },
        {
          "id": "cmrxpoxy607feivhe5zrzldp7",
          "label": "Data Center Dynamics — Valor Compute Infrastructure (VCI)",
          "url": "https://www.datacenterdynamics.com/en/news/valor-equity-partners-raises-54bn-to-buy-nvidia-gpus-for-xai/",
          "sourceType": "ARTICLE",
          "purpose": "SUPPORTING_CONTEXT",
          "evidenceLabel": "Secondary description of Valor's VCI fund and the Apollo financing",
          "isPrimary": false
        },
        {
          "id": "cmrxpoxz307fgivheddxanrmo",
          "label": "PR Newswire — Valor Compute Infrastructure (VCI)",
          "url": "https://www.prnewswire.com/news-releases/apollo-backs-5-4-billion-valor-and-xai-data-center-compute-infrastructure-transaction-with-3-5-billion-capital-solution-302343615.html",
          "sourceType": "PRESS_RELEASE",
          "purpose": "SUPPORTING_CONTEXT",
          "evidenceLabel": "Syndicated copy of the Apollo capital-solution announcement",
          "isPrimary": false
        },
        {
          "id": null,
          "label": "SEC — Valor Compute Infrastructure L.P. Form D/A",
          "url": "https://www.sec.gov/Archives/edgar/data/2074951/000101297526000462/xslFormDX01/primary_doc.xml",
          "sourceType": "SEC_FILING",
          "purpose": "COMPANY_PROFILE",
          "evidenceLabel": "Legal identity, pooled-fund classification, Valor adviser and general partner",
          "isPrimary": true
        },
        {
          "id": null,
          "label": "SEC — Apollo Debt Solutions BDC June 2026 holdings",
          "url": "https://www.sec.gov/Archives/edgar/data/1837532/000119312526341358/ck0001837532-20260630.htm",
          "sourceType": "SEC_FILING",
          "purpose": "FINANCING_FILINGS",
          "evidenceLabel": "Current Apollo credit exposure and non-controlling downstream TopCo equity interests",
          "isPrimary": false
        }
      ]
    }
  },
  "plan": {
    "companyName": "Valor Compute Infrastructure (VCI)",
    "mutations": [
      {
        "kind": "CORRECT_COMPANY",
        "relationIds": [],
        "detail": "Apply approved changes to aliases, description, recordStatus, yearFounded, headquarters, lastVerifiedAt, milestones, citations."
      },
      {
        "kind": "RETIRE_OWNERSHIP",
        "relationIds": [
          "cmrxpjr5301fmivheuku95c94"
        ],
        "detail": "Retire 1 ownership period(s) without deleting history."
      },
      {
        "kind": "REALIZE_COMPANY",
        "relationIds": [],
        "detail": "Mark the company realized after all active ownership has ended."
      }
    ],
    "changedFields": [
      "aliases",
      "citations",
      "companyStatus",
      "description",
      "headquarters",
      "lastVerifiedAt",
      "milestones",
      "ownershipPeriods",
      "recordStatus",
      "yearFounded"
    ],
    "retiredCompanyIds": []
  }
}
