
> infra-tracker@1.0.0 portco:reconciliation:apply
> npx tsx scripts/portco-reconciliation/apply-cli.ts --proposal=audits/portco-reconciliation/2026-08-03/proposals/0095-international-parking-management-v2/proposal.json --approval=audits/portco-reconciliation/2026-08-03/approvals/0095-international-parking-management-v2.json --production-snapshot=audits/portco-reconciliation/2026-08-03/execution-v1/tasks/0095-international-parking-management/attempt-2/locked-production-snapshot.json --proposal-sha256=d4b263a790c8296ced3cc3ca84e53120f4d2e5fed4403f93b9af2a2d56090771 --approval-sha256=d5fec45802efe7b7c579ac5bfccb297b74fc0e671f2c0698d96c080ac404e859 --snapshot-sha256=1b8ca781b0cbfc135f6cc9391e02eb9509c810561ac484009e30a4eebcafe6e9 --seed-artifact=prisma/seed-data/approved-portco-after-images.json --apply --write-token=APPLY_APPROVED_PORTCO_CHANGE --receipt=tmp/portco-reconciliation/production/apply-receipt.json --public-base-url=https://infra-ma-2.vercel.app/Infra-MA2/

(node:3074) DeprecationWarning: Calling client.query() when the client is already executing a query is deprecated and will be removed in pg@9.0. Use async/await or an external async flow control mechanism instead.
(Use `node --trace-deprecation ...` to show where the warning was created)
{
  "mode": "APPLIED",
  "receiptPath": "/home/runner/work/Infra-MA2/Infra-MA2/tmp/portco-reconciliation/production/apply-receipt.json",
  "receipt": {
    "schemaVersion": 1,
    "artifactType": "PORTCO_CHANGE_APPLY_RECEIPT",
    "runId": "portco-reconciliation-2026-08-03-v2",
    "taskId": "ledger:0095:international-parking-management:0cc25ff3",
    "taskIndex": 95,
    "companyName": "International Parking Management",
    "companyId": "cmrxpj79y00kjivhe9yw0rwid",
    "proposalSha256": "d4b263a790c8296ced3cc3ca84e53120f4d2e5fed4403f93b9af2a2d56090771",
    "approvalSha256": "d5fec45802efe7b7c579ac5bfccb297b74fc0e671f2c0698d96c080ac404e859",
    "productionSnapshotSha256": "1b8ca781b0cbfc135f6cc9391e02eb9509c810561ac484009e30a4eebcafe6e9",
    "beforeCompanySnapshotSha256": "4e02a8a6d42e68f3d076e8656484ddb8b055a8af5aa00c705d70e6b7180b2fc2",
    "appliedAfterImageSha256": "43432e1bca6006f73b184e70ca512a50194009de86257bdfc372b142bfa0d356",
    "seedAfterImageSha256": "43432e1bca6006f73b184e70ca512a50194009de86257bdfc372b142bfa0d356",
    "approvedSeedEntrySha256": "ae960028d8286e3988e56e877f7699ce44a3b0aeb54ffa7a0c57cf8ad0c533b6",
    "databaseTargetFingerprint": "45836a2e3306aa27a98c47cded3087b545691ec737c22861a69c4ab202986929",
    "transactionId": "e41d7fef-5e26-4630-903b-a07b58d09f6e",
    "auditEventId": "cmsvli5j40005de6hjvaronxo",
    "appliedAt": "2026-08-16T09:21:27.695Z",
    "verification": {
      "databaseMatchesAfterImage": true,
      "seedMatchesAfterImage": true,
      "detailApiVerified": true
    },
    "receiptSha256": "274c778bcf38342f8f1cfdb0bdc9487dc88654e828f10e73397e48c03d9aecc0"
  }
}
