
> infra-tracker@1.0.0 portco:reconciliation:apply
> npx tsx scripts/portco-reconciliation/apply-cli.ts --proposal=audits/portco-reconciliation/2026-08-03/proposals/0095-international-parking-management-v2/proposal.json --approval=audits/portco-reconciliation/2026-08-03/approvals/0095-international-parking-management-v2.json --production-snapshot=audits/portco-reconciliation/2026-08-03/execution-v1/tasks/0095-international-parking-management/attempt-2/locked-production-snapshot.json --proposal-sha256=d4b263a790c8296ced3cc3ca84e53120f4d2e5fed4403f93b9af2a2d56090771 --approval-sha256=d5fec45802efe7b7c579ac5bfccb297b74fc0e671f2c0698d96c080ac404e859 --snapshot-sha256=1b8ca781b0cbfc135f6cc9391e02eb9509c810561ac484009e30a4eebcafe6e9

(node:2820) DeprecationWarning: Calling client.query() when the client is already executing a query is deprecated and will be removed in pg@9.0. Use async/await or an external async flow control mechanism instead.
(Use `node --trace-deprecation ...` to show where the warning was created)
{
  "mode": "DRY_RUN",
  "databaseWrites": false,
  "seedWrites": false,
  "seedEntry": {
    "proposalSha256": "d4b263a790c8296ced3cc3ca84e53120f4d2e5fed4403f93b9af2a2d56090771",
    "approvalSha256": "d5fec45802efe7b7c579ac5bfccb297b74fc0e671f2c0698d96c080ac404e859",
    "afterImageSha256": "43432e1bca6006f73b184e70ca512a50194009de86257bdfc372b142bfa0d356",
    "taskId": "ledger:0095:international-parking-management:0cc25ff3",
    "operation": "ARCHIVE",
    "company": {
      "name": "International Parking Management",
      "investmentFirm": "Argo Infrastructure Partners",
      "sector": "Transportation",
      "subsector": "Parking management",
      "region": "North America",
      "country": "United States",
      "ownershipVehicle": "LAZ Parking",
      "description": "International Parking Management, Inc. is a Seattle-based parking-services business founded in 1985 as Premier Parking. Mark and Tracy Sundberg purchased the company in 2006. LAZ Parking's April 2024 release described an asset purchase of IPM that added 14,000 spaces to the LAZ family and combined the businesses' Seattle operations; IPM had 74 employees and $40 million in managed revenue at announcement. The exact legal closing date, transaction percentage and retained seller interest were not publicly disclosed. IPM's former domain now redirects to LAZ's official site. Argo Infrastructure Partners' directly evidenced manager-level investment is LAZ, not a separate direct position in IPM. International Parking Management is therefore archived from the standalone manager-level PortCo census as an active acquired operation beneath LAZ, with no legal merge, Argo exit or signed pending ownership transaction identified through August 16, 2026.",
      "status": "Active",
      "countryTags": [
        "United States"
      ],
      "website": "https://ipmseattle.com/",
      "yearFounded": 1985,
      "investmentYear": 2024,
      "headquarters": "Seattle, Washington",
      "milestones": [
        {
          "date": "1985",
          "event": "Joan and Steve Sundberg founded the business as Premier Parking, an off-airport parking company in the Seattle market.",
          "category": "Founding"
        },
        {
          "date": "2006",
          "event": "Mark and Tracy Sundberg purchased International Parking Management from the founding family.",
          "category": "Acquisition"
        },
        {
          "date": "Apr 4–5, 2024",
          "event": "LAZ Parking announced an asset purchase of IPM that added 14,000 spaces to its Seattle footprint; the exact legal closing date and transaction percentage were not publicly disclosed.",
          "category": "Acquisition"
        }
      ],
      "management": [],
      "sources": [
        {
          "label": "Close date source — Argo Infrastructure Partners / LAZ Parking — International Parking Management",
          "url": "https://www.lazparking.com/our-company/about/news/2024/04/05/laz-parking-purchases-seattle-based-international-parking-management-inc.-%28ipm%29",
          "type": "WEBSITE",
          "purpose": "OWNERSHIP_INVESTMENT",
          "evidenceLabel": "LAZ asset purchase, Seattle platform integration, formation history and transaction-date scale"
        },
        {
          "label": "PR Newswire — International Parking Management",
          "url": "https://www.prnewswire.com/news-releases/laz-parking-purchases-seattle-based-international-parking-management-inc-ipm-302108467.html",
          "type": "PRESS_RELEASE",
          "purpose": "OWNERSHIP_INVESTMENT",
          "evidenceLabel": "LAZ-issued April 4, 2024 transaction release, IPM identity and operating scale"
        },
        {
          "label": "Lazparking — LAZ Parking",
          "url": "https://www.lazparking.com/",
          "type": "WEBSITE",
          "purpose": "COMPANY_PROFILE",
          "evidenceLabel": "Current LAZ platform site and destination of the former IPM domain"
        },
        {
          "label": "International Parking Management — Former official site",
          "url": "https://ipmseattle.com/",
          "type": "WEBSITE",
          "purpose": "COMPANY_PROFILE",
          "evidenceLabel": "Former IPM domain now redirecting to LAZ's official site"
        },
        {
          "label": "Announcement date source — Argo Infrastructure Partners — LAZ Parking",
          "url": "https://www.lazparking.com/our-company/about/news/2022/01/03/laz-parking-announces-a-long-term-investment-from-argo-infrastructure-partners",
          "type": "PRESS_RELEASE",
          "purpose": "OWNERSHIP_INVESTMENT",
          "evidenceLabel": "Argo's direct long-term preferred investment in the LAZ platform"
        },
        {
          "label": "Argo Infrastructure Partners — News and insights",
          "url": "https://www.argoip.com/news-and-insights",
          "type": "WEBSITE",
          "purpose": "OWNERSHIP_INVESTMENT",
          "evidenceLabel": "Current LAZ portfolio-company status and IPM exit search"
        }
      ],
      "owners": [
        {
          "investmentFirm": "Argo Infrastructure Partners",
          "ownershipVehicle": "LAZ Parking",
          "vehicleName": "LAZ Parking",
          "investmentYear": 2024,
          "stake": "Indirect through LAZ Parking, which acquired IPM through an asset purchase; exact IPM and Argo percentages not publicly disclosed",
          "status": "Active",
          "transactionState": "CLOSED_ACTIVE"
        }
      ]
    },
    "retiredCompanies": [],
    "canonicalAfterImage": {
      "id": "cmrxpj79y00kjivhe9yw0rwid",
      "name": "International Parking Management",
      "aliases": [
        "International Parking Management, Inc.",
        "IPM",
        "Premier Parking"
      ],
      "sector": "TRANSPORTATION",
      "subsector": "Parking management",
      "region": "NORTH_AMERICA",
      "country": "United States",
      "countryTags": [
        "United States"
      ],
      "description": "International Parking Management, Inc. is a Seattle-based parking-services business founded in 1985 as Premier Parking. Mark and Tracy Sundberg purchased the company in 2006. LAZ Parking's April 2024 release described an asset purchase of IPM that added 14,000 spaces to the LAZ family and combined the businesses' Seattle operations; IPM had 74 employees and $40 million in managed revenue at announcement. The exact legal closing date, transaction percentage and retained seller interest were not publicly disclosed. IPM's former domain now redirects to LAZ's official site. Argo Infrastructure Partners' directly evidenced manager-level investment is LAZ, not a separate direct position in IPM. International Parking Management is therefore archived from the standalone manager-level PortCo census as an active acquired operation beneath LAZ, with no legal merge, Argo exit or signed pending ownership transaction identified through August 16, 2026.",
      "companyStatus": "ACTIVE",
      "recordStatus": "ARCHIVED",
      "website": "https://ipmseattle.com/",
      "yearFounded": 1985,
      "headquarters": "Seattle, Washington",
      "lastVerifiedAt": "2026-08-16T00:00:00.000Z",
      "ownershipPeriods": [
        {
          "id": "cmrxpjsbq01hhivher11o859x",
          "managerName": "Argo Infrastructure Partners",
          "organizationName": "Argo Infrastructure Partners",
          "fundName": null,
          "vehicleName": "LAZ Parking",
          "stake": "Indirect through LAZ Parking, which acquired IPM through an asset purchase; exact IPM and Argo percentages not publicly disclosed",
          "investmentYear": 2024,
          "exitYear": null,
          "isActive": true,
          "transactionState": "CLOSED_ACTIVE"
        }
      ],
      "pendingOwnershipTransactions": [],
      "milestones": [
        {
          "id": "cmrxpkpcu02spivhemzvx22h3",
          "date": "1985",
          "event": "Joan and Steve Sundberg founded the business as Premier Parking, an off-airport parking company in the Seattle market.",
          "category": "FOUNDING",
          "sortDate": "1985-01-01T00:00:00.000Z",
          "evidenceUrls": [
            "https://www.lazparking.com/our-company/about/news/2024/04/05/laz-parking-purchases-seattle-based-international-parking-management-inc.-%28ipm%29",
            "https://www.prnewswire.com/news-releases/laz-parking-purchases-seattle-based-international-parking-management-inc-ipm-302108467.html"
          ]
        },
        {
          "id": "cmrxpkpdb02sqivhelrlcs4jf",
          "date": "2006",
          "event": "Mark and Tracy Sundberg purchased International Parking Management from the founding family.",
          "category": "ACQUISITION",
          "sortDate": "2006-01-01T00:00:00.000Z",
          "evidenceUrls": [
            "https://www.lazparking.com/our-company/about/news/2024/04/05/laz-parking-purchases-seattle-based-international-parking-management-inc.-%28ipm%29",
            "https://www.prnewswire.com/news-releases/laz-parking-purchases-seattle-based-international-parking-management-inc-ipm-302108467.html"
          ]
        },
        {
          "id": "cmrxpkpdv02srivhebcoqgx49",
          "date": "Apr 4–5, 2024",
          "event": "LAZ Parking announced an asset purchase of IPM that added 14,000 spaces to its Seattle footprint; the exact legal closing date and transaction percentage were not publicly disclosed.",
          "category": "ACQUISITION",
          "sortDate": "2024-04-04T04:00:00.000Z",
          "evidenceUrls": [
            "https://www.lazparking.com/our-company/about/news/2024/04/05/laz-parking-purchases-seattle-based-international-parking-management-inc.-%28ipm%29",
            "https://www.prnewswire.com/news-releases/laz-parking-purchases-seattle-based-international-parking-management-inc-ipm-302108467.html"
          ]
        }
      ],
      "managementRoles": [],
      "citations": [
        {
          "id": "cmrxpp67i07riivhejc0djjt5",
          "label": "Close date source — Argo Infrastructure Partners / LAZ Parking — International Parking Management",
          "url": "https://www.lazparking.com/our-company/about/news/2024/04/05/laz-parking-purchases-seattle-based-international-parking-management-inc.-%28ipm%29",
          "sourceType": "WEBSITE",
          "purpose": "OWNERSHIP_INVESTMENT",
          "evidenceLabel": "LAZ asset purchase, Seattle platform integration, formation history and transaction-date scale",
          "isPrimary": true
        },
        {
          "id": "cmrxpp68q07rkivhe15qlue5h",
          "label": "PR Newswire — International Parking Management",
          "url": "https://www.prnewswire.com/news-releases/laz-parking-purchases-seattle-based-international-parking-management-inc-ipm-302108467.html",
          "sourceType": "PRESS_RELEASE",
          "purpose": "OWNERSHIP_INVESTMENT",
          "evidenceLabel": "LAZ-issued April 4, 2024 transaction release, IPM identity and operating scale",
          "isPrimary": false
        },
        {
          "id": "cmrxpp69a07rlivhezcjyo19s",
          "label": "Lazparking — LAZ Parking",
          "url": "https://www.lazparking.com/",
          "sourceType": "WEBSITE",
          "purpose": "COMPANY_PROFILE",
          "evidenceLabel": "Current LAZ platform site and destination of the former IPM domain",
          "isPrimary": false
        },
        {
          "id": null,
          "label": "International Parking Management — Former official site",
          "url": "https://ipmseattle.com/",
          "sourceType": "WEBSITE",
          "purpose": "COMPANY_PROFILE",
          "evidenceLabel": "Former IPM domain now redirecting to LAZ's official site",
          "isPrimary": false
        },
        {
          "id": null,
          "label": "Announcement date source — Argo Infrastructure Partners — LAZ Parking",
          "url": "https://www.lazparking.com/our-company/about/news/2022/01/03/laz-parking-announces-a-long-term-investment-from-argo-infrastructure-partners",
          "sourceType": "PRESS_RELEASE",
          "purpose": "OWNERSHIP_INVESTMENT",
          "evidenceLabel": "Argo's direct long-term preferred investment in the LAZ platform",
          "isPrimary": false
        },
        {
          "id": null,
          "label": "Argo Infrastructure Partners — News and insights",
          "url": "https://www.argoip.com/news-and-insights",
          "sourceType": "WEBSITE",
          "purpose": "OWNERSHIP_INVESTMENT",
          "evidenceLabel": "Current LAZ portfolio-company status and IPM exit search",
          "isPrimary": false
        }
      ]
    }
  },
  "plan": {
    "companyName": "International Parking Management",
    "mutations": [
      {
        "kind": "CORRECT_COMPANY",
        "relationIds": [],
        "detail": "Apply approved changes to aliases, description, recordStatus, website, headquarters, lastVerifiedAt, ownershipPeriods, milestones, citations."
      }
    ],
    "changedFields": [
      "aliases",
      "citations",
      "description",
      "headquarters",
      "lastVerifiedAt",
      "milestones",
      "ownershipPeriods",
      "recordStatus",
      "website"
    ],
    "retiredCompanyIds": []
  }
}
