
> infra-tracker@1.0.0 portco:reconciliation:batch:apply
> npx tsx scripts/portco-reconciliation/batch-apply-cli.ts --batch-manifest=audits/portco-reconciliation/2026-08-23/batches/batch-0367-0372-v1/batch-manifest-v2.json --batch-sha256=35247ebc4df64caf16dbc2b71873436ef99d45782d54f845afd158395e222ea7 --seed-artifact=prisma/seed-data/approved-portco-after-images.json --apply --write-token=APPLY_APPROVED_PORTCO_BATCH --commit-receipt=tmp/portco-reconciliation/production/batch-commit-receipt.json --receipt=tmp/portco-reconciliation/production/batch-apply-receipt.json --public-base-url=https://infra-ma-2.vercel.app/Infra-MA2/

(node:3977) DeprecationWarning: Calling client.query() when the client is already executing a query is deprecated and will be removed in pg@9.0. Use async/await or an external async flow control mechanism instead.
(Use `node --trace-deprecation ...` to show where the warning was created)
{
  "mode": "BATCH_APPLIED",
  "receiptPath": "/home/runner/work/Infra-MA2/Infra-MA2/tmp/portco-reconciliation/production/batch-apply-receipt.json",
  "receipt": {
    "schemaVersion": 1,
    "artifactType": "PORTCO_APPLY_BATCH_RECEIPT",
    "runId": "portco-reconciliation-2026-08-03-v2",
    "batchId": "batch-0367-0372-v1",
    "batchSha256": "35247ebc4df64caf16dbc2b71873436ef99d45782d54f845afd158395e222ea7",
    "releaseSha": "e98a8c5be23448e51971e3b01294b764ec7d92aa",
    "databaseTargetFingerprint": "45836a2e3306aa27a98c47cded3087b545691ec737c22861a69c4ab202986929",
    "transactionId": "7016b126-ef27-4f11-847d-1d44980443a9",
    "appliedAt": "2026-09-01T19:22:50.967Z",
    "members": [
      {
        "kind": "MUTATION",
        "taskId": "ledger:0367:i-595-express-corridor-improvements-project:6895d500",
        "taskIndex": 367,
        "companyName": "I-595 Express Corridor Improvements Project",
        "receipt": {
          "schemaVersion": 1,
          "artifactType": "PORTCO_CHANGE_APPLY_RECEIPT",
          "runId": "portco-reconciliation-2026-08-03-v2",
          "taskId": "ledger:0367:i-595-express-corridor-improvements-project:6895d500",
          "taskIndex": 367,
          "companyName": "I-595 Express Corridor Improvements Project",
          "companyId": "cmtj20h9o00002h2bvrmv121y",
          "proposalSha256": "56686b06b6ed66dc3c8f23ea57b3ac3840fd486487dc06d92f7a405259214178",
          "approvalSha256": "6372a0a73c90aea645d903aea5b771f8df3071fbb60f8cba39b73f79ae8cc5b7",
          "productionSnapshotSha256": "0ba1daa9efcc084c42e20eeffe320a096c55db0624d33296c2c11fe453e13800",
          "beforeCompanySnapshotSha256": null,
          "appliedAfterImageSha256": "60f5993e0919ce35d3bb5501c14d2317c9c551e8f1303284b7b3818f20635271",
          "seedAfterImageSha256": "60f5993e0919ce35d3bb5501c14d2317c9c551e8f1303284b7b3818f20635271",
          "approvedSeedEntrySha256": "3271ffa31738fbdd15ef60e5f9671f1876e39a5e3e7f2a7101392220eaed789e",
          "databaseTargetFingerprint": "45836a2e3306aa27a98c47cded3087b545691ec737c22861a69c4ab202986929",
          "transactionId": "7016b126-ef27-4f11-847d-1d44980443a9",
          "auditEventId": "cmtj20kxa000j2h2bc9u02z6v",
          "appliedAt": "2026-09-01T19:22:50.967Z",
          "verification": {
            "databaseMatchesAfterImage": true,
            "seedMatchesAfterImage": true,
            "detailApiVerified": true
          },
          "receiptSha256": "72cab12cfa050b3dee78540d431b40e590df47bbec0d99af26af7da1c6bd5e58"
        }
      },
      {
        "kind": "MUTATION",
        "taskId": "ledger:0368:bruce-power:9c7e76e5",
        "taskIndex": 368,
        "companyName": "Bruce Power",
        "receipt": {
          "schemaVersion": 1,
          "artifactType": "PORTCO_CHANGE_APPLY_RECEIPT",
          "runId": "portco-reconciliation-2026-08-03-v2",
          "taskId": "ledger:0368:bruce-power:9c7e76e5",
          "taskIndex": 368,
          "companyName": "Bruce Power",
          "companyId": "cmrxpjm8e017oivhe1inhdhjr",
          "proposalSha256": "87a29530ea1883e69d5f5fb3961c6e9e2c1fc558fd77a35142cac43f4e41b6f3",
          "approvalSha256": "927bf9559242c8236bc4963e113280a2a497c279c9856d81a49f5bc8e33b3cb8",
          "productionSnapshotSha256": "03198c3d82de9da6a3e186073dfe0c8735f943d42c5aac736e5450f95d349db3",
          "beforeCompanySnapshotSha256": "359e362318ae290f2d68cf226b40df5388a2861af95563a360cfa11628985ea2",
          "appliedAfterImageSha256": "db7b8f5caf9223b20c2874abec5238de02530015d4f16c29bab41c051e21924f",
          "seedAfterImageSha256": "db7b8f5caf9223b20c2874abec5238de02530015d4f16c29bab41c051e21924f",
          "approvedSeedEntrySha256": "762caa750d473ced61eeec9639378cdf714e988ac8d8f6bcdafca2f90105bc94",
          "databaseTargetFingerprint": "45836a2e3306aa27a98c47cded3087b545691ec737c22861a69c4ab202986929",
          "transactionId": "7016b126-ef27-4f11-847d-1d44980443a9",
          "auditEventId": "cmtj20r0e00122h2bxy7a8cua",
          "appliedAt": "2026-09-01T19:22:50.967Z",
          "verification": {
            "databaseMatchesAfterImage": true,
            "seedMatchesAfterImage": true,
            "detailApiVerified": true
          },
          "receiptSha256": "5dd5834fd46608fff72df395c54e6cd678a960fbe16c5f3cee8b721e63110b7d"
        }
      },
      {
        "kind": "MUTATION",
        "taskId": "ledger:0370:leeward-renewable-energy:acc199f8",
        "taskIndex": 370,
        "companyName": "Leeward Renewable Energy",
        "receipt": {
          "schemaVersion": 1,
          "artifactType": "PORTCO_CHANGE_APPLY_RECEIPT",
          "runId": "portco-reconciliation-2026-08-03-v2",
          "taskId": "ledger:0370:leeward-renewable-energy:acc199f8",
          "taskIndex": 370,
          "companyName": "Leeward Renewable Energy",
          "companyId": "cmrxpjm8v017pivhepl8l8kkk",
          "proposalSha256": "e70e12855b8198b39398487ab377b0cb428ef2402f5dcc0ee8c9023308024576",
          "approvalSha256": "644ab45cc20751c5e55ccc4453b06cb0f9f58a88acc3a3de4d176118ff641fcf",
          "productionSnapshotSha256": "1c6f3f3705629ed643c12bbe9a7bcf9b28963d5e9fd0cbf4c1c0549bc9ebc392",
          "beforeCompanySnapshotSha256": "408c021898eadbc625a71301c5ccaa9de17adc6fa1d81a310d9b4863c4a082db",
          "appliedAfterImageSha256": "458011b25aaa8dc63c0cb29cfdbb748daa8f648f3102ca216a5068e7d57d5fb5",
          "seedAfterImageSha256": "458011b25aaa8dc63c0cb29cfdbb748daa8f648f3102ca216a5068e7d57d5fb5",
          "approvedSeedEntrySha256": "df102d14f0f9ce4f01e3325aa49452de7f2de22bf645269456c01190fb990bd7",
          "databaseTargetFingerprint": "45836a2e3306aa27a98c47cded3087b545691ec737c22861a69c4ab202986929",
          "transactionId": "7016b126-ef27-4f11-847d-1d44980443a9",
          "auditEventId": "cmtj20wr0001f2h2b07gqb7a4",
          "appliedAt": "2026-09-01T19:22:50.967Z",
          "verification": {
            "databaseMatchesAfterImage": true,
            "seedMatchesAfterImage": true,
            "detailApiVerified": true
          },
          "receiptSha256": "a9e532d671090c8a124c5adf129ddece37b58bf80fc19077afce210a382d6640"
        }
      },
      {
        "kind": "MUTATION",
        "taskId": "ledger:0371:navisun-llc:67b86252",
        "taskIndex": 371,
        "companyName": "Navisun LLC",
        "receipt": {
          "schemaVersion": 1,
          "artifactType": "PORTCO_CHANGE_APPLY_RECEIPT",
          "runId": "portco-reconciliation-2026-08-03-v2",
          "taskId": "ledger:0371:navisun-llc:67b86252",
          "taskIndex": 371,
          "companyName": "Navisun LLC",
          "companyId": "cmrxpjm9a017qivheb5o60hza",
          "proposalSha256": "1f28d2f738d6904f798297e9901709ae1ca6e4179ff157d7cf264e872f141c65",
          "approvalSha256": "c532fad2aea46d1ce9959f24e9f14930db421c01666a3abec75a7fdf69aba197",
          "productionSnapshotSha256": "adad3343786a288b8f559488799eedd61f86904b4df337db20f9c77cffea3fc7",
          "beforeCompanySnapshotSha256": "6d7a30e5c134559deb92cd57483a8db6c332ce0159568c2ec129007967e69656",
          "appliedAfterImageSha256": "d7425c7d62561568e1a3586711f750a26d6f987749349422eb12f0d5f5e43af1",
          "seedAfterImageSha256": "d7425c7d62561568e1a3586711f750a26d6f987749349422eb12f0d5f5e43af1",
          "approvedSeedEntrySha256": "caf49d06d2fcd7dd5c8da8dd1992ebefae721809d7a115581ca9e0fc22bf1d27",
          "databaseTargetFingerprint": "45836a2e3306aa27a98c47cded3087b545691ec737c22861a69c4ab202986929",
          "transactionId": "7016b126-ef27-4f11-847d-1d44980443a9",
          "auditEventId": "cmtj211o7001q2h2b5jmchb12",
          "appliedAt": "2026-09-01T19:22:50.967Z",
          "verification": {
            "databaseMatchesAfterImage": true,
            "seedMatchesAfterImage": true,
            "detailApiVerified": true
          },
          "receiptSha256": "3b91e1b222d34def2a73d5e514ca462233ae8800ded23b6622f0bcf5412e27a0"
        }
      },
      {
        "kind": "MUTATION",
        "taskId": "ledger:0372:northstar-new-jersey-lottery-group:968abd3a",
        "taskIndex": 372,
        "companyName": "Northstar New Jersey Lottery Group",
        "receipt": {
          "schemaVersion": 1,
          "artifactType": "PORTCO_CHANGE_APPLY_RECEIPT",
          "runId": "portco-reconciliation-2026-08-03-v2",
          "taskId": "ledger:0372:northstar-new-jersey-lottery-group:968abd3a",
          "taskIndex": 372,
          "companyName": "Northstar New Jersey Lottery Group",
          "companyId": "cmrxpjm9w017rivhehloswadj",
          "proposalSha256": "aae04bf947ffdd32bd80ea2e34039c2876ace083332e4a4118f4f2e66e9d4301",
          "approvalSha256": "3afd37960cd0e6926a205bf0437793917f928cadf1d394d71d6d1adb21f1181c",
          "productionSnapshotSha256": "862026ec65a35dded4726e5cb49596f85364a71a2bceec083b87d30fc13d82b7",
          "beforeCompanySnapshotSha256": "d6bdadc3596c611b3c83d34d30fc22147a48a48d6efd3765274434df6192419c",
          "appliedAfterImageSha256": "f09289c4e3a4ebe3449f4b7d805c3f15cd2b6335a4e8ef668c9d4da234363582",
          "seedAfterImageSha256": "f09289c4e3a4ebe3449f4b7d805c3f15cd2b6335a4e8ef668c9d4da234363582",
          "approvedSeedEntrySha256": "9df9f4e3af78b4ef0ba128318e6d794f21ca89757832b2cc85499aacfb989594",
          "databaseTargetFingerprint": "45836a2e3306aa27a98c47cded3087b545691ec737c22861a69c4ab202986929",
          "transactionId": "7016b126-ef27-4f11-847d-1d44980443a9",
          "auditEventId": "cmtj217ip00272h2ban1p19n5",
          "appliedAt": "2026-09-01T19:22:50.967Z",
          "verification": {
            "databaseMatchesAfterImage": true,
            "seedMatchesAfterImage": true,
            "detailApiVerified": true
          },
          "receiptSha256": "ba3a0658052a01c31c254df3ab62582969c9a60f2fb3ee40c95445a1eb181ef7"
        }
      }
    ],
    "verification": {
      "databaseTransactionCommitted": true,
      "seedArtifactVerified": true,
      "allDetailApisVerified": true,
      "partialDatabaseApplication": false
    },
    "receiptSha256": "1ae4e29eb22eb4a0f36d8de2a6e04b88c0fd43ac93280e12d4dd274ae0a49363"
  }
}
