
> infra-tracker@1.0.0 portco:reconciliation:batch:apply
> npx tsx scripts/portco-reconciliation/batch-apply-cli.ts --batch-manifest=audits/portco-reconciliation/2026-08-23/batches/batch-0172-0176-v7/batch-manifest.json --batch-sha256=295c4d3a6ff732c3fd598c64f4bfa8e107f65c0d66b6ae0febda40c9d9bce9aa --seed-artifact=prisma/seed-data/approved-portco-after-images.json --apply --write-token=APPLY_APPROVED_PORTCO_BATCH --commit-receipt=tmp/portco-reconciliation/production/batch-commit-receipt.json --receipt=tmp/portco-reconciliation/production/batch-apply-receipt.json --public-base-url=https://infra-ma-2.vercel.app/Infra-MA2/

(node:4007) DeprecationWarning: Calling client.query() when the client is already executing a query is deprecated and will be removed in pg@9.0. Use async/await or an external async flow control mechanism instead.
(Use `node --trace-deprecation ...` to show where the warning was created)
{
  "mode": "BATCH_APPLIED",
  "receiptPath": "/home/runner/work/Infra-MA2/Infra-MA2/tmp/portco-reconciliation/production/batch-apply-receipt.json",
  "receipt": {
    "schemaVersion": 1,
    "artifactType": "PORTCO_APPLY_BATCH_RECEIPT",
    "runId": "portco-reconciliation-2026-08-03-v2",
    "batchId": "batch-0172-0176-v7",
    "batchSha256": "295c4d3a6ff732c3fd598c64f4bfa8e107f65c0d66b6ae0febda40c9d9bce9aa",
    "releaseSha": "1a48e41950baf93dd245e6143c3ca2a931620f9d",
    "databaseTargetFingerprint": "45836a2e3306aa27a98c47cded3087b545691ec737c22861a69c4ab202986929",
    "transactionId": "e54312fc-d5b7-4d07-b81b-d00a4b704be1",
    "appliedAt": "2026-08-23T20:28:59.240Z",
    "members": [
      {
        "kind": "MUTATION",
        "taskId": "ledger:0172:renewa:4e75f8f4",
        "taskIndex": 172,
        "companyName": "Renewa",
        "receipt": {
          "schemaVersion": 1,
          "artifactType": "PORTCO_CHANGE_APPLY_RECEIPT",
          "runId": "portco-reconciliation-2026-08-03-v2",
          "taskId": "ledger:0172:renewa:4e75f8f4",
          "taskIndex": 172,
          "companyName": "Renewa",
          "companyId": "cmrxpjbnh00rcivheoc17wxk3",
          "proposalSha256": "a8eba7356567d71d0dee1628e84cd909ecd42e0483cb836ab7fa392613e8f98c",
          "approvalSha256": "c61778762a6235767ba184f12bd7ce484dfaa4f76badf44f66a8206cde5027cb",
          "productionSnapshotSha256": "0943d73eb149f289f276cf9735a675464263ca543934b99df5844df144472d3f",
          "beforeCompanySnapshotSha256": "46a3f5588ce11d9bf41b70db9ece8857da30d02d2d7f6f85b4f4443b0ad1e670",
          "appliedAfterImageSha256": "a507ca646e379be8a1f79be68cf5d3ff17fcab0e1032ed65e61cd08566044cc1",
          "seedAfterImageSha256": "a507ca646e379be8a1f79be68cf5d3ff17fcab0e1032ed65e61cd08566044cc1",
          "approvedSeedEntrySha256": "c0e343f222bf1379a77a7233adb2d1895e5cc8622d8d3346d780fc09ea8cb0ac",
          "databaseTargetFingerprint": "45836a2e3306aa27a98c47cded3087b545691ec737c22861a69c4ab202986929",
          "transactionId": "e54312fc-d5b7-4d07-b81b-d00a4b704be1",
          "auditEventId": "cmt69fk4h000a3byytaoaol0k",
          "appliedAt": "2026-08-23T20:28:59.240Z",
          "verification": {
            "databaseMatchesAfterImage": true,
            "seedMatchesAfterImage": true,
            "detailApiVerified": true
          },
          "receiptSha256": "1fbb5207e5c6312abb6d4f669da5d2fc6b16ed94fce74753d549f720ac98c1aa"
        }
      },
      {
        "kind": "MUTATION",
        "taskId": "ledger:0173:tramcite:9155b156",
        "taskIndex": 173,
        "companyName": "TramCité",
        "receipt": {
          "schemaVersion": 1,
          "artifactType": "PORTCO_CHANGE_APPLY_RECEIPT",
          "runId": "portco-reconciliation-2026-08-03-v2",
          "taskId": "ledger:0173:tramcite:9155b156",
          "taskIndex": 173,
          "companyName": "TramCité",
          "companyId": "cmrxpjbq800rhivhed5w05kc5",
          "proposalSha256": "eeb9c0a70acb9cf69c491f0ba4aed401c08d967ae9aa3e199471dde17bb9c559",
          "approvalSha256": "0bc5d77bd55b4d2aebb042bbe3621ea0fd75278f99fac86cfab926ab34709a8c",
          "productionSnapshotSha256": "4f7dd0dfdae6f10e5f0c9157f290546b013e6fb18fab582199788a04e2b41f53",
          "beforeCompanySnapshotSha256": "8f47362cfdfb462ab6b2c86c9d667d24ff527619c195d87b9cc443c8f2245d41",
          "appliedAfterImageSha256": "40ee44b70ea15f02da08a7cb3a299569431de4f24a863948a566d0e952c5631e",
          "seedAfterImageSha256": "40ee44b70ea15f02da08a7cb3a299569431de4f24a863948a566d0e952c5631e",
          "approvedSeedEntrySha256": "56be0dc7f7bf6bb7b2ef318596e237df4a1bbd598acd85930b2a7124e8e88519",
          "databaseTargetFingerprint": "45836a2e3306aa27a98c47cded3087b545691ec737c22861a69c4ab202986929",
          "transactionId": "e54312fc-d5b7-4d07-b81b-d00a4b704be1",
          "auditEventId": "cmt69fkdw000i3byyw6nsv8ft",
          "appliedAt": "2026-08-23T20:28:59.240Z",
          "verification": {
            "databaseMatchesAfterImage": true,
            "seedMatchesAfterImage": true,
            "detailApiVerified": true
          },
          "receiptSha256": "b3076822690271bfe646cc023feb25fc27f6ca8cee4262792c6c0013a842951c"
        }
      },
      {
        "kind": "MUTATION",
        "taskId": "ledger:0174:vertical-bridge:62c32643",
        "taskIndex": 174,
        "companyName": "Vertical Bridge",
        "receipt": {
          "schemaVersion": 1,
          "artifactType": "PORTCO_CHANGE_APPLY_RECEIPT",
          "runId": "portco-reconciliation-2026-08-03-v2",
          "taskId": "ledger:0174:vertical-bridge:62c32643",
          "taskIndex": 174,
          "companyName": "Vertical Bridge",
          "companyId": "cmrxpjbqt00riivhe4i0hbeof",
          "proposalSha256": "bc688cd1e0bb26680bfbf87419d4471f808966c06fa239f7cb4b634cfb850e4a",
          "approvalSha256": "afd456f46b93b1c760e0172ef72b483122c9eada622e30158f484faf832be6d1",
          "productionSnapshotSha256": "c455459513c787db2518a7b681a66bb915aad72e3b2e75bd068ffe4f353bc05f",
          "beforeCompanySnapshotSha256": "71abd7662f0c4cf4541b4c2e2a23b0c844d0d80fd79d1b6045f5a21c9ad24db3",
          "appliedAfterImageSha256": "eaea573a402a045e0cf81c7404136ebccf001f1b4ad2f689aa01daf38aa64d35",
          "seedAfterImageSha256": "eaea573a402a045e0cf81c7404136ebccf001f1b4ad2f689aa01daf38aa64d35",
          "approvedSeedEntrySha256": "25d7e52a3c8b632d0f65bed9045fb0635f64120ecce8e15eefcab409179f30ba",
          "databaseTargetFingerprint": "45836a2e3306aa27a98c47cded3087b545691ec737c22861a69c4ab202986929",
          "transactionId": "e54312fc-d5b7-4d07-b81b-d00a4b704be1",
          "auditEventId": "cmt69fkqb000r3byy06j5mrw0",
          "appliedAt": "2026-08-23T20:28:59.240Z",
          "verification": {
            "databaseMatchesAfterImage": true,
            "seedMatchesAfterImage": true,
            "detailApiVerified": true
          },
          "receiptSha256": "475207db1cc2c4971f34480147de460872685ac905eb11b5fff66bc488ec5156"
        }
      },
      {
        "kind": "MUTATION",
        "taskId": "ledger:0175:400-paul-avenue-data-center:e79f51df",
        "taskIndex": 175,
        "companyName": "400 Paul Avenue Data Center",
        "receipt": {
          "schemaVersion": 1,
          "artifactType": "PORTCO_CHANGE_APPLY_RECEIPT",
          "runId": "portco-reconciliation-2026-08-03-v2",
          "taskId": "ledger:0175:400-paul-avenue-data-center:e79f51df",
          "taskIndex": 175,
          "companyName": "400 Paul Avenue Data Center",
          "companyId": "cmrxpjbtk00rnivhe9ciub2bp",
          "proposalSha256": "84566e837adbddd538b1311aa834b3575c6f281b644a5e393ba35fa159abdedb",
          "approvalSha256": "fc61b5393b66e12590ee41a86f22bf9c48bfa11c588a48609be6e6eff0c04ba5",
          "productionSnapshotSha256": "e6252aebe87304890b760769a2726b9b1b2756448580ae06e3d65c666dbfa173",
          "beforeCompanySnapshotSha256": "e6dabfc626415515cd22e4db51ebe351cf3d2a6d6b8bddd110f26f0ce874b410",
          "appliedAfterImageSha256": "219a83ff939370c467df67271fa9dd0249ad78d778ce0ce6a2ca49c31e92f092",
          "seedAfterImageSha256": "219a83ff939370c467df67271fa9dd0249ad78d778ce0ce6a2ca49c31e92f092",
          "approvedSeedEntrySha256": "0d3b449453ebaa8f61cb445b49498279dd3bf07abb445295c2728a53499ce3bd",
          "databaseTargetFingerprint": "45836a2e3306aa27a98c47cded3087b545691ec737c22861a69c4ab202986929",
          "transactionId": "e54312fc-d5b7-4d07-b81b-d00a4b704be1",
          "auditEventId": "cmt69fl7u00123byytdpv4q04",
          "appliedAt": "2026-08-23T20:28:59.240Z",
          "verification": {
            "databaseMatchesAfterImage": true,
            "seedMatchesAfterImage": true,
            "detailApiVerified": true
          },
          "receiptSha256": "3347f5eaa127a241dc4818a33fc287b24eadfaa4c915db9ce8ff806a0cc4087a"
        }
      },
      {
        "kind": "MUTATION",
        "taskId": "ledger:0176:bolder-industries:57e25d60",
        "taskIndex": 176,
        "companyName": "Bolder Industries",
        "receipt": {
          "schemaVersion": 1,
          "artifactType": "PORTCO_CHANGE_APPLY_RECEIPT",
          "runId": "portco-reconciliation-2026-08-03-v2",
          "taskId": "ledger:0176:bolder-industries:57e25d60",
          "taskIndex": 176,
          "companyName": "Bolder Industries",
          "companyId": "cmrxpjbsf00rlivhe8c3xqhxg",
          "proposalSha256": "0b4325ef67981cc6ec599fca9c697ead8b5ac9ee48987a6d9973a4cd695ea996",
          "approvalSha256": "312d2f4d1613723bd2366181804b12b4c7fb4928bb55ed35bba8a7e7a2d780dc",
          "productionSnapshotSha256": "b2e52b61ffd5605fa2ab337b5a0b4d1fc0081e36298ff4550da99536b8b9cd43",
          "beforeCompanySnapshotSha256": "c9328567fd73537ddbe96a03cc157c5597c5aff4b91a6dde36be35a45c07e09d",
          "appliedAfterImageSha256": "ac37ad04f43c13fedbbedcf819f934590ab19cb2d2370a59a34472a38cabcea6",
          "seedAfterImageSha256": "ac37ad04f43c13fedbbedcf819f934590ab19cb2d2370a59a34472a38cabcea6",
          "approvedSeedEntrySha256": "61806517669e32affd7f13f8491e15d39950748af1d149b4f75fa4db114d0501",
          "databaseTargetFingerprint": "45836a2e3306aa27a98c47cded3087b545691ec737c22861a69c4ab202986929",
          "transactionId": "e54312fc-d5b7-4d07-b81b-d00a4b704be1",
          "auditEventId": "cmt69flk0001a3byyz1hmjb35",
          "appliedAt": "2026-08-23T20:28:59.240Z",
          "verification": {
            "databaseMatchesAfterImage": true,
            "seedMatchesAfterImage": true,
            "detailApiVerified": true
          },
          "receiptSha256": "392e0511dbd3f1d84e8e735f3b1f16561dee276ea10965ce7c76273249f35d74"
        }
      }
    ],
    "verification": {
      "databaseTransactionCommitted": true,
      "seedArtifactVerified": true,
      "allDetailApisVerified": true,
      "partialDatabaseApplication": false
    },
    "receiptSha256": "faf4b89733081f5854e7dd8bbd0f98d9f6a2637ac097f356348aaf558e5b4133"
  }
}
