
> infra-tracker@1.0.0 portco:reconciliation:apply
> npx tsx scripts/portco-reconciliation/apply-cli.ts --proposal=audits/portco-reconciliation/2026-08-03/proposals/0072-infinigen-renewables-v1/proposal.json --approval=audits/portco-reconciliation/2026-08-03/approvals/0072-infinigen-renewables-v1.json --production-snapshot=audits/portco-reconciliation/2026-08-03/execution-v1/tasks/0072-infinigen-renewables/attempt-1/locked-production-snapshot.json --proposal-sha256=0152a61370697336f6867cb2e073e1974898529e5cd1db3b9983b39922d73531 --approval-sha256=5f61493274dd26fc0f42215df5a662c3a45777f0dbb1e97ef53b8d4cc95243cc --snapshot-sha256=70eaff2a53b62c1f1e2f0821dc3a607d4a1445450de72285e52b65e75a2e05f0 --seed-artifact=prisma/seed-data/approved-portco-after-images.json --apply --write-token=APPLY_APPROVED_PORTCO_CHANGE --receipt=tmp/portco-reconciliation/production/apply-receipt.json --public-base-url=https://infra-ma-2.vercel.app/Infra-MA2/

(node:3015) DeprecationWarning: Calling client.query() when the client is already executing a query is deprecated and will be removed in pg@9.0. Use async/await or an external async flow control mechanism instead.
(Use `node --trace-deprecation ...` to show where the warning was created)
{
  "mode": "APPLIED",
  "receiptPath": "/home/runner/work/Infra-MA2/Infra-MA2/tmp/portco-reconciliation/production/apply-receipt.json",
  "receipt": {
    "schemaVersion": 1,
    "artifactType": "PORTCO_CHANGE_APPLY_RECEIPT",
    "runId": "portco-reconciliation-2026-08-03-v2",
    "taskId": "ledger:0072:infinigen-renewables:07524184",
    "taskIndex": 72,
    "companyName": "Infinigen Renewables",
    "companyId": "cmrxpj6do00j5ivhewj38gcr5",
    "proposalSha256": "0152a61370697336f6867cb2e073e1974898529e5cd1db3b9983b39922d73531",
    "approvalSha256": "5f61493274dd26fc0f42215df5a662c3a45777f0dbb1e97ef53b8d4cc95243cc",
    "productionSnapshotSha256": "70eaff2a53b62c1f1e2f0821dc3a607d4a1445450de72285e52b65e75a2e05f0",
    "beforeCompanySnapshotSha256": "75cb439ce97e791190ee6e299e1de98e1bda1a30366366cbaae4e92a570eb221",
    "appliedAfterImageSha256": "d01d8229c29ee533c93613c7ad743fcb497284bffdd51d7cb63598dd209e1ad8",
    "seedAfterImageSha256": "d01d8229c29ee533c93613c7ad743fcb497284bffdd51d7cb63598dd209e1ad8",
    "approvedSeedEntrySha256": "0a3ef6b91f215a982c0dd58db9646146d0d4c9e1aea6c9c837120a0bd898551d",
    "databaseTargetFingerprint": "45836a2e3306aa27a98c47cded3087b545691ec737c22861a69c4ab202986929",
    "transactionId": "9af07cfc-d400-4443-aa6e-7e6eff0b5415",
    "auditEventId": "cmsr8hlnv0005br4sqnqubgve",
    "appliedAt": "2026-08-13T08:06:01.793Z",
    "verification": {
      "databaseMatchesAfterImage": true,
      "seedMatchesAfterImage": true,
      "detailApiVerified": true
    },
    "receiptSha256": "45471f29a8ec25d13044702b6eaee2e5f0f4dce12338e6fb38bcf11de1424340"
  }
}
