
> infra-tracker@1.0.0 portco:reconciliation:batch:apply
> npx tsx scripts/portco-reconciliation/batch-apply-cli.ts --batch-manifest=audits/portco-reconciliation/2026-08-23/batches/batch-0177-0181-v4/batch-manifest.json --batch-sha256=cb393971487d4f73f23d1288937f39314a65b98fce32bb2a0ccf9c557a5c4b6a

(node:3607) DeprecationWarning: Calling client.query() when the client is already executing a query is deprecated and will be removed in pg@9.0. Use async/await or an external async flow control mechanism instead.
(Use `node --trace-deprecation ...` to show where the warning was created)
{
  "mode": "BATCH_DRY_RUN",
  "batchId": "batch-0177-0181-v4",
  "batchSha256": "cb393971487d4f73f23d1288937f39314a65b98fce32bb2a0ccf9c557a5c4b6a",
  "databaseWrites": false,
  "seedWrites": false,
  "plans": [
    {
      "companyName": "IENTC Telecomunicaciones",
      "mutations": [
        {
          "kind": "CREATE_COMPANY",
          "relationIds": [],
          "detail": "Create the approved canonical company and all approved relations."
        }
      ],
      "changedFields": [
        "company"
      ],
      "retiredCompanyIds": []
    },
    {
      "companyName": "SolarBank Joint Venture (New HoldCo)",
      "mutations": [
        {
          "kind": "CORRECT_COMPANY",
          "relationIds": [],
          "detail": "Apply approved changes to aliases, subsector, description, recordStatus, yearFounded, headquarters, lastVerifiedAt, milestones, citations."
        },
        {
          "kind": "RETRACT_ERRONEOUS_OWNERSHIP",
          "relationIds": [
            "cmrxpjx9u01pkivhe147oyjj9"
          ],
          "detail": "Retract 1 proven erroneous ownership period(s); revision history preserves the prior claim."
        },
        {
          "kind": "REALIZE_COMPANY",
          "relationIds": [],
          "detail": "Mark the company realized after all active ownership has ended."
        }
      ],
      "changedFields": [
        "aliases",
        "citations",
        "companyStatus",
        "description",
        "headquarters",
        "lastVerifiedAt",
        "milestones",
        "ownershipPeriods",
        "recordStatus",
        "subsector",
        "yearFounded"
      ],
      "retiredCompanyIds": []
    },
    {
      "companyName": "Permanent Power Company",
      "mutations": [
        {
          "kind": "CORRECT_COMPANY",
          "relationIds": [],
          "detail": "Apply approved changes to name, aliases, subsector, description, website, headquarters, lastVerifiedAt, ownershipPeriods, milestones, citations."
        },
        {
          "kind": "ADD_OWNER",
          "relationIds": [],
          "detail": "Add 1 approved ownership period(s)."
        },
        {
          "kind": "RETIRE_OWNERSHIP",
          "relationIds": [
            "cmrxpjxbg01pnivhe6uy36dxh"
          ],
          "detail": "Retire 1 ownership period(s) without deleting history."
        },
        {
          "kind": "MERGE_COMPANIES",
          "relationIds": [
            "cmrxpjbws00rtivhebkd663iz"
          ],
          "detail": "merge 1 production duplicate(s)"
        }
      ],
      "changedFields": [
        "aliases",
        "citations",
        "description",
        "headquarters",
        "lastVerifiedAt",
        "milestones",
        "name",
        "ownershipPeriods",
        "redirects",
        "subsector",
        "website"
      ],
      "retiredCompanyIds": [
        "cmrxpjbws00rtivhebkd663iz"
      ]
    }
  ]
}
