
> infra-tracker@1.0.0 portco:reconciliation:batch:apply
> npx tsx scripts/portco-reconciliation/batch-apply-cli.ts --batch-manifest=audits/portco-reconciliation/2026-08-23/batches/batch-deferred-0042-0076-v1/batch-manifest.json --batch-sha256=f88ab0c497384b1201f4f227e9aa6e57513d7882fb550fd0089b6c7c2a880698

(node:3484) DeprecationWarning: Calling client.query() when the client is already executing a query is deprecated and will be removed in pg@9.0. Use async/await or an external async flow control mechanism instead.
(Use `node --trace-deprecation ...` to show where the warning was created)
{
  "mode": "BATCH_DRY_RUN",
  "batchId": "batch-deferred-0042-0076-v1",
  "batchSha256": "f88ab0c497384b1201f4f227e9aa6e57513d7882fb550fd0089b6c7c2a880698",
  "databaseWrites": false,
  "seedWrites": false,
  "plans": [
    {
      "companyName": "SiFi Networks (ArcLink Fiber)",
      "mutations": [
        {
          "kind": "CORRECT_COMPANY",
          "relationIds": [],
          "detail": "Apply approved changes to name, aliases, description, website, lastVerifiedAt, milestones, citations."
        }
      ],
      "changedFields": [
        "aliases",
        "citations",
        "description",
        "lastVerifiedAt",
        "milestones",
        "name",
        "website"
      ],
      "retiredCompanyIds": []
    }
  ]
}
