
> infra-tracker@1.0.0 portco:reconciliation:batch:apply
> npx tsx scripts/portco-reconciliation/batch-apply-cli.ts --batch-manifest=audits/portco-reconciliation/2026-08-23/batches/batch-0279-0280-v1/batch-manifest.json --batch-sha256=aa0103f8a57bdbf222e3ff6de5eb2beaf2e9bee5c5a2e659de258df2ed820485

(node:3104) DeprecationWarning: Calling client.query() when the client is already executing a query is deprecated and will be removed in pg@9.0. Use async/await or an external async flow control mechanism instead.
(Use `node --trace-deprecation ...` to show where the warning was created)
{
  "mode": "BATCH_DRY_RUN",
  "batchId": "batch-0279-0280-v1",
  "batchSha256": "aa0103f8a57bdbf222e3ff6de5eb2beaf2e9bee5c5a2e659de258df2ed820485",
  "databaseWrites": false,
  "seedWrites": false,
  "plans": [
    {
      "companyName": "Harrison Street–1547 Data Center & Connectivity Platform",
      "mutations": [
        {
          "kind": "CORRECT_COMPANY",
          "relationIds": [],
          "detail": "Apply approved changes to aliases, description, milestones, citations."
        },
        {
          "kind": "MERGE_COMPANIES",
          "relationIds": [
            "cmrxpjhqr010nivhe7nzdhd12"
          ],
          "detail": "merge 1 production duplicate(s)"
        }
      ],
      "changedFields": [
        "aliases",
        "citations",
        "description",
        "milestones",
        "redirects"
      ],
      "retiredCompanyIds": [
        "cmrxpjhqr010nivhe7nzdhd12"
      ]
    }
  ]
}
