
> infra-tracker@1.0.0 portco:reconciliation:apply
> npx tsx scripts/portco-reconciliation/apply-cli.ts --proposal=audits/portco-reconciliation/2026-08-03/proposals/0118-montreal-gateway-terminals-v2/proposal.json --approval=audits/portco-reconciliation/2026-08-03/approvals/0118-montreal-gateway-terminals-v2.json --production-snapshot=audits/portco-reconciliation/2026-08-03/execution-v1/tasks/0118-montreal-gateway-terminals/attempt-2/locked-production-snapshot.json --proposal-sha256=6ef574ec19376948604617b46d84e157a2f523b81fbd9a1121c023d86faf0c17 --approval-sha256=c293eefcb923d6c744531aa911e41011ed1448689f8097352ae97d27b319f2be --snapshot-sha256=ed1178a223ee47f3a44043fe920840bb900970ad906e4239967a009183c38016 --seed-artifact=prisma/seed-data/approved-portco-after-images.json --apply --write-token=APPLY_APPROVED_PORTCO_CHANGE --receipt=tmp/portco-reconciliation/production/apply-receipt.json --public-base-url=https://infra-ma-2.vercel.app/Infra-MA2/

(node:3089) DeprecationWarning: Calling client.query() when the client is already executing a query is deprecated and will be removed in pg@9.0. Use async/await or an external async flow control mechanism instead.
(Use `node --trace-deprecation ...` to show where the warning was created)
{
  "mode": "APPLIED",
  "receiptPath": "/home/runner/work/Infra-MA2/Infra-MA2/tmp/portco-reconciliation/production/apply-receipt.json",
  "receipt": {
    "schemaVersion": 1,
    "artifactType": "PORTCO_CHANGE_APPLY_RECEIPT",
    "runId": "portco-reconciliation-2026-08-03-v2",
    "taskId": "ledger:0118:montreal-gateway-terminals:bc474932",
    "taskIndex": 118,
    "companyName": "Montreal Gateway Terminals",
    "companyId": "cmsz53i1l0000dt6h9gk6sej6",
    "proposalSha256": "6ef574ec19376948604617b46d84e157a2f523b81fbd9a1121c023d86faf0c17",
    "approvalSha256": "c293eefcb923d6c744531aa911e41011ed1448689f8097352ae97d27b319f2be",
    "productionSnapshotSha256": "ed1178a223ee47f3a44043fe920840bb900970ad906e4239967a009183c38016",
    "beforeCompanySnapshotSha256": null,
    "appliedAfterImageSha256": "db91422994a19c182bb6a89fb1b73ce479b41fafac57c77f7b323e1a7cc5a2b0",
    "seedAfterImageSha256": "db91422994a19c182bb6a89fb1b73ce479b41fafac57c77f7b323e1a7cc5a2b0",
    "approvedSeedEntrySha256": "e807491f08c1abbda947ac148db8df4e2f975825655178d05e11bfe193f8cd2b",
    "databaseTargetFingerprint": "45836a2e3306aa27a98c47cded3087b545691ec737c22861a69c4ab202986929",
    "transactionId": "7dfa9913-0df3-47eb-a1af-04a9fffa7317",
    "auditEventId": "cmsz53m7g000ndt6htzt0xpi9",
    "appliedAt": "2026-08-18T20:53:19.866Z",
    "verification": {
      "databaseMatchesAfterImage": true,
      "seedMatchesAfterImage": true,
      "detailApiVerified": true
    },
    "receiptSha256": "a43b99d3cb4682bc3dfe593fad2085557f23d84b8a2710fbcdeb46b621ab4e37"
  }
}
