
> infra-tracker@1.0.0 portco:reconciliation:apply
> npx tsx scripts/portco-reconciliation/apply-cli.ts --proposal=audits/portco-reconciliation/2026-08-03/proposals/0024-iowa-rng-v2/proposal.json --approval=audits/portco-reconciliation/2026-08-03/approvals/0024-iowa-rng-v2.json --production-snapshot=audits/portco-reconciliation/2026-08-03/execution-v1/tasks/0024-iowa-rng/attempt-2/production-snapshot.json --proposal-sha256=97b76b337989e4f1ff57fb46d40afa145dab11dc47639af6f871416831ef6178 --approval-sha256=a6d75e5fbb542742ecbea790f0f2a4f3f93d05b6a815905b63e76b6fff71062c --snapshot-sha256=2af5e4db39b88a460a516e42493ca606612ac2e514f8bdfa7b5c81123044b0d5

(node:2848) DeprecationWarning: Calling client.query() when the client is already executing a query is deprecated and will be removed in pg@9.0. Use async/await or an external async flow control mechanism instead.
(Use `node --trace-deprecation ...` to show where the warning was created)
{
  "mode": "DRY_RUN",
  "databaseWrites": false,
  "seedWrites": false,
  "seedEntry": {
    "proposalSha256": "97b76b337989e4f1ff57fb46d40afa145dab11dc47639af6f871416831ef6178",
    "approvalSha256": "a6d75e5fbb542742ecbea790f0f2a4f3f93d05b6a815905b63e76b6fff71062c",
    "afterImageSha256": "7c52b616484b9cbbeb454c3f90635c4c9b4010dcdb83a26ec06e10578bc734af",
    "taskId": "ledger:0024:iowa-rng:b2389ddb",
    "operation": "UPSERT",
    "company": {
      "name": "Iowa RNG",
      "investmentFirm": "Amber Infrastructure",
      "sector": "Power & ET",
      "subsector": "Renewable natural gas",
      "region": "North America",
      "country": "United States",
      "ownershipVehicle": "Conditional 2023 strategic partnering agreement (not closed)",
      "description": "Iowa RNG is a three-dairy renewable natural gas development in northwest Iowa led by Green Impact Partners. In February 2023 GIP announced a conditional strategic agreement under which Amber Infrastructure was expected to invest in 50% of the project. GIP's first-quarter 2023 financial statements continued to describe that interest as conditional and separately recorded only the GreenGas Colorado closing. GIP's second-quarter 2024 MD&A stated that Amber's exclusive Iowa RNG equity-funding rights expired on June 30, 2024 and had not been extended. GIP's Q3 2025 reporting and current project page continue to present Iowa RNG as a GIP development seeking financing. No official evidence was found that Amber's proposed Iowa RNG investment closed, so Amber is not represented as a current owner.",
      "status": "Realized",
      "countryTags": [
        "United States"
      ],
      "website": "https://www.greenipi.com/project/iowa-rng/",
      "yearFounded": 2022,
      "investmentYear": 2023,
      "headquarters": "Northwest Iowa",
      "milestones": [
        {
          "date": "Jun 30, 2024",
          "event": "Amber's exclusive rights to provide Iowa RNG equity financing expired and had not been extended as of Green Impact Partners' August 2024 filing.",
          "category": "Financing"
        },
        {
          "date": "Mar 2022",
          "event": "Green Impact Partners announced definitive agreements for its partnership in the northwest Iowa dairy RNG project.",
          "category": "Founding"
        },
        {
          "date": "Feb 2023",
          "event": "Green Impact Partners and Amber announced a conditional proposed 50% Iowa RNG investment; the project financing and other closing conditions were not shown to have been satisfied.",
          "category": "Financing"
        }
      ],
      "management": [],
      "sources": [
        {
          "label": "Announcement date source — Amber Infrastructure — GreenGas Colorado",
          "url": "https://www.greenipi.com/newsroom/green-impact-partners-announces-545-million-partnering-agreement/",
          "type": "PRESS_RELEASE",
          "purpose": "OWNERSHIP_INVESTMENT",
          "evidenceLabel": "Amber Infrastructure transaction announcement"
        },
        {
          "label": "Announcement date source — Amber Infrastructure — Future Energy Park",
          "url": "https://americanbiogascouncil.org/green-impact-partners-announces-545-million-partnering-agreement/",
          "type": "PRESS_RELEASE",
          "purpose": "SUPPORTING_CONTEXT",
          "evidenceLabel": "Americanbiogascouncil — Iowa RNG"
        },
        {
          "label": "Greenipi — GreenGas Colorado",
          "url": "https://www.greenipi.com/investors/",
          "type": "ARTICLE",
          "purpose": "SUPPORTING_CONTEXT",
          "evidenceLabel": "Greenipi — Iowa RNG"
        },
        {
          "label": "Green Impact Partners — Q1 2023 financial statements",
          "url": "https://www.greenipi.com/wp-content/uploads/2023/05/Q1-2023-Financial-Statements.pdf",
          "type": "OTHER",
          "purpose": "OWNERSHIP_INVESTMENT",
          "evidenceLabel": "The proposed Iowa RNG interest remained conditional while only GreenGas Colorado was recorded as closed"
        },
        {
          "label": "Green Impact Partners — Q2 2024 MD&A",
          "url": "https://www.greenipi.com/wp-content/uploads/2024/08/GIP-MDA-Q2-2024-FINAL.pdf",
          "type": "OTHER",
          "purpose": "OWNERSHIP_INVESTMENT",
          "evidenceLabel": "Amber's exclusive Iowa RNG equity-funding rights expired unextended on June 30, 2024"
        },
        {
          "label": "Green Impact Partners — Q3 2025 MD&A",
          "url": "https://www.greenipi.com/wp-content/uploads/2025/11/GIP-MDA-Q3-2025-Final.pdf",
          "type": "OTHER",
          "purpose": "OWNERSHIP_INVESTMENT",
          "evidenceLabel": "Current ownership and exit check showing Iowa RNG remained a GIP development with no Amber ownership disclosure"
        },
        {
          "label": "Green Impact Partners — Iowa RNG",
          "url": "https://www.greenipi.com/project/iowa-rng/",
          "type": "WEBSITE",
          "purpose": "COMPANY_PROFILE",
          "evidenceLabel": "Current Iowa RNG project identity, location and development status"
        },
        {
          "label": "Green Impact Partners — Iowa RNG project update",
          "url": "https://www.greenipi.com/newsroom/green-impact-partners-provides-an-update-on-its-rng-project-in-iowa/",
          "type": "PRESS_RELEASE",
          "purpose": "MILESTONE_EVENT",
          "evidenceLabel": "March 2022 definitive project-partnership agreements"
        }
      ],
      "owners": [
        {
          "investmentFirm": "Amber Infrastructure",
          "ownershipVehicle": "Conditional 2023 strategic partnering agreement (not closed)",
          "investmentYear": 2023,
          "stake": "Proposed 50% (not closed)",
          "status": "Realized",
          "transactionState": "REALIZED"
        }
      ]
    },
    "retiredCompanies": [],
    "canonicalAfterImage": {
      "id": "cmrxpj50g00h5ivhenum8luob",
      "name": "Iowa RNG",
      "aliases": [],
      "sector": "POWER_ET",
      "subsector": "Renewable natural gas",
      "region": "NORTH_AMERICA",
      "country": "United States",
      "countryTags": [
        "United States"
      ],
      "description": "Iowa RNG is a three-dairy renewable natural gas development in northwest Iowa led by Green Impact Partners. In February 2023 GIP announced a conditional strategic agreement under which Amber Infrastructure was expected to invest in 50% of the project. GIP's first-quarter 2023 financial statements continued to describe that interest as conditional and separately recorded only the GreenGas Colorado closing. GIP's second-quarter 2024 MD&A stated that Amber's exclusive Iowa RNG equity-funding rights expired on June 30, 2024 and had not been extended. GIP's Q3 2025 reporting and current project page continue to present Iowa RNG as a GIP development seeking financing. No official evidence was found that Amber's proposed Iowa RNG investment closed, so Amber is not represented as a current owner.",
      "companyStatus": "REALIZED",
      "recordStatus": "PUBLISHED",
      "website": "https://www.greenipi.com/project/iowa-rng/",
      "yearFounded": 2022,
      "headquarters": "Northwest Iowa",
      "lastVerifiedAt": "2026-08-07T00:00:00.000Z",
      "ownershipPeriods": [
        {
          "id": "cmrxpjpzh01drivhe3er996oe",
          "managerName": "Amber Infrastructure",
          "organizationName": "Amber Infrastructure",
          "fundName": null,
          "vehicleName": "Conditional 2023 strategic partnering agreement (not closed)",
          "stake": "Proposed 50% (not closed)",
          "investmentYear": 2023,
          "exitYear": null,
          "isActive": false,
          "transactionState": "REALIZED"
        }
      ],
      "pendingOwnershipTransactions": [],
      "milestones": [
        {
          "id": "cmrxpkfqy02h4ivhemt5dfnh6",
          "date": "Jun 30, 2024",
          "event": "Amber's exclusive rights to provide Iowa RNG equity financing expired and had not been extended as of Green Impact Partners' August 2024 filing.",
          "category": "FINANCING",
          "sortDate": "2024-06-30T00:00:00.000Z",
          "evidenceUrls": [
            "https://www.greenipi.com/wp-content/uploads/2024/08/GIP-MDA-Q2-2024-FINAL.pdf"
          ]
        },
        {
          "id": "cmrxpkfrf02h5ivhe2e9g60z9",
          "date": "Mar 2022",
          "event": "Green Impact Partners announced definitive agreements for its partnership in the northwest Iowa dairy RNG project.",
          "category": "FOUNDING",
          "sortDate": "2022-03-01T00:00:00.000Z",
          "evidenceUrls": [
            "https://www.greenipi.com/newsroom/green-impact-partners-provides-an-update-on-its-rng-project-in-iowa/"
          ]
        },
        {
          "id": "cmrxpkfry02h6ivhebgtbnhjf",
          "date": "Feb 2023",
          "event": "Green Impact Partners and Amber announced a conditional proposed 50% Iowa RNG investment; the project financing and other closing conditions were not shown to have been satisfied.",
          "category": "FINANCING",
          "sortDate": "2023-02-01T05:00:00.000Z",
          "evidenceUrls": [
            "https://www.greenipi.com/newsroom/green-impact-partners-announces-545-million-partnering-agreement/",
            "https://www.greenipi.com/wp-content/uploads/2023/05/Q1-2023-Financial-Statements.pdf",
            "https://www.greenipi.com/wp-content/uploads/2024/08/GIP-MDA-Q2-2024-FINAL.pdf"
          ]
        }
      ],
      "managementRoles": [],
      "citations": [
        {
          "id": "cmrxpop8v072oivhequ1lz2bp",
          "label": "Announcement date source — Amber Infrastructure — GreenGas Colorado",
          "url": "https://www.greenipi.com/newsroom/green-impact-partners-announces-545-million-partnering-agreement/",
          "sourceType": "PRESS_RELEASE",
          "purpose": "OWNERSHIP_INVESTMENT",
          "evidenceLabel": "Amber Infrastructure transaction announcement",
          "isPrimary": false
        },
        {
          "id": "cmrxpop9g072pivheinn7owaz",
          "label": "Announcement date source — Amber Infrastructure — Future Energy Park",
          "url": "https://americanbiogascouncil.org/green-impact-partners-announces-545-million-partnering-agreement/",
          "sourceType": "PRESS_RELEASE",
          "purpose": "SUPPORTING_CONTEXT",
          "evidenceLabel": "Americanbiogascouncil — Iowa RNG",
          "isPrimary": false
        },
        {
          "id": "cmrxpop9w072qivheket57cfg",
          "label": "Greenipi — GreenGas Colorado",
          "url": "https://www.greenipi.com/investors/",
          "sourceType": "ARTICLE",
          "purpose": "SUPPORTING_CONTEXT",
          "evidenceLabel": "Greenipi — Iowa RNG",
          "isPrimary": false
        },
        {
          "id": null,
          "label": "Green Impact Partners — Q1 2023 financial statements",
          "url": "https://www.greenipi.com/wp-content/uploads/2023/05/Q1-2023-Financial-Statements.pdf",
          "sourceType": "OTHER",
          "purpose": "OWNERSHIP_INVESTMENT",
          "evidenceLabel": "The proposed Iowa RNG interest remained conditional while only GreenGas Colorado was recorded as closed",
          "isPrimary": false
        },
        {
          "id": null,
          "label": "Green Impact Partners — Q2 2024 MD&A",
          "url": "https://www.greenipi.com/wp-content/uploads/2024/08/GIP-MDA-Q2-2024-FINAL.pdf",
          "sourceType": "OTHER",
          "purpose": "OWNERSHIP_INVESTMENT",
          "evidenceLabel": "Amber's exclusive Iowa RNG equity-funding rights expired unextended on June 30, 2024",
          "isPrimary": true
        },
        {
          "id": null,
          "label": "Green Impact Partners — Q3 2025 MD&A",
          "url": "https://www.greenipi.com/wp-content/uploads/2025/11/GIP-MDA-Q3-2025-Final.pdf",
          "sourceType": "OTHER",
          "purpose": "OWNERSHIP_INVESTMENT",
          "evidenceLabel": "Current ownership and exit check showing Iowa RNG remained a GIP development with no Amber ownership disclosure",
          "isPrimary": false
        },
        {
          "id": null,
          "label": "Green Impact Partners — Iowa RNG",
          "url": "https://www.greenipi.com/project/iowa-rng/",
          "sourceType": "WEBSITE",
          "purpose": "COMPANY_PROFILE",
          "evidenceLabel": "Current Iowa RNG project identity, location and development status",
          "isPrimary": false
        },
        {
          "id": null,
          "label": "Green Impact Partners — Iowa RNG project update",
          "url": "https://www.greenipi.com/newsroom/green-impact-partners-provides-an-update-on-its-rng-project-in-iowa/",
          "sourceType": "PRESS_RELEASE",
          "purpose": "MILESTONE_EVENT",
          "evidenceLabel": "March 2022 definitive project-partnership agreements",
          "isPrimary": false
        }
      ]
    }
  },
  "plan": {
    "companyName": "Iowa RNG",
    "mutations": [
      {
        "kind": "CORRECT_COMPANY",
        "relationIds": [],
        "detail": "Apply approved changes to description, website, yearFounded, headquarters, lastVerifiedAt, milestones, citations."
      },
      {
        "kind": "RETIRE_OWNERSHIP",
        "relationIds": [
          "cmrxpjpzh01drivhe3er996oe"
        ],
        "detail": "Retire 1 ownership period(s) without deleting history."
      },
      {
        "kind": "REALIZE_COMPANY",
        "relationIds": [],
        "detail": "Mark the company realized after all active ownership has ended."
      }
    ],
    "changedFields": [
      "citations",
      "companyStatus",
      "description",
      "headquarters",
      "lastVerifiedAt",
      "milestones",
      "ownershipPeriods",
      "website",
      "yearFounded"
    ],
    "retiredCompanyIds": []
  }
}
