
> infra-tracker@1.0.0 portco:reconciliation:apply
> npx tsx scripts/portco-reconciliation/apply-cli.ts --proposal=audits/portco-reconciliation/2026-08-03/proposals/0088-dauntless-energy-v1/proposal.json --approval=audits/portco-reconciliation/2026-08-03/approvals/0088-dauntless-energy-v1.json --production-snapshot=audits/portco-reconciliation/2026-08-03/execution-v1/tasks/0088-dauntless-energy/attempt-1/locked-production-snapshot.json --proposal-sha256=00517e566a6d04e5cf0002344b8cef281bf4b8e7ad2c8ba452865394c3fac8c3 --approval-sha256=56fedd7a51f9b18417ddc22027e85b0f7a2a807099c99b492cd8b53d51ea2409 --snapshot-sha256=876bba421ac8464d578422e60650ca56938f31251ebd8419037b9739d462e3e0 --seed-artifact=prisma/seed-data/approved-portco-after-images.json --apply --write-token=APPLY_APPROVED_PORTCO_CHANGE --receipt=tmp/portco-reconciliation/production/apply-receipt.json --public-base-url=https://infra-ma-2.vercel.app/Infra-MA2/

(node:3056) DeprecationWarning: Calling client.query() when the client is already executing a query is deprecated and will be removed in pg@9.0. Use async/await or an external async flow control mechanism instead.
(Use `node --trace-deprecation ...` to show where the warning was created)
{
  "mode": "APPLIED",
  "receiptPath": "/home/runner/work/Infra-MA2/Infra-MA2/tmp/portco-reconciliation/production/apply-receipt.json",
  "receipt": {
    "schemaVersion": 1,
    "artifactType": "PORTCO_CHANGE_APPLY_RECEIPT",
    "runId": "portco-reconciliation-2026-08-03-v2",
    "taskId": "ledger:0088:dauntless-energy:3912e87d",
    "taskIndex": 88,
    "companyName": "Dauntless Energy",
    "companyId": "cmrxpj6rw00jrivhelcbdhy6b",
    "proposalSha256": "00517e566a6d04e5cf0002344b8cef281bf4b8e7ad2c8ba452865394c3fac8c3",
    "approvalSha256": "56fedd7a51f9b18417ddc22027e85b0f7a2a807099c99b492cd8b53d51ea2409",
    "productionSnapshotSha256": "876bba421ac8464d578422e60650ca56938f31251ebd8419037b9739d462e3e0",
    "beforeCompanySnapshotSha256": "ee4d892d52a6f5587e788ddec6b2de3a510ccc82f8bbce030bde19c019393659",
    "appliedAfterImageSha256": "d990cabb91f0912952d170070143e44973d6732a84282b2671856fc6ba87957d",
    "seedAfterImageSha256": "d990cabb91f0912952d170070143e44973d6732a84282b2671856fc6ba87957d",
    "approvedSeedEntrySha256": "0c16e42dd0d6a199b3c7dab5ffdfee1b30933b0d3c13dccaf65be229fcff722d",
    "databaseTargetFingerprint": "45836a2e3306aa27a98c47cded3087b545691ec737c22861a69c4ab202986929",
    "transactionId": "dcb3481a-e7a8-4b10-ae40-950874f62387",
    "auditEventId": "cmsv42vhf000fcw6hl7i0nukg",
    "appliedAt": "2026-08-16T01:13:40.691Z",
    "verification": {
      "databaseMatchesAfterImage": true,
      "seedMatchesAfterImage": true,
      "detailApiVerified": true
    },
    "receiptSha256": "5fccb82b5b05b1d7ca3fefc0419947bda705a2a0405ab7bba47157ca5629cd4d"
  }
}
