
> infra-tracker@1.0.0 portco:reconciliation:batch:apply
> npx tsx scripts/portco-reconciliation/batch-apply-cli.ts --batch-manifest=audits/portco-reconciliation/2026-08-23/batches/batch-0449-0453-v1/batch-manifest.json --batch-sha256=acefac5800cf61c308375232fe05824217828402f49b84df1d41d4aeeeb3fea8

(node:3437) DeprecationWarning: Calling client.query() when the client is already executing a query is deprecated and will be removed in pg@9.0. Use async/await or an external async flow control mechanism instead.
(Use `node --trace-deprecation ...` to show where the warning was created)
{
  "mode": "BATCH_DRY_RUN",
  "batchId": "batch-0449-0453-v1",
  "batchSha256": "acefac5800cf61c308375232fe05824217828402f49b84df1d41d4aeeeb3fea8",
  "databaseWrites": false,
  "seedWrites": false,
  "plans": [
    {
      "companyName": "Cartier Energy Holding",
      "mutations": [
        {
          "kind": "CORRECT_COMPANY",
          "relationIds": [],
          "detail": "Apply approved changes to aliases, lastVerifiedAt, citations."
        }
      ],
      "changedFields": [
        "aliases",
        "citations",
        "lastVerifiedAt"
      ],
      "retiredCompanyIds": []
    }
  ]
}
