
> infra-tracker@1.0.0 portco:reconciliation:batch:apply
> npx tsx scripts/portco-reconciliation/batch-apply-cli.ts --batch-manifest=audits/portco-reconciliation/2026-08-23/batches/batch-0439-0443-v1/batch-manifest-v4.json --batch-sha256=62e5d7b0ac53d1ff13625f75f0e5a4cb0dd02a59c29dcb081f0efa6a493239e8 --seed-artifact=prisma/seed-data/approved-portco-after-images.json --apply --write-token=APPLY_APPROVED_PORTCO_BATCH --commit-receipt=tmp/portco-reconciliation/production/batch-commit-receipt.json --receipt=tmp/portco-reconciliation/production/batch-apply-receipt.json --public-base-url=https://infra-ma-2.vercel.app/Infra-MA2/

(node:3747) DeprecationWarning: Calling client.query() when the client is already executing a query is deprecated and will be removed in pg@9.0. Use async/await or an external async flow control mechanism instead.
(Use `node --trace-deprecation ...` to show where the warning was created)
{
  "mode": "BATCH_APPLIED",
  "receiptPath": "/home/runner/work/Infra-MA2/Infra-MA2/tmp/portco-reconciliation/production/batch-apply-receipt.json",
  "receipt": {
    "schemaVersion": 1,
    "artifactType": "PORTCO_APPLY_BATCH_RECEIPT",
    "runId": "portco-reconciliation-2026-08-03-v2",
    "batchId": "batch-0439-0443-v1",
    "batchSha256": "62e5d7b0ac53d1ff13625f75f0e5a4cb0dd02a59c29dcb081f0efa6a493239e8",
    "releaseSha": "95db5dfa1be3f478752911eec1fb57e47bf0e9e3",
    "databaseTargetFingerprint": "45836a2e3306aa27a98c47cded3087b545691ec737c22861a69c4ab202986929",
    "transactionId": "c0b3d76e-54df-4af5-b597-cfc59d68f446",
    "appliedAt": "2026-09-02T10:50:08.357Z",
    "members": [
      {
        "kind": "MUTATION",
        "taskId": "ledger:0439:crosslake-fibre:cb475638",
        "taskIndex": 439,
        "companyName": "Crosslake Fibre",
        "receipt": {
          "schemaVersion": 1,
          "artifactType": "PORTCO_CHANGE_APPLY_RECEIPT",
          "runId": "portco-reconciliation-2026-08-03-v2",
          "taskId": "ledger:0439:crosslake-fibre:cb475638",
          "taskIndex": 439,
          "companyName": "Crosslake Fibre",
          "companyId": "cmrxpjo1b01anivhetlgdsr8j",
          "proposalSha256": "447a1650607ca0276e9ab4e1cff11861b81e4c2b91865f908ee3316149fb9626",
          "approvalSha256": "f1cd2f0df4bd4bf2e1125b18b4964fc7cd2582028ff2d9882678302490ff2661",
          "productionSnapshotSha256": "98e1f91d9d909aa4f8f148f2cf2143fab96c3756132afc213ea3471c0255780d",
          "beforeCompanySnapshotSha256": "19f874fbd8d27a51b122de93b0707fe442a8d7e7031fb87e3b5102414be2916e",
          "appliedAfterImageSha256": "923cd9bd1e53b1cbfbf63f02b19ab31d2b2a8b926e8b22d914ad2cc1caf6592d",
          "seedAfterImageSha256": "923cd9bd1e53b1cbfbf63f02b19ab31d2b2a8b926e8b22d914ad2cc1caf6592d",
          "approvedSeedEntrySha256": "c7ffa2fb6c90e1df267919dd8801de223d750266e59dc5f66a6a8fc8c549956d",
          "databaseTargetFingerprint": "45836a2e3306aa27a98c47cded3087b545691ec737c22861a69c4ab202986929",
          "transactionId": "c0b3d76e-54df-4af5-b597-cfc59d68f446",
          "auditEventId": "cmtjz53910009w32beszz5o6j",
          "appliedAt": "2026-09-02T10:50:08.357Z",
          "verification": {
            "databaseMatchesAfterImage": true,
            "seedMatchesAfterImage": true,
            "detailApiVerified": true
          },
          "receiptSha256": "966f6d5b325fd9e47e9da3413511e06e6a2cdb01ac629ad52878159efdea408b"
        }
      },
      {
        "kind": "MUTATION",
        "taskId": "ledger:0440:danskammer-energy:5987da36",
        "taskIndex": 440,
        "companyName": "Danskammer Energy",
        "receipt": {
          "schemaVersion": 1,
          "artifactType": "PORTCO_CHANGE_APPLY_RECEIPT",
          "runId": "portco-reconciliation-2026-08-03-v2",
          "taskId": "ledger:0440:danskammer-energy:5987da36",
          "taskIndex": 440,
          "companyName": "Danskammer Energy",
          "companyId": "cmrxpjo1u01aoivhe85mr5shs",
          "proposalSha256": "af13c046ecd66bb20cf136296c766457a2cdaa344cc79bce284eb0f688f5db81",
          "approvalSha256": "c2c164a93d0f909cead297199c3f037275b00348ff6a8d3e0af15f974ef823f0",
          "productionSnapshotSha256": "3099899610e55720b44d34b4d41c0224630799c111094a46387d1700c16d35c0",
          "beforeCompanySnapshotSha256": "b1fdc064a3b2f794d57d0a92e17b8ab05d7bb9440c75cd74419ebb61e6671804",
          "appliedAfterImageSha256": "a5e990929fc1703f1209a2b990221c2c5752555b793ddd120b04ede3f026c193",
          "seedAfterImageSha256": "a5e990929fc1703f1209a2b990221c2c5752555b793ddd120b04ede3f026c193",
          "approvedSeedEntrySha256": "5ca4bb95110b9c991aaaa95e056846f7edda81f3b369a1276ed776ab684b2718",
          "databaseTargetFingerprint": "45836a2e3306aa27a98c47cded3087b545691ec737c22861a69c4ab202986929",
          "transactionId": "c0b3d76e-54df-4af5-b597-cfc59d68f446",
          "auditEventId": "cmtjz58df000jw32bsftv3eeg",
          "appliedAt": "2026-09-02T10:50:08.357Z",
          "verification": {
            "databaseMatchesAfterImage": true,
            "seedMatchesAfterImage": true,
            "detailApiVerified": true
          },
          "receiptSha256": "e88e4ecad7ed35333532298b21c0502206c1bd1bf2f6704b36a3f5165b716ede"
        }
      },
      {
        "kind": "MUTATION",
        "taskId": "ledger:0441:northlink-aviation:bbe08376",
        "taskIndex": 441,
        "companyName": "NorthLink Aviation",
        "receipt": {
          "schemaVersion": 1,
          "artifactType": "PORTCO_CHANGE_APPLY_RECEIPT",
          "runId": "portco-reconciliation-2026-08-03-v2",
          "taskId": "ledger:0441:northlink-aviation:bbe08376",
          "taskIndex": 441,
          "companyName": "NorthLink Aviation",
          "companyId": "cmrxpjo6e01ativheqw8diw1y",
          "proposalSha256": "3d0d114a34af7820f9329fb0e0d16b7401c16140165118b199da2069f2aabd36",
          "approvalSha256": "c9f90fbfe78b4a46262d0a580c2b4127c4ea03e4c495778956f7de9a693f012e",
          "productionSnapshotSha256": "3e8bc1e8d964f052b63fe68af5cc347b67c50686628f66bcca9e6587ca61fe1e",
          "beforeCompanySnapshotSha256": "7add962d612adaf8e16e01ced34f64dcbfd4302ccaf8b3b3377d55faaab3f877",
          "appliedAfterImageSha256": "e3e6d2d34b3da4b070be9e173a5f0c8d3f3e841590cdb91519ce869092ef2509",
          "seedAfterImageSha256": "e3e6d2d34b3da4b070be9e173a5f0c8d3f3e841590cdb91519ce869092ef2509",
          "approvedSeedEntrySha256": "300e0e04d4f56b4f91694f6a0b3ab5e30c011d3eeecb3f34836c846e785e2c31",
          "databaseTargetFingerprint": "45836a2e3306aa27a98c47cded3087b545691ec737c22861a69c4ab202986929",
          "transactionId": "c0b3d76e-54df-4af5-b597-cfc59d68f446",
          "auditEventId": "cmtjz5dj0000sw32bqucx4ady",
          "appliedAt": "2026-09-02T10:50:08.357Z",
          "verification": {
            "databaseMatchesAfterImage": true,
            "seedMatchesAfterImage": true,
            "detailApiVerified": true
          },
          "receiptSha256": "053fd7681300affb96445c91b499c762a7afde5d610bd32f04d526ef71ecf06a"
        }
      },
      {
        "kind": "MUTATION",
        "taskId": "ledger:0442:strategic-venue-partners:f4cd44da",
        "taskIndex": 442,
        "companyName": "Strategic Venue Partners",
        "receipt": {
          "schemaVersion": 1,
          "artifactType": "PORTCO_CHANGE_APPLY_RECEIPT",
          "runId": "portco-reconciliation-2026-08-03-v2",
          "taskId": "ledger:0442:strategic-venue-partners:f4cd44da",
          "taskIndex": 442,
          "companyName": "Strategic Venue Partners",
          "companyId": "cmrxpjo7i01avivhen4qx33ol",
          "proposalSha256": "7228fc84553139c9756b34d1cab32c91a9856a521235147b901cd5df25514b95",
          "approvalSha256": "75109a554231b6a7747a172c4e0a84990b294b98f62e74d772acfff566fef061",
          "productionSnapshotSha256": "750e328ebe2c93d50783b650c5a42683c3ec9704cda85d2b96702a81e0b0c20a",
          "beforeCompanySnapshotSha256": "6381aaa7ab1a73756115a8db5d102791bf41b34c5c777ad34de314f04139583b",
          "appliedAfterImageSha256": "29b78c1a403cbbe4b14d5ead68dc77673590ff6f2887a53d215b799628a715d8",
          "seedAfterImageSha256": "29b78c1a403cbbe4b14d5ead68dc77673590ff6f2887a53d215b799628a715d8",
          "approvedSeedEntrySha256": "b9456a0469846d0920a821c8d258ed27afd74cb72ff1a3ad6d6a66a8b8783e57",
          "databaseTargetFingerprint": "45836a2e3306aa27a98c47cded3087b545691ec737c22861a69c4ab202986929",
          "transactionId": "c0b3d76e-54df-4af5-b597-cfc59d68f446",
          "auditEventId": "cmtjz5j7z0011w32bfkcx2hxt",
          "appliedAt": "2026-09-02T10:50:08.357Z",
          "verification": {
            "databaseMatchesAfterImage": true,
            "seedMatchesAfterImage": true,
            "detailApiVerified": true
          },
          "receiptSha256": "40eea4fa60b1a28bbc539e2a0d0587a851790b0df13d96328221789ac9406265"
        }
      },
      {
        "kind": "MUTATION",
        "taskId": "ledger:0443:summit-carbon-solutions:6d14c660",
        "taskIndex": 443,
        "companyName": "Summit Carbon Solutions",
        "receipt": {
          "schemaVersion": 1,
          "artifactType": "PORTCO_CHANGE_APPLY_RECEIPT",
          "runId": "portco-reconciliation-2026-08-03-v2",
          "taskId": "ledger:0443:summit-carbon-solutions:6d14c660",
          "taskIndex": 443,
          "companyName": "Summit Carbon Solutions",
          "companyId": "cmrxpjobk01b3ivhet0tyh274",
          "proposalSha256": "7585281eec4f14e38d634426543fbd298bf977bf20d98806cf20b995237a51a0",
          "approvalSha256": "1303c564f2284d03a6432ed6b6cd975749f856a35d11b8450e3c743c846bfdfb",
          "productionSnapshotSha256": "31c39f859d1d3f097f8ed7ee8ec45f6b93d0e258d2db1d697ee2e03076556d4d",
          "beforeCompanySnapshotSha256": "37f3c59b0f0398cb2a924e9d881f6b5615b83d13e66b7fa9adf577f57f31f51d",
          "appliedAfterImageSha256": "3eff54a5790392b2b9484f1473af28a86c4bc64ef71aa249361db8e51790102a",
          "seedAfterImageSha256": "3eff54a5790392b2b9484f1473af28a86c4bc64ef71aa249361db8e51790102a",
          "approvedSeedEntrySha256": "1dbf84732c18c734d241b4af3d34c8b288163188b454b74f0558f999d6036934",
          "databaseTargetFingerprint": "45836a2e3306aa27a98c47cded3087b545691ec737c22861a69c4ab202986929",
          "transactionId": "c0b3d76e-54df-4af5-b597-cfc59d68f446",
          "auditEventId": "cmtjz5plj001aw32b8ep3zw2z",
          "appliedAt": "2026-09-02T10:50:08.357Z",
          "verification": {
            "databaseMatchesAfterImage": true,
            "seedMatchesAfterImage": true,
            "detailApiVerified": true
          },
          "receiptSha256": "565452410e69adc1714fdabeadf3bb15ee27da23797f37ccb6e559ffbdc4c3d0"
        }
      }
    ],
    "verification": {
      "databaseTransactionCommitted": true,
      "seedArtifactVerified": true,
      "allDetailApisVerified": true,
      "partialDatabaseApplication": false
    },
    "receiptSha256": "7e0bac990807df368213d14490244ae90a59fb8064896472ee339096a75e7025"
  }
}
