
> infra-tracker@1.0.0 portco:reconciliation:apply
> npx tsx scripts/portco-reconciliation/apply-cli.ts --proposal=audits/portco-reconciliation/2026-08-03/proposals/0112-transurban-chesapeake-v1/proposal.json --approval=audits/portco-reconciliation/2026-08-03/approvals/0112-transurban-chesapeake-v1.json --production-snapshot=audits/portco-reconciliation/2026-08-03/execution-v1/tasks/0112-transurban-chesapeake/attempt-1/locked-production-snapshot.json --proposal-sha256=4e3e25913c076724c60bfd127c51b360c5a49d4723f3b6d5a01614290098680a --approval-sha256=3dfe9b0a8f07eece8aed45cde569e2a78345ff71a297069676f32492bbd56b7b --snapshot-sha256=94288b28a97f61207090ddb57fad077ea46f325733f5f15e93a90686f734f27c --seed-artifact=prisma/seed-data/approved-portco-after-images.json --apply --write-token=APPLY_APPROVED_PORTCO_CHANGE --receipt=tmp/portco-reconciliation/production/apply-receipt.json --public-base-url=https://infra-ma-2.vercel.app/Infra-MA2/

(node:3086) DeprecationWarning: Calling client.query() when the client is already executing a query is deprecated and will be removed in pg@9.0. Use async/await or an external async flow control mechanism instead.
(Use `node --trace-deprecation ...` to show where the warning was created)
{
  "mode": "APPLIED",
  "receiptPath": "/home/runner/work/Infra-MA2/Infra-MA2/tmp/portco-reconciliation/production/apply-receipt.json",
  "receipt": {
    "schemaVersion": 1,
    "artifactType": "PORTCO_CHANGE_APPLY_RECEIPT",
    "runId": "portco-reconciliation-2026-08-03-v2",
    "taskId": "ledger:0112:transurban-chesapeake:f0caf605",
    "taskIndex": 112,
    "companyName": "Transurban Chesapeake",
    "companyId": "cmrxpjcnm00syivhep9wizt9q",
    "proposalSha256": "4e3e25913c076724c60bfd127c51b360c5a49d4723f3b6d5a01614290098680a",
    "approvalSha256": "3dfe9b0a8f07eece8aed45cde569e2a78345ff71a297069676f32492bbd56b7b",
    "productionSnapshotSha256": "94288b28a97f61207090ddb57fad077ea46f325733f5f15e93a90686f734f27c",
    "beforeCompanySnapshotSha256": "9a2a05a0dda86e1a91a729f5c2fdc2b738d9948423acd841bc0f4be51b91790e",
    "appliedAfterImageSha256": "93c2c1e23c9e785cfa65e848183bf1f841d4259ce99c0036c55bfce414123423",
    "seedAfterImageSha256": "93c2c1e23c9e785cfa65e848183bf1f841d4259ce99c0036c55bfce414123423",
    "approvedSeedEntrySha256": "405b3a38d5eeb84d7c5a439e33d6d127f9f15c2b736fbfdf85bd85da8098ea9f",
    "databaseTargetFingerprint": "45836a2e3306aa27a98c47cded3087b545691ec737c22861a69c4ab202986929",
    "transactionId": "f406f61b-8058-4c2f-982f-eb9c16b1ee5c",
    "auditEventId": "cmsyncqlk000ddq6hplmd9k7b",
    "appliedAt": "2026-08-18T12:36:32.026Z",
    "verification": {
      "databaseMatchesAfterImage": true,
      "seedMatchesAfterImage": true,
      "detailApiVerified": true
    },
    "receiptSha256": "a5eb0116ffe7cea43d08ae3c9971e67d05e8c0fc60b77fa743e85bfcc1b6f231"
  }
}
