
> infra-tracker@1.0.0 portco:reconciliation:batch:apply
> npx tsx scripts/portco-reconciliation/batch-apply-cli.ts --batch-manifest=audits/portco-reconciliation/2026-08-23/batches/batch-0259-0263-v6/batch-manifest.json --batch-sha256=e7009ead2e4c6d46c161899b9989fc43dc64483bbcb779e56bb9398012cfbfac --seed-artifact=prisma/seed-data/approved-portco-after-images.json --apply --write-token=APPLY_APPROVED_PORTCO_BATCH --commit-receipt=tmp/portco-reconciliation/production/batch-commit-receipt.json --receipt=tmp/portco-reconciliation/production/batch-apply-receipt.json --public-base-url=https://infra-ma-2.vercel.app/Infra-MA2/

(node:3664) DeprecationWarning: Calling client.query() when the client is already executing a query is deprecated and will be removed in pg@9.0. Use async/await or an external async flow control mechanism instead.
(Use `node --trace-deprecation ...` to show where the warning was created)
{
  "mode": "BATCH_APPLIED",
  "receiptPath": "/home/runner/work/Infra-MA2/Infra-MA2/tmp/portco-reconciliation/production/batch-apply-receipt.json",
  "receipt": {
    "schemaVersion": 1,
    "artifactType": "PORTCO_APPLY_BATCH_RECEIPT",
    "runId": "portco-reconciliation-2026-08-03-v2",
    "batchId": "batch-0259-0263-v6",
    "batchSha256": "e7009ead2e4c6d46c161899b9989fc43dc64483bbcb779e56bb9398012cfbfac",
    "releaseSha": "bf761edf40a76f3cd71c8ebdfc8f96d97014ebbe",
    "databaseTargetFingerprint": "45836a2e3306aa27a98c47cded3087b545691ec737c22861a69c4ab202986929",
    "transactionId": "7aec548a-e0b5-4ad8-9425-d7b144fd88a1",
    "appliedAt": "2026-08-29T19:20:04.485Z",
    "members": [
      {
        "kind": "TERMINAL",
        "taskId": "ledger:0259:solcap-keystate-renewables-jvs:349ca18f",
        "taskIndex": 259,
        "companyName": "SOLCAP (KeyState Renewables JVs)",
        "outcome": "EXCLUDED",
        "decisionSha256": "b52d656bc11c5b440d5ee52ca3454d67835175bb12bad1829a189c812755f7f2"
      },
      {
        "kind": "MUTATION",
        "taskId": "ledger:0260:stem-energy-storage-asset-spvs:a034fa93",
        "taskIndex": 260,
        "companyName": "Stem Energy Storage Asset SPVs",
        "receipt": {
          "schemaVersion": 1,
          "artifactType": "PORTCO_CHANGE_APPLY_RECEIPT",
          "runId": "portco-reconciliation-2026-08-03-v2",
          "taskId": "ledger:0260:stem-energy-storage-asset-spvs:a034fa93",
          "taskIndex": 260,
          "companyName": "Stem Energy Storage Asset SPVs",
          "companyId": "cmrxpjg6300y8ivhes0xgnzrw",
          "proposalSha256": "5306ed448d9d524bd8d165bf419e65da6f89e1f5f32ad00c77b1f23add34ef57",
          "approvalSha256": "5e98ed85e5cc1feccd467a4dc2a6de2ae8e3ac19f3663f41e012944f8223fae0",
          "productionSnapshotSha256": "eac66d728aa6d7697209b602fce61e3cea7770fa088367f3b07968c6af8bd0a6",
          "beforeCompanySnapshotSha256": "223249c2649b4a0ceb17a7d75bf02fa88e39cb698b2c6c34ac8332e32dd3bc70",
          "appliedAfterImageSha256": "196243d434c169290044e15202e546f310a64ed8b37d12bce0ea3c632212ddc2",
          "seedAfterImageSha256": "196243d434c169290044e15202e546f310a64ed8b37d12bce0ea3c632212ddc2",
          "approvedSeedEntrySha256": "fd89f5afc1ad24ecc35f1f8cc0b9caa63e1a1b62ed78c95a32a61ef68ed67e88",
          "databaseTargetFingerprint": "45836a2e3306aa27a98c47cded3087b545691ec737c22861a69c4ab202986929",
          "transactionId": "7aec548a-e0b5-4ad8-9425-d7b144fd88a1",
          "auditEventId": "cmterm29f000dts2bd6w8mqs6",
          "appliedAt": "2026-08-29T19:20:04.485Z",
          "verification": {
            "databaseMatchesAfterImage": true,
            "seedMatchesAfterImage": true,
            "detailApiVerified": true
          },
          "receiptSha256": "5bad5492b8a928bed70be7db094e536afc4f2569e68b0f1c38e364d73d307069"
        }
      },
      {
        "kind": "MUTATION",
        "taskId": "ledger:0261:aces-delta:7027e92e",
        "taskIndex": 261,
        "companyName": "ACES Delta",
        "receipt": {
          "schemaVersion": 1,
          "artifactType": "PORTCO_CHANGE_APPLY_RECEIPT",
          "runId": "portco-reconciliation-2026-08-03-v2",
          "taskId": "ledger:0261:aces-delta:7027e92e",
          "taskIndex": 261,
          "companyName": "ACES Delta",
          "companyId": "cmrxpjg8d00ycivhe43mta77q",
          "proposalSha256": "b7c9f4a9dd4a183f94f5ddaa54a6702ba670201ab97fb2991c97459d1f158acf",
          "approvalSha256": "e14692aa23dee10d965bc0bf5c4c511479986b59205408166f25e08a3e15d076",
          "productionSnapshotSha256": "66c28c421196ec8084d6d90015c46de73240ef8c7a2b8f5542975d555b9348d2",
          "beforeCompanySnapshotSha256": "ef69e346057a6d35da4673d980d1dfec45d23aad204dcff5939e763e5e0221b2",
          "appliedAfterImageSha256": "127ce1d008b22e95ac9f76ebabab31f40fd3985a0618b15cf5dcca1171464fc3",
          "seedAfterImageSha256": "127ce1d008b22e95ac9f76ebabab31f40fd3985a0618b15cf5dcca1171464fc3",
          "approvedSeedEntrySha256": "e41459f76d5d42420480e69cbefb7f1bf73ce85e11c03e8ec5cd2349962aecfe",
          "databaseTargetFingerprint": "45836a2e3306aa27a98c47cded3087b545691ec737c22861a69c4ab202986929",
          "transactionId": "7aec548a-e0b5-4ad8-9425-d7b144fd88a1",
          "auditEventId": "cmterm2nd000qts2brictxvdv",
          "appliedAt": "2026-08-29T19:20:04.485Z",
          "verification": {
            "databaseMatchesAfterImage": true,
            "seedMatchesAfterImage": true,
            "detailApiVerified": true
          },
          "receiptSha256": "73995120a57b8ea0766fa2c629133be2f951dec6c49b770d7ad009772e8d1047"
        }
      },
      {
        "kind": "MUTATION",
        "taskId": "ledger:0262:direct-chassislink-inc-dcli:d3d4542b",
        "taskIndex": 262,
        "companyName": "Direct ChassisLink, Inc. (DCLI)",
        "receipt": {
          "schemaVersion": 1,
          "artifactType": "PORTCO_CHANGE_APPLY_RECEIPT",
          "runId": "portco-reconciliation-2026-08-03-v2",
          "taskId": "ledger:0262:direct-chassislink-inc-dcli:d3d4542b",
          "taskIndex": 262,
          "companyName": "Direct ChassisLink, Inc. (DCLI)",
          "companyId": "cmrxpjoz401c3ivhemhei5kyo",
          "proposalSha256": "5b7c5f97b9dd04342bda97c4f2aa7e23ea94e390e35529c57314deb1b602cebe",
          "approvalSha256": "529cfacc47b8719dc40b64c512aceb2deec57080eded0850b7994e7d91381168",
          "productionSnapshotSha256": "fa2da2c3770ad75fc3d7f090ab2d41007df7379e6e5a65d12fd61a461323eba9",
          "beforeCompanySnapshotSha256": "cfc1ff383d6f7b4ce48bf63d1cc3e1629046bdb4e53f33eee9018a71dbaea67b",
          "appliedAfterImageSha256": "e08441148d0e0d962a616d0ce2975dcd10d136e9447b7fd15f3c984968a5d212",
          "seedAfterImageSha256": "e08441148d0e0d962a616d0ce2975dcd10d136e9447b7fd15f3c984968a5d212",
          "approvedSeedEntrySha256": "7b77c7f4509c4060926a838ebfc779a835b463dfb37562af25d765583a9f1505",
          "databaseTargetFingerprint": "45836a2e3306aa27a98c47cded3087b545691ec737c22861a69c4ab202986929",
          "transactionId": "7aec548a-e0b5-4ad8-9425-d7b144fd88a1",
          "auditEventId": "cmterm35k001ats2bthbqgg4b",
          "appliedAt": "2026-08-29T19:20:04.485Z",
          "verification": {
            "databaseMatchesAfterImage": true,
            "seedMatchesAfterImage": true,
            "detailApiVerified": true
          },
          "receiptSha256": "c78403b7334738b21905b4224563e934f1b119dc1ced74e68a6086af1528ece3"
        }
      },
      {
        "kind": "TERMINAL",
        "taskId": "ledger:0263:divert-inc:e7a24939",
        "taskIndex": 263,
        "companyName": "Divert, Inc.",
        "outcome": "DEFERRED",
        "decisionSha256": "1004180fce4052cc37e8a4ec860e3dd162463bd4c74a85b775e466f82b87a16e"
      }
    ],
    "verification": {
      "databaseTransactionCommitted": true,
      "seedArtifactVerified": true,
      "allDetailApisVerified": true,
      "partialDatabaseApplication": false
    },
    "receiptSha256": "6ddb37b3bcd45abbfffb748f1b5683c63df3a0cf3c41a36107bc6e14affbd453"
  }
}
