
> infra-tracker@1.0.0 portco:reconciliation:batch:apply
> npx tsx scripts/portco-reconciliation/batch-apply-cli.ts --batch-manifest=audits/portco-reconciliation/2026-08-23/batches/batch-0259-0263-v6/batch-manifest.json --batch-sha256=e7009ead2e4c6d46c161899b9989fc43dc64483bbcb779e56bb9398012cfbfac

(node:3399) DeprecationWarning: Calling client.query() when the client is already executing a query is deprecated and will be removed in pg@9.0. Use async/await or an external async flow control mechanism instead.
(Use `node --trace-deprecation ...` to show where the warning was created)
{
  "mode": "BATCH_DRY_RUN",
  "batchId": "batch-0259-0263-v6",
  "batchSha256": "e7009ead2e4c6d46c161899b9989fc43dc64483bbcb779e56bb9398012cfbfac",
  "databaseWrites": false,
  "seedWrites": false,
  "plans": [
    {
      "companyName": "Generate–Stem LCR",
      "mutations": [
        {
          "kind": "CORRECT_COMPANY",
          "relationIds": [],
          "detail": "Apply approved changes to name, aliases, subsector, description, yearFounded, headquarters, lastVerifiedAt, ownershipPeriods, milestones, citations."
        },
        {
          "kind": "ADD_OWNER",
          "relationIds": [],
          "detail": "Add 1 approved ownership period(s)."
        }
      ],
      "changedFields": [
        "aliases",
        "citations",
        "description",
        "headquarters",
        "lastVerifiedAt",
        "milestones",
        "name",
        "ownershipPeriods",
        "subsector",
        "yearFounded"
      ],
      "retiredCompanyIds": []
    },
    {
      "companyName": "ACES Delta, LLC",
      "mutations": [
        {
          "kind": "CORRECT_COMPANY",
          "relationIds": [],
          "detail": "Apply approved changes to name, aliases, description, website, yearFounded, headquarters, lastVerifiedAt, milestones, citations."
        },
        {
          "kind": "RETRACT_ERRONEOUS_OWNERSHIP",
          "relationIds": [
            "cmrxpk1t401wnivhe9e6enlfc",
            "cmrxpk1w401woivhexnk76vjb",
            "cmrxpk1wo01wpivheefqe4thd"
          ],
          "detail": "Retract 3 proven erroneous ownership period(s); revision history preserves the prior claim."
        },
        {
          "kind": "ADD_OWNER",
          "relationIds": [],
          "detail": "Add 3 approved ownership period(s)."
        }
      ],
      "changedFields": [
        "aliases",
        "citations",
        "description",
        "headquarters",
        "lastVerifiedAt",
        "milestones",
        "name",
        "ownershipPeriods",
        "website",
        "yearFounded"
      ],
      "retiredCompanyIds": []
    },
    {
      "companyName": "Direct ChassisLink, Inc. (DCLI)",
      "mutations": [
        {
          "kind": "CORRECT_COMPANY",
          "relationIds": [],
          "detail": "Apply approved changes to aliases, description, website, yearFounded, headquarters, lastVerifiedAt, ownershipPeriods, milestones, citations."
        },
        {
          "kind": "ADD_OWNER",
          "relationIds": [],
          "detail": "Add 4 approved ownership period(s)."
        },
        {
          "kind": "MERGE_COMPANIES",
          "relationIds": [
            "seed:ledger:0369:direct-chassislink-inc:a317904f"
          ],
          "detail": "retire 1 reviewed seed-only identity record(s)"
        }
      ],
      "changedFields": [
        "aliases",
        "citations",
        "description",
        "headquarters",
        "lastVerifiedAt",
        "milestones",
        "ownershipPeriods",
        "seedIdentities",
        "website",
        "yearFounded"
      ],
      "retiredCompanyIds": []
    }
  ]
}
