
> infra-tracker@1.0.0 portco:reconciliation:batch:apply
> npx tsx scripts/portco-reconciliation/batch-apply-cli.ts --batch-manifest=audits/portco-reconciliation/2026-08-23/batches/batch-0239-0243-v1/batch-manifest.json --batch-sha256=02c52fffe14c3bd8623a470f4d9ada3e3444683e857ee99ba49ef258e4a323ef --seed-artifact=prisma/seed-data/approved-portco-after-images.json --apply --write-token=APPLY_APPROVED_PORTCO_BATCH --commit-receipt=tmp/portco-reconciliation/production/batch-commit-receipt.json --receipt=tmp/portco-reconciliation/production/batch-apply-receipt.json --public-base-url=https://infra-ma-2.vercel.app/Infra-MA2/

(node:3622) DeprecationWarning: Calling client.query() when the client is already executing a query is deprecated and will be removed in pg@9.0. Use async/await or an external async flow control mechanism instead.
(Use `node --trace-deprecation ...` to show where the warning was created)
{
  "mode": "BATCH_APPLIED",
  "receiptPath": "/home/runner/work/Infra-MA2/Infra-MA2/tmp/portco-reconciliation/production/batch-apply-receipt.json",
  "receipt": {
    "schemaVersion": 1,
    "artifactType": "PORTCO_APPLY_BATCH_RECEIPT",
    "runId": "portco-reconciliation-2026-08-03-v2",
    "batchId": "batch-0239-0243-v1",
    "batchSha256": "02c52fffe14c3bd8623a470f4d9ada3e3444683e857ee99ba49ef258e4a323ef",
    "releaseSha": "82b4f7e93cb3ff78b1dd84948f574d3077d7e6f6",
    "databaseTargetFingerprint": "45836a2e3306aa27a98c47cded3087b545691ec737c22861a69c4ab202986929",
    "transactionId": "3be4daaf-12fa-4528-94a9-d7e224cdd250",
    "appliedAt": "2026-08-29T14:35:34.464Z",
    "members": [
      {
        "kind": "TERMINAL",
        "taskId": "ledger:0239:gordon-and-leslie-diamond-health-care-centre:aed7b7a6",
        "taskIndex": 239,
        "companyName": "Gordon and Leslie Diamond Health Care Centre",
        "outcome": "DEFERRED",
        "decisionSha256": "7f1abc77788c9c70ec0df73ef2f81833d008be3404cd83931d33f2e118777c38"
      },
      {
        "kind": "MUTATION",
        "taskId": "ledger:0240:kelowna-and-vernon-hospitals-project:10251313",
        "taskIndex": 240,
        "companyName": "Kelowna and Vernon Hospitals Project",
        "receipt": {
          "schemaVersion": 1,
          "artifactType": "PORTCO_CHANGE_APPLY_RECEIPT",
          "runId": "portco-reconciliation-2026-08-03-v2",
          "taskId": "ledger:0240:kelowna-and-vernon-hospitals-project:10251313",
          "taskIndex": 240,
          "companyName": "Kelowna and Vernon Hospitals Project",
          "companyId": "cmrxpjezu00wjivhep4zsd3j9",
          "proposalSha256": "b5096e8e3dd26a5a5212ace483f26f4ed8e225d3a703bf64ffad5baa244567bb",
          "approvalSha256": "8843eb72e0fac368f46cefa24685d5561c4c4f00334785b07c580610601b35eb",
          "productionSnapshotSha256": "a9355011d808ecf9d41c1aad33c80d28e7d58a0b8639ef322aa8572323ca7901",
          "beforeCompanySnapshotSha256": "0b613faf4dfb80c52bfa836609d013ac0c26e7f4eb4c0bcf6ad3914277b1adfe",
          "appliedAfterImageSha256": "fbe1616547e93d2499a5ee0990ba4bb1250d252fb2bebeb6e6568351234f8684",
          "seedAfterImageSha256": "fbe1616547e93d2499a5ee0990ba4bb1250d252fb2bebeb6e6568351234f8684",
          "approvedSeedEntrySha256": "cd10a1ac36e248b967169656ea5e3ab29569e22a962094bca0ad8af2ba5f5669",
          "databaseTargetFingerprint": "45836a2e3306aa27a98c47cded3087b545691ec737c22861a69c4ab202986929",
          "transactionId": "3be4daaf-12fa-4528-94a9-d7e224cdd250",
          "auditEventId": "cmtehfyke000fsm2bo6eadjgk",
          "appliedAt": "2026-08-29T14:35:34.464Z",
          "verification": {
            "databaseMatchesAfterImage": true,
            "seedMatchesAfterImage": true,
            "detailApiVerified": true
          },
          "receiptSha256": "8557d44e766cb689a5b2caa76cd853f123635540ab489a5b0953cc0b528ee384"
        }
      },
      {
        "kind": "MUTATION",
        "taskId": "ledger:0241:live-oak-wind-farm:082ed40f",
        "taskIndex": 241,
        "companyName": "Live Oak Wind Farm",
        "receipt": {
          "schemaVersion": 1,
          "artifactType": "PORTCO_CHANGE_APPLY_RECEIPT",
          "runId": "portco-reconciliation-2026-08-03-v2",
          "taskId": "ledger:0241:live-oak-wind-farm:082ed40f",
          "taskIndex": 241,
          "companyName": "Live Oak Wind Farm",
          "companyId": "cmrxpjf0f00wkivhexu0u6f39",
          "proposalSha256": "d61911b72dfd25b6f42eac2d4a2368b3b528c7457000fe6e532a11de507e92b3",
          "approvalSha256": "ed33155ce06f96f8b08c79d5c69c0a424ed269a1ecd622c25ecb93d866c402c6",
          "productionSnapshotSha256": "3685e80928c5d7a793fa83fdaf6bbda31f0ca89f760f1f357829f0c4a3b9086d",
          "beforeCompanySnapshotSha256": "387324807afe2c2b4e9d119e7b2795f5b9546e1fa9f3901765826fd049ba2f29",
          "appliedAfterImageSha256": "cdacd0d309b6c7f6c33fefd12380eb252bab38a9f5157c30b4402b487727f935",
          "seedAfterImageSha256": "cdacd0d309b6c7f6c33fefd12380eb252bab38a9f5157c30b4402b487727f935",
          "approvedSeedEntrySha256": "86bb67db2f4e730ec6561babe9af7caf07698595a8be1b1a366347f9ae93ca25",
          "databaseTargetFingerprint": "45836a2e3306aa27a98c47cded3087b545691ec737c22861a69c4ab202986929",
          "transactionId": "3be4daaf-12fa-4528-94a9-d7e224cdd250",
          "auditEventId": "cmtehg336000qsm2byph4ef6w",
          "appliedAt": "2026-08-29T14:35:34.464Z",
          "verification": {
            "databaseMatchesAfterImage": true,
            "seedMatchesAfterImage": true,
            "detailApiVerified": true
          },
          "receiptSha256": "ec116ac02521555fc26a90bd13cbb85d4d081f2428d31feacb6628e3b309a224"
        }
      },
      {
        "kind": "TERMINAL",
        "taskId": "ledger:0242:mobilinx:7d20cccb",
        "taskIndex": 242,
        "companyName": "Mobilinx",
        "outcome": "DEFERRED",
        "decisionSha256": "aec9a175438f1e0e81dae2bf12359250033e239d1a18413faea42a88cbd95fcd"
      },
      {
        "kind": "MUTATION",
        "taskId": "ledger:0243:north-carolina-solar:5919d3cc",
        "taskIndex": 243,
        "companyName": "North Carolina Solar",
        "receipt": {
          "schemaVersion": 1,
          "artifactType": "PORTCO_CHANGE_APPLY_RECEIPT",
          "runId": "portco-reconciliation-2026-08-03-v2",
          "taskId": "ledger:0243:north-carolina-solar:5919d3cc",
          "taskIndex": 243,
          "companyName": "North Carolina Solar",
          "companyId": "cmrxpjf1j00wmivheot2d4ja5",
          "proposalSha256": "bc5ba06922d0c325d33afa1ff470e9c0e06000babfd89803aafa10af7f9cb997",
          "approvalSha256": "822c82ccb8b5e6f221d265c394a6c169a2e0f1fb7a4f5d7805b82841f78ed94b",
          "productionSnapshotSha256": "6664411dd5f9a496d23b1c3205c0f3d9cffc283c9fc9dad440dab57c20fc205b",
          "beforeCompanySnapshotSha256": "2770d6584581885973c42fc79942f641497c29cf69f912325658a133f69ed58a",
          "appliedAfterImageSha256": "49229564faa61a9350e63f050811b711cd9e72cf1ea903ec10bbb24077b6f401",
          "seedAfterImageSha256": "49229564faa61a9350e63f050811b711cd9e72cf1ea903ec10bbb24077b6f401",
          "approvedSeedEntrySha256": "1c2900f0f13c50335a9edb7f2a0e809434a627d96d128bf8c5d26ae11710e41b",
          "databaseTargetFingerprint": "45836a2e3306aa27a98c47cded3087b545691ec737c22861a69c4ab202986929",
          "transactionId": "3be4daaf-12fa-4528-94a9-d7e224cdd250",
          "auditEventId": "cmtehg7rn0011sm2bm0pojt9h",
          "appliedAt": "2026-08-29T14:35:34.464Z",
          "verification": {
            "databaseMatchesAfterImage": true,
            "seedMatchesAfterImage": true,
            "detailApiVerified": true
          },
          "receiptSha256": "d18e1ffe1e3cef4687a0f766782046c7d22374fa67e7a3dbe61ed8e824112049"
        }
      }
    ],
    "verification": {
      "databaseTransactionCommitted": true,
      "seedArtifactVerified": true,
      "allDetailApisVerified": true,
      "partialDatabaseApplication": false
    },
    "receiptSha256": "d158dd38db18cdc9d19a6c3ae7d365aa5497d91671f11ba4f86e181ba2d71f14"
  }
}
