
> infra-tracker@1.0.0 portco:reconciliation:batch:apply
> npx tsx scripts/portco-reconciliation/batch-apply-cli.ts --batch-manifest=audits/portco-reconciliation/2026-08-23/batches/batch-0297-0301-v1/batch-manifest-v3.json --batch-sha256=d3e2562a9c1686bb6a189868188db766c574f56d6927c98fa3bfe94cd78b2416

(node:3436) DeprecationWarning: Calling client.query() when the client is already executing a query is deprecated and will be removed in pg@9.0. Use async/await or an external async flow control mechanism instead.
(Use `node --trace-deprecation ...` to show where the warning was created)
{
  "mode": "BATCH_DRY_RUN",
  "batchId": "batch-0297-0301-v1",
  "batchSha256": "d3e2562a9c1686bb6a189868188db766c574f56d6927c98fa3bfe94cd78b2416",
  "databaseWrites": false,
  "seedWrites": false,
  "plans": [
    {
      "companyName": "Tarana Wireless",
      "mutations": [
        {
          "kind": "CORRECT_COMPANY",
          "relationIds": [],
          "detail": "Apply approved changes to recordStatus, lastVerifiedAt."
        }
      ],
      "changedFields": [
        "lastVerifiedAt",
        "recordStatus"
      ],
      "retiredCompanyIds": []
    },
    {
      "companyName": "Transportation Equipment Network",
      "mutations": [
        {
          "kind": "CORRECT_COMPANY",
          "relationIds": [],
          "detail": "Apply approved changes to aliases, description, website, yearFounded, headquarters, lastVerifiedAt, ownershipPeriods, milestones, citations."
        },
        {
          "kind": "ADD_OWNER",
          "relationIds": [],
          "detail": "Add 2 approved ownership period(s)."
        },
        {
          "kind": "MERGE_COMPANIES",
          "relationIds": [
            "seed:ledger:0494:transportation-equipment-network-ten:c5e0a020"
          ],
          "detail": "retire 1 reviewed seed-only identity record(s)"
        }
      ],
      "changedFields": [
        "aliases",
        "citations",
        "description",
        "headquarters",
        "lastVerifiedAt",
        "milestones",
        "ownershipPeriods",
        "seedIdentities",
        "website",
        "yearFounded"
      ],
      "retiredCompanyIds": []
    },
    {
      "companyName": "Saragon",
      "mutations": [
        {
          "kind": "CREATE_COMPANY",
          "relationIds": [],
          "detail": "Create the approved canonical company and all approved relations."
        }
      ],
      "changedFields": [
        "company"
      ],
      "retiredCompanyIds": []
    },
    {
      "companyName": "Zenith Energy Portland Terminal",
      "mutations": [
        {
          "kind": "CORRECT_COMPANY",
          "relationIds": [],
          "detail": "Apply approved changes to name, aliases, description, website, headquarters, lastVerifiedAt, milestones, citations."
        },
        {
          "kind": "RETRACT_ERRONEOUS_OWNERSHIP",
          "relationIds": [
            "cmrxpk4cj020fivhewn59zvlv"
          ],
          "detail": "Retract 1 proven erroneous ownership period(s); revision history preserves the prior claim."
        },
        {
          "kind": "ADD_OWNER",
          "relationIds": [],
          "detail": "Add 2 approved ownership period(s)."
        },
        {
          "kind": "ADD_PENDING_TRANSACTION",
          "relationIds": [],
          "detail": "Add 1 signed pending ownership transaction(s)."
        }
      ],
      "changedFields": [
        "aliases",
        "citations",
        "description",
        "headquarters",
        "lastVerifiedAt",
        "milestones",
        "name",
        "ownershipPeriods",
        "pendingOwnershipTransactions",
        "website"
      ],
      "retiredCompanyIds": []
    }
  ]
}
