
> infra-tracker@1.0.0 portco:reconciliation:apply
> npx tsx scripts/portco-reconciliation/apply-cli.ts --proposal=audits/portco-reconciliation/2026-08-03/proposals/0007-terranova-v1/proposal.json --approval=audits/portco-reconciliation/2026-08-03/approvals/0007-terranova-v1.json --production-snapshot=audits/portco-reconciliation/2026-08-03/execution-v1/tasks/0007-terranova/production-snapshot.json --proposal-sha256=15e2ce045765c8a7dc601ddee85154ff4cad846c6285f265bdd7f21a1732f89d --approval-sha256=3745b76f5e71d43d905377ea83eb3c675691bb52063638104fd6f4ed3c8d057f --snapshot-sha256=f5833f2a747e5ef2a1ccd3fc2b9919958065173968ec34d16b1164c6df96f1e9

(node:2900) DeprecationWarning: Calling client.query() when the client is already executing a query is deprecated and will be removed in pg@9.0. Use async/await or an external async flow control mechanism instead.
(Use `node --trace-deprecation ...` to show where the warning was created)
{
  "mode": "DRY_RUN",
  "databaseWrites": false,
  "seedWrites": false,
  "seedEntry": {
    "proposalSha256": "15e2ce045765c8a7dc601ddee85154ff4cad846c6285f265bdd7f21a1732f89d",
    "approvalSha256": "3745b76f5e71d43d905377ea83eb3c675691bb52063638104fd6f4ed3c8d057f",
    "afterImageSha256": "e6461a3d1cb5815cfaf7d3c290ce82988b0f633876e91a2d38af0c2e14265647",
    "taskId": "ledger:0007:terranova:429078b6",
    "operation": "ARCHIVE",
    "company": {
      "name": "TERRANOVA",
      "investmentFirm": "Actis",
      "sector": "Digital",
      "subsector": "Hyperscale data center development platform",
      "region": "Latin America",
      "country": "Mexico",
      "ownershipVehicle": "Actis Digital Infrastructure",
      "description": "TERRANOVA is a Latin American hyperscale data center platform being developed for cloud, AI, and enterprise computing demand. Its end markets are hyperscale cloud providers and other large digital infrastructure users that require large sites with secured land and power. The operating model is asset-heavy and development led, with value creation tied to site control, power access, construction, and eventual long-term customer occupancy. Actis disclosed at launch that the platform had secured land and power capable of supporting up to 1 GW across projects in Mexico, Brazil, and Chile, with the first campus located in Querétaro. Actis launched TERRANOVA in December 2025 through its digital infrastructure strategy, and the current ownership percentages are not publicly disclosed.",
      "status": "Active",
      "countryTags": [
        "Mexico"
      ],
      "website": "https://dcterranova.com/en/",
      "yearFounded": 2025,
      "investmentYear": 2025,
      "milestones": [
        {
          "date": "Dec 2025",
          "event": "Actis launched TERRANOVA with a stated $1.5 billion investment commitment.",
          "category": "Financing"
        },
        {
          "date": "2026",
          "event": "TERRANOVA advanced development of a second Mexican campus in San Miguel de Allende, Guanajuato.",
          "category": "Expansion"
        },
        {
          "date": "Feb 2026",
          "event": "TERRANOVA's first campus in Querétaro, Mexico entered operation.",
          "category": "Expansion"
        }
      ],
      "management": [],
      "sources": [
        {
          "label": "Dcterranova — TERRANOVA",
          "url": "https://dcterranova.com/",
          "type": "WEBSITE",
          "purpose": "COMPANY_PROFILE",
          "evidenceLabel": "Dcterranova company profile"
        },
        {
          "label": "Announcement date source — Actis — TERRANOVA",
          "url": "https://www.act.is/2025/12/02/actis-launches-new-latin-american-hyperscale-data-center-platform-terranova-to-accelerate-latin-americas-digital-expansion/",
          "type": "PRESS_RELEASE",
          "purpose": "OWNERSHIP_INVESTMENT",
          "evidenceLabel": "Actis transaction announcement"
        },
        {
          "label": "Data Center Dynamics — TERRANOVA",
          "url": "https://www.datacenterdynamics.com/en/news/terranova-launches-in-mexico-with-its-first-data-center-campus/",
          "type": "ARTICLE",
          "purpose": "SUPPORTING_CONTEXT",
          "evidenceLabel": "Data Center Dynamics — TERRANOVA"
        },
        {
          "label": "Dcterranova — TERRANOVA",
          "url": "https://dcterranova.com/en/blog/terranova-do-fundo-actis-entra-no-setor-de-data-centers-de-hiperescala",
          "type": "ARTICLE",
          "purpose": "SUPPORTING_CONTEXT",
          "evidenceLabel": "Dcterranova — TERRANOVA"
        }
      ],
      "owners": [
        {
          "investmentFirm": "Actis",
          "ownershipVehicle": "Actis Digital Infrastructure",
          "investmentYear": 2025,
          "status": "Active",
          "transactionState": "CLOSED_ACTIVE"
        }
      ]
    },
    "retiredCompanies": [],
    "canonicalAfterImage": {
      "id": "cmrxpj45i00g3ivhe0qjt3g4o",
      "name": "TERRANOVA",
      "aliases": [],
      "sector": "DIGITAL",
      "subsector": "Hyperscale data center development platform",
      "region": "LATIN_AMERICA",
      "country": "Mexico",
      "countryTags": [
        "Mexico"
      ],
      "description": "TERRANOVA is a Latin American hyperscale data center platform being developed for cloud, AI, and enterprise computing demand. Its end markets are hyperscale cloud providers and other large digital infrastructure users that require large sites with secured land and power. The operating model is asset-heavy and development led, with value creation tied to site control, power access, construction, and eventual long-term customer occupancy. Actis disclosed at launch that the platform had secured land and power capable of supporting up to 1 GW across projects in Mexico, Brazil, and Chile, with the first campus located in Querétaro. Actis launched TERRANOVA in December 2025 through its digital infrastructure strategy, and the current ownership percentages are not publicly disclosed.",
      "companyStatus": "ACTIVE",
      "recordStatus": "ARCHIVED",
      "website": "https://dcterranova.com/en/",
      "yearFounded": 2025,
      "headquarters": null,
      "lastVerifiedAt": "2026-08-03T00:00:00.000Z",
      "ownershipPeriods": [
        {
          "id": "cmrxpjp8001cjivheq9pj9p68",
          "managerName": "Actis",
          "organizationName": "Actis",
          "fundName": null,
          "vehicleName": "Actis Digital Infrastructure",
          "stake": null,
          "investmentYear": 2025,
          "exitYear": null,
          "isActive": true,
          "transactionState": "CLOSED_ACTIVE"
        }
      ],
      "pendingOwnershipTransactions": [],
      "milestones": [
        {
          "id": "cmrxpkci202d3ivhewxfbfea3",
          "date": "Dec 2025",
          "event": "Actis launched TERRANOVA with a stated $1.5 billion investment commitment.",
          "category": "FINANCING",
          "sortDate": "2025-12-01T05:00:00.000Z",
          "evidenceUrls": []
        },
        {
          "id": "cmrxpkcik02d4ivhegaecz86u",
          "date": "2026",
          "event": "TERRANOVA advanced development of a second Mexican campus in San Miguel de Allende, Guanajuato.",
          "category": "EXPANSION",
          "sortDate": "2026-01-01T00:00:00.000Z",
          "evidenceUrls": []
        },
        {
          "id": "cmrxpkcj102d5ivhezllk9kq2",
          "date": "Feb 2026",
          "event": "TERRANOVA's first campus in Querétaro, Mexico entered operation.",
          "category": "EXPANSION",
          "sortDate": "2026-02-01T05:00:00.000Z",
          "evidenceUrls": []
        }
      ],
      "managementRoles": [],
      "citations": [
        {
          "id": "cmrxpojsg06ufivheti8n8j2h",
          "label": "Dcterranova — TERRANOVA",
          "url": "https://dcterranova.com/",
          "sourceType": "WEBSITE",
          "purpose": "COMPANY_PROFILE",
          "evidenceLabel": "Dcterranova company profile",
          "isPrimary": true
        },
        {
          "id": "cmrxpojtf06uhivheh1qkgu3u",
          "label": "Announcement date source — Actis — TERRANOVA",
          "url": "https://www.act.is/2025/12/02/actis-launches-new-latin-american-hyperscale-data-center-platform-terranova-to-accelerate-latin-americas-digital-expansion/",
          "sourceType": "PRESS_RELEASE",
          "purpose": "OWNERSHIP_INVESTMENT",
          "evidenceLabel": "Actis transaction announcement",
          "isPrimary": false
        },
        {
          "id": "cmrxpojuj06ujivhe92qzpgle",
          "label": "Data Center Dynamics — TERRANOVA",
          "url": "https://www.datacenterdynamics.com/en/news/terranova-launches-in-mexico-with-its-first-data-center-campus/",
          "sourceType": "ARTICLE",
          "purpose": "SUPPORTING_CONTEXT",
          "evidenceLabel": "Data Center Dynamics — TERRANOVA",
          "isPrimary": false
        },
        {
          "id": "cmrxpojvx06ulivhezad6g2jv",
          "label": "Dcterranova — TERRANOVA",
          "url": "https://dcterranova.com/en/blog/terranova-do-fundo-actis-entra-no-setor-de-data-centers-de-hiperescala",
          "sourceType": "ARTICLE",
          "purpose": "SUPPORTING_CONTEXT",
          "evidenceLabel": "Dcterranova — TERRANOVA",
          "isPrimary": false
        }
      ]
    }
  },
  "plan": {
    "companyName": "TERRANOVA",
    "mutations": [
      {
        "kind": "CORRECT_COMPANY",
        "relationIds": [],
        "detail": "Apply approved changes to region, recordStatus, website, headquarters, lastVerifiedAt."
      }
    ],
    "changedFields": [
      "headquarters",
      "lastVerifiedAt",
      "recordStatus",
      "region",
      "website"
    ],
    "retiredCompanyIds": []
  }
}
