
> infra-tracker@1.0.0 portco:reconciliation:apply
> npx tsx scripts/portco-reconciliation/apply-cli.ts --proposal=audits/portco-reconciliation/2026-08-03/proposals/0034-duquesne-light-company-v5/proposal.json --approval=audits/portco-reconciliation/2026-08-03/approvals/0034-duquesne-light-company-v5.json --production-snapshot=audits/portco-reconciliation/2026-08-03/execution-v1/tasks/0034-duquesne-light-company/attempt-5/production-snapshot.json --proposal-sha256=b64a827607b7dd396ae2d906c33e1d10c6d1bd4dad70a1d068e8b58fac547e18 --approval-sha256=cb2f7f9ab873edafa85654a088a4bee51d550b96b80d46858d02f14045b8e6b8 --snapshot-sha256=d7a75d2da91de6b6b38c467fb9e3e47c6a6cb8fb37df9384e4c3f67d5168a517 --seed-artifact=prisma/seed-data/approved-portco-after-images.json --apply --write-token=APPLY_APPROVED_PORTCO_CHANGE --receipt=tmp/portco-reconciliation/production/apply-receipt.json --public-base-url=https://infra-ma-2.vercel.app/Infra-MA2/

(node:3217) DeprecationWarning: Calling client.query() when the client is already executing a query is deprecated and will be removed in pg@9.0. Use async/await or an external async flow control mechanism instead.
(Use `node --trace-deprecation ...` to show where the warning was created)
{
  "mode": "APPLIED",
  "receiptPath": "/home/runner/work/Infra-MA2/Infra-MA2/tmp/portco-reconciliation/production/apply-receipt.json",
  "receipt": {
    "schemaVersion": 1,
    "artifactType": "PORTCO_CHANGE_APPLY_RECEIPT",
    "runId": "portco-reconciliation-2026-08-03-v2",
    "taskId": "ledger:0034:duquesne-light-company:06909b9f",
    "taskIndex": 34,
    "companyName": "Duquesne Light Company",
    "proposalSha256": "b64a827607b7dd396ae2d906c33e1d10c6d1bd4dad70a1d068e8b58fac547e18",
    "approvalSha256": "cb2f7f9ab873edafa85654a088a4bee51d550b96b80d46858d02f14045b8e6b8",
    "productionSnapshotSha256": "d7a75d2da91de6b6b38c467fb9e3e47c6a6cb8fb37df9384e4c3f67d5168a517",
    "beforeCompanySnapshotSha256": "c33e2cf3521a23b7ee053f1ebbc18962456b0f1b575ef4a8910e896a75734578",
    "appliedAfterImageSha256": "b93b9a710566a66ea40325b1feb034aec64c07994fe9c157c3e064f64167d6dc",
    "seedAfterImageSha256": "b93b9a710566a66ea40325b1feb034aec64c07994fe9c157c3e064f64167d6dc",
    "databaseTargetFingerprint": "45836a2e3306aa27a98c47cded3087b545691ec737c22861a69c4ab202986929",
    "transactionId": "57d5d91f-a221-453c-a2c7-aeb5c2ebbd2a",
    "auditEventId": "cmsjylqlv000dhd4sirjo55zh",
    "appliedAt": "2026-08-08T05:54:55.397Z",
    "verification": {
      "databaseMatchesAfterImage": true,
      "seedMatchesAfterImage": true,
      "detailApiVerified": true
    },
    "receiptSha256": "f70fea82736dc23c43c6209c2a6de4c4773676e576e739c556136d3c40a81f51"
  }
}
