
> infra-tracker@1.0.0 portco:reconciliation:apply
> npx tsx scripts/portco-reconciliation/apply-cli.ts --proposal=audits/portco-reconciliation/2026-08-03/proposals/0034-duquesne-light-company-v5/proposal.json --approval=audits/portco-reconciliation/2026-08-03/approvals/0034-duquesne-light-company-v5.json --production-snapshot=audits/portco-reconciliation/2026-08-03/execution-v1/tasks/0034-duquesne-light-company/attempt-5/production-snapshot.json --proposal-sha256=b64a827607b7dd396ae2d906c33e1d10c6d1bd4dad70a1d068e8b58fac547e18 --approval-sha256=cb2f7f9ab873edafa85654a088a4bee51d550b96b80d46858d02f14045b8e6b8 --snapshot-sha256=d7a75d2da91de6b6b38c467fb9e3e47c6a6cb8fb37df9384e4c3f67d5168a517

(node:2978) DeprecationWarning: Calling client.query() when the client is already executing a query is deprecated and will be removed in pg@9.0. Use async/await or an external async flow control mechanism instead.
(Use `node --trace-deprecation ...` to show where the warning was created)
{
  "mode": "DRY_RUN",
  "databaseWrites": false,
  "seedWrites": false,
  "seedEntry": {
    "proposalSha256": "b64a827607b7dd396ae2d906c33e1d10c6d1bd4dad70a1d068e8b58fac547e18",
    "approvalSha256": "cb2f7f9ab873edafa85654a088a4bee51d550b96b80d46858d02f14045b8e6b8",
    "afterImageSha256": "b93b9a710566a66ea40325b1feb034aec64c07994fe9c157c3e064f64167d6dc",
    "taskId": "ledger:0034:duquesne-light-company:06909b9f",
    "operation": "UPSERT",
    "company": {
      "name": "Duquesne Light Company",
      "investmentFirm": "GIC",
      "sector": "Utilities",
      "subsector": "Regulated electric distribution utility",
      "region": "North America",
      "country": "United States",
      "ownershipVehicle": "Epsom Investment Pte. Ltd.",
      "description": "Duquesne Light Company is the regulated electric transmission and distribution utility serving more than 600,000 customers across Allegheny and Beaver counties, including Pittsburgh, over an approximately 812-square-mile service territory. The company does not generate power and maintains approximately 8,400 miles of transmission and distribution lines. Its parent, DQE Holdings LLC, discloses three current ownership vehicles: GIC affiliate Epsom Investment Pte. Ltd. at 44.4%, Manulife/John Hancock and PGGM vehicle Three Rivers Utility Holdings, LLC at 30.4%, and APG/CalSTRS vehicle AIA Montana LLC, managed by Argo Infrastructure Partners, at 25.2%. Macquarie's former infrastructure ownership was realized in 2016.",
      "status": "Active",
      "countryTags": [
        "United States"
      ],
      "website": "https://duquesnelight.com/",
      "yearFounded": 1912,
      "investmentYear": 2011,
      "headquarters": "Pittsburgh, Pennsylvania",
      "milestones": [
        {
          "date": "1912",
          "event": "The present Duquesne Light Company was formed on November 15, 1912 through the consolidation of three predecessor utilities.",
          "category": "Founding"
        },
        {
          "date": "May 2007",
          "event": "Duquesne Light Holdings completed its take-private by a Macquarie-led infrastructure consortium in May 2007.",
          "category": "Acquisition"
        },
        {
          "date": "2011",
          "event": "Epsom Investment Pte. Ltd., a GIC affiliate, acquired DUET's interests in DQE Holdings; Duquesne reports GIC as an owner since 2011 and its current stake as 44.4%.",
          "category": "Acquisition"
        },
        {
          "date": "2016",
          "event": "Macquarie Infrastructure and Real Assets sold its 30.4% DQE Holdings interest to PGGM and John Hancock through Three Rivers Utility Holdings, LLC.",
          "category": "Acquisition"
        },
        {
          "date": "2017",
          "event": "AIA Montana LLC, owned by APG Americas Infrastructure and CalSTRS and managed by Argo Infrastructure Partners, became a DQE Holdings owner; its current vehicle interest is 25.2%.",
          "category": "Acquisition"
        }
      ],
      "management": [],
      "sources": [
        {
          "label": "Investment date source — GIC — Duquesne Light Company",
          "url": "https://duquesnelight.com/company/about/investors",
          "type": "WEBSITE",
          "purpose": "OWNERSHIP_INVESTMENT",
          "evidenceLabel": "GIC initial investment / ownership"
        },
        {
          "label": "Investment date source — GIC — Duquesne Light Company",
          "url": "https://duquesnelight.com/company/about/investors",
          "type": "WEBSITE",
          "purpose": "OWNERSHIP_INVESTMENT",
          "evidenceLabel": "APG Infrastructure initial investment / ownership"
        },
        {
          "label": "Duquesnelight — Duquesne Light Company",
          "url": "https://duquesnelight.com/company/about",
          "type": "WEBSITE",
          "purpose": "COMPANY_PROFILE",
          "evidenceLabel": "Duquesnelight company profile"
        },
        {
          "label": "Close date source — Macquarie Asset Management — Duquesne Light Company",
          "url": "https://www.puc.pa.gov/press-release/2007/puc-approves-agreement-for-macquarie-consortium-to-purchase-duquesne-light",
          "type": "ARTICLE",
          "purpose": "OWNERSHIP_INVESTMENT",
          "evidenceLabel": "Macquarie Asset Management closing confirmation"
        },
        {
          "label": "Manulifeim — Duquesne Light Holdings, Inc.",
          "url": "https://www.manulifeim.com/institutional/global/en/insights/private-markets/manulife-investment-management-to-acquire-interest-in-us-utility-company",
          "type": "ARTICLE",
          "purpose": "SUPPORTING_CONTEXT",
          "evidenceLabel": "Manulifeim — Duquesne Light Holdings, Inc."
        },
        {
          "label": "Duquesne Light — 2025 Corporate Responsibility Report",
          "url": "https://duquesnelight.com/docs/default-source/default-document-library/dlc-2025-corporate-responsibility-report.pdf?sfvrsn=35f12447_4",
          "type": "OTHER",
          "purpose": "OWNERSHIP_INVESTMENT",
          "evidenceLabel": "Current ownership roster, stakes, infrastructure profile, and geography"
        },
        {
          "label": "Duquesne Light Company fact sheet",
          "url": "https://duquesnelight.com/docs/default-source/pdf-library/company-fact-sheet.pdf?sfvrsn=2676ef44_7",
          "type": "OTHER",
          "purpose": "COMPANY_PROFILE",
          "evidenceLabel": "Pittsburgh headquarters, customer count, service territory, and network scale"
        },
        {
          "label": "New York City Comptroller — 2016 infrastructure market overview",
          "url": "https://comptroller.nyc.gov/wp-content/uploads/documents/NYCERS-Common-Investment-Meeting-March-2017_revised.pdf",
          "type": "OTHER",
          "purpose": "OWNERSHIP_INVESTMENT",
          "evidenceLabel": "Macquarie's completed 2016 sale of its 30.4% Duquesne interest"
        },
        {
          "label": "PGGM — direct infrastructure investment in Duquesne",
          "url": "https://pggm.nl/en/blogs/how-pggm-s-direct-approach-has-helped-shape-the-market",
          "type": "ARTICLE",
          "purpose": "OWNERSHIP_INVESTMENT",
          "evidenceLabel": "PGGM's 2016 direct acquisition and continued Duquesne portfolio classification"
        },
        {
          "label": "Pennsylvania Bulletin — transfer of DQE Holdings interests to GIC affiliate Epsom",
          "url": "https://www.pacodeandbulletin.gov/Display/pabull?file=%2Fsecure%2Fpabulletin%2Fdata%2Fvol40%2F40-51%2F2442.html",
          "type": "ARTICLE",
          "purpose": "OWNERSHIP_INVESTMENT",
          "evidenceLabel": "GIC entry through Epsom and DUET predecessor ownership"
        },
        {
          "label": "Duquesne Light — corporate incorporation history",
          "url": "https://www.duquesnelight.com/docs/default-source/default-document-library/exhibit-1-parts-i-and-ii.pdf?sfvrsn=2",
          "type": "OTHER",
          "purpose": "MILESTONE_EVENT",
          "evidenceLabel": "November 15, 1912 formation of the present Duquesne Light Company"
        }
      ],
      "owners": [
        {
          "investmentFirm": "GIC",
          "ownershipVehicle": "Epsom Investment Pte. Ltd.",
          "investmentYear": 2011,
          "stake": "44.4%",
          "status": "Active",
          "transactionState": "CLOSED_ACTIVE"
        },
        {
          "investmentFirm": "Argo Infrastructure Partners",
          "ownershipVehicle": "AIA Montana LLC (managed by Argo; owned by APG and CalSTRS)",
          "investmentYear": 2017,
          "stake": "No separate economic stake; manager of AIA Montana LLC's 25.2% interest",
          "status": "Active",
          "transactionState": "CLOSED_ACTIVE"
        },
        {
          "investmentFirm": "Manulife",
          "ownershipVehicle": "Three Rivers Utility Holdings, LLC (John Hancock Infrastructure Fund / PGGM Infrastructure Fund)",
          "investmentYear": 2016,
          "stake": "30.4% vehicle interest, shared with PGGM",
          "status": "Active",
          "transactionState": "CLOSED_ACTIVE"
        },
        {
          "investmentFirm": "Macquarie Asset Management",
          "ownershipVehicle": "Macquarie Consortium",
          "investmentYear": 2007,
          "exitYear": 2016,
          "status": "Realized",
          "transactionState": "REALIZED"
        },
        {
          "investmentFirm": "APG Asset Management",
          "ownershipVehicle": "AIA Montana LLC (APG Americas Infrastructure / CalSTRS; managed by Argo)",
          "investmentYear": 2017,
          "stake": "Part of AIA Montana LLC's 25.2% interest, shared with CalSTRS",
          "status": "Active",
          "transactionState": "CLOSED_ACTIVE"
        }
      ]
    },
    "retiredCompanies": [],
    "canonicalAfterImage": {
      "id": "cmrxpjk6l014fivhea9xq8tne",
      "name": "Duquesne Light Company",
      "aliases": [],
      "sector": "UTILITIES",
      "subsector": "Regulated electric distribution utility",
      "region": "NORTH_AMERICA",
      "country": "United States",
      "countryTags": [
        "United States"
      ],
      "description": "Duquesne Light Company is the regulated electric transmission and distribution utility serving more than 600,000 customers across Allegheny and Beaver counties, including Pittsburgh, over an approximately 812-square-mile service territory. The company does not generate power and maintains approximately 8,400 miles of transmission and distribution lines. Its parent, DQE Holdings LLC, discloses three current ownership vehicles: GIC affiliate Epsom Investment Pte. Ltd. at 44.4%, Manulife/John Hancock and PGGM vehicle Three Rivers Utility Holdings, LLC at 30.4%, and APG/CalSTRS vehicle AIA Montana LLC, managed by Argo Infrastructure Partners, at 25.2%. Macquarie's former infrastructure ownership was realized in 2016.",
      "companyStatus": "ACTIVE",
      "recordStatus": "PUBLISHED",
      "website": "https://duquesnelight.com/",
      "yearFounded": 1912,
      "headquarters": "Pittsburgh, Pennsylvania",
      "lastVerifiedAt": "2026-08-08T00:00:00.000Z",
      "ownershipPeriods": [
        {
          "id": "cmrxpk6500239ivhe90n4hu3s",
          "managerName": "GIC",
          "organizationName": "GIC",
          "fundName": null,
          "vehicleName": "Epsom Investment Pte. Ltd.",
          "stake": "44.4%",
          "investmentYear": 2011,
          "exitYear": null,
          "isActive": true,
          "transactionState": "CLOSED_ACTIVE"
        },
        {
          "id": "cmrxpk65j023aivhervpvj2lt",
          "managerName": "Argo Infrastructure Partners",
          "organizationName": "Argo Infrastructure Partners",
          "fundName": null,
          "vehicleName": "AIA Montana LLC (managed by Argo; owned by APG and CalSTRS)",
          "stake": "No separate economic stake; manager of AIA Montana LLC's 25.2% interest",
          "investmentYear": 2017,
          "exitYear": null,
          "isActive": true,
          "transactionState": "CLOSED_ACTIVE"
        },
        {
          "id": "cmrxpk660023bivhey7nyyc6p",
          "managerName": "Manulife",
          "organizationName": "Manulife",
          "fundName": null,
          "vehicleName": "Three Rivers Utility Holdings, LLC (John Hancock Infrastructure Fund / PGGM Infrastructure Fund)",
          "stake": "30.4% vehicle interest, shared with PGGM",
          "investmentYear": 2016,
          "exitYear": null,
          "isActive": true,
          "transactionState": "CLOSED_ACTIVE"
        },
        {
          "id": "cmrxpk66k023civhetnij8ddx",
          "managerName": "Macquarie Asset Management",
          "organizationName": "Macquarie Asset Management",
          "fundName": null,
          "vehicleName": "Macquarie Consortium",
          "stake": null,
          "investmentYear": 2007,
          "exitYear": 2016,
          "isActive": false,
          "transactionState": "REALIZED"
        },
        {
          "id": "cmrxpk674023divhetlu46yqt",
          "managerName": "APG Asset Management",
          "organizationName": "APG Asset Management",
          "fundName": null,
          "vehicleName": "AIA Montana LLC (APG Americas Infrastructure / CalSTRS; managed by Argo)",
          "stake": "Part of AIA Montana LLC's 25.2% interest, shared with CalSTRS",
          "investmentYear": 2017,
          "exitYear": null,
          "isActive": true,
          "transactionState": "CLOSED_ACTIVE"
        }
      ],
      "pendingOwnershipTransactions": [],
      "milestones": [
        {
          "id": "cmrxpm8tt04mnivheqymx41er",
          "date": "1912",
          "event": "The present Duquesne Light Company was formed on November 15, 1912 through the consolidation of three predecessor utilities.",
          "category": "FOUNDING",
          "sortDate": "1912-01-01T00:00:00.000Z",
          "evidenceUrls": [
            "https://www.duquesnelight.com/docs/default-source/default-document-library/exhibit-1-parts-i-and-ii.pdf?sfvrsn=2",
            "https://duquesnelight.com/docs/default-source/default-document-library/dlc-2025-corporate-responsibility-report.pdf?sfvrsn=35f12447_4"
          ]
        },
        {
          "id": "cmrxpm8uf04moivhegan3quxm",
          "date": "May 2007",
          "event": "Duquesne Light Holdings completed its take-private by a Macquarie-led infrastructure consortium in May 2007.",
          "category": "ACQUISITION",
          "sortDate": "2007-05-01T04:00:00.000Z",
          "evidenceUrls": [
            "https://www.puc.pa.gov/press-release/2007/puc-approves-agreement-for-macquarie-consortium-to-purchase-duquesne-light",
            "https://duquesnelight.com/company/about/investors"
          ]
        },
        {
          "id": "cmrxpm8v004mpivhehho83144",
          "date": "2011",
          "event": "Epsom Investment Pte. Ltd., a GIC affiliate, acquired DUET's interests in DQE Holdings; Duquesne reports GIC as an owner since 2011 and its current stake as 44.4%.",
          "category": "ACQUISITION",
          "sortDate": "2011-01-01T00:00:00.000Z",
          "evidenceUrls": [
            "https://www.pacodeandbulletin.gov/Display/pabull?file=%2Fsecure%2Fpabulletin%2Fdata%2Fvol40%2F40-51%2F2442.html",
            "https://duquesnelight.com/company/about/investors"
          ]
        },
        {
          "id": "cmrxpm8ve04mqivhebevahsjj",
          "date": "2016",
          "event": "Macquarie Infrastructure and Real Assets sold its 30.4% DQE Holdings interest to PGGM and John Hancock through Three Rivers Utility Holdings, LLC.",
          "category": "ACQUISITION",
          "sortDate": "2016-01-01T00:00:00.000Z",
          "evidenceUrls": [
            "https://comptroller.nyc.gov/wp-content/uploads/documents/NYCERS-Common-Investment-Meeting-March-2017_revised.pdf",
            "https://pggm.nl/en/blogs/how-pggm-s-direct-approach-has-helped-shape-the-market",
            "https://duquesnelight.com/company/about/investors"
          ]
        },
        {
          "id": "cmrxpm8vz04mrivhe2elw49sg",
          "date": "2017",
          "event": "AIA Montana LLC, owned by APG Americas Infrastructure and CalSTRS and managed by Argo Infrastructure Partners, became a DQE Holdings owner; its current vehicle interest is 25.2%.",
          "category": "ACQUISITION",
          "sortDate": "2017-01-01T00:00:00.000Z",
          "evidenceUrls": [
            "https://duquesnelight.com/company/about/investors",
            "https://duquesnelight.com/docs/default-source/default-document-library/dlc-2025-corporate-responsibility-report.pdf?sfvrsn=35f12447_4"
          ]
        }
      ],
      "managementRoles": [],
      "citations": [
        {
          "id": "cmrxps0300bxaivhegh321pyk",
          "label": "Investment date source — GIC — Duquesne Light Company",
          "url": "https://duquesnelight.com/company/about/investors",
          "sourceType": "WEBSITE",
          "purpose": "OWNERSHIP_INVESTMENT",
          "evidenceLabel": "GIC initial investment / ownership",
          "isPrimary": true
        },
        {
          "id": "cmrxps03h0bxbivhe68y7p5lr",
          "label": "Investment date source — GIC — Duquesne Light Company",
          "url": "https://duquesnelight.com/company/about/investors",
          "sourceType": "WEBSITE",
          "purpose": "OWNERSHIP_INVESTMENT",
          "evidenceLabel": "APG Infrastructure initial investment / ownership",
          "isPrimary": false
        },
        {
          "id": "cmrxps04g0bxdivheodkfz2wa",
          "label": "Duquesnelight — Duquesne Light Company",
          "url": "https://duquesnelight.com/company/about",
          "sourceType": "WEBSITE",
          "purpose": "COMPANY_PROFILE",
          "evidenceLabel": "Duquesnelight company profile",
          "isPrimary": false
        },
        {
          "id": "cmrxps05d0bxfivhebiwxj3h2",
          "label": "Close date source — Macquarie Asset Management — Duquesne Light Company",
          "url": "https://www.puc.pa.gov/press-release/2007/puc-approves-agreement-for-macquarie-consortium-to-purchase-duquesne-light",
          "sourceType": "ARTICLE",
          "purpose": "OWNERSHIP_INVESTMENT",
          "evidenceLabel": "Macquarie Asset Management closing confirmation",
          "isPrimary": false
        },
        {
          "id": "cmrxps06f0bxhivhenqqn7vpb",
          "label": "Manulifeim — Duquesne Light Holdings, Inc.",
          "url": "https://www.manulifeim.com/institutional/global/en/insights/private-markets/manulife-investment-management-to-acquire-interest-in-us-utility-company",
          "sourceType": "ARTICLE",
          "purpose": "SUPPORTING_CONTEXT",
          "evidenceLabel": "Manulifeim — Duquesne Light Holdings, Inc.",
          "isPrimary": false
        },
        {
          "id": null,
          "label": "Duquesne Light — 2025 Corporate Responsibility Report",
          "url": "https://duquesnelight.com/docs/default-source/default-document-library/dlc-2025-corporate-responsibility-report.pdf?sfvrsn=35f12447_4",
          "sourceType": "OTHER",
          "purpose": "OWNERSHIP_INVESTMENT",
          "evidenceLabel": "Current ownership roster, stakes, infrastructure profile, and geography",
          "isPrimary": false
        },
        {
          "id": null,
          "label": "Duquesne Light Company fact sheet",
          "url": "https://duquesnelight.com/docs/default-source/pdf-library/company-fact-sheet.pdf?sfvrsn=2676ef44_7",
          "sourceType": "OTHER",
          "purpose": "COMPANY_PROFILE",
          "evidenceLabel": "Pittsburgh headquarters, customer count, service territory, and network scale",
          "isPrimary": false
        },
        {
          "id": null,
          "label": "New York City Comptroller — 2016 infrastructure market overview",
          "url": "https://comptroller.nyc.gov/wp-content/uploads/documents/NYCERS-Common-Investment-Meeting-March-2017_revised.pdf",
          "sourceType": "OTHER",
          "purpose": "OWNERSHIP_INVESTMENT",
          "evidenceLabel": "Macquarie's completed 2016 sale of its 30.4% Duquesne interest",
          "isPrimary": false
        },
        {
          "id": null,
          "label": "PGGM — direct infrastructure investment in Duquesne",
          "url": "https://pggm.nl/en/blogs/how-pggm-s-direct-approach-has-helped-shape-the-market",
          "sourceType": "ARTICLE",
          "purpose": "OWNERSHIP_INVESTMENT",
          "evidenceLabel": "PGGM's 2016 direct acquisition and continued Duquesne portfolio classification",
          "isPrimary": false
        },
        {
          "id": null,
          "label": "Pennsylvania Bulletin — transfer of DQE Holdings interests to GIC affiliate Epsom",
          "url": "https://www.pacodeandbulletin.gov/Display/pabull?file=%2Fsecure%2Fpabulletin%2Fdata%2Fvol40%2F40-51%2F2442.html",
          "sourceType": "ARTICLE",
          "purpose": "OWNERSHIP_INVESTMENT",
          "evidenceLabel": "GIC entry through Epsom and DUET predecessor ownership",
          "isPrimary": false
        },
        {
          "id": null,
          "label": "Duquesne Light — corporate incorporation history",
          "url": "https://www.duquesnelight.com/docs/default-source/default-document-library/exhibit-1-parts-i-and-ii.pdf?sfvrsn=2",
          "sourceType": "OTHER",
          "purpose": "MILESTONE_EVENT",
          "evidenceLabel": "November 15, 1912 formation of the present Duquesne Light Company",
          "isPrimary": false
        }
      ]
    }
  },
  "plan": {
    "companyName": "Duquesne Light Company",
    "mutations": [
      {
        "kind": "CORRECT_COMPANY",
        "relationIds": [],
        "detail": "Apply approved changes to description, website, headquarters, lastVerifiedAt, ownershipPeriods, milestones, citations."
      },
      {
        "kind": "RETIRE_OWNERSHIP",
        "relationIds": [
          "cmrxpk66k023civhetnij8ddx"
        ],
        "detail": "Retire 1 ownership period(s) without deleting history."
      }
    ],
    "changedFields": [
      "citations",
      "description",
      "headquarters",
      "lastVerifiedAt",
      "milestones",
      "ownershipPeriods",
      "website"
    ],
    "retiredCompanyIds": []
  }
}
