
> infra-tracker@1.0.0 portco:reconciliation:batch:apply
> npx tsx scripts/portco-reconciliation/batch-apply-cli.ts --batch-manifest=audits/portco-reconciliation/2026-08-23/batches/batch-0157-0161-v1/batch-manifest.json --batch-sha256=fb2ed49e613bc9d4711d647615e4cb55840f16591725e708e643a70a56cc92f6 --seed-artifact=prisma/seed-data/approved-portco-after-images.json --apply --write-token=APPLY_APPROVED_PORTCO_BATCH --commit-receipt=tmp/portco-reconciliation/production/batch-commit-receipt.json --receipt=tmp/portco-reconciliation/production/batch-apply-receipt.json --public-base-url=https://infra-ma-2.vercel.app/Infra-MA2/

(node:3943) DeprecationWarning: Calling client.query() when the client is already executing a query is deprecated and will be removed in pg@9.0. Use async/await or an external async flow control mechanism instead.
(Use `node --trace-deprecation ...` to show where the warning was created)
{
  "mode": "BATCH_APPLIED",
  "receiptPath": "/home/runner/work/Infra-MA2/Infra-MA2/tmp/portco-reconciliation/production/batch-apply-receipt.json",
  "receipt": {
    "schemaVersion": 1,
    "artifactType": "PORTCO_APPLY_BATCH_RECEIPT",
    "runId": "portco-reconciliation-2026-08-03-v2",
    "batchId": "batch-0157-0161-v1",
    "batchSha256": "fb2ed49e613bc9d4711d647615e4cb55840f16591725e708e643a70a56cc92f6",
    "releaseSha": "a66f6469b3ae29e94b463daba8ff953f030bacae",
    "databaseTargetFingerprint": "45836a2e3306aa27a98c47cded3087b545691ec737c22861a69c4ab202986929",
    "transactionId": "ccb9916a-0b18-4731-8b5b-afa886341d09",
    "appliedAt": "2026-08-23T15:52:40.001Z",
    "members": [
      {
        "kind": "MUTATION",
        "taskId": "ledger:0157:advanced-cooling-technologies-act:3ea176a7",
        "taskIndex": 157,
        "companyName": "Advanced Cooling Technologies (ACT)",
        "receipt": {
          "schemaVersion": 1,
          "artifactType": "PORTCO_CHANGE_APPLY_RECEIPT",
          "runId": "portco-reconciliation-2026-08-03-v2",
          "taskId": "ledger:0157:advanced-cooling-technologies-act:3ea176a7",
          "taskIndex": 157,
          "companyName": "Advanced Cooling Technologies (ACT)",
          "companyId": "cmrxpj96300ngivhermpkiwdm",
          "proposalSha256": "16c3b9883dce4dc27fa7a2afde944735547533f6507d40c6fd61a0ed0576857d",
          "approvalSha256": "4ccb910cca4750c088935b91809e862769f537fbfb8e51ed1ed9d516a464934c",
          "productionSnapshotSha256": "0eee3787525b3527c1275c4b86ef17ef162e51be1de67f3153ed2b32d6532e67",
          "beforeCompanySnapshotSha256": "43b48231d1ca00578bfc346e7a0fb8e18ea95d790f75a291bb99e9be80580640",
          "appliedAfterImageSha256": "dd81b5c1caff55e7389576f4f9dc2a4ab2ad81abe420c0c39b7fd7442d0e5e47",
          "seedAfterImageSha256": "dd81b5c1caff55e7389576f4f9dc2a4ab2ad81abe420c0c39b7fd7442d0e5e47",
          "approvedSeedEntrySha256": "ecf4743fc3bba6d8e59f76e7b8edc1b697aa9cf9f8d17b4a996cdf59094c958d",
          "databaseTargetFingerprint": "45836a2e3306aa27a98c47cded3087b545691ec737c22861a69c4ab202986929",
          "transactionId": "ccb9916a-0b18-4731-8b5b-afa886341d09",
          "auditEventId": "cmt5zk0sp00091jyyy5m0rcsa",
          "appliedAt": "2026-08-23T15:52:40.001Z",
          "verification": {
            "databaseMatchesAfterImage": true,
            "seedMatchesAfterImage": true,
            "detailApiVerified": true
          },
          "receiptSha256": "cdfe01b47481eac3b9c2a83b79a352c988ac1593f1376f9b50b78d4f37845d33"
        }
      },
      {
        "kind": "MUTATION",
        "taskId": "ledger:0158:arlington-industries:c7b020cc",
        "taskIndex": 158,
        "companyName": "Arlington Industries",
        "receipt": {
          "schemaVersion": 1,
          "artifactType": "PORTCO_CHANGE_APPLY_RECEIPT",
          "runId": "portco-reconciliation-2026-08-03-v2",
          "taskId": "ledger:0158:arlington-industries:c7b020cc",
          "taskIndex": 158,
          "companyName": "Arlington Industries",
          "companyId": "cmrxpj97700niivhe5vpquzmk",
          "proposalSha256": "cc4000cecb667d4f4cabb09022bf86a8caa91110be3a8047a986096251e9f4b2",
          "approvalSha256": "5f9c158677f63e747365448a5ee4654dca78178d4cd333e036d66267709ee9fc",
          "productionSnapshotSha256": "387bb7fe0c83d6a1be5c354647c2a4b1f53a7d171d94a75c062928eb709f80bc",
          "beforeCompanySnapshotSha256": "3b011cb4f06f0a8bf4660d30c03f861769de7dae83aa88076c4646a2d2dae564",
          "appliedAfterImageSha256": "10025825629ce0c7e1f3c109444449083722ca9be6dba5e4c4f0b1c25230537c",
          "seedAfterImageSha256": "10025825629ce0c7e1f3c109444449083722ca9be6dba5e4c4f0b1c25230537c",
          "approvedSeedEntrySha256": "ec731988c069cd61987d755f961c4d2acd514fa05b453ebca31abe09c151b342",
          "databaseTargetFingerprint": "45836a2e3306aa27a98c47cded3087b545691ec737c22861a69c4ab202986929",
          "transactionId": "ccb9916a-0b18-4731-8b5b-afa886341d09",
          "auditEventId": "cmt5zk2gh000j1jyy8ntecpbt",
          "appliedAt": "2026-08-23T15:52:40.001Z",
          "verification": {
            "databaseMatchesAfterImage": true,
            "seedMatchesAfterImage": true,
            "detailApiVerified": true
          },
          "receiptSha256": "7fc5d89d1b95c8086f6f9fab7e130dd1f10a65d33a74891940c94c7b20fe32cd"
        }
      },
      {
        "kind": "MUTATION",
        "taskId": "ledger:0159:magnolia-power-generating-station:a3187893",
        "taskIndex": 159,
        "companyName": "Magnolia Power Generating Station",
        "receipt": {
          "schemaVersion": 1,
          "artifactType": "PORTCO_CHANGE_APPLY_RECEIPT",
          "runId": "portco-reconciliation-2026-08-03-v2",
          "taskId": "ledger:0159:magnolia-power-generating-station:a3187893",
          "taskIndex": 159,
          "companyName": "Magnolia Power Generating Station",
          "companyId": "cmrxpj9b900nqivhekie3r4v7",
          "proposalSha256": "fd94b7a02a5d65d4bc0716db1db71fa3a65d4af576515ca1d9bc00ef4cc5cd65",
          "approvalSha256": "270aa5d4b7aab53992ecc8316e9dd8bb30a3eb4ac97e2c71f0e93a7df1b57aa5",
          "productionSnapshotSha256": "9569dcfd891e89e89c1a5ee9b11b8be078f50b2267896683c06ff7a631c4e724",
          "beforeCompanySnapshotSha256": "d86c9d49fff22deb502a3c3371f170dbde50a699bda5de26ce0339bc507383ea",
          "appliedAfterImageSha256": "60f3f34d520754ad51197ae99673ca4d6fef37076a36297e3333f0448030e5bd",
          "seedAfterImageSha256": "60f3f34d520754ad51197ae99673ca4d6fef37076a36297e3333f0448030e5bd",
          "approvedSeedEntrySha256": "3b8f7ce41196be82092b1237e0f02b8984aa70701c9a442b7252857f1ed81f66",
          "databaseTargetFingerprint": "45836a2e3306aa27a98c47cded3087b545691ec737c22861a69c4ab202986929",
          "transactionId": "ccb9916a-0b18-4731-8b5b-afa886341d09",
          "auditEventId": "cmt5zk53e000x1jyynkxw0ooo",
          "appliedAt": "2026-08-23T15:52:40.001Z",
          "verification": {
            "databaseMatchesAfterImage": true,
            "seedMatchesAfterImage": true,
            "detailApiVerified": true
          },
          "receiptSha256": "0595f498caf22db3cb08150c52aa766d9c1fe85301b72cbe95fe99df513ca9a6"
        }
      },
      {
        "kind": "MUTATION",
        "taskId": "ledger:0160:sabre-industries:6ac88af1",
        "taskIndex": 160,
        "companyName": "Sabre Industries",
        "receipt": {
          "schemaVersion": 1,
          "artifactType": "PORTCO_CHANGE_APPLY_RECEIPT",
          "runId": "portco-reconciliation-2026-08-03-v2",
          "taskId": "ledger:0160:sabre-industries:6ac88af1",
          "taskIndex": 160,
          "companyName": "Sabre Industries",
          "companyId": "cmrxpj9ht00o2ivheap8w7ncx",
          "proposalSha256": "33e02baa807678a88dea5f7636c9d6f7d4cbd85b08033e88f73488cc970b95d8",
          "approvalSha256": "629f357be67413aec08daaab93b41c71456877a7a2d31415cfb57a96046756a2",
          "productionSnapshotSha256": "f178ade6cb8a68d9b2b160c8e8be5742ab8fc1f207314abf3aff23357e95812c",
          "beforeCompanySnapshotSha256": "d2b9ffd1cdd30d51cb86a680069ad60f0ed6657714e90bc254dcad327cd4d903",
          "appliedAfterImageSha256": "907072d1a872deb95addbb30c9539efcd6149249db28509914a86818980f6b07",
          "seedAfterImageSha256": "907072d1a872deb95addbb30c9539efcd6149249db28509914a86818980f6b07",
          "approvedSeedEntrySha256": "ddff7b700fa15a5b2157bde74d9113df101fa98b810763267872dab513f7de09",
          "databaseTargetFingerprint": "45836a2e3306aa27a98c47cded3087b545691ec737c22861a69c4ab202986929",
          "transactionId": "ccb9916a-0b18-4731-8b5b-afa886341d09",
          "auditEventId": "cmt5zk6vg00121jyyq68f566w",
          "appliedAt": "2026-08-23T15:52:40.001Z",
          "verification": {
            "databaseMatchesAfterImage": true,
            "seedMatchesAfterImage": true,
            "detailApiVerified": true
          },
          "receiptSha256": "36d073591d15d6b04d516770d2ceff31b38e4deae1c24dabc07553e11f0e2108"
        }
      },
      {
        "kind": "MUTATION",
        "taskId": "ledger:0161:txnm-energy:91e56a1f",
        "taskIndex": 161,
        "companyName": "TXNM Energy",
        "receipt": {
          "schemaVersion": 1,
          "artifactType": "PORTCO_CHANGE_APPLY_RECEIPT",
          "runId": "portco-reconciliation-2026-08-03-v2",
          "taskId": "ledger:0161:txnm-energy:91e56a1f",
          "taskIndex": 161,
          "companyName": "TXNM Energy",
          "companyId": "cmrxpj9mq00o7ivheg939dp9z",
          "proposalSha256": "61f777ed9e2295961e91439085d1daa60f9de84e9a23f3fcc0405792c153f1d6",
          "approvalSha256": "e384d2df14dbf638d39c484124adf1abfe817ac742ef529ca4896ca86a9716a4",
          "productionSnapshotSha256": "62cefe0d1bcd7b57a0f9531232aeee7e83379ea6d9001ca1ad84115abe09f9ca",
          "beforeCompanySnapshotSha256": "d4e15dd577df792fcde86de022a517e6a1b2450792860adcc6064f3616261042",
          "appliedAfterImageSha256": "1376b48e2ee4b54116127159832cb4dfc8c8ce54dab4d35a1ad07c4926657085",
          "seedAfterImageSha256": "1376b48e2ee4b54116127159832cb4dfc8c8ce54dab4d35a1ad07c4926657085",
          "approvedSeedEntrySha256": "8a629cb7b517558a9e5ebfc16d91926ecfe6bcd1222a6fbbe3915d6a4347212e",
          "databaseTargetFingerprint": "45836a2e3306aa27a98c47cded3087b545691ec737c22861a69c4ab202986929",
          "transactionId": "ccb9916a-0b18-4731-8b5b-afa886341d09",
          "auditEventId": "cmt5zk8wm001i1jyy78wq502c",
          "appliedAt": "2026-08-23T15:52:40.001Z",
          "verification": {
            "databaseMatchesAfterImage": true,
            "seedMatchesAfterImage": true,
            "detailApiVerified": true
          },
          "receiptSha256": "bf37beedd297a9e5b6db3b41409f14783524288eff0111420227647ad6399fcd"
        }
      }
    ],
    "verification": {
      "databaseTransactionCommitted": true,
      "seedArtifactVerified": true,
      "allDetailApisVerified": true,
      "partialDatabaseApplication": false
    },
    "receiptSha256": "6b2df5bea89c397cfc539c651d2bd7dd6d3e9d09f0a9cf685380f20ab6571179"
  }
}
