
> infra-tracker@1.0.0 portco:reconciliation:batch:apply
> npx tsx scripts/portco-reconciliation/batch-apply-cli.ts --batch-manifest=audits/portco-reconciliation/2026-08-23/batches/batch-0157-0161-v1/batch-manifest.json --batch-sha256=fb2ed49e613bc9d4711d647615e4cb55840f16591725e708e643a70a56cc92f6

(node:3678) DeprecationWarning: Calling client.query() when the client is already executing a query is deprecated and will be removed in pg@9.0. Use async/await or an external async flow control mechanism instead.
(Use `node --trace-deprecation ...` to show where the warning was created)
{
  "mode": "BATCH_DRY_RUN",
  "batchId": "batch-0157-0161-v1",
  "batchSha256": "fb2ed49e613bc9d4711d647615e4cb55840f16591725e708e643a70a56cc92f6",
  "databaseWrites": false,
  "seedWrites": false,
  "plans": [
    {
      "companyName": "Advanced Cooling Technologies (ACT)",
      "mutations": [
        {
          "kind": "CORRECT_COMPANY",
          "relationIds": [],
          "detail": "Apply approved changes to aliases, subsector, description, website, headquarters, lastVerifiedAt, ownershipPeriods, milestones, citations."
        }
      ],
      "changedFields": [
        "aliases",
        "citations",
        "description",
        "headquarters",
        "lastVerifiedAt",
        "milestones",
        "ownershipPeriods",
        "subsector",
        "website"
      ],
      "retiredCompanyIds": []
    },
    {
      "companyName": "Arlington Industries",
      "mutations": [
        {
          "kind": "CORRECT_COMPANY",
          "relationIds": [],
          "detail": "Apply approved changes to aliases, description, website, headquarters, lastVerifiedAt, ownershipPeriods, milestones, citations."
        }
      ],
      "changedFields": [
        "aliases",
        "citations",
        "description",
        "headquarters",
        "lastVerifiedAt",
        "milestones",
        "ownershipPeriods",
        "website"
      ],
      "retiredCompanyIds": []
    },
    {
      "companyName": "Kindle Energy",
      "mutations": [
        {
          "kind": "CORRECT_COMPANY",
          "relationIds": [],
          "detail": "Apply approved changes to aliases, subsector, description, website, headquarters, lastVerifiedAt, ownershipPeriods, milestones, citations."
        },
        {
          "kind": "MERGE_COMPANIES",
          "relationIds": [
            "cmrxpj9dy00nvivhehugooqb3"
          ],
          "detail": "merge 1 production duplicate(s)"
        }
      ],
      "changedFields": [
        "aliases",
        "citations",
        "description",
        "headquarters",
        "lastVerifiedAt",
        "milestones",
        "ownershipPeriods",
        "redirects",
        "subsector",
        "website"
      ],
      "retiredCompanyIds": [
        "cmrxpj9dy00nvivhehugooqb3"
      ]
    },
    {
      "companyName": "Sabre Industries",
      "mutations": [
        {
          "kind": "CORRECT_COMPANY",
          "relationIds": [],
          "detail": "Apply approved changes to aliases, description, website, headquarters, lastVerifiedAt, ownershipPeriods, milestones, citations."
        }
      ],
      "changedFields": [
        "aliases",
        "citations",
        "description",
        "headquarters",
        "lastVerifiedAt",
        "milestones",
        "ownershipPeriods",
        "website"
      ],
      "retiredCompanyIds": []
    },
    {
      "companyName": "TXNM Energy",
      "mutations": [
        {
          "kind": "CORRECT_COMPANY",
          "relationIds": [],
          "detail": "Apply approved changes to aliases, subsector, description, website, headquarters, lastVerifiedAt, milestones, citations."
        },
        {
          "kind": "ADD_OWNER",
          "relationIds": [],
          "detail": "Add 1 approved ownership period(s)."
        },
        {
          "kind": "RETIRE_OWNERSHIP",
          "relationIds": [
            "cmrxpjuvp01lqivheohs4h1mf"
          ],
          "detail": "Retire 1 ownership period(s) without deleting history."
        },
        {
          "kind": "ADD_PENDING_TRANSACTION",
          "relationIds": [],
          "detail": "Add 1 signed pending ownership transaction(s)."
        }
      ],
      "changedFields": [
        "aliases",
        "citations",
        "description",
        "headquarters",
        "lastVerifiedAt",
        "milestones",
        "ownershipPeriods",
        "pendingOwnershipTransactions",
        "subsector",
        "website"
      ],
      "retiredCompanyIds": []
    }
  ]
}
