
> infra-tracker@1.0.0 portco:reconciliation:batch:apply
> npx tsx scripts/portco-reconciliation/batch-apply-cli.ts --batch-manifest=audits/portco-reconciliation/2026-08-23/batches/batch-0292-0296-v1/batch-manifest.json --batch-sha256=1c5dd9833e36fb00ec38cdbc48635f2959a97191d0ea1532525aee2c5b8263d1

(node:3484) DeprecationWarning: Calling client.query() when the client is already executing a query is deprecated and will be removed in pg@9.0. Use async/await or an external async flow control mechanism instead.
(Use `node --trace-deprecation ...` to show where the warning was created)
{
  "mode": "BATCH_DRY_RUN",
  "batchId": "batch-0292-0296-v1",
  "batchSha256": "1c5dd9833e36fb00ec38cdbc48635f2959a97191d0ea1532525aee2c5b8263d1",
  "databaseWrites": false,
  "seedWrites": false,
  "plans": [
    {
      "companyName": "FlexiVan",
      "mutations": [
        {
          "kind": "CORRECT_COMPANY",
          "relationIds": [],
          "detail": "Apply approved changes to aliases, description, website, headquarters, lastVerifiedAt, ownershipPeriods, milestones, citations."
        }
      ],
      "changedFields": [
        "aliases",
        "citations",
        "description",
        "headquarters",
        "lastVerifiedAt",
        "milestones",
        "ownershipPeriods",
        "website"
      ],
      "retiredCompanyIds": []
    },
    {
      "companyName": "GridPoint",
      "mutations": [
        {
          "kind": "CORRECT_COMPANY",
          "relationIds": [],
          "detail": "Apply approved changes to recordStatus, lastVerifiedAt."
        }
      ],
      "changedFields": [
        "lastVerifiedAt",
        "recordStatus"
      ],
      "retiredCompanyIds": []
    },
    {
      "companyName": "Milestone Environmental Services",
      "mutations": [
        {
          "kind": "CREATE_COMPANY",
          "relationIds": [],
          "detail": "Create the approved canonical company and all approved relations."
        }
      ],
      "changedFields": [
        "company"
      ],
      "retiredCompanyIds": []
    },
    {
      "companyName": "Oriden",
      "mutations": [
        {
          "kind": "CREATE_COMPANY",
          "relationIds": [],
          "detail": "Create the approved canonical company and all approved relations."
        }
      ],
      "changedFields": [
        "company"
      ],
      "retiredCompanyIds": []
    },
    {
      "companyName": "Palmetto",
      "mutations": [
        {
          "kind": "CORRECT_COMPANY",
          "relationIds": [],
          "detail": "Apply approved changes to recordStatus, lastVerifiedAt."
        }
      ],
      "changedFields": [
        "lastVerifiedAt",
        "recordStatus"
      ],
      "retiredCompanyIds": []
    }
  ]
}
