
> infra-tracker@1.0.0 portco:reconciliation:apply
> npx tsx scripts/portco-reconciliation/apply-cli.ts --proposal=audits/portco-reconciliation/2026-08-03/proposals/0086-thunderbird-renewables-v2/proposal.json --approval=audits/portco-reconciliation/2026-08-03/approvals/0086-thunderbird-renewables-v2.json --production-snapshot=audits/portco-reconciliation/2026-08-03/execution-v1/tasks/0086-thunderbird-renewables/attempt-2/locked-production-snapshot.json --proposal-sha256=a05046979e15181c586cc67b0cec684e105f935ce179e9b190688c648ae56ef7 --approval-sha256=9d1094e69bd9248f3fd5a4ddda0288cb4b715e450c1a47d9b43c49f6188a1385 --snapshot-sha256=99259f83876485040b7f9bafea9ed9304886082e2151de6b002795a4fa9f3ce4 --seed-artifact=prisma/seed-data/approved-portco-after-images.json --apply --write-token=APPLY_APPROVED_PORTCO_CHANGE --receipt=tmp/portco-reconciliation/production/apply-receipt.json --public-base-url=https://infra-ma-2.vercel.app/Infra-MA2/

(node:3177) DeprecationWarning: Calling client.query() when the client is already executing a query is deprecated and will be removed in pg@9.0. Use async/await or an external async flow control mechanism instead.
(Use `node --trace-deprecation ...` to show where the warning was created)
{
  "mode": "APPLIED",
  "receiptPath": "/home/runner/work/Infra-MA2/Infra-MA2/tmp/portco-reconciliation/production/apply-receipt.json",
  "receipt": {
    "schemaVersion": 1,
    "artifactType": "PORTCO_CHANGE_APPLY_RECEIPT",
    "runId": "portco-reconciliation-2026-08-03-v2",
    "taskId": "ledger:0086:thunderbird-renewables:63a5d8e7",
    "taskIndex": 86,
    "companyName": "Thunderbird Renewables",
    "companyId": "cmrxpj6mi00jlivhev0ljria1",
    "proposalSha256": "a05046979e15181c586cc67b0cec684e105f935ce179e9b190688c648ae56ef7",
    "approvalSha256": "9d1094e69bd9248f3fd5a4ddda0288cb4b715e450c1a47d9b43c49f6188a1385",
    "productionSnapshotSha256": "99259f83876485040b7f9bafea9ed9304886082e2151de6b002795a4fa9f3ce4",
    "beforeCompanySnapshotSha256": "69711a830f6aeef4372b465ca56c3c461803ce9eee265f2a99bc0fc5bce81ecf",
    "appliedAfterImageSha256": "a90d6f2d6030db4e33fe16c3a16d48d5ede8fe7ffd001d0308115d3baa27579c",
    "seedAfterImageSha256": "a90d6f2d6030db4e33fe16c3a16d48d5ede8fe7ffd001d0308115d3baa27579c",
    "approvedSeedEntrySha256": "948c3f6f23bddd93699f15d90f7f73aeee62eae42189f55c46513015b0dc1332",
    "databaseTargetFingerprint": "45836a2e3306aa27a98c47cded3087b545691ec737c22861a69c4ab202986929",
    "transactionId": "dbcd4bf4-6c8c-479d-99d5-bae006a088db",
    "auditEventId": "cmsuyvuf2000cg96hj0qv5azs",
    "appliedAt": "2026-08-15T22:48:14.761Z",
    "verification": {
      "databaseMatchesAfterImage": true,
      "seedMatchesAfterImage": true,
      "detailApiVerified": true
    },
    "receiptSha256": "d3bd973fd534dd8695829cfa332bc491dfff3635c75b33e3d22c68f5badb3739"
  }
}
