
> infra-tracker@1.0.0 portco:reconciliation:batch:apply
> npx tsx scripts/portco-reconciliation/batch-apply-cli.ts --batch-manifest=audits/portco-reconciliation/2026-08-23/batches/batch-0419-0423-v4/batch-manifest.json --batch-sha256=377b47a4de15c3e6a4d36e11a1b97da6df27144d3eff6d9261adae0d4de51bd5 --seed-artifact=prisma/seed-data/approved-portco-after-images.json --apply --write-token=APPLY_APPROVED_PORTCO_BATCH --commit-receipt=tmp/portco-reconciliation/production/batch-commit-receipt.json --receipt=tmp/portco-reconciliation/production/batch-apply-receipt.json --public-base-url=https://infra-ma-2.vercel.app/Infra-MA2/

(node:3923) DeprecationWarning: Calling client.query() when the client is already executing a query is deprecated and will be removed in pg@9.0. Use async/await or an external async flow control mechanism instead.
(Use `node --trace-deprecation ...` to show where the warning was created)
{
  "mode": "BATCH_APPLIED",
  "receiptPath": "/home/runner/work/Infra-MA2/Infra-MA2/tmp/portco-reconciliation/production/batch-apply-receipt.json",
  "receipt": {
    "schemaVersion": 1,
    "artifactType": "PORTCO_APPLY_BATCH_RECEIPT",
    "runId": "portco-reconciliation-2026-08-03-v2",
    "batchId": "batch-0419-0423-v4",
    "batchSha256": "377b47a4de15c3e6a4d36e11a1b97da6df27144d3eff6d9261adae0d4de51bd5",
    "releaseSha": "d7c257627b8c5f80eb592a36d5815f84f31f0532",
    "databaseTargetFingerprint": "45836a2e3306aa27a98c47cded3087b545691ec737c22861a69c4ab202986929",
    "transactionId": "8a37d3a6-9d0a-457d-836a-22995ffd3376",
    "appliedAt": "2026-09-02T03:30:51.451Z",
    "members": [
      {
        "kind": "MUTATION",
        "taskId": "ledger:0419:pinnacle-gas-services-llc:94e9c671",
        "taskIndex": 419,
        "companyName": "Pinnacle Gas Services LLC",
        "receipt": {
          "schemaVersion": 1,
          "artifactType": "PORTCO_CHANGE_APPLY_RECEIPT",
          "runId": "portco-reconciliation-2026-08-03-v2",
          "taskId": "ledger:0419:pinnacle-gas-services-llc:94e9c671",
          "taskIndex": 419,
          "companyName": "Pinnacle Gas Services LLC",
          "companyId": "cmtjjg9fb00000z2bv8ic32mm",
          "proposalSha256": "790d5d322a09c3932b0a59630c9923757ef9f65ac1de8b3d483d2daa74ff26a5",
          "approvalSha256": "e77985a20490d049fd6cdc50d07117ef9aa9dcba6d583ef9b2326267bc2cebd9",
          "productionSnapshotSha256": "2dabef8dad03d122556973a3c342dabca881bd02efc8e5d179062a8784edfb49",
          "beforeCompanySnapshotSha256": null,
          "appliedAfterImageSha256": "ab7cfb96e2442129a9d9bd90638209d6fcbea58645f42c87e04deb769970c97b",
          "seedAfterImageSha256": "ab7cfb96e2442129a9d9bd90638209d6fcbea58645f42c87e04deb769970c97b",
          "approvedSeedEntrySha256": "509070d35b0a89230def40db0b662820aa1f466f2054c77f7b8522329d23da5c",
          "databaseTargetFingerprint": "45836a2e3306aa27a98c47cded3087b545691ec737c22861a69c4ab202986929",
          "transactionId": "8a37d3a6-9d0a-457d-836a-22995ffd3376",
          "auditEventId": "cmtjjgd9k000h0z2bshizz70d",
          "appliedAt": "2026-09-02T03:30:51.451Z",
          "verification": {
            "databaseMatchesAfterImage": true,
            "seedMatchesAfterImage": true,
            "detailApiVerified": true
          },
          "receiptSha256": "a74d191cfb05959a9b07a050feea35211a37c5c7366165f167416fbff0f1fb4f"
        }
      },
      {
        "kind": "MUTATION",
        "taskId": "ledger:0420:akumin:becd83c7",
        "taskIndex": 420,
        "companyName": "Akumin",
        "receipt": {
          "schemaVersion": 1,
          "artifactType": "PORTCO_CHANGE_APPLY_RECEIPT",
          "runId": "portco-reconciliation-2026-08-03-v2",
          "taskId": "ledger:0420:akumin:becd83c7",
          "taskIndex": 420,
          "companyName": "Akumin",
          "companyId": "cmrxpjnf3019kivhenngd3wrq",
          "proposalSha256": "292e2689665a82684bf8fd832ae4a6c7c73c91a8046be42a1f186b42c4ee9976",
          "approvalSha256": "8d694cfbb1069243410c3de30ec51ff322281bfffc1c3abc7b5cd7f2507acd24",
          "productionSnapshotSha256": "e684d4c85bbc5ff4824d7e6bba85ab488acb77224a887a08a24c0e02df36abad",
          "beforeCompanySnapshotSha256": "4b12b7c0683f0a46e2c8e781002171555ea7431893d358eee3dc91f991eea2d1",
          "appliedAfterImageSha256": "3e2fb7d0d497c2cbc220bab0ea1ab5b1f56d07ac71abad3757395688ed8e070c",
          "seedAfterImageSha256": "3e2fb7d0d497c2cbc220bab0ea1ab5b1f56d07ac71abad3757395688ed8e070c",
          "approvedSeedEntrySha256": "6119dd26b1f780dfea940b28054ed31e8cbf94e69623b58395d95f14f2cd6994",
          "databaseTargetFingerprint": "45836a2e3306aa27a98c47cded3087b545691ec737c22861a69c4ab202986929",
          "transactionId": "8a37d3a6-9d0a-457d-836a-22995ffd3376",
          "auditEventId": "cmtjjghii000m0z2br3m198g3",
          "appliedAt": "2026-09-02T03:30:51.451Z",
          "verification": {
            "databaseMatchesAfterImage": true,
            "seedMatchesAfterImage": true,
            "detailApiVerified": true
          },
          "receiptSha256": "9dd6e633aa54a3538d1434e4efbe50d670e783fc99570a8b389dd07aeabd5aef"
        }
      },
      {
        "kind": "TERMINAL",
        "taskId": "ledger:0421:bmo-transportation-finance:551a3f7b",
        "taskIndex": 421,
        "companyName": "BMO Transportation Finance",
        "outcome": "EXCLUDED",
        "decisionSha256": "c5dd4ba8063ca1a28f2081287d8ad8ecb01419073e28ed9c57903a2d32f7ef58"
      },
      {
        "kind": "MUTATION",
        "taskId": "ledger:0422:coresite:28c96afd",
        "taskIndex": 422,
        "companyName": "CoreSite",
        "receipt": {
          "schemaVersion": 1,
          "artifactType": "PORTCO_CHANGE_APPLY_RECEIPT",
          "runId": "portco-reconciliation-2026-08-03-v2",
          "taskId": "ledger:0422:coresite:28c96afd",
          "taskIndex": 422,
          "companyName": "CoreSite",
          "companyId": "cmrxpjnhi019pivhepj62e5aa",
          "proposalSha256": "315768334c977b52182fc5bee8b57f4188676c6f034b3a1c837741f256298cdc",
          "approvalSha256": "c34a8931721088f2f87abafc48686a15fa3f32c92401f85c3da33d5aa7fd58f8",
          "productionSnapshotSha256": "ca8b3cf4a8388a8f746b2388783da3d5a3d58cfe4e6c206aab09aa3840eeb03a",
          "beforeCompanySnapshotSha256": "854d9e6bbbb4774f4e80ff84661f4ef6fbad77ec70fc44bf5b5c0b5f5af8b84d",
          "appliedAfterImageSha256": "afd578f77912c31409c6bee7fc4dc6817a8a97816212a83d4b43474aa3b304db",
          "seedAfterImageSha256": "afd578f77912c31409c6bee7fc4dc6817a8a97816212a83d4b43474aa3b304db",
          "approvedSeedEntrySha256": "f3f35bf7248546a58894a2d3f4442b0cce8ba1d0367180800f3f37b42b527c5a",
          "databaseTargetFingerprint": "45836a2e3306aa27a98c47cded3087b545691ec737c22861a69c4ab202986929",
          "transactionId": "8a37d3a6-9d0a-457d-836a-22995ffd3376",
          "auditEventId": "cmtjjgmwe000z0z2bids06zww",
          "appliedAt": "2026-09-02T03:30:51.451Z",
          "verification": {
            "databaseMatchesAfterImage": true,
            "seedMatchesAfterImage": true,
            "detailApiVerified": true
          },
          "receiptSha256": "9ab7f4311692704630dae8d93749e2fefc900688969c86737d0a6008c2e0d7a6"
        }
      },
      {
        "kind": "MUTATION",
        "taskId": "ledger:0423:evolve-transition-infrastructure-lp:984248b3",
        "taskIndex": 423,
        "companyName": "Evolve Transition Infrastructure LP",
        "receipt": {
          "schemaVersion": 1,
          "artifactType": "PORTCO_CHANGE_APPLY_RECEIPT",
          "runId": "portco-reconciliation-2026-08-03-v2",
          "taskId": "ledger:0423:evolve-transition-infrastructure-lp:984248b3",
          "taskIndex": 423,
          "companyName": "Evolve Transition Infrastructure LP",
          "companyId": "cmrxpjnio019rivhexvojn1z4",
          "proposalSha256": "ae122ec8c9690921bbe2414c2b36d63c983cb07b0f91c878217370ac901777fa",
          "approvalSha256": "eb8f0a8abb9c3ad161dd3bab49387576f318191e8c0556945a0148fd88ceb0d0",
          "productionSnapshotSha256": "a15b87e0b549a043c3cebb99c236cd22ac9413501d6f7cb7bc811b15163ae7c0",
          "beforeCompanySnapshotSha256": "0ebf7cfd4f351920611710a9ab80f2f227d86325370a54ee260580a308d10a83",
          "appliedAfterImageSha256": "9dd35c25dbda6b0cdd6171ed36a237c13f680f183029fabe1b587dbae0abea8f",
          "seedAfterImageSha256": "9dd35c25dbda6b0cdd6171ed36a237c13f680f183029fabe1b587dbae0abea8f",
          "approvedSeedEntrySha256": "097f7622a21105cabaa541b949c7b1a5a8940fe2d14ae70d874de9027d1e852f",
          "databaseTargetFingerprint": "45836a2e3306aa27a98c47cded3087b545691ec737c22861a69c4ab202986929",
          "transactionId": "8a37d3a6-9d0a-457d-836a-22995ffd3376",
          "auditEventId": "cmtjjgshf001b0z2bo44q91q2",
          "appliedAt": "2026-09-02T03:30:51.451Z",
          "verification": {
            "databaseMatchesAfterImage": true,
            "seedMatchesAfterImage": true,
            "detailApiVerified": true
          },
          "receiptSha256": "bd42e2b88fa6b4795a36660e50b67f64552ddc787a5fc969a5bfcf8a4080aa91"
        }
      }
    ],
    "verification": {
      "databaseTransactionCommitted": true,
      "seedArtifactVerified": true,
      "allDetailApisVerified": true,
      "partialDatabaseApplication": false
    },
    "receiptSha256": "39ef997b3b8a54953d7beb9b026bc43f668c015a75075a69d135266a897df273"
  }
}
