
> infra-tracker@1.0.0 portco:reconciliation:batch:apply
> npx tsx scripts/portco-reconciliation/batch-apply-cli.ts --batch-manifest=audits/portco-reconciliation/2026-08-23/batches/batch-0419-0423-v4/batch-manifest.json --batch-sha256=377b47a4de15c3e6a4d36e11a1b97da6df27144d3eff6d9261adae0d4de51bd5

(node:3652) DeprecationWarning: Calling client.query() when the client is already executing a query is deprecated and will be removed in pg@9.0. Use async/await or an external async flow control mechanism instead.
(Use `node --trace-deprecation ...` to show where the warning was created)
{
  "mode": "BATCH_DRY_RUN",
  "batchId": "batch-0419-0423-v4",
  "batchSha256": "377b47a4de15c3e6a4d36e11a1b97da6df27144d3eff6d9261adae0d4de51bd5",
  "databaseWrites": false,
  "seedWrites": false,
  "plans": [
    {
      "companyName": "Pinnacle Gas Services LLC",
      "mutations": [
        {
          "kind": "CREATE_COMPANY",
          "relationIds": [],
          "detail": "Create the approved canonical company and all approved relations."
        }
      ],
      "changedFields": [
        "company"
      ],
      "retiredCompanyIds": []
    },
    {
      "companyName": "Akumin",
      "mutations": [
        {
          "kind": "CORRECT_COMPANY",
          "relationIds": [],
          "detail": "Apply approved changes to description, recordStatus, lastVerifiedAt, milestones, citations."
        },
        {
          "kind": "RETRACT_ERRONEOUS_OWNERSHIP",
          "relationIds": [
            "cmrxpk9zd0297ivhekdpx454w"
          ],
          "detail": "Retract 1 proven erroneous ownership period(s); revision history preserves the prior claim."
        },
        {
          "kind": "REALIZE_COMPANY",
          "relationIds": [],
          "detail": "Mark the company realized after all active ownership has ended."
        }
      ],
      "changedFields": [
        "citations",
        "companyStatus",
        "description",
        "lastVerifiedAt",
        "milestones",
        "ownershipPeriods",
        "recordStatus"
      ],
      "retiredCompanyIds": []
    },
    {
      "companyName": "CoreSite",
      "mutations": [
        {
          "kind": "CORRECT_COMPANY",
          "relationIds": [],
          "detail": "Apply approved changes to aliases, description, website, yearFounded, headquarters, lastVerifiedAt, ownershipPeriods, milestones, citations."
        },
        {
          "kind": "ADD_OWNER",
          "relationIds": [],
          "detail": "Add 3 approved ownership period(s)."
        }
      ],
      "changedFields": [
        "aliases",
        "citations",
        "description",
        "headquarters",
        "lastVerifiedAt",
        "milestones",
        "ownershipPeriods",
        "website",
        "yearFounded"
      ],
      "retiredCompanyIds": []
    },
    {
      "companyName": "Evolve Transition Infrastructure LP",
      "mutations": [
        {
          "kind": "CORRECT_COMPANY",
          "relationIds": [],
          "detail": "Apply approved changes to aliases, subsector, description, headquarters, lastVerifiedAt, ownershipPeriods, milestones, citations."
        },
        {
          "kind": "ADD_OWNER",
          "relationIds": [],
          "detail": "Add 3 approved ownership period(s)."
        }
      ],
      "changedFields": [
        "aliases",
        "citations",
        "description",
        "headquarters",
        "lastVerifiedAt",
        "milestones",
        "ownershipPeriods",
        "subsector"
      ],
      "retiredCompanyIds": []
    }
  ]
}
