
> infra-tracker@1.0.0 portco:reconciliation:apply
> npx tsx scripts/portco-reconciliation/apply-cli.ts --proposal=audits/portco-reconciliation/2026-08-03/proposals/0109-virginia-international-gateway-v2/proposal.json --approval=audits/portco-reconciliation/2026-08-03/approvals/0109-virginia-international-gateway-v2.json --production-snapshot=audits/portco-reconciliation/2026-08-03/execution-v1/tasks/0109-virginia-international-gateway/attempt-2/locked-production-snapshot.json --proposal-sha256=94081aa7fafea93b89ee7263b32a7b9875c23783ef2f634ce20fe0967a658aa8 --approval-sha256=84727152467f773dfbfb0b59620fde0c5007ec7a464779f46dee0b72e6c611a5 --snapshot-sha256=c880fa70e9d7e47531a33ce7dc20fb22f51149568a49a73df3dcc8fb09e064fd --seed-artifact=prisma/seed-data/approved-portco-after-images.json --apply --write-token=APPLY_APPROVED_PORTCO_CHANGE --receipt=tmp/portco-reconciliation/production/apply-receipt.json --public-base-url=https://infra-ma-2.vercel.app/Infra-MA2/

(node:3093) DeprecationWarning: Calling client.query() when the client is already executing a query is deprecated and will be removed in pg@9.0. Use async/await or an external async flow control mechanism instead.
(Use `node --trace-deprecation ...` to show where the warning was created)
{
  "mode": "APPLIED",
  "receiptPath": "/home/runner/work/Infra-MA2/Infra-MA2/tmp/portco-reconciliation/production/apply-receipt.json",
  "receipt": {
    "schemaVersion": 1,
    "artifactType": "PORTCO_CHANGE_APPLY_RECEIPT",
    "runId": "portco-reconciliation-2026-08-03-v2",
    "taskId": "ledger:0109:virginia-international-gateway:39eeee70",
    "taskIndex": 109,
    "companyName": "Virginia International Gateway",
    "companyId": "cmsy7wza30000dx6h68hfhefh",
    "proposalSha256": "94081aa7fafea93b89ee7263b32a7b9875c23783ef2f634ce20fe0967a658aa8",
    "approvalSha256": "84727152467f773dfbfb0b59620fde0c5007ec7a464779f46dee0b72e6c611a5",
    "productionSnapshotSha256": "c880fa70e9d7e47531a33ce7dc20fb22f51149568a49a73df3dcc8fb09e064fd",
    "beforeCompanySnapshotSha256": null,
    "appliedAfterImageSha256": "7d525903d69b28036bf627e04aaf305407fe1d717970635d243290b1ac52451c",
    "seedAfterImageSha256": "7d525903d69b28036bf627e04aaf305407fe1d717970635d243290b1ac52451c",
    "approvedSeedEntrySha256": "4758af3edbbc9b97270b367b6678773ff50b5b2beec584c956c7b7498ca52d42",
    "databaseTargetFingerprint": "45836a2e3306aa27a98c47cded3087b545691ec737c22861a69c4ab202986929",
    "transactionId": "f3fa18db-5fdb-4d2e-a742-721fe9973420",
    "auditEventId": "cmsy7x2tj000gdx6hoxsqfusq",
    "appliedAt": "2026-08-18T05:24:27.649Z",
    "verification": {
      "databaseMatchesAfterImage": true,
      "seedMatchesAfterImage": true,
      "detailApiVerified": true
    },
    "receiptSha256": "94d1c6d1c8c965549ea336f1f0a179f1b8d5bc4fb1af83e0482d6d8b4c7ca42f"
  }
}
