
> infra-tracker@1.0.0 portfolio:fund-attribution:apply
> npx tsx scripts/apply-portfolio-fund-attribution.ts --manifest=audits/portfolio-fund-attribution/2026-09-01/scoped/batch-0297-0301-attribution-repair/apply-manifest.json --manifest-sha256=96457a9e9c391e925b682fd1629d8728481a1d9a5ff2e010bd13a8a694fa1964 --production-snapshot=audits/portfolio-fund-attribution/2026-09-01/scoped/batch-0297-0301-attribution-repair/production-snapshot.json --approval=audits/portfolio-fund-attribution/2026-09-01/scoped/batch-0297-0301-attribution-repair/approval.json --approval-sha256=90add38a7c0af5141ee112e78a1f995636e6156c17105255af5d3eaf6dd694b8 --apply=true --write-token=APPLY_REVIEWED_PORTFOLIO_FUND_ATTRIBUTION --receipt=tmp/portfolio-fund-attribution/production/apply-receipt.json

(node:2942) DeprecationWarning: Calling client.query() when the client is already executing a query is deprecated and will be removed in pg@9.0. Use async/await or an external async flow control mechanism instead.
(Use `node --trace-deprecation ...` to show where the warning was created)
{
  "schemaVersion": 1,
  "artifactType": "PORTFOLIO_FUND_ATTRIBUTION_APPLY_RECEIPT",
  "manifestSha256": "96457a9e9c391e925b682fd1629d8728481a1d9a5ff2e010bd13a8a694fa1964",
  "approvalSha256": "90add38a7c0af5141ee112e78a1f995636e6156c17105255af5d3eaf6dd694b8",
  "environment": "production",
  "pipelineRunId": "cmtiajaa200009q2bw8ejuv36",
  "mutationCount": 6,
  "changed": 6,
  "idempotent": false,
  "beforeFingerprint": "8d2e2e975ea8438da09ef06509412a712f2a9fb760a598f39613dddc44d50c0a",
  "afterFingerprint": "964d41dc9437c930ad623e506377150d9d575d4773f7095144031a5778418d57",
  "rows": [
    {
      "recordId": "OFA-E8213975756E",
      "ownershipPeriodId": "cmti9lxdu000sux2bhhr4hbh6",
      "companyId": "cmti9lwaj000hux2bcgerxx7x",
      "stateBeforeApply": "PENDING",
      "before": {
        "linkedFundName": "ISQ Global Infrastructure Fund IV",
        "fundAttribution": "UNRESOLVED",
        "attributedFundName": null,
        "attributionConfidence": null,
        "attributionRationale": null
      },
      "after": {
        "linkedFundName": "ISQ Global Infrastructure Fund IV",
        "fundAttribution": "DISCLOSED",
        "attributedFundName": "ISQ Global Infrastructure Fund IV",
        "attributionConfidence": null,
        "attributionRationale": "The filed purchase agreement identifies ISQ Citadel Aggregator as the buyer and ties the transaction to I Squared's Fund IV family. The exact curated Fund IV row can be linked without inferring a different mandate."
      }
    },
    {
      "recordId": "OFA-1B7FAB88DDB2",
      "ownershipPeriodId": "cmrxpk47u020bivhe3g8vbgkl",
      "companyId": "cmrxpjlqb016uivhebyrmz01k",
      "stateBeforeApply": "PENDING",
      "before": {
        "linkedFundName": null,
        "fundAttribution": "INFERRED",
        "attributedFundName": "ISQ Energy Transition Infrastructure Fund",
        "attributionConfidence": "LOW",
        "attributionRationale": "Estimated from manager match 1.00, vintage 2023 is 1 years before investment, North America-relevant mandate; next candidate trails by 3.0 points. Public disclosure does not identify a distinct fund."
      },
      "after": {
        "linkedFundName": null,
        "fundAttribution": "DISCLOSED",
        "attributedFundName": "ISQ Global Infrastructure Fund II",
        "attributionConfidence": null,
        "attributionRationale": "The March 2021 acquisition announcement directly attributes I Squared's initial Star Leasing investment to ISQ Global Infrastructure Fund II. That disclosed vehicle is not an exact curated Fund Database row, so no link is invented."
      }
    },
    {
      "recordId": "OFA-6F5770E4D1CD",
      "ownershipPeriodId": "cmrxpk82z0269ivhegqatfbde",
      "companyId": "cmrxpjlqb016uivhebyrmz01k",
      "stateBeforeApply": "PENDING",
      "before": {
        "linkedFundName": null,
        "fundAttribution": "INFERRED",
        "attributedFundName": "Mubadala Infrastructure",
        "attributionConfidence": "LOW",
        "attributionRationale": "Estimated from manager match 1.00, evergreen/permanent-capital vehicle, North America-relevant mandate; no second manager-matched fund candidate. Public disclosure does not identify a distinct fund."
      },
      "after": {
        "linkedFundName": null,
        "fundAttribution": "DIRECT_PROGRAM",
        "attributedFundName": null,
        "attributionConfidence": null,
        "attributionRationale": "The July 2024 transaction announcement identifies Mubadala as a direct TEN co-investor but does not attribute the interest to a specific fund or disclose its percentage."
      }
    },
    {
      "recordId": "OFA-6C6FF4451993",
      "ownershipPeriodId": "cmti9ls3a000dux2bvchr1cww",
      "companyId": "cmrxpjlqb016uivhebyrmz01k",
      "stateBeforeApply": "PENDING",
      "before": {
        "linkedFundName": null,
        "fundAttribution": "UNRESOLVED",
        "attributedFundName": null,
        "attributionConfidence": null,
        "attributionRationale": null
      },
      "after": {
        "linkedFundName": null,
        "fundAttribution": "DISCLOSED",
        "attributedFundName": "Meketa Infrastructure Fund (MIFAX)",
        "attributionConfidence": null,
        "attributionRationale": "Meketa's current co-investment page lists TEN beneath the Meketa Infrastructure Fund. The exact stake and vehicle are not public, and MIFAX is not an exact curated Fund Database row."
      }
    },
    {
      "recordId": "OFA-044D33D09A85",
      "ownershipPeriodId": "cmti9ls6p000eux2bwdccr6zk",
      "companyId": "cmrxpjlqb016uivhebyrmz01k",
      "stateBeforeApply": "PENDING",
      "before": {
        "linkedFundName": null,
        "fundAttribution": "UNRESOLVED",
        "attributedFundName": null,
        "attributionConfidence": null,
        "attributionRationale": null
      },
      "after": {
        "linkedFundName": null,
        "fundAttribution": "DISCLOSED",
        "attributedFundName": "ISQ Open Infrastructure Company LLC—Series II",
        "attributionConfidence": null,
        "attributionRationale": "ISQ Open Infrastructure Company's March 2026 Form 10-Q discloses Series II's indirect 6.29% common-stock interest in TEN. The vehicle is disclosed but is not an exact curated Fund Database row."
      }
    },
    {
      "recordId": "OFA-2EE9CF5AEAE7",
      "ownershipPeriodId": "cmti9m2is001eux2bz1o40wx3",
      "companyId": "cmrxpjidj011oivhe8l8a3t2d",
      "stateBeforeApply": "PENDING",
      "before": {
        "linkedFundName": null,
        "fundAttribution": "UNRESOLVED",
        "attributedFundName": null,
        "attributionConfidence": null,
        "attributionRationale": null
      },
      "after": {
        "linkedFundName": null,
        "fundAttribution": "DISCLOSED",
        "attributedFundName": "Kelso Fund IX",
        "attributionConfidence": null,
        "attributionRationale": "Kelso identifies Fund IX with the 2017 Zenith platform acquisition. The ownership remains current pending the signed terminal sale, while the exact sponsor percentage is not public and no exact curated fund link is available."
      }
    }
  ],
  "appliedAt": "2026-09-01T06:33:05.315Z",
  "receiptSha256": "f54810b8a30c62a583805f025f77861ad80f6e9c511cd3f4f335e6863bc1cd89"
}
