
> infra-tracker@1.0.0 portco:reconciliation:apply
> npx tsx scripts/portco-reconciliation/apply-cli.ts --proposal=audits/portco-reconciliation/2026-08-03/proposals/0056-noble-environmental-inc-v2/proposal.json --approval=audits/portco-reconciliation/2026-08-03/approvals/0056-noble-environmental-inc-v2.json --production-snapshot=audits/portco-reconciliation/2026-08-03/execution-v1/tasks/0056-noble-environmental-inc/attempt-2/production-snapshot.json --proposal-sha256=458e6de99a5a198f83a328040d6f4ba6d45ededb130df2712a33ea5cb4f4ffd3 --approval-sha256=6660c3a7109a23145b314f8b203b2a5465090214c1b144732a1a7077b037529b --snapshot-sha256=e154548a6f61e1e879c6d3ee0d39c21724b88053f9215ea9d1c780969c38b23a

(node:2638) DeprecationWarning: Calling client.query() when the client is already executing a query is deprecated and will be removed in pg@9.0. Use async/await or an external async flow control mechanism instead.
(Use `node --trace-deprecation ...` to show where the warning was created)
{
  "mode": "DRY_RUN",
  "databaseWrites": false,
  "seedWrites": false,
  "seedEntry": {
    "proposalSha256": "458e6de99a5a198f83a328040d6f4ba6d45ededb130df2712a33ea5cb4f4ffd3",
    "approvalSha256": "6660c3a7109a23145b314f8b203b2a5465090214c1b144732a1a7077b037529b",
    "afterImageSha256": "a6ee04bdb73f4c7858a0eb547693f272d21c8c09e012ee28eb1d3fdcca4ec777",
    "taskId": "ledger:0056:noble-environmental-inc:7ab39284",
    "operation": "UPSERT",
    "company": {
      "name": "Noble Environmental, Inc.",
      "investmentFirm": "Apollo Global Management",
      "sector": "Social Infra",
      "subsector": "Integrated solid waste management and renewable natural gas",
      "region": "North America",
      "country": "United States",
      "ownershipVehicle": "Apollo-managed funds (specific funds and legal vehicle not publicly disclosed)",
      "description": "Noble Environmental is a Pittsburgh-headquartered, vertically integrated waste-management platform serving municipalities and commercial customers across the Northeast, Mid-Atlantic and Midwest United States. Founded in 2016, it provides solid-waste collection, hauling, transfer and disposal services through a portfolio of landfills, transfer stations and hauling operations, and it develops renewable-natural-gas facilities that convert landfill gas into pipeline-quality fuel. Apollo-managed funds acquired a majority interest by May 2026; the exact stake, specific fund, legal vehicle and separate legal closing date are not publicly disclosed.",
      "status": "Active",
      "countryTags": [
        "United States"
      ],
      "website": "https://nobleenviro.com/",
      "yearFounded": 2016,
      "investmentYear": 2026,
      "headquarters": "Pittsburgh, Pennsylvania",
      "milestones": [
        {
          "date": "2016",
          "event": "Noble Environmental was founded as a regional waste-management company serving communities and commercial customers from the Pittsburgh area.",
          "category": "Founding"
        },
        {
          "date": "May 12, 2026",
          "event": "Apollo announced that Apollo-managed funds had acquired a majority interest in Noble Environmental to support the platform's continued growth.",
          "category": "Acquisition"
        }
      ],
      "management": [],
      "sources": [
        {
          "label": "Apollo — Noble Environmental majority acquisition",
          "url": "https://ir.apollo.com/_assets/_b8522a2eb60d0cffb5114e622d37dc8e/apollo/news/2026-05-12_Apollo_Funds_Acquire_Majority_Stake_in_Noble_625.pdf",
          "type": "PRESS_RELEASE",
          "purpose": "OWNERSHIP_INVESTMENT",
          "evidenceLabel": "May 2026 closed majority acquisition, identity, geography, founding year and hard-asset profile"
        },
        {
          "label": "Apollo — Scott Browning biography",
          "url": "https://www.apollo.com/aboutus/leadership-and-people/scott-browning",
          "type": "WEBSITE",
          "purpose": "OWNERSHIP_INVESTMENT",
          "evidenceLabel": "Current Apollo Infrastructure partner board representation at Noble Environmental"
        },
        {
          "label": "Noble Environmental — company website",
          "url": "https://nobleenviro.com/",
          "type": "WEBSITE",
          "purpose": "COMPANY_PROFILE",
          "evidenceLabel": "Current operating identity, headquarters, waste services, disposal assets and renewable-energy operations"
        }
      ],
      "owners": [
        {
          "investmentFirm": "Apollo Global Management",
          "ownershipVehicle": "Apollo-managed funds (specific funds and legal vehicle not publicly disclosed)",
          "investmentYear": 2026,
          "stake": "Majority interest (exact percentage not publicly disclosed)",
          "status": "Active",
          "transactionState": "CLOSED_ACTIVE"
        }
      ]
    },
    "retiredCompanies": [],
    "canonicalAfterImage": {
      "id": null,
      "name": "Noble Environmental, Inc.",
      "aliases": [
        "Noble Environmental"
      ],
      "sector": "SOCIAL_INFRA",
      "subsector": "Integrated solid waste management and renewable natural gas",
      "region": "NORTH_AMERICA",
      "country": "United States",
      "countryTags": [
        "United States"
      ],
      "description": "Noble Environmental is a Pittsburgh-headquartered, vertically integrated waste-management platform serving municipalities and commercial customers across the Northeast, Mid-Atlantic and Midwest United States. Founded in 2016, it provides solid-waste collection, hauling, transfer and disposal services through a portfolio of landfills, transfer stations and hauling operations, and it develops renewable-natural-gas facilities that convert landfill gas into pipeline-quality fuel. Apollo-managed funds acquired a majority interest by May 2026; the exact stake, specific fund, legal vehicle and separate legal closing date are not publicly disclosed.",
      "companyStatus": "ACTIVE",
      "recordStatus": "PUBLISHED",
      "website": "https://nobleenviro.com/",
      "yearFounded": 2016,
      "headquarters": "Pittsburgh, Pennsylvania",
      "lastVerifiedAt": "2026-08-12T00:00:00.000Z",
      "ownershipPeriods": [
        {
          "id": null,
          "managerName": "Apollo Global Management",
          "organizationName": "Apollo Global Management",
          "fundName": null,
          "vehicleName": "Apollo-managed funds (specific funds and legal vehicle not publicly disclosed)",
          "stake": "Majority interest (exact percentage not publicly disclosed)",
          "investmentYear": 2026,
          "exitYear": null,
          "isActive": true,
          "transactionState": "CLOSED_ACTIVE"
        }
      ],
      "pendingOwnershipTransactions": [],
      "milestones": [
        {
          "id": null,
          "date": "2016",
          "event": "Noble Environmental was founded as a regional waste-management company serving communities and commercial customers from the Pittsburgh area.",
          "category": "FOUNDING",
          "sortDate": "2016-01-01T00:00:00.000Z",
          "evidenceUrls": [
            "https://ir.apollo.com/_assets/_b8522a2eb60d0cffb5114e622d37dc8e/apollo/news/2026-05-12_Apollo_Funds_Acquire_Majority_Stake_in_Noble_625.pdf"
          ]
        },
        {
          "id": null,
          "date": "May 12, 2026",
          "event": "Apollo announced that Apollo-managed funds had acquired a majority interest in Noble Environmental to support the platform's continued growth.",
          "category": "ACQUISITION",
          "sortDate": "2026-05-12T04:00:00.000Z",
          "evidenceUrls": [
            "https://ir.apollo.com/_assets/_b8522a2eb60d0cffb5114e622d37dc8e/apollo/news/2026-05-12_Apollo_Funds_Acquire_Majority_Stake_in_Noble_625.pdf"
          ]
        }
      ],
      "managementRoles": [],
      "citations": [
        {
          "id": null,
          "label": "Apollo — Noble Environmental majority acquisition",
          "url": "https://ir.apollo.com/_assets/_b8522a2eb60d0cffb5114e622d37dc8e/apollo/news/2026-05-12_Apollo_Funds_Acquire_Majority_Stake_in_Noble_625.pdf",
          "sourceType": "PRESS_RELEASE",
          "purpose": "OWNERSHIP_INVESTMENT",
          "evidenceLabel": "May 2026 closed majority acquisition, identity, geography, founding year and hard-asset profile",
          "isPrimary": true
        },
        {
          "id": null,
          "label": "Apollo — Scott Browning biography",
          "url": "https://www.apollo.com/aboutus/leadership-and-people/scott-browning",
          "sourceType": "WEBSITE",
          "purpose": "OWNERSHIP_INVESTMENT",
          "evidenceLabel": "Current Apollo Infrastructure partner board representation at Noble Environmental",
          "isPrimary": false
        },
        {
          "id": null,
          "label": "Noble Environmental — company website",
          "url": "https://nobleenviro.com/",
          "sourceType": "WEBSITE",
          "purpose": "COMPANY_PROFILE",
          "evidenceLabel": "Current operating identity, headquarters, waste services, disposal assets and renewable-energy operations",
          "isPrimary": false
        }
      ]
    }
  },
  "plan": {
    "companyName": "Noble Environmental, Inc.",
    "mutations": [
      {
        "kind": "CREATE_COMPANY",
        "relationIds": [],
        "detail": "Create the approved canonical company and all approved relations."
      }
    ],
    "changedFields": [
      "company"
    ],
    "retiredCompanyIds": []
  }
}
