
> infra-tracker@1.0.0 portco:reconciliation:apply
> npx tsx scripts/portco-reconciliation/apply-cli.ts --proposal=audits/portco-reconciliation/2026-08-03/proposals/0064-alphagen-v2/proposal.json --approval=audits/portco-reconciliation/2026-08-03/approvals/0064-alphagen-v2.json --production-snapshot=audits/portco-reconciliation/2026-08-03/execution-v1/tasks/0064-alphagen/attempt-1/production-snapshot.json --proposal-sha256=d157dabd1986e6d798a901b7924d9eaa51b77e7f4ebad8ac0ed4aace55ddab8b --approval-sha256=ed67ccfe0c1c7e490112998e3031a302ed750816b763361379f690adcb229e9a --snapshot-sha256=5df92677cceb207e628f196678667c5d4bf969a537720b8a34f27cc1d9cf2c57

(node:2794) DeprecationWarning: Calling client.query() when the client is already executing a query is deprecated and will be removed in pg@9.0. Use async/await or an external async flow control mechanism instead.
(Use `node --trace-deprecation ...` to show where the warning was created)
{
  "mode": "DRY_RUN",
  "databaseWrites": false,
  "seedWrites": false,
  "seedEntry": {
    "proposalSha256": "d157dabd1986e6d798a901b7924d9eaa51b77e7f4ebad8ac0ed4aace55ddab8b",
    "approvalSha256": "ed67ccfe0c1c7e490112998e3031a302ed750816b763361379f690adcb229e9a",
    "afterImageSha256": "1c6543606b43161a99a9ed9da163188ccab62cb22a12afb30cba9f7059a6d000",
    "taskId": "ledger:0064:alphagen:b9424b11",
    "operation": "MERGE",
    "company": {
      "name": "Alpha Generation, LLC",
      "investmentFirm": "Abu Dhabi Investment Authority (ADIA)",
      "sector": "Power & ET",
      "subsector": "Thermal generation infrastructure and independent power production",
      "region": "North America",
      "country": "United States",
      "ownershipVehicle": "Black Volt B 2024 LLC",
      "description": "Alpha Generation, LLC (AlphaGen) owns and operates 26 dispatchable power-generation facilities totaling approximately 14 GW across six U.S. states and the PJM, NYISO, ISO-NE and CAISO markets. The Houston-based platform serves wholesale electricity, capacity and ancillary-services markets through gas- and oil-fired generation assets. ArcLight Energy Partners Fund VII formed AlphaGen in January 2024 and remains the controlling majority owner. ADIA holds a separately evidenced 16.8% indirect interest through Black Volt B 2024 LLC. CPP Investments completed a US$1.0 billion strategic minority investment through CPPIB AlphaGen US LLC on March 9, 2026. Exact ArcLight and CPP ownership percentages are not publicly disclosed, and no subsequent exit or pending sale was identified through August 12, 2026.",
      "status": "Active",
      "countryTags": [
        "United States"
      ],
      "website": "https://www.alphagen.com/",
      "yearFounded": 2024,
      "investmentYear": 2025,
      "headquarters": "Houston, Texas, United States",
      "milestones": [
        {
          "date": "Oct 2024",
          "event": "AlphaGen completed $3.7 billion of inaugural corporate financing.",
          "category": "Financing"
        },
        {
          "date": "Jan 2024",
          "event": "ArcLight created AlphaGen to manage its U.S. power infrastructure portfolio.",
          "category": "Founding"
        },
        {
          "date": "Jan 13, 2025",
          "event": "ArcLight announced a US$500 million minority investment in AlphaGen by a wholly owned subsidiary of ADIA.",
          "category": "Financing"
        },
        {
          "date": "May 23, 2025",
          "event": "ADIA completed its US$500 million minority investment in AlphaGen through Black Volt B 2024 LLC.",
          "category": "Acquisition"
        },
        {
          "date": "2024",
          "event": "ArcLight stated that AlphaGen would oversee approximately 14 GW of power infrastructure across four U.S. markets.",
          "category": "Expansion"
        },
        {
          "date": "2024",
          "event": "Public disclosures also described the managed portfolio as generating nearly $2 billion of annual revenue.",
          "category": "Expansion"
        },
        {
          "date": "2024",
          "event": "Alpha Generation (AlphaGen) was founded.",
          "category": "Founding"
        },
        {
          "date": "Jan 10, 2024",
          "event": "ArcLight announced the formation of Alpha Generation as an ArcLight-owned platform to oversee its power infrastructure portfolio.",
          "category": "Financing"
        },
        {
          "date": "2025",
          "event": "CPP Investments described AlphaGen as one of the largest independent power portfolios in the United States, with more than 11 GW of capacity.",
          "category": "Expansion"
        },
        {
          "date": "Oct 2, 2025",
          "event": "CPP Investments entered into a definitive agreement to invest US$1.0 billion for a strategic minority position in AlphaGen, subject to regulatory approval.",
          "category": "Financing"
        },
        {
          "date": "Mar 9, 2026",
          "event": "CPP Investments completed its US$1.0 billion strategic minority investment in AlphaGen through CPPIB AlphaGen US LLC; ArcLight Fund VII retained majority control and ADIA remained a co-owner.",
          "category": "Acquisition"
        }
      ],
      "management": [],
      "sources": [
        {
          "label": "Alphagen — Alpha Generation, LLC",
          "url": "https://www.alphagen.com/about-us/",
          "type": "WEBSITE",
          "purpose": "COMPANY_PROFILE",
          "evidenceLabel": "Alphagen company profile"
        },
        {
          "label": "Alphagen — Alpha Generation, LLC",
          "url": "https://www.alphagen.com/portfolio/",
          "type": "WEBSITE",
          "purpose": "OPERATIONS_ASSETS",
          "evidenceLabel": "Alphagen operations / asset details"
        },
        {
          "label": "Alphagen — Alpha Generation, LLC",
          "url": "https://www.alphagen.com/newsroom/press-releases/arclight-creates-alphagen-to-manage-one-of-the-largest-power-infrastructure-portfolios-in-the-united-states/",
          "type": "PRESS_RELEASE",
          "purpose": "SUPPORTING_CONTEXT",
          "evidenceLabel": "Alphagen — Alpha Generation, LLC"
        },
        {
          "label": "Announcement date source — ADIA Infrastructure — Alpha Generation, LLC",
          "url": "https://www.prnewswire.com/news-releases/arclight-announces-500mm-investment-by-a-wholly-owned-subsidiary-of-adia-in-11-gw-alphagen-power-infrastructure-platform-302348464.html",
          "type": "PRESS_RELEASE",
          "purpose": "OWNERSHIP_INVESTMENT",
          "evidenceLabel": "ADIA Infrastructure transaction announcement"
        },
        {
          "label": "Alphagen — Alpha Generation (AlphaGen)",
          "url": "https://www.alphagen.com/",
          "type": "WEBSITE",
          "purpose": "COMPANY_PROFILE",
          "evidenceLabel": "Alphagen company profile"
        },
        {
          "label": "Announcement date source — ArcLight Capital Partners — Alpha Generation (AlphaGen)",
          "url": "https://www.prnewswire.com/news-releases/arclight-creates-alphagen-to-manage-one-of-the-largest-power-infrastructure-portfolios-in-the-united-states-302031341.html",
          "type": "PRESS_RELEASE",
          "purpose": "OWNERSHIP_INVESTMENT",
          "evidenceLabel": "ArcLight Capital Partners transaction announcement"
        },
        {
          "label": "Arclight — Alpha Generation (AlphaGen)",
          "url": "https://arclight.com/portfolio-services/",
          "type": "WEBSITE",
          "purpose": "OPERATIONS_ASSETS",
          "evidenceLabel": "Arclight operations / asset details"
        },
        {
          "label": "Announcement date source — CPP Investments — AlphaGen",
          "url": "https://www.prnewswire.com/news-releases/arclight-announces-us1-0-billion-investment-by-cpp-investments-in-alphagen-302573170.html",
          "type": "PRESS_RELEASE",
          "purpose": "OWNERSHIP_INVESTMENT",
          "evidenceLabel": "CPP Investments transaction announcement"
        },
        {
          "label": "Cppinvestments — AlphaGen",
          "url": "https://www.cppinvestments.com/newsroom/arclight-announces-us1-0-billion-investment-by-cpp-investments-in-alphagen/",
          "type": "PRESS_RELEASE",
          "purpose": "SUPPORTING_CONTEXT",
          "evidenceLabel": "Cppinvestments — AlphaGen"
        },
        {
          "label": "Arclight — AlphaGen",
          "url": "https://www.arclight.com/",
          "type": "WEBSITE",
          "purpose": "COMPANY_PROFILE",
          "evidenceLabel": "Arclight company profile"
        },
        {
          "label": "Cppinvestments — AlphaGen",
          "url": "https://www.cppinvestments.com/newsroom/cpp-investments-net-assets-total-777-5-billion-at-second-quarter-fiscal-2026/",
          "type": "PRESS_RELEASE",
          "purpose": "OPERATIONS_ASSETS",
          "evidenceLabel": "Cppinvestments operations / asset details"
        },
        {
          "label": "AlphaGen — legal identity and Houston headquarters",
          "url": "https://www.alphagen.com/terms-of-use/",
          "type": "WEBSITE",
          "purpose": "COMPANY_PROFILE",
          "evidenceLabel": "Alpha Generation, LLC legal identity, AlphaGen operating name and Houston corporate address"
        },
        {
          "label": "New York PSC — Alpha Generation ownership structure",
          "url": "https://documents.dps.ny.gov/public/Common/ViewDoc.aspx?DocRefId=%7BA01BFB9B-0000-C91F-B9E1-724E88CA2CEF%7D&DocTitle=Declaratory+Ruling+on+Transfer",
          "type": "OTHER",
          "purpose": "OWNERSHIP_INVESTMENT",
          "evidenceLabel": "ArcLight Fund VII control, ADIA's 16.8% interest and authorization of CPP Investments' minority acquisition"
        },
        {
          "label": "New York PSC — ADIA AlphaGen closing notice",
          "url": "https://documents.dps.ny.gov/public/Common/ViewDoc.aspx?DocRefId=%7B005A3297-0000-C375-AEDB-F5A75B5B08B6%7D",
          "type": "OTHER",
          "purpose": "OWNERSHIP_INVESTMENT",
          "evidenceLabel": "Authoritative notice that ADIA's AlphaGen equity investment closed on May 23, 2025"
        },
        {
          "label": "New York PSC — CPP Investments AlphaGen closing notice",
          "url": "https://documents.dps.ny.gov/public/Common/ViewDoc.aspx?DocRefId=%7B403BFC9C-0000-CA44-9615-25956B0326D0%7D&DocTitle=Notice+of+Transaction+Consummation",
          "type": "OTHER",
          "purpose": "OWNERSHIP_INVESTMENT",
          "evidenceLabel": "Authoritative notice that CPP Investments' AlphaGen transaction closed on March 9, 2026"
        },
        {
          "label": "CPPIB AlphaGen US LLC — 2026 regulatory asset report",
          "url": "https://documents.dps.ny.gov/public/Common/ViewDoc.aspx?DocRefId=%7BD03EFC9C-0000-C148-94C0-B37A4518CEE4%7D&DocTitle=Redacted+CPPIB+2026+Annual+Report",
          "type": "OTHER",
          "purpose": "OWNERSHIP_INVESTMENT",
          "evidenceLabel": "Post-closing regulatory report identifying Alpha Generation Super Holdings across NYISO, PJM and ISO-NE"
        },
        {
          "label": "CPP Investments — fiscal 2026 results",
          "url": "https://www.newswire.ca/news-releases/cpp-investments-net-assets-total-793-3-billion-at-2026-fiscal-year-end-814459989.html",
          "type": "PRESS_RELEASE",
          "purpose": "OWNERSHIP_INVESTMENT",
          "evidenceLabel": "CPP Investments' post-closing confirmation of its US$1.0 billion AlphaGen strategic minority position alongside ArcLight"
        }
      ],
      "owners": [
        {
          "investmentFirm": "Abu Dhabi Investment Authority (ADIA)",
          "ownershipVehicle": "Black Volt B 2024 LLC",
          "investmentYear": 2025,
          "stake": "16.8%",
          "status": "Active",
          "transactionState": "CLOSED_ACTIVE"
        },
        {
          "investmentFirm": "ArcLight Capital Partners",
          "ownershipVehicle": "ArcLight Energy Partners Fund VII",
          "investmentYear": 2024,
          "stake": "Controlling majority interest; exact percentage not publicly disclosed",
          "status": "Active",
          "transactionState": "CLOSED_ACTIVE"
        },
        {
          "investmentFirm": "CPP Investments",
          "ownershipVehicle": "CPPIB AlphaGen US LLC",
          "investmentYear": 2026,
          "stake": "Strategic minority interest; exact percentage not publicly disclosed",
          "status": "Active",
          "transactionState": "CLOSED_ACTIVE"
        }
      ]
    },
    "retiredCompanies": [
      {
        "name": "Alpha Generation, LLC",
        "country": "United States"
      },
      {
        "name": "AlphaGen",
        "country": "United States"
      }
    ],
    "canonicalAfterImage": {
      "id": "cmrxpjcgh00slivheg8qw8idf",
      "name": "Alpha Generation, LLC",
      "aliases": [
        "AlphaGen",
        "Alpha Generation",
        "Alpha Generation (AlphaGen)"
      ],
      "sector": "POWER_ET",
      "subsector": "Thermal generation infrastructure and independent power production",
      "region": "NORTH_AMERICA",
      "country": "United States",
      "countryTags": [
        "United States"
      ],
      "description": "Alpha Generation, LLC (AlphaGen) owns and operates 26 dispatchable power-generation facilities totaling approximately 14 GW across six U.S. states and the PJM, NYISO, ISO-NE and CAISO markets. The Houston-based platform serves wholesale electricity, capacity and ancillary-services markets through gas- and oil-fired generation assets. ArcLight Energy Partners Fund VII formed AlphaGen in January 2024 and remains the controlling majority owner. ADIA holds a separately evidenced 16.8% indirect interest through Black Volt B 2024 LLC. CPP Investments completed a US$1.0 billion strategic minority investment through CPPIB AlphaGen US LLC on March 9, 2026. Exact ArcLight and CPP ownership percentages are not publicly disclosed, and no subsequent exit or pending sale was identified through August 12, 2026.",
      "companyStatus": "ACTIVE",
      "recordStatus": "PUBLISHED",
      "website": "https://www.alphagen.com/",
      "yearFounded": 2024,
      "headquarters": "Houston, Texas, United States",
      "lastVerifiedAt": "2026-08-12T00:00:00.000Z",
      "ownershipPeriods": [
        {
          "id": "cmrxpjp8z01clivhehijovpc5",
          "managerName": "Abu Dhabi Investment Authority (ADIA)",
          "organizationName": "Abu Dhabi Investment Authority (ADIA)",
          "fundName": null,
          "vehicleName": "Black Volt B 2024 LLC",
          "stake": "16.8%",
          "investmentYear": 2025,
          "exitYear": null,
          "isActive": true,
          "transactionState": "CLOSED_ACTIVE"
        },
        {
          "id": "cmrxpjr8n01ftivhesc0diq54",
          "managerName": "ArcLight Capital Partners",
          "organizationName": "ArcLight Capital Partners",
          "fundName": null,
          "vehicleName": "ArcLight Energy Partners Fund VII",
          "stake": "Controlling majority interest; exact percentage not publicly disclosed",
          "investmentYear": 2024,
          "exitYear": null,
          "isActive": true,
          "transactionState": "CLOSED_ACTIVE"
        },
        {
          "id": "cmrxpjxvn01qfivhe3p5ph8tl",
          "managerName": "CPP Investments",
          "organizationName": "CPP Investments",
          "fundName": null,
          "vehicleName": "CPPIB AlphaGen US LLC",
          "stake": "Strategic minority interest; exact percentage not publicly disclosed",
          "investmentYear": 2026,
          "exitYear": null,
          "isActive": true,
          "transactionState": "CLOSED_ACTIVE"
        }
      ],
      "pendingOwnershipTransactions": [],
      "milestones": [
        {
          "id": "cmrxpkcmk02daivhej55esz7z",
          "date": "Oct 2024",
          "event": "AlphaGen completed $3.7 billion of inaugural corporate financing.",
          "category": "FINANCING",
          "sortDate": "2024-10-01T04:00:00.000Z",
          "evidenceUrls": []
        },
        {
          "id": "cmrxpkcn602dbivhefzblnglm",
          "date": "Jan 2024",
          "event": "ArcLight created AlphaGen to manage its U.S. power infrastructure portfolio.",
          "category": "FOUNDING",
          "sortDate": "2024-01-01T05:00:00.000Z",
          "evidenceUrls": []
        },
        {
          "id": "cmrxpkcnj02dcivhet4s21bv7",
          "date": "Jan 13, 2025",
          "event": "ArcLight announced a US$500 million minority investment in AlphaGen by a wholly owned subsidiary of ADIA.",
          "category": "FINANCING",
          "sortDate": "2025-01-13T05:00:00.000Z",
          "evidenceUrls": [
            "https://www.prnewswire.com/news-releases/arclight-announces-500mm-investment-by-a-wholly-owned-subsidiary-of-adia-in-11-gw-alphagen-power-infrastructure-platform-302348464.html",
            "https://documents.dps.ny.gov/public/Common/ViewDoc.aspx?DocRefId=%7BA01BFB9B-0000-C91F-B9E1-724E88CA2CEF%7D&DocTitle=Declaratory+Ruling+on+Transfer"
          ]
        },
        {
          "id": null,
          "date": "May 23, 2025",
          "event": "ADIA completed its US$500 million minority investment in AlphaGen through Black Volt B 2024 LLC.",
          "category": "ACQUISITION",
          "sortDate": "2025-05-23T04:00:00.000Z",
          "evidenceUrls": [
            "https://documents.dps.ny.gov/public/Common/ViewDoc.aspx?DocRefId=%7B005A3297-0000-C375-AEDB-F5A75B5B08B6%7D"
          ]
        },
        {
          "id": "cmrxpkl2u02nnivhebnspfajq",
          "date": "2024",
          "event": "ArcLight stated that AlphaGen would oversee approximately 14 GW of power infrastructure across four U.S. markets.",
          "category": "EXPANSION",
          "sortDate": "2024-01-01T00:00:00.000Z",
          "evidenceUrls": []
        },
        {
          "id": "cmrxpkl3b02noivhe9pndzt0g",
          "date": "2024",
          "event": "Public disclosures also described the managed portfolio as generating nearly $2 billion of annual revenue.",
          "category": "EXPANSION",
          "sortDate": "2024-01-01T00:00:00.000Z",
          "evidenceUrls": []
        },
        {
          "id": "cmrxpkl3t02npivheviimuubr",
          "date": "2024",
          "event": "Alpha Generation (AlphaGen) was founded.",
          "category": "FOUNDING",
          "sortDate": "2024-01-01T00:00:00.000Z",
          "evidenceUrls": []
        },
        {
          "id": "cmrxpkl4b02nqivhefbplw6nu",
          "date": "Jan 10, 2024",
          "event": "ArcLight announced the formation of Alpha Generation as an ArcLight-owned platform to oversee its power infrastructure portfolio.",
          "category": "FINANCING",
          "sortDate": "2024-01-10T05:00:00.000Z",
          "evidenceUrls": [
            "https://www.alphagen.com/newsroom/press-releases/arclight-creates-alphagen-to-manage-one-of-the-largest-power-infrastructure-portfolios-in-the-united-states/"
          ]
        },
        {
          "id": "cmrxplcf303kgivhe21lplpe3",
          "date": "2025",
          "event": "CPP Investments described AlphaGen as one of the largest independent power portfolios in the United States, with more than 11 GW of capacity.",
          "category": "EXPANSION",
          "sortDate": "2025-01-01T00:00:00.000Z",
          "evidenceUrls": [
            "https://www.cppinvestments.com/newsroom/arclight-announces-us1-0-billion-investment-by-cpp-investments-in-alphagen/"
          ]
        },
        {
          "id": "cmrxplcfs03khivhe26h42zxl",
          "date": "Oct 2, 2025",
          "event": "CPP Investments entered into a definitive agreement to invest US$1.0 billion for a strategic minority position in AlphaGen, subject to regulatory approval.",
          "category": "FINANCING",
          "sortDate": "2025-10-02T04:00:00.000Z",
          "evidenceUrls": [
            "https://www.cppinvestments.com/newsroom/arclight-announces-us1-0-billion-investment-by-cpp-investments-in-alphagen/"
          ]
        },
        {
          "id": null,
          "date": "Mar 9, 2026",
          "event": "CPP Investments completed its US$1.0 billion strategic minority investment in AlphaGen through CPPIB AlphaGen US LLC; ArcLight Fund VII retained majority control and ADIA remained a co-owner.",
          "category": "ACQUISITION",
          "sortDate": "2026-03-09T04:00:00.000Z",
          "evidenceUrls": [
            "https://documents.dps.ny.gov/public/Common/ViewDoc.aspx?DocRefId=%7B403BFC9C-0000-CA44-9615-25956B0326D0%7D&DocTitle=Notice+of+Transaction+Consummation",
            "https://documents.dps.ny.gov/public/Common/ViewDoc.aspx?DocRefId=%7BD03EFC9C-0000-C148-94C0-B37A4518CEE4%7D&DocTitle=Redacted+CPPIB+2026+Annual+Report",
            "https://www.newswire.ca/news-releases/cpp-investments-net-assets-total-793-3-billion-at-2026-fiscal-year-end-814459989.html"
          ]
        }
      ],
      "managementRoles": [],
      "citations": [
        {
          "id": "cmrxpok3m06uvivhedx08v81i",
          "label": "Alphagen — Alpha Generation, LLC",
          "url": "https://www.alphagen.com/about-us/",
          "sourceType": "WEBSITE",
          "purpose": "COMPANY_PROFILE",
          "evidenceLabel": "Alphagen company profile",
          "isPrimary": false
        },
        {
          "id": "cmrxpok4o06uxivheo76dyqve",
          "label": "Alphagen — Alpha Generation, LLC",
          "url": "https://www.alphagen.com/portfolio/",
          "sourceType": "WEBSITE",
          "purpose": "OPERATIONS_ASSETS",
          "evidenceLabel": "Alphagen operations / asset details",
          "isPrimary": false
        },
        {
          "id": "cmrxpok5v06uzivheb6xt0rpr",
          "label": "Alphagen — Alpha Generation, LLC",
          "url": "https://www.alphagen.com/newsroom/press-releases/arclight-creates-alphagen-to-manage-one-of-the-largest-power-infrastructure-portfolios-in-the-united-states/",
          "sourceType": "PRESS_RELEASE",
          "purpose": "SUPPORTING_CONTEXT",
          "evidenceLabel": "Alphagen — Alpha Generation, LLC",
          "isPrimary": false
        },
        {
          "id": "cmrxpok6u06v1ivhe3yt88l1b",
          "label": "Announcement date source — ADIA Infrastructure — Alpha Generation, LLC",
          "url": "https://www.prnewswire.com/news-releases/arclight-announces-500mm-investment-by-a-wholly-owned-subsidiary-of-adia-in-11-gw-alphagen-power-infrastructure-platform-302348464.html",
          "sourceType": "PRESS_RELEASE",
          "purpose": "OWNERSHIP_INVESTMENT",
          "evidenceLabel": "ADIA Infrastructure transaction announcement",
          "isPrimary": false
        },
        {
          "id": "cmrxpoys707gkivhe04ebogtv",
          "label": "Alphagen — Alpha Generation (AlphaGen)",
          "url": "https://www.alphagen.com/",
          "sourceType": "WEBSITE",
          "purpose": "COMPANY_PROFILE",
          "evidenceLabel": "Alphagen company profile",
          "isPrimary": false
        },
        {
          "id": "cmrxpoytd07gmivhepdtxiwzy",
          "label": "Announcement date source — ArcLight Capital Partners — Alpha Generation (AlphaGen)",
          "url": "https://www.prnewswire.com/news-releases/arclight-creates-alphagen-to-manage-one-of-the-largest-power-infrastructure-portfolios-in-the-united-states-302031341.html",
          "sourceType": "PRESS_RELEASE",
          "purpose": "OWNERSHIP_INVESTMENT",
          "evidenceLabel": "ArcLight Capital Partners transaction announcement",
          "isPrimary": false
        },
        {
          "id": "cmrxpoyub07goivhe26rcyecy",
          "label": "Arclight — Alpha Generation (AlphaGen)",
          "url": "https://arclight.com/portfolio-services/",
          "sourceType": "WEBSITE",
          "purpose": "OPERATIONS_ASSETS",
          "evidenceLabel": "Arclight operations / asset details",
          "isPrimary": false
        },
        {
          "id": "cmrxpqclg09gdivhebykroidh",
          "label": "Announcement date source — CPP Investments — AlphaGen",
          "url": "https://www.prnewswire.com/news-releases/arclight-announces-us1-0-billion-investment-by-cpp-investments-in-alphagen-302573170.html",
          "sourceType": "PRESS_RELEASE",
          "purpose": "OWNERSHIP_INVESTMENT",
          "evidenceLabel": "CPP Investments transaction announcement",
          "isPrimary": false
        },
        {
          "id": "cmrxpqcmg09gfivhe82cnihm5",
          "label": "Cppinvestments — AlphaGen",
          "url": "https://www.cppinvestments.com/newsroom/arclight-announces-us1-0-billion-investment-by-cpp-investments-in-alphagen/",
          "sourceType": "PRESS_RELEASE",
          "purpose": "SUPPORTING_CONTEXT",
          "evidenceLabel": "Cppinvestments — AlphaGen",
          "isPrimary": false
        },
        {
          "id": "cmrxpqcnj09ghivhexlfzsrnm",
          "label": "Arclight — AlphaGen",
          "url": "https://www.arclight.com/",
          "sourceType": "WEBSITE",
          "purpose": "COMPANY_PROFILE",
          "evidenceLabel": "Arclight company profile",
          "isPrimary": false
        },
        {
          "id": "cmrxpqcoq09gjivhea80nnkd2",
          "label": "Cppinvestments — AlphaGen",
          "url": "https://www.cppinvestments.com/newsroom/cpp-investments-net-assets-total-777-5-billion-at-second-quarter-fiscal-2026/",
          "sourceType": "PRESS_RELEASE",
          "purpose": "OPERATIONS_ASSETS",
          "evidenceLabel": "Cppinvestments operations / asset details",
          "isPrimary": false
        },
        {
          "id": "cmsdwwaiy0001dw4sze8zvmhs",
          "label": "AlphaGen — legal identity and Houston headquarters",
          "url": "https://www.alphagen.com/terms-of-use/",
          "sourceType": "WEBSITE",
          "purpose": "COMPANY_PROFILE",
          "evidenceLabel": "Alpha Generation, LLC legal identity, AlphaGen operating name and Houston corporate address",
          "isPrimary": false
        },
        {
          "id": "cmsdwwanc0003dw4sdltuo4ak",
          "label": "New York PSC — Alpha Generation ownership structure",
          "url": "https://documents.dps.ny.gov/public/Common/ViewDoc.aspx?DocRefId=%7BA01BFB9B-0000-C91F-B9E1-724E88CA2CEF%7D&DocTitle=Declaratory+Ruling+on+Transfer",
          "sourceType": "OTHER",
          "purpose": "OWNERSHIP_INVESTMENT",
          "evidenceLabel": "ArcLight Fund VII control, ADIA's 16.8% interest and authorization of CPP Investments' minority acquisition",
          "isPrimary": false
        },
        {
          "id": null,
          "label": "New York PSC — ADIA AlphaGen closing notice",
          "url": "https://documents.dps.ny.gov/public/Common/ViewDoc.aspx?DocRefId=%7B005A3297-0000-C375-AEDB-F5A75B5B08B6%7D",
          "sourceType": "OTHER",
          "purpose": "OWNERSHIP_INVESTMENT",
          "evidenceLabel": "Authoritative notice that ADIA's AlphaGen equity investment closed on May 23, 2025",
          "isPrimary": false
        },
        {
          "id": null,
          "label": "New York PSC — CPP Investments AlphaGen closing notice",
          "url": "https://documents.dps.ny.gov/public/Common/ViewDoc.aspx?DocRefId=%7B403BFC9C-0000-CA44-9615-25956B0326D0%7D&DocTitle=Notice+of+Transaction+Consummation",
          "sourceType": "OTHER",
          "purpose": "OWNERSHIP_INVESTMENT",
          "evidenceLabel": "Authoritative notice that CPP Investments' AlphaGen transaction closed on March 9, 2026",
          "isPrimary": true
        },
        {
          "id": null,
          "label": "CPPIB AlphaGen US LLC — 2026 regulatory asset report",
          "url": "https://documents.dps.ny.gov/public/Common/ViewDoc.aspx?DocRefId=%7BD03EFC9C-0000-C148-94C0-B37A4518CEE4%7D&DocTitle=Redacted+CPPIB+2026+Annual+Report",
          "sourceType": "OTHER",
          "purpose": "OWNERSHIP_INVESTMENT",
          "evidenceLabel": "Post-closing regulatory report identifying Alpha Generation Super Holdings across NYISO, PJM and ISO-NE",
          "isPrimary": false
        },
        {
          "id": null,
          "label": "CPP Investments — fiscal 2026 results",
          "url": "https://www.newswire.ca/news-releases/cpp-investments-net-assets-total-793-3-billion-at-2026-fiscal-year-end-814459989.html",
          "sourceType": "PRESS_RELEASE",
          "purpose": "OWNERSHIP_INVESTMENT",
          "evidenceLabel": "CPP Investments' post-closing confirmation of its US$1.0 billion AlphaGen strategic minority position alongside ArcLight",
          "isPrimary": false
        }
      ]
    }
  },
  "plan": {
    "companyName": "Alpha Generation, LLC",
    "mutations": [
      {
        "kind": "CORRECT_COMPANY",
        "relationIds": [],
        "detail": "Apply approved changes to name, aliases, subsector, description, website, yearFounded, headquarters, lastVerifiedAt, ownershipPeriods, milestones, citations."
      },
      {
        "kind": "MERGE_COMPANIES",
        "relationIds": [
          "cmrxpj46m00g5ivhe8bi5r2wb"
        ],
        "detail": "merge 1 production duplicate(s)"
      }
    ],
    "changedFields": [
      "aliases",
      "citations",
      "description",
      "headquarters",
      "lastVerifiedAt",
      "milestones",
      "name",
      "ownershipPeriods",
      "redirects",
      "subsector",
      "website",
      "yearFounded"
    ],
    "retiredCompanyIds": [
      "cmrxpj46m00g5ivhe8bi5r2wb"
    ]
  }
}
