
> infra-tracker@1.0.0 portfolio:fund-attribution:apply
> npx tsx scripts/apply-portfolio-fund-attribution.ts --manifest=audits/portfolio-fund-attribution/2026-09-01/scoped/batch-0389-0393-attribution-repair/apply-manifest.json --manifest-sha256=0f100374fb188538932fd5b49a9cfa9e4de37bb0897b3a87502f4a01a0b33cde --production-snapshot=audits/portfolio-fund-attribution/2026-09-01/scoped/batch-0389-0393-attribution-repair/production-snapshot.json --approval=audits/portfolio-fund-attribution/2026-09-01/scoped/batch-0389-0393-attribution-repair/approval.json --approval-sha256=cbec9698bddc5501e78b211770e2adb66dff83ff24ce9f92076a06f324ac2741 --apply=true --write-token=APPLY_REVIEWED_PORTFOLIO_FUND_ATTRIBUTION --receipt=tmp/portfolio-fund-attribution/production/apply-receipt.json

(node:3160) DeprecationWarning: Calling client.query() when the client is already executing a query is deprecated and will be removed in pg@9.0. Use async/await or an external async flow control mechanism instead.
(Use `node --trace-deprecation ...` to show where the warning was created)
{
  "schemaVersion": 1,
  "artifactType": "PORTFOLIO_FUND_ATTRIBUTION_APPLY_RECEIPT",
  "manifestSha256": "0f100374fb188538932fd5b49a9cfa9e4de37bb0897b3a87502f4a01a0b33cde",
  "approvalSha256": "cbec9698bddc5501e78b211770e2adb66dff83ff24ce9f92076a06f324ac2741",
  "environment": "production",
  "pipelineRunId": "cmtj9mfqf0000fs2bm8a76ogt",
  "mutationCount": 6,
  "changed": 6,
  "idempotent": false,
  "beforeFingerprint": "bf22291b7492ae80b4e80952a1b350e1310252ad1d9200472e8043a8b4e0f982",
  "afterFingerprint": "5dec57844488f06f65a1eb687bcfd00987009027213676b4890987ce071ee470",
  "rows": [
    {
      "recordId": "OFA-EEA729FDE6E8",
      "ownershipPeriodId": "cmrxpk8z6027pivhe483gv8jm",
      "companyId": "cmrxpjmj60185ivhe7judizjz",
      "stateBeforeApply": "PENDING",
      "before": {
        "linkedFundName": null,
        "fundAttribution": "DISCLOSED",
        "attributedFundName": "UIF",
        "attributionConfidence": null,
        "attributionRationale": "Matched supplemental ownership detail: Firm: Ullico | Fund: UIF | Ownership Interest: Not publicly disclosed. Supplemental ownership detail discloses a distinct fund/vehicle that does not match funds.ts."
      },
      "after": {
        "linkedFundName": null,
        "fundAttribution": "DISCLOSED",
        "attributedFundName": "Ullico Infrastructure Fund; Ullico District Energy Blocked Holdco through Lowry Holdings",
        "attributionConfidence": null,
        "attributionRationale": "The New York Public Service Commission ownership diagram discloses Ullico's 25% interest and holding chain; CenTrio's July 2026 refinancing reconfirms Ullico as a current sponsor."
      }
    },
    {
      "recordId": "OFA-B47D677A6B9F",
      "ownershipPeriodId": "cmrxpk8zm027qivhe3ladg5du",
      "companyId": "cmrxpjmj60185ivhe7judizjz",
      "stateBeforeApply": "PENDING",
      "before": {
        "linkedFundName": null,
        "fundAttribution": "DIRECT_PROGRAM",
        "attributedFundName": null,
        "attributionConfidence": null,
        "attributionRationale": "Matched supplemental ownership detail: Firm: QIC | Fund: Not publicly disclosed. | Ownership Interest: Not publicly disclosed. Supplemental detail states the fund was not publicly disclosed."
      },
      "after": {
        "linkedFundName": null,
        "fundAttribution": "DISCLOSED",
        "attributedFundName": "Golden Reef Trust and QGIF Raptor Aggregator 1 LP through Lowry Holdings",
        "attributionConfidence": null,
        "attributionRationale": "The New York Public Service Commission ownership diagram discloses the 60% Golden Reef Trust and 15% QGIF components of QIC's managed 75% interest, while QIC continues to list CenTrio in its infrastructure portfolio."
      }
    },
    {
      "recordId": "OFA-A47D16BE9020",
      "ownershipPeriodId": "cmrxpk91m027uivherjrqsi5p",
      "companyId": "cmrxpjmkz0189ivheyzth0dam",
      "stateBeforeApply": "PENDING",
      "before": {
        "linkedFundName": null,
        "fundAttribution": "INFERRED",
        "attributedFundName": "Quinbrook Low Carbon Power Fund",
        "attributionConfidence": "MEDIUM",
        "attributionRationale": "Estimated from manager match 1.00, vintage 2017 is 0 years before investment, North America-relevant mandate, historical vehicle retained for attribution only; next candidate trails by 60.0 points. Public disclosure does not identify a distinct fund."
      },
      "after": {
        "linkedFundName": null,
        "fundAttribution": "DISCLOSED",
        "attributedFundName": "Quinbrook Low Carbon Power Fund",
        "attributionConfidence": null,
        "attributionRationale": "Quinbrook's portfolio materials and acquisition disclosure identify GlidePath as the manager-level platform acquired through Quinbrook's low-carbon power strategy; the approved ownership after-image records the disclosed Low Carbon Power Fund vehicle and 100% stake."
      }
    },
    {
      "recordId": "OFA-389000000001",
      "ownershipPeriodId": "cmtj91wwi00092h2bqmcc5u47",
      "companyId": "cmtj91vx400002h2bks0xhto2",
      "stateBeforeApply": "PENDING",
      "before": {
        "linkedFundName": null,
        "fundAttribution": "UNRESOLVED",
        "attributedFundName": null,
        "attributionConfidence": null,
        "attributionRationale": null
      },
      "after": {
        "linkedFundName": null,
        "fundAttribution": "DISCLOSED",
        "attributedFundName": "PSPIB Quadratic Blocker, LLC; High Inflation Correlated Infrastructure Portfolio",
        "attributionConfidence": null,
        "attributionRationale": "PSP's announcement and the Idaho Public Utilities Commission filing disclose PSP's 51% interest, holding entity, and infrastructure-program attribution."
      }
    },
    {
      "recordId": "OFA-389000000002",
      "ownershipPeriodId": "cmtj91x2r000b2h2b6ng0yees",
      "companyId": "cmtj91vx400002h2bks0xhto2",
      "stateBeforeApply": "PENDING",
      "before": {
        "linkedFundName": null,
        "fundAttribution": "UNRESOLVED",
        "attributedFundName": null,
        "attributionConfidence": null,
        "attributionRationale": null
      },
      "after": {
        "linkedFundName": null,
        "fundAttribution": "DISCLOSED",
        "attributedFundName": "Northwest Fiber, LLC d/b/a Ziply Fiber",
        "attributionConfidence": null,
        "attributionRationale": "The Idaho Public Utilities Commission filing discloses BCE's 49% Network FiberCo interest through Northwest Fiber/Ziply, and Ziply's closing release confirms the relevant operating-company chain."
      }
    },
    {
      "recordId": "OFA-CF205BB60723",
      "ownershipPeriodId": "cmrxpk96q027zivheu1eri9ch",
      "companyId": "cmrxpjmnj018eivhe8a4fk54r",
      "stateBeforeApply": "PENDING",
      "before": {
        "linkedFundName": null,
        "fundAttribution": "INFERRED",
        "attributedFundName": "Quinbrook Low Carbon Power Fund",
        "attributionConfidence": "MEDIUM",
        "attributionRationale": "Estimated from manager match 1.00, vintage 2017 is 3 years before investment, North America-relevant mandate, historical vehicle retained for attribution only; next candidate trails by 60.0 points. Public disclosure does not identify a distinct fund."
      },
      "after": {
        "linkedFundName": null,
        "fundAttribution": "DIRECT_PROGRAM",
        "attributedFundName": null,
        "attributionConfidence": null,
        "attributionRationale": "Quinbrook identifies Primergy as its 100%-owned platform, but the approved evidence does not support assigning the platform to a specific fund; the record therefore preserves direct manager-program attribution without inference."
      }
    }
  ],
  "appliedAt": "2026-09-01T22:55:18.966Z",
  "receiptSha256": "c7f5ac031d208b18e880235060e86f9dde208dd6a3744e21c951a8cce26e8bf9"
}
