
> infra-tracker@1.0.0 portfolio:fund-attribution:apply
> npx tsx scripts/apply-portfolio-fund-attribution.ts --manifest=audits/portfolio-fund-attribution/2026-08-23/scoped/batch-0136-attribution-repair/apply-manifest.json --manifest-sha256=31c19d4279cd0570c0b3cc6eb3d345188cfbf969570863614f41977ccf974cb3 --production-snapshot=audits/portfolio-fund-attribution/2026-08-23/scoped/batch-0136-attribution-repair/production-snapshot.json --approval=audits/portfolio-fund-attribution/2026-08-23/scoped/batch-0136-attribution-repair/approval.json --approval-sha256=f2fac7389c72073b2056911853c93629b5e2667641f6b596a6adc8a59129babf --apply=true --write-token=APPLY_REVIEWED_PORTFOLIO_FUND_ATTRIBUTION --receipt=tmp/portfolio-fund-attribution/production/apply-receipt.json

(node:3090) DeprecationWarning: Calling client.query() when the client is already executing a query is deprecated and will be removed in pg@9.0. Use async/await or an external async flow control mechanism instead.
(Use `node --trace-deprecation ...` to show where the warning was created)
{
  "schemaVersion": 1,
  "artifactType": "PORTFOLIO_FUND_ATTRIBUTION_APPLY_RECEIPT",
  "manifestSha256": "31c19d4279cd0570c0b3cc6eb3d345188cfbf969570863614f41977ccf974cb3",
  "approvalSha256": "f2fac7389c72073b2056911853c93629b5e2667641f6b596a6adc8a59129babf",
  "environment": "production",
  "pipelineRunId": "cmt5lk19w0000duyy1u3zmmno",
  "mutationCount": 8,
  "changed": 8,
  "idempotent": false,
  "beforeFingerprint": "d6e9957a9dcc7fe5742dfe8926514876fa9dd4fa565043307b2a8c96fa904ec3",
  "afterFingerprint": "252faf49ef381d30928593bbd3df9d209710ac30abec23906e66c30c6d6385fa",
  "rows": [
    {
      "recordId": "OFA-REPAIR-0136-CLEANCAPITAL-FORMER",
      "ownershipPeriodId": "cmrxpju2c01keivhesnzgo23j",
      "companyId": "cmrxpj8ua00mzivheaeu8kmvz",
      "stateBeforeApply": "PENDING",
      "before": {
        "linkedFundName": null,
        "fundAttribution": "INFERRED",
        "attributedFundName": "Evergreen Infrastructure Fund",
        "attributionConfidence": "LOW",
        "attributionRationale": "Estimated from manager match 1.00, evergreen/permanent-capital vehicle, North America-relevant mandate; next candidate trails by 0.0 points. Public disclosure does not identify a distinct fund."
      },
      "after": {
        "linkedFundName": null,
        "fundAttribution": "DIRECT_PROGRAM",
        "attributedFundName": null,
        "attributionConfidence": null,
        "attributionRationale": "CleanCapital's official announcement identifies a direct investment from BlackRock's Renewable Power Group but does not name a commingled fund; the prior Evergreen Infrastructure Fund estimate was unsupported and is removed."
      }
    },
    {
      "recordId": "OFA-REPAIR-0137-CLEARWAY-FORMER-GIP",
      "ownershipPeriodId": "cmrxpk2cd01xcivhef8mj5h2n",
      "companyId": "cmrxpjgjr00ysivhenmpy1x6i",
      "stateBeforeApply": "PENDING",
      "before": {
        "linkedFundName": null,
        "fundAttribution": "INFERRED",
        "attributedFundName": "Evergreen Infrastructure Fund",
        "attributionConfidence": "LOW",
        "attributionRationale": "Estimated from manager match 1.00, evergreen/permanent-capital vehicle, North America-relevant mandate; next candidate trails by 0.0 points. Public disclosure does not identify a distinct fund."
      },
      "after": {
        "linkedFundName": null,
        "fundAttribution": "DISCLOSED",
        "attributedFundName": "Global Infrastructure Partners III via GIP III Zephyr Acquisition Partners, L.P.",
        "attributionConfidence": null,
        "attributionRationale": "Clearway's launch and subsequent ownership disclosures identify Global Infrastructure Partners III and its Zephyr acquisition vehicle directly; the prior Evergreen Infrastructure Fund estimate was unsupported and is removed."
      }
    },
    {
      "recordId": "OFA-REPAIR-0137-CLEARWAY-CURRENT-GIP",
      "ownershipPeriodId": "cmt5klrvp000cy8yy6vilhswq",
      "companyId": "cmrxpjgjr00ysivhenmpy1x6i",
      "stateBeforeApply": "PENDING",
      "before": {
        "linkedFundName": null,
        "fundAttribution": "UNRESOLVED",
        "attributedFundName": null,
        "attributionConfidence": null,
        "attributionRationale": null
      },
      "after": {
        "linkedFundName": null,
        "fundAttribution": "DISCLOSED",
        "attributedFundName": "Global Infrastructure Partners III via Zephyr Holdings, L.P.",
        "attributionConfidence": null,
        "attributionRationale": "Clearway, TotalEnergies and current SEC ownership evidence directly identify GIP's 50% interest through Zephyr Holdings and its Global Infrastructure Partners III vehicle."
      }
    },
    {
      "recordId": "OFA-REPAIR-0137-CLEARWAY-CURRENT-TOTALENERGIES",
      "ownershipPeriodId": "cmt5kls1m000ey8yygpdp3jzh",
      "companyId": "cmrxpjgjr00ysivhenmpy1x6i",
      "stateBeforeApply": "PENDING",
      "before": {
        "linkedFundName": null,
        "fundAttribution": "UNRESOLVED",
        "attributedFundName": null,
        "attributionConfidence": null,
        "attributionRationale": null
      },
      "after": {
        "linkedFundName": null,
        "fundAttribution": "DISCLOSED",
        "attributedFundName": "TotalEnergies Renewables USA, LLC via Zephyr Holdings, L.P.",
        "attributionConfidence": null,
        "attributionRationale": "TotalEnergies and current Clearway disclosures directly identify TotalEnergies' 50% ownership through TotalEnergies Renewables USA and Zephyr Holdings."
      }
    },
    {
      "recordId": "OFA-REPAIR-0139-ELECTRADA-FORMER",
      "ownershipPeriodId": "cmrxpju4l01kiivheyfgagvuj",
      "companyId": "cmrxpj8vz00n2ivhe9ik74yeq",
      "stateBeforeApply": "PENDING",
      "before": {
        "linkedFundName": null,
        "fundAttribution": "INFERRED",
        "attributedFundName": "BlackRock Global Energy & Power Infrastructure Fund III",
        "attributionConfidence": "LOW",
        "attributionRationale": "Estimated from manager match 1.00, vintage 2020 is 1 years before investment, North America-relevant mandate; next candidate trails by 0.0 points. Public disclosure does not identify a distinct fund."
      },
      "after": {
        "linkedFundName": null,
        "fundAttribution": "DIRECT_PROGRAM",
        "attributedFundName": null,
        "attributionConfidence": null,
        "attributionRationale": "Electrada's announcement identifies BlackRock's Climate Infrastructure business as the investor but does not disclose a specific fund; the prior Global Energy & Power Infrastructure Fund III estimate was unsupported and is removed."
      }
    },
    {
      "recordId": "OFA-REPAIR-0140-E360-BLACKROCK",
      "ownershipPeriodId": "cmrxpju7d01kjivhel2xkl0z1",
      "companyId": "cmrxpj8wj00n3ivheefc305n4",
      "stateBeforeApply": "PENDING",
      "before": {
        "linkedFundName": "BlackRock GIF IV",
        "fundAttribution": "INFERRED",
        "attributedFundName": "BlackRock Global Energy & Power Infrastructure Fund III",
        "attributionConfidence": "LOW",
        "attributionRationale": "Estimated from manager match 1.00, vintage 2020 is 3 years before investment, North America-relevant mandate; next candidate trails by 0.0 points. Public disclosure does not identify a distinct fund."
      },
      "after": {
        "linkedFundName": "BlackRock GIF IV",
        "fundAttribution": "DISCLOSED",
        "attributedFundName": "BlackRock Global Infrastructure Fund IV, SCSp",
        "attributionConfidence": null,
        "attributionRationale": "E360S's closing announcement and the Canadian Competition Bureau directly identify BlackRock Global Infrastructure Fund IV, SCSp as the majority acquisition vehicle; the prior Fund III estimate was incorrect."
      }
    },
    {
      "recordId": "OFA-REPAIR-0140-E360-FOUNDER",
      "ownershipPeriodId": "cmt5km2dm000xy8yyazng49cl",
      "companyId": "cmrxpj8wj00n3ivheefc305n4",
      "stateBeforeApply": "PENDING",
      "before": {
        "linkedFundName": null,
        "fundAttribution": "UNRESOLVED",
        "attributedFundName": null,
        "attributionConfidence": null,
        "attributionRationale": null
      },
      "after": {
        "linkedFundName": null,
        "fundAttribution": "DIRECT_PROGRAM",
        "attributedFundName": null,
        "attributionConfidence": null,
        "attributionRationale": "E360S's current shareholder disclosure identifies founder Donato Ardellini as a significant direct shareholder rather than as a managed fund vehicle."
      }
    },
    {
      "recordId": "OFA-REPAIR-0140-E360-CBGF",
      "ownershipPeriodId": "cmt5km2j9000zy8yy8pv6w1xt",
      "companyId": "cmrxpj8wj00n3ivheefc305n4",
      "stateBeforeApply": "PENDING",
      "before": {
        "linkedFundName": null,
        "fundAttribution": "UNRESOLVED",
        "attributedFundName": null,
        "attributionConfidence": null,
        "attributionRationale": null
      },
      "after": {
        "linkedFundName": null,
        "fundAttribution": "DIRECT_PROGRAM",
        "attributedFundName": null,
        "attributionConfidence": null,
        "attributionRationale": "E360S's current shareholder disclosure identifies Canadian Business Growth Fund as a direct minority shareholder without naming a separate managed fund vehicle."
      }
    }
  ],
  "appliedAt": "2026-08-23T09:20:35.852Z",
  "receiptSha256": "f4f6dbc8efa819f40faeee1fc9984d54d9c0a1c1e68b9c47d0ef519591315953"
}
