
> infra-tracker@1.0.0 portco:reconciliation:batch:apply
> npx tsx scripts/portco-reconciliation/batch-apply-cli.ts --batch-manifest=audits/portco-reconciliation/2026-08-23/batches/batch-0167-0171-v1/batch-manifest.json --batch-sha256=cf4d040c61cf51bd3f25091fb88149ee3b2d64a2a0e3247c1bcfc4bcf92a2a0b

(node:3500) DeprecationWarning: Calling client.query() when the client is already executing a query is deprecated and will be removed in pg@9.0. Use async/await or an external async flow control mechanism instead.
(Use `node --trace-deprecation ...` to show where the warning was created)
{
  "mode": "BATCH_DRY_RUN",
  "batchId": "batch-0167-0171-v1",
  "batchSha256": "cf4d040c61cf51bd3f25091fb88149ee3b2d64a2a0e3247c1bcfc4bcf92a2a0b",
  "databaseWrites": false,
  "seedWrites": false,
  "plans": [
    {
      "companyName": "Accelerate Infrastructure Opportunities",
      "mutations": [
        {
          "kind": "CORRECT_COMPANY",
          "relationIds": [],
          "detail": "Apply approved changes to aliases, subsector, description, website, yearFounded, headquarters, lastVerifiedAt, ownershipPeriods, milestones, citations."
        },
        {
          "kind": "ADD_OWNER",
          "relationIds": [],
          "detail": "Add 1 approved ownership period(s)."
        }
      ],
      "changedFields": [
        "aliases",
        "citations",
        "description",
        "headquarters",
        "lastVerifiedAt",
        "milestones",
        "ownershipPeriods",
        "subsector",
        "website",
        "yearFounded"
      ],
      "retiredCompanyIds": []
    },
    {
      "companyName": "Vantage Data Centers",
      "mutations": [
        {
          "kind": "CORRECT_COMPANY",
          "relationIds": [],
          "detail": "Apply approved changes to aliases, description, website, lastVerifiedAt, ownershipPeriods, milestones, citations."
        },
        {
          "kind": "ADD_OWNER",
          "relationIds": [],
          "detail": "Add 5 approved ownership period(s)."
        }
      ],
      "changedFields": [
        "aliases",
        "citations",
        "description",
        "lastVerifiedAt",
        "milestones",
        "ownershipPeriods",
        "website"
      ],
      "retiredCompanyIds": []
    },
    {
      "companyName": "Gateway Fiber",
      "mutations": [
        {
          "kind": "CORRECT_COMPANY",
          "relationIds": [],
          "detail": "Apply approved changes to aliases, subsector, description, website, headquarters, lastVerifiedAt, ownershipPeriods, milestones, citations."
        },
        {
          "kind": "ADD_OWNER",
          "relationIds": [],
          "detail": "Add 1 approved ownership period(s)."
        },
        {
          "kind": "MERGE_COMPANIES",
          "relationIds": [
            "cmrxpjase00q0ivhe08oo2btg"
          ],
          "detail": "merge 1 production duplicate(s)"
        }
      ],
      "changedFields": [
        "aliases",
        "citations",
        "description",
        "headquarters",
        "lastVerifiedAt",
        "milestones",
        "ownershipPeriods",
        "redirects",
        "subsector",
        "website"
      ],
      "retiredCompanyIds": [
        "cmrxpjase00q0ivhe08oo2btg"
      ]
    },
    {
      "companyName": "Alto",
      "mutations": [
        {
          "kind": "CORRECT_COMPANY",
          "relationIds": [],
          "detail": "Apply approved changes to aliases, subsector, description, recordStatus, website, yearFounded, headquarters, lastVerifiedAt, milestones, citations."
        },
        {
          "kind": "RETRACT_ERRONEOUS_OWNERSHIP",
          "relationIds": [
            "cmrxpjwsl01osivhenhrcrmwb"
          ],
          "detail": "Retract 1 proven erroneous ownership period(s); revision history preserves the prior claim."
        },
        {
          "kind": "REALIZE_COMPANY",
          "relationIds": [],
          "detail": "Mark the company realized after all active ownership has ended."
        }
      ],
      "changedFields": [
        "aliases",
        "citations",
        "companyStatus",
        "description",
        "headquarters",
        "lastVerifiedAt",
        "milestones",
        "ownershipPeriods",
        "recordStatus",
        "subsector",
        "website",
        "yearFounded"
      ],
      "retiredCompanyIds": []
    },
    {
      "companyName": "Boralex Inc.",
      "mutations": [
        {
          "kind": "CORRECT_COMPANY",
          "relationIds": [],
          "detail": "Apply approved changes to aliases, description, yearFounded, headquarters, lastVerifiedAt, ownershipPeriods, milestones, citations."
        }
      ],
      "changedFields": [
        "aliases",
        "citations",
        "description",
        "headquarters",
        "lastVerifiedAt",
        "milestones",
        "ownershipPeriods",
        "yearFounded"
      ],
      "retiredCompanyIds": []
    }
  ]
}
