
> infra-tracker@1.0.0 portco:reconciliation:apply
> npx tsx scripts/portco-reconciliation/apply-cli.ts --proposal=audits/portco-reconciliation/2026-08-03/proposals/0062-usd-clean-fuels-v1/proposal.json --approval=audits/portco-reconciliation/2026-08-03/approvals/0062-usd-clean-fuels-v1.json --production-snapshot=audits/portco-reconciliation/2026-08-03/execution-v1/tasks/0062-usd-clean-fuels/attempt-1/production-snapshot.json --proposal-sha256=b69de5c8215cf47a99c446942ce2c8d8ec917d10cb3492adf6fcaa11ded882c9 --approval-sha256=cca6fd57162641002e75425b834153968d88fcfd052039d8406e416cd4df699d --snapshot-sha256=77d3ed4645f781088d771d8126be045a5926193b9640bd48095d7d89e23409c4 --seed-artifact=prisma/seed-data/approved-portco-after-images.json --apply --write-token=APPLY_APPROVED_PORTCO_CHANGE --receipt=tmp/portco-reconciliation/production/apply-receipt.json --public-base-url=https://infra-ma-2.vercel.app/Infra-MA2/

(node:2887) DeprecationWarning: Calling client.query() when the client is already executing a query is deprecated and will be removed in pg@9.0. Use async/await or an external async flow control mechanism instead.
(Use `node --trace-deprecation ...` to show where the warning was created)
{
  "mode": "APPLIED",
  "receiptPath": "/home/runner/work/Infra-MA2/Infra-MA2/tmp/portco-reconciliation/production/apply-receipt.json",
  "receipt": {
    "schemaVersion": 1,
    "artifactType": "PORTCO_CHANGE_APPLY_RECEIPT",
    "runId": "portco-reconciliation-2026-08-03-v2",
    "taskId": "ledger:0062:usd-clean-fuels:f96607bd",
    "taskIndex": 62,
    "companyName": "USD Clean Fuels",
    "proposalSha256": "b69de5c8215cf47a99c446942ce2c8d8ec917d10cb3492adf6fcaa11ded882c9",
    "approvalSha256": "cca6fd57162641002e75425b834153968d88fcfd052039d8406e416cd4df699d",
    "productionSnapshotSha256": "77d3ed4645f781088d771d8126be045a5926193b9640bd48095d7d89e23409c4",
    "beforeCompanySnapshotSha256": "717ce181af83eb0efa6c0d4cfff42bd103ebd1fcf0b0bb076ea113fcc7e3152a",
    "appliedAfterImageSha256": "7f0539f7a37cc4e97588a7e540eac3473233a5621d594cb483317b16bfb29740",
    "seedAfterImageSha256": "7f0539f7a37cc4e97588a7e540eac3473233a5621d594cb483317b16bfb29740",
    "approvedSeedEntrySha256": "1a58f9b9e37a489693c330ef8adf3c29e5fd8573f7d295fe51f03ab9f7745fd0",
    "databaseTargetFingerprint": "45836a2e3306aa27a98c47cded3087b545691ec737c22861a69c4ab202986929",
    "transactionId": "6e237741-6a09-4569-9ebd-4ba6570c30a1",
    "auditEventId": "cmsqpdz6h0007874svr91kjau",
    "appliedAt": "2026-08-12T23:11:20.329Z",
    "verification": {
      "databaseMatchesAfterImage": true,
      "seedMatchesAfterImage": true,
      "detailApiVerified": true
    },
    "receiptSha256": "56b8bc3de4faa5286de6c3880fdb412d139f18d15d744036c94efcaad4d66b88"
  }
}
