
> infra-tracker@1.0.0 portco:reconciliation:apply
> npx tsx scripts/portco-reconciliation/apply-cli.ts --proposal=audits/portco-reconciliation/2026-08-03/proposals/0062-usd-clean-fuels-v1/proposal.json --approval=audits/portco-reconciliation/2026-08-03/approvals/0062-usd-clean-fuels-v1.json --production-snapshot=audits/portco-reconciliation/2026-08-03/execution-v1/tasks/0062-usd-clean-fuels/attempt-1/production-snapshot.json --proposal-sha256=b69de5c8215cf47a99c446942ce2c8d8ec917d10cb3492adf6fcaa11ded882c9 --approval-sha256=cca6fd57162641002e75425b834153968d88fcfd052039d8406e416cd4df699d --snapshot-sha256=77d3ed4645f781088d771d8126be045a5926193b9640bd48095d7d89e23409c4

(node:2644) DeprecationWarning: Calling client.query() when the client is already executing a query is deprecated and will be removed in pg@9.0. Use async/await or an external async flow control mechanism instead.
(Use `node --trace-deprecation ...` to show where the warning was created)
{
  "mode": "DRY_RUN",
  "databaseWrites": false,
  "seedWrites": false,
  "seedEntry": {
    "proposalSha256": "b69de5c8215cf47a99c446942ce2c8d8ec917d10cb3492adf6fcaa11ded882c9",
    "approvalSha256": "cca6fd57162641002e75425b834153968d88fcfd052039d8406e416cd4df699d",
    "afterImageSha256": "7f0539f7a37cc4e97588a7e540eac3473233a5621d594cb483317b16bfb29740",
    "taskId": "ledger:0062:usd-clean-fuels:f96607bd",
    "operation": "UPSERT",
    "company": {
      "name": "USD Clean Fuels, LLC",
      "investmentFirm": "Ara Partners",
      "sector": "Midstream",
      "subsector": "Renewable Fuels Terminals and Logistics",
      "region": "North America",
      "country": "United States",
      "ownershipVehicle": "Ara Infrastructure Fund I",
      "description": "USD Clean Fuels, LLC is a Houston-based developer, owner and operator of multimodal terminal and logistics infrastructure for renewable diesel, biodiesel, sustainable aviation fuel, ethanol and related feedstocks. The platform serves North American clean-fuels producers and distributors through rail-connected terminal, storage, transloading and last-mile logistics assets, including its California terminal network. Ara Partners acquired a majority interest through Ara Infrastructure Fund I in December 2023; the exact percentage and any minority holders are not publicly disclosed.",
      "status": "Active",
      "countryTags": [
        "United States"
      ],
      "website": "https://usdcleanfuels.com/",
      "yearFounded": 2021,
      "investmentYear": 2023,
      "headquarters": "Houston, Texas, United States",
      "milestones": [
        {
          "date": "2021",
          "event": "U.S. Development Group formed USD Clean Fuels, LLC to provide production and logistics solutions for clean-energy transportation fuels.",
          "category": "Founding"
        },
        {
          "date": "Dec 2023",
          "event": "Ara Partners acquired a majority interest in USD Clean Fuels through Ara Infrastructure Fund I, and the platform acquired the West Colton Rail Terminal as part of the transaction.",
          "category": "Acquisition"
        }
      ],
      "management": [],
      "sources": [
        {
          "label": "Close date source — Ara Partners — USD Clean Fuels",
          "url": "https://www.arapartners.com/news/ara-partners-acquires-majority-interest-in-usd-clean-fuels/",
          "type": "ARTICLE",
          "purpose": "OWNERSHIP_INVESTMENT",
          "evidenceLabel": "Ara majority-acquisition announcement and transaction lineage"
        },
        {
          "label": "Usdcleanfuels — USD Clean Fuels",
          "url": "https://usdcleanfuels.com/",
          "type": "WEBSITE",
          "purpose": "COMPANY_PROFILE",
          "evidenceLabel": "Official USD Clean Fuels website"
        },
        {
          "label": "Usdcleanfuels — USD Clean Fuels",
          "url": "https://usdcleanfuels.com/mission-and-strategy/",
          "type": "ARTICLE",
          "purpose": "COMPANY_PROFILE",
          "evidenceLabel": "Current business scope, products and Houston headquarters"
        },
        {
          "label": "Usdcleanfuels — USD Clean Fuels",
          "url": "https://usdcleanfuels.com/west-colton/",
          "type": "ARTICLE",
          "purpose": "OPERATIONS_ASSETS",
          "evidenceLabel": "West Colton renewable-fuels terminal profile"
        },
        {
          "label": "Ara Partners — Portfolio — USD Clean Fuels",
          "url": "https://www.arapartners.com/portfolio/",
          "type": "WEBSITE",
          "purpose": "OWNERSHIP_INVESTMENT",
          "evidenceLabel": "Current active status, Infrastructure Fund I and December 2023 investment date"
        },
        {
          "label": "Ara Partners — USD Clean Fuels majority acquisition",
          "url": "https://www.prnewswire.com/news-releases/ara-partners-acquires-majority-interest-in-usd-clean-fuels-302024246.html",
          "type": "PRESS_RELEASE",
          "purpose": "OWNERSHIP_INVESTMENT",
          "evidenceLabel": "Closed majority acquisition and West Colton transaction scope"
        },
        {
          "label": "USD Partners — 2021 Form 10-K",
          "url": "https://www.sec.gov/Archives/edgar/data/1610682/000161068222000024/usdp-20211231.htm",
          "type": "SEC_FILING",
          "purpose": "COMPANY_PROFILE",
          "evidenceLabel": "USD Clean Fuels legal identity, 2021 formation and original business purpose"
        }
      ],
      "owners": [
        {
          "investmentFirm": "Ara Partners",
          "ownershipVehicle": "Ara Infrastructure Fund I",
          "investmentYear": 2023,
          "stake": "Majority interest; exact percentage not publicly disclosed",
          "status": "Active",
          "transactionState": "CLOSED_ACTIVE"
        }
      ]
    },
    "retiredCompanies": [
      {
        "name": "USD Clean Fuels",
        "country": "United States"
      }
    ],
    "canonicalAfterImage": {
      "id": "cmrxpj66d00iwivhehmeoxiek",
      "name": "USD Clean Fuels, LLC",
      "aliases": [
        "USD Clean Fuels",
        "USDCF"
      ],
      "sector": "MIDSTREAM",
      "subsector": "Renewable Fuels Terminals and Logistics",
      "region": "NORTH_AMERICA",
      "country": "United States",
      "countryTags": [
        "United States"
      ],
      "description": "USD Clean Fuels, LLC is a Houston-based developer, owner and operator of multimodal terminal and logistics infrastructure for renewable diesel, biodiesel, sustainable aviation fuel, ethanol and related feedstocks. The platform serves North American clean-fuels producers and distributors through rail-connected terminal, storage, transloading and last-mile logistics assets, including its California terminal network. Ara Partners acquired a majority interest through Ara Infrastructure Fund I in December 2023; the exact percentage and any minority holders are not publicly disclosed.",
      "companyStatus": "ACTIVE",
      "recordStatus": "PUBLISHED",
      "website": "https://usdcleanfuels.com/",
      "yearFounded": 2021,
      "headquarters": "Houston, Texas, United States",
      "lastVerifiedAt": "2026-08-12T00:00:00.000Z",
      "ownershipPeriods": [
        {
          "id": "cmrxpjr7m01frivheqgpnrk72",
          "managerName": "Ara Partners",
          "organizationName": "Ara Partners",
          "fundName": "Ara Infrastructure Fund I",
          "vehicleName": "Ara Infrastructure Fund I",
          "stake": "Majority interest; exact percentage not publicly disclosed",
          "investmentYear": 2023,
          "exitYear": null,
          "isActive": true,
          "transactionState": "CLOSED_ACTIVE"
        }
      ],
      "pendingOwnershipTransactions": [],
      "milestones": [
        {
          "id": "cmrxpkkz602niivhexhnqe2c8",
          "date": "2021",
          "event": "U.S. Development Group formed USD Clean Fuels, LLC to provide production and logistics solutions for clean-energy transportation fuels.",
          "category": "FOUNDING",
          "sortDate": "2021-01-01T05:00:00.000Z",
          "evidenceUrls": [
            "https://www.sec.gov/Archives/edgar/data/1610682/000161068222000024/usdp-20211231.htm"
          ]
        },
        {
          "id": "cmrxpkkzp02njivheu1n3tg52",
          "date": "Dec 2023",
          "event": "Ara Partners acquired a majority interest in USD Clean Fuels through Ara Infrastructure Fund I, and the platform acquired the West Colton Rail Terminal as part of the transaction.",
          "category": "ACQUISITION",
          "sortDate": "2023-12-01T05:00:00.000Z",
          "evidenceUrls": [
            "https://www.arapartners.com/portfolio/",
            "https://www.prnewswire.com/news-releases/ara-partners-acquires-majority-interest-in-usd-clean-fuels-302024246.html"
          ]
        }
      ],
      "managementRoles": [],
      "citations": [
        {
          "id": "cmrxpoygf07g4ivhe4nk5wdc8",
          "label": "Close date source — Ara Partners — USD Clean Fuels",
          "url": "https://www.arapartners.com/news/ara-partners-acquires-majority-interest-in-usd-clean-fuels/",
          "sourceType": "ARTICLE",
          "purpose": "OWNERSHIP_INVESTMENT",
          "evidenceLabel": "Ara majority-acquisition announcement and transaction lineage",
          "isPrimary": false
        },
        {
          "id": "cmrxpoyhk07g6ivheuzyn8jby",
          "label": "Usdcleanfuels — USD Clean Fuels",
          "url": "https://usdcleanfuels.com/",
          "sourceType": "WEBSITE",
          "purpose": "COMPANY_PROFILE",
          "evidenceLabel": "Official USD Clean Fuels website",
          "isPrimary": false
        },
        {
          "id": "cmrxpoyio07g8ivhemy878wr5",
          "label": "Usdcleanfuels — USD Clean Fuels",
          "url": "https://usdcleanfuels.com/mission-and-strategy/",
          "sourceType": "ARTICLE",
          "purpose": "COMPANY_PROFILE",
          "evidenceLabel": "Current business scope, products and Houston headquarters",
          "isPrimary": false
        },
        {
          "id": "cmrxpoyjn07gaivhe54xkj9pv",
          "label": "Usdcleanfuels — USD Clean Fuels",
          "url": "https://usdcleanfuels.com/west-colton/",
          "sourceType": "ARTICLE",
          "purpose": "OPERATIONS_ASSETS",
          "evidenceLabel": "West Colton renewable-fuels terminal profile",
          "isPrimary": false
        },
        {
          "id": null,
          "label": "Ara Partners — Portfolio — USD Clean Fuels",
          "url": "https://www.arapartners.com/portfolio/",
          "sourceType": "WEBSITE",
          "purpose": "OWNERSHIP_INVESTMENT",
          "evidenceLabel": "Current active status, Infrastructure Fund I and December 2023 investment date",
          "isPrimary": true
        },
        {
          "id": null,
          "label": "Ara Partners — USD Clean Fuels majority acquisition",
          "url": "https://www.prnewswire.com/news-releases/ara-partners-acquires-majority-interest-in-usd-clean-fuels-302024246.html",
          "sourceType": "PRESS_RELEASE",
          "purpose": "OWNERSHIP_INVESTMENT",
          "evidenceLabel": "Closed majority acquisition and West Colton transaction scope",
          "isPrimary": false
        },
        {
          "id": null,
          "label": "USD Partners — 2021 Form 10-K",
          "url": "https://www.sec.gov/Archives/edgar/data/1610682/000161068222000024/usdp-20211231.htm",
          "sourceType": "SEC_FILING",
          "purpose": "COMPANY_PROFILE",
          "evidenceLabel": "USD Clean Fuels legal identity, 2021 formation and original business purpose",
          "isPrimary": false
        }
      ]
    }
  },
  "plan": {
    "companyName": "USD Clean Fuels, LLC",
    "mutations": [
      {
        "kind": "CORRECT_COMPANY",
        "relationIds": [],
        "detail": "Apply approved changes to name, aliases, subsector, description, website, yearFounded, headquarters, lastVerifiedAt, ownershipPeriods, milestones, citations."
      }
    ],
    "changedFields": [
      "aliases",
      "citations",
      "description",
      "headquarters",
      "lastVerifiedAt",
      "milestones",
      "name",
      "ownershipPeriods",
      "subsector",
      "website",
      "yearFounded"
    ],
    "retiredCompanyIds": []
  }
}
