
> infra-tracker@1.0.0 portfolio:fund-attribution:apply
> npx tsx scripts/apply-portfolio-fund-attribution.ts --manifest=audits/portfolio-fund-attribution/2026-08-18/scoped/task-113-axium-attribution-copy/apply-manifest.json --manifest-sha256=23135fa28f79d716aac24ed1f11793464f54d17c761e7ac0d1feaed6d566e54a --production-snapshot=audits/portfolio-fund-attribution/2026-08-18/scoped/task-113-axium-attribution-copy/production-snapshot.json --approval=audits/portfolio-fund-attribution/2026-08-18/scoped/task-113-axium-attribution-copy/approval.json --approval-sha256=617da307b26a802994f3ac991b3e45fb68b779cde4178163a0c452e7b4a42ef9 --apply=true --write-token=APPLY_REVIEWED_PORTFOLIO_FUND_ATTRIBUTION --receipt=tmp/portfolio-fund-attribution/production/apply-receipt.json

(node:3167) DeprecationWarning: Calling client.query() when the client is already executing a query is deprecated and will be removed in pg@9.0. Use async/await or an external async flow control mechanism instead.
(Use `node --trace-deprecation ...` to show where the warning was created)
{
  "schemaVersion": 1,
  "artifactType": "PORTFOLIO_FUND_ATTRIBUTION_APPLY_RECEIPT",
  "manifestSha256": "23135fa28f79d716aac24ed1f11793464f54d17c761e7ac0d1feaed6d566e54a",
  "approvalSha256": "617da307b26a802994f3ac991b3e45fb68b779cde4178163a0c452e7b4a42ef9",
  "environment": "production",
  "pipelineRunId": "cmsyrv9270000fz6h2x38rlnr",
  "mutationCount": 1,
  "changed": 1,
  "idempotent": false,
  "beforeFingerprint": "19edd7326f39424fa9e28cbc6bb751004a9be81a4abfc75b5a94ada9ba462b7a",
  "afterFingerprint": "8ef74799b7f36ed9112e74b08c885372c7ce8053a3ec80c7575ef949c3eb5d0a",
  "rows": [
    {
      "recordId": "OFA-F89FA1BDEBD4",
      "ownershipPeriodId": "cmrxpjt8o01j2ivhey92f3vsx",
      "companyId": "cmrxpj86h00lzivhe009kcwjc",
      "stateBeforeApply": "PENDING",
      "before": {
        "linkedFundName": null,
        "fundAttribution": "UNRESOLVED",
        "attributedFundName": null,
        "attributionConfidence": null,
        "attributionRationale": "Reviewed current ownership evidence identifies Axium LTC Limited Partnership as the holding vehicle and Axium Infrastructure as the 85% owner, but does not disclose a commingled fund. The vehicle is intentionally left unlinked rather than inferred to AxInfra Fund I-IV."
      },
      "after": {
        "linkedFundName": null,
        "fundAttribution": "UNRESOLVED",
        "attributedFundName": null,
        "attributionConfidence": null,
        "attributionRationale": "Reviewed current ownership evidence identifies Axium LTC Limited Partnership as the holding vehicle and Axium Infrastructure as the 85% owner, but does not disclose a commingled fund."
      }
    }
  ],
  "appliedAt": "2026-08-18T14:42:53.358Z",
  "receiptSha256": "24942f5c8b8d914e6045e47a84a4dca62af19cd47cfd426ab86bd1301bdc233a"
}
