
> infra-tracker@1.0.0 portco:reconciliation:apply
> npx tsx scripts/portco-reconciliation/apply-cli.ts --proposal=audits/portco-reconciliation/2026-08-03/proposals/0084-sequitur-renewables-v2/proposal.json --approval=audits/portco-reconciliation/2026-08-03/approvals/0084-sequitur-renewables-v2.json --production-snapshot=audits/portco-reconciliation/2026-08-03/execution-v1/tasks/0084-sequitur/attempt-2/locked-production-snapshot.json --proposal-sha256=cdf0aa4a86be214ae6c79c37dc743409c26bbd2a5a876b4c0eac076c2d8749e7 --approval-sha256=9e11c080fe07a0cc00676ec87f206ebe04d134f3a8b69d856e179a65c7a88bc2 --snapshot-sha256=e941e6a735a32833331fe16e2f7f753f03e5557ad750429e095a7e6c86868647 --seed-artifact=prisma/seed-data/approved-portco-after-images.json --apply --write-token=APPLY_APPROVED_PORTCO_CHANGE --receipt=tmp/portco-reconciliation/production/apply-receipt.json --public-base-url=https://infra-ma-2.vercel.app/Infra-MA2/

(node:3067) DeprecationWarning: Calling client.query() when the client is already executing a query is deprecated and will be removed in pg@9.0. Use async/await or an external async flow control mechanism instead.
(Use `node --trace-deprecation ...` to show where the warning was created)
{
  "mode": "APPLIED",
  "receiptPath": "/home/runner/work/Infra-MA2/Infra-MA2/tmp/portco-reconciliation/production/apply-receipt.json",
  "receipt": {
    "schemaVersion": 1,
    "artifactType": "PORTCO_CHANGE_APPLY_RECEIPT",
    "runId": "portco-reconciliation-2026-08-03-v2",
    "taskId": "ledger:0084:sequitur:dadaff66",
    "taskIndex": 84,
    "companyName": "Sequitur",
    "companyId": "cmrxpj6k800jhivheu0xn4hyt",
    "proposalSha256": "cdf0aa4a86be214ae6c79c37dc743409c26bbd2a5a876b4c0eac076c2d8749e7",
    "approvalSha256": "9e11c080fe07a0cc00676ec87f206ebe04d134f3a8b69d856e179a65c7a88bc2",
    "productionSnapshotSha256": "e941e6a735a32833331fe16e2f7f753f03e5557ad750429e095a7e6c86868647",
    "beforeCompanySnapshotSha256": "a509f3086dad203c77088848cf65e0f60643bb71989ae522c1acc9c0a37d30c5",
    "appliedAfterImageSha256": "2c184f182beae98d813ff5ab10107e8ab115129b5910683f29cfdb1cf184e21e",
    "seedAfterImageSha256": "2c184f182beae98d813ff5ab10107e8ab115129b5910683f29cfdb1cf184e21e",
    "approvedSeedEntrySha256": "faecf4c907b1a11eb7dc5b3088857bec78fae9aad5de7f0ac48ba7e0d9aca434",
    "databaseTargetFingerprint": "45836a2e3306aa27a98c47cded3087b545691ec737c22861a69c4ab202986929",
    "transactionId": "97ca0d12-81b2-49af-8fff-c93ee04dcfe4",
    "auditEventId": "cmsu8aq8t000dd76hs651snj6",
    "appliedAt": "2026-08-15T10:23:59.572Z",
    "verification": {
      "databaseMatchesAfterImage": true,
      "seedMatchesAfterImage": true,
      "detailApiVerified": true
    },
    "receiptSha256": "27af2eedd82c6a001fbe7d25274a14f28b748a16e441f73324c5c43afe7d33c6"
  }
}
