
> infra-tracker@1.0.0 portco:reconciliation:apply
> npx tsx scripts/portco-reconciliation/apply-cli.ts --proposal=audits/portco-reconciliation/2026-08-03/proposals/0084-sequitur-renewables-v2/proposal.json --approval=audits/portco-reconciliation/2026-08-03/approvals/0084-sequitur-renewables-v2.json --production-snapshot=audits/portco-reconciliation/2026-08-03/execution-v1/tasks/0084-sequitur/attempt-2/locked-production-snapshot.json --proposal-sha256=cdf0aa4a86be214ae6c79c37dc743409c26bbd2a5a876b4c0eac076c2d8749e7 --approval-sha256=9e11c080fe07a0cc00676ec87f206ebe04d134f3a8b69d856e179a65c7a88bc2 --snapshot-sha256=e941e6a735a32833331fe16e2f7f753f03e5557ad750429e095a7e6c86868647

(node:2814) DeprecationWarning: Calling client.query() when the client is already executing a query is deprecated and will be removed in pg@9.0. Use async/await or an external async flow control mechanism instead.
(Use `node --trace-deprecation ...` to show where the warning was created)
{
  "mode": "DRY_RUN",
  "databaseWrites": false,
  "seedWrites": false,
  "seedEntry": {
    "proposalSha256": "cdf0aa4a86be214ae6c79c37dc743409c26bbd2a5a876b4c0eac076c2d8749e7",
    "approvalSha256": "9e11c080fe07a0cc00676ec87f206ebe04d134f3a8b69d856e179a65c7a88bc2",
    "afterImageSha256": "2c184f182beae98d813ff5ab10107e8ab115129b5910683f29cfdb1cf184e21e",
    "taskId": "ledger:0084:sequitur:dadaff66",
    "operation": "UPSERT",
    "company": {
      "name": "Sequitur Renewables",
      "investmentFirm": "ArcLight Capital Partners",
      "sector": "Power & ET",
      "subsector": "Operating Wind Portfolio",
      "region": "North America",
      "country": "United States",
      "ownershipVehicle": "ArcLight Energy Partners Fund VII, L.P.",
      "description": "Sequitur Renewables is an ArcLight-backed U.S. renewable-energy platform that owns and operates wind assets. ArcLight established the platform in 2022 around five operating PJM wind farms totaling 185 MW in Pennsylvania and West Virginia; public regulatory sources establish an October 2022 closing but conflict on the exact day. Sequitur expanded into California in May 2023 by acquiring an operating wind farm in Altamont Pass. ArcLight's current portfolio lists Sequitur as current, and ArcLight and GLEIF records attribute the company to ArcLight Energy Partners Fund VII, L.P. Public sources do not disclose ArcLight's platform-level stake or immediate legal acquisition vehicle. No Sequitur-level exit or signed pending ownership transfer was identified through August 15, 2026.",
      "status": "Active",
      "countryTags": [
        "United States"
      ],
      "website": "https://sequiturrenewables.com/",
      "yearFounded": 2022,
      "investmentYear": 2022,
      "milestones": [
        {
          "date": "Jun 27, 2022",
          "event": "Sequitur Renewables, LLC was created as a Delaware limited liability company.",
          "category": "Founding"
        },
        {
          "date": "Aug 1, 2022",
          "event": "Sequitur Renewables entered into an agreement to acquire five operating PJM wind farms totaling 185 MW in Pennsylvania and West Virginia, establishing the operating platform.",
          "category": "Acquisition"
        },
        {
          "date": "Oct 2022",
          "event": "ArcLight's Sequitur platform completed the acquisition of the five-project 185 MW PJM wind portfolio in October 2022; public sources differ by one day, so only month precision is recorded.",
          "category": "Acquisition"
        },
        {
          "date": "May 16, 2023",
          "event": "Sequitur acquired an operating wind farm in Altamont Pass, California, expanding beyond its original PJM portfolio.",
          "category": "Acquisition"
        }
      ],
      "management": [],
      "sources": [
        {
          "label": "Sequitur Renewables — Sequitur Renewables",
          "url": "https://sequiturrenewables.com/",
          "type": "WEBSITE",
          "purpose": "COMPANY_PROFILE",
          "evidenceLabel": "Official identity, current U.S. operating-wind profile and company website"
        },
        {
          "label": "Announcement date source — ArcLight Capital Partners — Sequitur Renewables",
          "url": "https://www.prnewswire.com/news-releases/arclight-to-acquire-operating-pjm-windfarms-301596749.html",
          "type": "PRESS_RELEASE",
          "purpose": "OWNERSHIP_INVESTMENT",
          "evidenceLabel": "August 2022 agreement, five-project 185 MW portfolio, Pennsylvania and West Virginia geography and platform formation"
        },
        {
          "label": "PR Newswire — Sequitur Renewables",
          "url": "https://www.prnewswire.com/news-releases/arclights-sequitur-platform-to-acquire-operating-california-wind-farm-301825282.html",
          "type": "PRESS_RELEASE",
          "purpose": "MILESTONE_EVENT",
          "evidenceLabel": "May 2023 Altamont Pass acquisition and bolt-on boundary"
        },
        {
          "label": "Sequiturrenewables — Sequitur Renewables",
          "url": "https://sequiturrenewables.com/category/news/",
          "type": "ARTICLE",
          "purpose": "SUPPORTING_CONTEXT",
          "evidenceLabel": "Official transaction-history archive and Sequitur identity bridge"
        },
        {
          "label": "ArcLight — Current investments",
          "url": "https://arclight.com/investments",
          "type": "WEBSITE",
          "purpose": "OWNERSHIP_INVESTMENT",
          "evidenceLabel": "Current Sequitur portfolio status, manager short-name identity, renewable classification and exit check"
        },
        {
          "label": "ArcLight — 2025 ESG Report",
          "url": "https://arclight.com/wp-content/uploads/2025/10/2025-ArcLight-ESG-Report.pdf",
          "type": "PRESENTATION",
          "purpose": "OWNERSHIP_INVESTMENT",
          "evidenceLabel": "Sequitur attribution to ArcLight Energy Partners Fund VII, L.P."
        },
        {
          "label": "GLEIF — Sequitur Renewables, LLC LEI record",
          "url": "https://api.gleif.org/api/v1/lei-records/254900IHCZT8GGFOZW95",
          "type": "OTHER",
          "purpose": "COMPANY_PROFILE",
          "evidenceLabel": "Legal identity, active Delaware entity and June 2022 creation; Boston is a registered c/o address only"
        },
        {
          "label": "GLEIF — Sequitur ultimate-parent relationship",
          "url": "https://api.gleif.org/api/v1/lei-records/254900IHCZT8GGFOZW95/ultimate-parent-relationship",
          "type": "OTHER",
          "purpose": "OWNERSHIP_INVESTMENT",
          "evidenceLabel": "Active Fund VII consolidation relationship beginning June 2022 without a disclosed percentage or immediate vehicle"
        },
        {
          "label": "GLEIF — ArcLight Energy Partners Fund VII, L.P. LEI record",
          "url": "https://api.gleif.org/api/v1/lei-records/549300LD7O6QR7ZLUB34",
          "type": "OTHER",
          "purpose": "OWNERSHIP_INVESTMENT",
          "evidenceLabel": "Exact legal identity and active status of Fund VII"
        },
        {
          "label": "Monitoring Analytics — 2022 PJM State of the Market",
          "url": "https://www.monitoringanalytics.com/reports/PJM_State_of_the_Market/2022/2022-som-pjm-sec3.pdf",
          "type": "OTHER",
          "purpose": "MILESTONE_EVENT",
          "evidenceLabel": "October 30, 2022 reported completion date; used with FERC to support month-only precision"
        },
        {
          "label": "FERC — Sequitur asset appendix",
          "url": "https://mbrweb.ferc.gov/SearchMBRAssetAppendix/AssetAppendixDetails?AssetAppendixId=7715",
          "type": "WEBSITE",
          "purpose": "MILESTONE_EVENT",
          "evidenceLabel": "October 31, 2022 reported consummation date and initial asset evidence; used with PJM to support month-only precision"
        }
      ],
      "owners": [
        {
          "investmentFirm": "ArcLight Capital Partners",
          "ownershipVehicle": "ArcLight Energy Partners Fund VII, L.P.",
          "fundName": "ArcLight Energy Partners Fund VII, L.P.",
          "investmentYear": 2022,
          "status": "Active",
          "transactionState": "CLOSED_ACTIVE"
        }
      ]
    },
    "retiredCompanies": [],
    "canonicalAfterImage": {
      "id": "cmrxpj6k800jhivheu0xn4hyt",
      "name": "Sequitur Renewables",
      "aliases": [
        "Sequitur",
        "Sequitur Renewable",
        "Sequitur Renewables, LLC"
      ],
      "sector": "POWER_ET",
      "subsector": "Operating Wind Portfolio",
      "region": "NORTH_AMERICA",
      "country": "United States",
      "countryTags": [
        "United States"
      ],
      "description": "Sequitur Renewables is an ArcLight-backed U.S. renewable-energy platform that owns and operates wind assets. ArcLight established the platform in 2022 around five operating PJM wind farms totaling 185 MW in Pennsylvania and West Virginia; public regulatory sources establish an October 2022 closing but conflict on the exact day. Sequitur expanded into California in May 2023 by acquiring an operating wind farm in Altamont Pass. ArcLight's current portfolio lists Sequitur as current, and ArcLight and GLEIF records attribute the company to ArcLight Energy Partners Fund VII, L.P. Public sources do not disclose ArcLight's platform-level stake or immediate legal acquisition vehicle. No Sequitur-level exit or signed pending ownership transfer was identified through August 15, 2026.",
      "companyStatus": "ACTIVE",
      "recordStatus": "PUBLISHED",
      "website": "https://sequiturrenewables.com/",
      "yearFounded": 2022,
      "headquarters": null,
      "lastVerifiedAt": "2026-08-15T00:00:00.000Z",
      "ownershipPeriods": [
        {
          "id": "cmrxpjrlf01gdivhej0bztveb",
          "managerName": "ArcLight Capital Partners",
          "organizationName": "ArcLight Capital Partners",
          "fundName": "ArcLight Energy Partners Fund VII, L.P.",
          "vehicleName": null,
          "stake": null,
          "investmentYear": 2022,
          "exitYear": null,
          "isActive": true,
          "transactionState": "CLOSED_ACTIVE"
        }
      ],
      "pendingOwnershipTransactions": [],
      "milestones": [
        {
          "id": "cmrxpkmfu02pcivherp0kjerg",
          "date": "Jun 27, 2022",
          "event": "Sequitur Renewables, LLC was created as a Delaware limited liability company.",
          "category": "FOUNDING",
          "sortDate": "2022-06-27T04:00:00.000Z",
          "evidenceUrls": [
            "https://api.gleif.org/api/v1/lei-records/254900IHCZT8GGFOZW95"
          ]
        },
        {
          "id": "cmrxpkmiv02pdivhet5h7mujx",
          "date": "Aug 1, 2022",
          "event": "Sequitur Renewables entered into an agreement to acquire five operating PJM wind farms totaling 185 MW in Pennsylvania and West Virginia, establishing the operating platform.",
          "category": "ACQUISITION",
          "sortDate": "2022-08-01T04:00:00.000Z",
          "evidenceUrls": [
            "https://www.prnewswire.com/news-releases/arclight-to-acquire-operating-pjm-windfarms-301596749.html"
          ]
        },
        {
          "id": "cmrxpkmjf02peivheeqamwf70",
          "date": "Oct 2022",
          "event": "ArcLight's Sequitur platform completed the acquisition of the five-project 185 MW PJM wind portfolio in October 2022; public sources differ by one day, so only month precision is recorded.",
          "category": "ACQUISITION",
          "sortDate": "2022-10-01T04:00:00.000Z",
          "evidenceUrls": [
            "https://www.monitoringanalytics.com/reports/PJM_State_of_the_Market/2022/2022-som-pjm-sec3.pdf",
            "https://mbrweb.ferc.gov/SearchMBRAssetAppendix/AssetAppendixDetails?AssetAppendixId=7715"
          ]
        },
        {
          "id": "cmrxpkmjz02pfivheaxxks30y",
          "date": "May 16, 2023",
          "event": "Sequitur acquired an operating wind farm in Altamont Pass, California, expanding beyond its original PJM portfolio.",
          "category": "ACQUISITION",
          "sortDate": "2023-05-16T04:00:00.000Z",
          "evidenceUrls": [
            "https://www.prnewswire.com/news-releases/arclights-sequitur-platform-to-acquire-operating-california-wind-farm-301825282.html"
          ]
        }
      ],
      "managementRoles": [],
      "citations": [
        {
          "id": "cmrxpp14b07jyivhelooz4y98",
          "label": "Sequitur Renewables — Sequitur Renewables",
          "url": "https://sequiturrenewables.com/",
          "sourceType": "WEBSITE",
          "purpose": "COMPANY_PROFILE",
          "evidenceLabel": "Official identity, current U.S. operating-wind profile and company website",
          "isPrimary": false
        },
        {
          "id": "cmrxpp15707k0ivheykw1faph",
          "label": "Announcement date source — ArcLight Capital Partners — Sequitur Renewables",
          "url": "https://www.prnewswire.com/news-releases/arclight-to-acquire-operating-pjm-windfarms-301596749.html",
          "sourceType": "PRESS_RELEASE",
          "purpose": "OWNERSHIP_INVESTMENT",
          "evidenceLabel": "August 2022 agreement, five-project 185 MW portfolio, Pennsylvania and West Virginia geography and platform formation",
          "isPrimary": false
        },
        {
          "id": "cmrxpp16d07k2ivhe3og7bvon",
          "label": "PR Newswire — Sequitur Renewables",
          "url": "https://www.prnewswire.com/news-releases/arclights-sequitur-platform-to-acquire-operating-california-wind-farm-301825282.html",
          "sourceType": "PRESS_RELEASE",
          "purpose": "MILESTONE_EVENT",
          "evidenceLabel": "May 2023 Altamont Pass acquisition and bolt-on boundary",
          "isPrimary": false
        },
        {
          "id": "cmrxpp17f07k4ivhesupf153l",
          "label": "Sequiturrenewables — Sequitur Renewables",
          "url": "https://sequiturrenewables.com/category/news/",
          "sourceType": "ARTICLE",
          "purpose": "SUPPORTING_CONTEXT",
          "evidenceLabel": "Official transaction-history archive and Sequitur identity bridge",
          "isPrimary": false
        },
        {
          "id": null,
          "label": "ArcLight — Current investments",
          "url": "https://arclight.com/investments",
          "sourceType": "WEBSITE",
          "purpose": "OWNERSHIP_INVESTMENT",
          "evidenceLabel": "Current Sequitur portfolio status, manager short-name identity, renewable classification and exit check",
          "isPrimary": true
        },
        {
          "id": null,
          "label": "ArcLight — 2025 ESG Report",
          "url": "https://arclight.com/wp-content/uploads/2025/10/2025-ArcLight-ESG-Report.pdf",
          "sourceType": "PRESENTATION",
          "purpose": "OWNERSHIP_INVESTMENT",
          "evidenceLabel": "Sequitur attribution to ArcLight Energy Partners Fund VII, L.P.",
          "isPrimary": false
        },
        {
          "id": null,
          "label": "GLEIF — Sequitur Renewables, LLC LEI record",
          "url": "https://api.gleif.org/api/v1/lei-records/254900IHCZT8GGFOZW95",
          "sourceType": "OTHER",
          "purpose": "COMPANY_PROFILE",
          "evidenceLabel": "Legal identity, active Delaware entity and June 2022 creation; Boston is a registered c/o address only",
          "isPrimary": false
        },
        {
          "id": null,
          "label": "GLEIF — Sequitur ultimate-parent relationship",
          "url": "https://api.gleif.org/api/v1/lei-records/254900IHCZT8GGFOZW95/ultimate-parent-relationship",
          "sourceType": "OTHER",
          "purpose": "OWNERSHIP_INVESTMENT",
          "evidenceLabel": "Active Fund VII consolidation relationship beginning June 2022 without a disclosed percentage or immediate vehicle",
          "isPrimary": false
        },
        {
          "id": null,
          "label": "GLEIF — ArcLight Energy Partners Fund VII, L.P. LEI record",
          "url": "https://api.gleif.org/api/v1/lei-records/549300LD7O6QR7ZLUB34",
          "sourceType": "OTHER",
          "purpose": "OWNERSHIP_INVESTMENT",
          "evidenceLabel": "Exact legal identity and active status of Fund VII",
          "isPrimary": false
        },
        {
          "id": null,
          "label": "Monitoring Analytics — 2022 PJM State of the Market",
          "url": "https://www.monitoringanalytics.com/reports/PJM_State_of_the_Market/2022/2022-som-pjm-sec3.pdf",
          "sourceType": "OTHER",
          "purpose": "MILESTONE_EVENT",
          "evidenceLabel": "October 30, 2022 reported completion date; used with FERC to support month-only precision",
          "isPrimary": false
        },
        {
          "id": null,
          "label": "FERC — Sequitur asset appendix",
          "url": "https://mbrweb.ferc.gov/SearchMBRAssetAppendix/AssetAppendixDetails?AssetAppendixId=7715",
          "sourceType": "WEBSITE",
          "purpose": "MILESTONE_EVENT",
          "evidenceLabel": "October 31, 2022 reported consummation date and initial asset evidence; used with PJM to support month-only precision",
          "isPrimary": false
        }
      ]
    }
  },
  "plan": {
    "companyName": "Sequitur Renewables",
    "mutations": [
      {
        "kind": "CORRECT_COMPANY",
        "relationIds": [],
        "detail": "Apply approved changes to aliases, description, website, headquarters, lastVerifiedAt, ownershipPeriods, milestones, citations."
      }
    ],
    "changedFields": [
      "aliases",
      "citations",
      "description",
      "headquarters",
      "lastVerifiedAt",
      "milestones",
      "ownershipPeriods",
      "website"
    ],
    "retiredCompanyIds": []
  }
}
