
> infra-tracker@1.0.0 portco:reconciliation:batch:apply
> npx tsx scripts/portco-reconciliation/batch-apply-cli.ts --batch-manifest=audits/portco-reconciliation/2026-08-23/batches/batch-0319-0323-v1/batch-manifest-v4.json --batch-sha256=9590aadea6ee68e30c519d0160e3c4df5439bc9a3b46dec3942732de5b76fafc --seed-artifact=prisma/seed-data/approved-portco-after-images.json --apply --write-token=APPLY_APPROVED_PORTCO_BATCH --commit-receipt=tmp/portco-reconciliation/production/batch-commit-receipt.json --receipt=tmp/portco-reconciliation/production/batch-apply-receipt.json --public-base-url=https://infra-ma-2.vercel.app/Infra-MA2/

(node:3990) DeprecationWarning: Calling client.query() when the client is already executing a query is deprecated and will be removed in pg@9.0. Use async/await or an external async flow control mechanism instead.
(Use `node --trace-deprecation ...` to show where the warning was created)
{
  "mode": "BATCH_APPLIED",
  "receiptPath": "/home/runner/work/Infra-MA2/Infra-MA2/tmp/portco-reconciliation/production/batch-apply-receipt.json",
  "receipt": {
    "schemaVersion": 1,
    "artifactType": "PORTCO_APPLY_BATCH_RECEIPT",
    "runId": "portco-reconciliation-2026-08-03-v2",
    "batchId": "batch-0319-0323-v1",
    "batchSha256": "9590aadea6ee68e30c519d0160e3c4df5439bc9a3b46dec3942732de5b76fafc",
    "releaseSha": "2cf6b9a9195bb13d58c658822bf732620cc7265b",
    "databaseTargetFingerprint": "45836a2e3306aa27a98c47cded3087b545691ec737c22861a69c4ab202986929",
    "transactionId": "23c4635c-76b5-4460-b150-d7cbdd1aae82",
    "appliedAt": "2026-09-01T11:07:04.771Z",
    "members": [
      {
        "kind": "MUTATION",
        "taskId": "ledger:0319:38-degrees-north:98964650",
        "taskIndex": 319,
        "companyName": "38 Degrees North",
        "receipt": {
          "schemaVersion": 1,
          "artifactType": "PORTCO_CHANGE_APPLY_RECEIPT",
          "runId": "portco-reconciliation-2026-08-03-v2",
          "taskId": "ledger:0319:38-degrees-north:98964650",
          "taskIndex": 319,
          "companyName": "38 Degrees North",
          "companyId": "cmrxpjjk4013iivhews9hbpmo",
          "proposalSha256": "d437425c31be2a94d0a8c488cb273fc6aad9aae4040d32b3570f747598ef0594",
          "approvalSha256": "caf61a9f85cf79f6c1dbffddb822bbdca3b9daf4506db2fa16f09402ce027e5d",
          "productionSnapshotSha256": "112e9b18c35aa5bde87299755b918524cc2d25581e0f65deedf4df1cf3057d88",
          "beforeCompanySnapshotSha256": "e8ae9a4aa9ea19f502a916d41d6d56fbb69fdf8d248e8d7808c37bcfe1847ecb",
          "appliedAfterImageSha256": "eb3e4f868de5dbfdb3f0e5e6d5e2818d44cc8a31eceec231de956c5883413af1",
          "seedAfterImageSha256": "eb3e4f868de5dbfdb3f0e5e6d5e2818d44cc8a31eceec231de956c5883413af1",
          "approvedSeedEntrySha256": "22af726696c5dd1002fba429d9f52295d9622ae88d47be7efabff229673cdcc2",
          "databaseTargetFingerprint": "45836a2e3306aa27a98c47cded3087b545691ec737c22861a69c4ab202986929",
          "transactionId": "23c4635c-76b5-4460-b150-d7cbdd1aae82",
          "auditEventId": "cmtikb2rv000a2u2b3eqkp4xm",
          "appliedAt": "2026-09-01T11:07:04.771Z",
          "verification": {
            "databaseMatchesAfterImage": true,
            "seedMatchesAfterImage": true,
            "detailApiVerified": true
          },
          "receiptSha256": "37cd570f52f164749c2309d46211d8d76c71fd738468cefa4804a80025cd8023"
        }
      },
      {
        "kind": "MUTATION",
        "taskId": "ledger:0320:carboncount-holdings-1-llc:1dcdc974",
        "taskIndex": 320,
        "companyName": "CarbonCount Holdings 1 LLC",
        "receipt": {
          "schemaVersion": 1,
          "artifactType": "PORTCO_CHANGE_APPLY_RECEIPT",
          "runId": "portco-reconciliation-2026-08-03-v2",
          "taskId": "ledger:0320:carboncount-holdings-1-llc:1dcdc974",
          "taskIndex": 320,
          "companyName": "CarbonCount Holdings 1 LLC",
          "companyId": "cmrxpjjrz013sivhes0xv1fyr",
          "proposalSha256": "861966456599910ac946a5ee7b6c6b6d6c161df8665961a5fa881bac85ebf841",
          "approvalSha256": "4b171a82d5f78601a546a76801c2206d8825b7eca1c3c8972ffeb7eb7b2ba8af",
          "productionSnapshotSha256": "b59e4201ca48150c60efe0b41d8b4c2c60685bdf5e1cedc6624cc73a1a90caa6",
          "beforeCompanySnapshotSha256": "3837ff634e9c2e37ada651a03706368aad0d68a6c307ec29377e4c8620dd7c82",
          "appliedAfterImageSha256": "9ec1380d37dbd74c1275da654441e96ca2e253bdc9555da7239a6a469862c80c",
          "seedAfterImageSha256": "9ec1380d37dbd74c1275da654441e96ca2e253bdc9555da7239a6a469862c80c",
          "approvedSeedEntrySha256": "74fabc1309bbb0a538391fd4415594de16d0063db2183ecf8575d63a23bf7a8b",
          "databaseTargetFingerprint": "45836a2e3306aa27a98c47cded3087b545691ec737c22861a69c4ab202986929",
          "transactionId": "23c4635c-76b5-4460-b150-d7cbdd1aae82",
          "auditEventId": "cmtikb6zl000g2u2bw0up8r1e",
          "appliedAt": "2026-09-01T11:07:04.771Z",
          "verification": {
            "databaseMatchesAfterImage": true,
            "seedMatchesAfterImage": true,
            "detailApiVerified": true
          },
          "receiptSha256": "9528d1c1b487f32f24ba1cc5687e6e139e02b3454862e44f58e156fe5feed250"
        }
      },
      {
        "kind": "MUTATION",
        "taskId": "ledger:0321:coastal-gaslink-pipeline:b82e2db4",
        "taskIndex": 321,
        "companyName": "Coastal GasLink Pipeline",
        "receipt": {
          "schemaVersion": 1,
          "artifactType": "PORTCO_CHANGE_APPLY_RECEIPT",
          "runId": "portco-reconciliation-2026-08-03-v2",
          "taskId": "ledger:0321:coastal-gaslink-pipeline:b82e2db4",
          "taskIndex": 321,
          "companyName": "Coastal GasLink Pipeline",
          "companyId": "cmrxpj4e100geivhe4lo6qn4w",
          "proposalSha256": "d69e8a4768fb3cd51eb75527f6ff3e8d4b89404ff72d7cbff1d63db3f9f42c5d",
          "approvalSha256": "a6d8f62914c2418d3ddb60934a6a4f7df89059ad1934cbfffc512335e37f158e",
          "productionSnapshotSha256": "7dc615bffa129dcfc75abc0cade3df04cf40de39fed41b4c48961f9dd36e43a6",
          "beforeCompanySnapshotSha256": "38ba2a688ac8a1720990f6d3e6e62d60e1c0d46704a0c265165750a12069ccd9",
          "appliedAfterImageSha256": "45c3297d4e0040ab01fcde523e37b3060fdd2e938cc1032c712e90d1831077e0",
          "seedAfterImageSha256": "45c3297d4e0040ab01fcde523e37b3060fdd2e938cc1032c712e90d1831077e0",
          "approvedSeedEntrySha256": "10ccf8c654cac595b4a9f86ea1a3b9349689d794d9df0ec66e290bd415000a7d",
          "databaseTargetFingerprint": "45836a2e3306aa27a98c47cded3087b545691ec737c22861a69c4ab202986929",
          "transactionId": "23c4635c-76b5-4460-b150-d7cbdd1aae82",
          "auditEventId": "cmtikbdng000m2u2bok91k4ki",
          "appliedAt": "2026-09-01T11:07:04.771Z",
          "verification": {
            "databaseMatchesAfterImage": true,
            "seedMatchesAfterImage": true,
            "detailApiVerified": true
          },
          "receiptSha256": "cbf0f700c28fbbf3bfd18e4e7a3450a1856c562705106668aa4f287601e79810"
        }
      },
      {
        "kind": "MUTATION",
        "taskId": "ledger:0322:edf-power-solutions-north-america:20c2fa23",
        "taskIndex": 322,
        "companyName": "EDF Power Solutions North America",
        "receipt": {
          "schemaVersion": 1,
          "artifactType": "PORTCO_CHANGE_APPLY_RECEIPT",
          "runId": "portco-reconciliation-2026-08-03-v2",
          "taskId": "ledger:0322:edf-power-solutions-north-america:20c2fa23",
          "taskIndex": 322,
          "companyName": "EDF Power Solutions North America",
          "companyId": "cmtikbf7p000n2u2bu4giwsse",
          "proposalSha256": "709f6d536fb3d75f54cb0914944bdcf55d2fc1d7f81149b5e078ffa6364ed9cf",
          "approvalSha256": "da220650f85941b8c3e5f2d7069cbdd7f0ee51aa5caace11ab57bb341601f3f8",
          "productionSnapshotSha256": "0074bd648afd369089a14dee6c4e59455baadbac89a8a688b2747c9bd7d10264",
          "beforeCompanySnapshotSha256": null,
          "appliedAfterImageSha256": "47057faf05894e0dee9be29971eb2c59ba327ed9c2da08c088659a33e522eb69",
          "seedAfterImageSha256": "47057faf05894e0dee9be29971eb2c59ba327ed9c2da08c088659a33e522eb69",
          "approvedSeedEntrySha256": "1c60377f4ba639472d4b4b4abd2351244bf9da95129d0dff8fa2226146a7bb8c",
          "databaseTargetFingerprint": "45836a2e3306aa27a98c47cded3087b545691ec737c22861a69c4ab202986929",
          "transactionId": "23c4635c-76b5-4460-b150-d7cbdd1aae82",
          "auditEventId": "cmtikbj7y00152u2bvlnm00g0",
          "appliedAt": "2026-09-01T11:07:04.771Z",
          "verification": {
            "databaseMatchesAfterImage": true,
            "seedMatchesAfterImage": true,
            "detailApiVerified": true
          },
          "receiptSha256": "ed24180b9df1dd96552053bd6272261ba6832756ccbe24ef61e79f09ff7e41ca"
        }
      },
      {
        "kind": "MUTATION",
        "taskId": "ledger:0323:helix-digital-infrastructure:89ceeefd",
        "taskIndex": 323,
        "companyName": "Helix Digital Infrastructure",
        "receipt": {
          "schemaVersion": 1,
          "artifactType": "PORTCO_CHANGE_APPLY_RECEIPT",
          "runId": "portco-reconciliation-2026-08-03-v2",
          "taskId": "ledger:0323:helix-digital-infrastructure:89ceeefd",
          "taskIndex": 323,
          "companyName": "Helix Digital Infrastructure",
          "companyId": "cmtikbkm100162u2bbqku8nks",
          "proposalSha256": "6209ae426639fc200b734d54266fb32c85351389cfc11431d5fd0d119ec62b03",
          "approvalSha256": "26cc24f25c684d87313a976a683f1acb50d6c06099035820a4306824bf3b256a",
          "productionSnapshotSha256": "ccb344c6d22dd9c964249c2952e0b3da66d26dc790e86eadb689ffc79ca4a744",
          "beforeCompanySnapshotSha256": null,
          "appliedAfterImageSha256": "95d66d396aabb1b3f10fdcce970f7d1b567730ad655903484d10df10e45a3e14",
          "seedAfterImageSha256": "95d66d396aabb1b3f10fdcce970f7d1b567730ad655903484d10df10e45a3e14",
          "approvedSeedEntrySha256": "ec875c12be94a1e207d8c9c6e9f726d5459c18535742fc8878b8406a8d1e6674",
          "databaseTargetFingerprint": "45836a2e3306aa27a98c47cded3087b545691ec737c22861a69c4ab202986929",
          "transactionId": "23c4635c-76b5-4460-b150-d7cbdd1aae82",
          "auditEventId": "cmtikbn7d001h2u2bvjre40he",
          "appliedAt": "2026-09-01T11:07:04.771Z",
          "verification": {
            "databaseMatchesAfterImage": true,
            "seedMatchesAfterImage": true,
            "detailApiVerified": true
          },
          "receiptSha256": "5f3e7d8a4f640540710c866023b2be619bc2f2d1459419c7274af06277258d15"
        }
      }
    ],
    "verification": {
      "databaseTransactionCommitted": true,
      "seedArtifactVerified": true,
      "allDetailApisVerified": true,
      "partialDatabaseApplication": false
    },
    "receiptSha256": "e6d3bb08233be418a9ad9bd5f041bd6aaad59cc11e72981c6274c843982c884d"
  }
}
