
> infra-tracker@1.0.0 portco:reconciliation:apply
> npx tsx scripts/portco-reconciliation/apply-cli.ts --proposal=audits/portco-reconciliation/2026-08-03/proposals/0106-waihonu-solar-farm-v3/proposal.json --approval=audits/portco-reconciliation/2026-08-03/approvals/0106-waihonu-solar-farm-v3.json --production-snapshot=audits/portco-reconciliation/2026-08-03/execution-v1/tasks/0106-waihonu-solar-farm/attempt-3/locked-production-snapshot.json --proposal-sha256=3b65e827137044db3623b80b9f9f60086ea6d1c15bfedca080826c4a9e3d0611 --approval-sha256=774105db60bae87a085ac9c2d0498650deac647e804686a72b73514409638dd1 --snapshot-sha256=d7641e989ef4770dcceeacfa7542ba5c0784f635fbde3d88d19f8ebeecf00529 --seed-artifact=prisma/seed-data/approved-portco-after-images.json --apply --write-token=APPLY_APPROVED_PORTCO_CHANGE --receipt=tmp/portco-reconciliation/production/apply-receipt.json --public-base-url=https://infra-ma-2.vercel.app/Infra-MA2/

(node:3455) DeprecationWarning: Calling client.query() when the client is already executing a query is deprecated and will be removed in pg@9.0. Use async/await or an external async flow control mechanism instead.
(Use `node --trace-deprecation ...` to show where the warning was created)
{
  "mode": "APPLIED",
  "receiptPath": "/home/runner/work/Infra-MA2/Infra-MA2/tmp/portco-reconciliation/production/apply-receipt.json",
  "receipt": {
    "schemaVersion": 1,
    "artifactType": "PORTCO_CHANGE_APPLY_RECEIPT",
    "runId": "portco-reconciliation-2026-08-03-v2",
    "taskId": "ledger:0106:waihonu-solar-farm:52102602",
    "taskIndex": 106,
    "companyName": "Waihonu Solar Farm",
    "companyId": "cmrxpj7ea00krivhepj9wbkhp",
    "proposalSha256": "3b65e827137044db3623b80b9f9f60086ea6d1c15bfedca080826c4a9e3d0611",
    "approvalSha256": "774105db60bae87a085ac9c2d0498650deac647e804686a72b73514409638dd1",
    "productionSnapshotSha256": "d7641e989ef4770dcceeacfa7542ba5c0784f635fbde3d88d19f8ebeecf00529",
    "beforeCompanySnapshotSha256": "74dc5880833937a27336b1ebc7350844cc913d11800dc54127611fdbe4aceaa9",
    "appliedAfterImageSha256": "a7ee4305b88b7f0a77c876f7dab8089a97a47a908adc841b4fce1551fcef1c01",
    "seedAfterImageSha256": "a7ee4305b88b7f0a77c876f7dab8089a97a47a908adc841b4fce1551fcef1c01",
    "approvedSeedEntrySha256": "9b3a2079de7f0a6bff5f8ba56dfe3f87cbf4b7cebe594ecc272b429767f637d8",
    "databaseTargetFingerprint": "45836a2e3306aa27a98c47cded3087b545691ec737c22861a69c4ab202986929",
    "transactionId": "c128ebca-132a-4c44-8520-71a12cb7d6de",
    "auditEventId": "cmsw95wey0009nz6hkp17k1h3",
    "appliedAt": "2026-08-16T20:23:46.282Z",
    "verification": {
      "databaseMatchesAfterImage": true,
      "seedMatchesAfterImage": true,
      "detailApiVerified": true
    },
    "receiptSha256": "f986e6d656e7ef06861797bfe5e33d528001e08442138db1f340bee938d411b1"
  }
}
