
> infra-tracker@1.0.0 portco:reconciliation:apply
> npx tsx scripts/portco-reconciliation/apply-cli.ts --proposal=audits/portco-reconciliation/2026-08-03/proposals/0080-phoenix-renewables-v1/proposal.json --approval=audits/portco-reconciliation/2026-08-03/approvals/0080-phoenix-renewables-v1.json --production-snapshot=audits/portco-reconciliation/2026-08-03/execution-v1/tasks/0080-phoenix-renewables/attempt-1/locked-production-snapshot.json --proposal-sha256=e91133843404da469e6b606733125d58dc877c181146871f136e59d8ca28b4c3 --approval-sha256=b8753f1761f48cfee00733213da5ad0f8dca73ab67cf05aaba7c06184e6eeae8 --snapshot-sha256=d44a4d5ec5a6a073941ad12efcf2e5105dad70ade818a8b1fc1643dd1cd549a3 --seed-artifact=prisma/seed-data/approved-portco-after-images.json --apply --write-token=APPLY_APPROVED_PORTCO_CHANGE --receipt=tmp/portco-reconciliation/production/apply-receipt.json --public-base-url=https://infra-ma-2.vercel.app/Infra-MA2/

(node:3047) DeprecationWarning: Calling client.query() when the client is already executing a query is deprecated and will be removed in pg@9.0. Use async/await or an external async flow control mechanism instead.
(Use `node --trace-deprecation ...` to show where the warning was created)
{
  "mode": "APPLIED",
  "receiptPath": "/home/runner/work/Infra-MA2/Infra-MA2/tmp/portco-reconciliation/production/apply-receipt.json",
  "receipt": {
    "schemaVersion": 1,
    "artifactType": "PORTCO_CHANGE_APPLY_RECEIPT",
    "runId": "portco-reconciliation-2026-08-03-v2",
    "taskId": "ledger:0080:phoenix-renewables:9685ebc7",
    "taskIndex": 80,
    "companyName": "Phoenix Renewables",
    "companyId": "cmrxpj6im00jeivhecwke4ndp",
    "proposalSha256": "e91133843404da469e6b606733125d58dc877c181146871f136e59d8ca28b4c3",
    "approvalSha256": "b8753f1761f48cfee00733213da5ad0f8dca73ab67cf05aaba7c06184e6eeae8",
    "productionSnapshotSha256": "d44a4d5ec5a6a073941ad12efcf2e5105dad70ade818a8b1fc1643dd1cd549a3",
    "beforeCompanySnapshotSha256": "2acb649a0ad9a825e72e44e427a6ccc38a7a82e5491c83603aba6850d5fef8ec",
    "appliedAfterImageSha256": "ddf92a9ab23e5f1fe4fb4f117308b8df7d4077a2e984edf74940225d91f554cf",
    "seedAfterImageSha256": "ddf92a9ab23e5f1fe4fb4f117308b8df7d4077a2e984edf74940225d91f554cf",
    "approvedSeedEntrySha256": "6348cf58b58dba6fa74882c52f2db67ac3a14d762360cf143518e5a352fd0449",
    "databaseTargetFingerprint": "45836a2e3306aa27a98c47cded3087b545691ec737c22861a69c4ab202986929",
    "transactionId": "2b8b5b13-775b-4598-a3bc-111d78a9ec46",
    "auditEventId": "cmstw9v0b0002cn6h4e70tig1",
    "appliedAt": "2026-08-15T04:47:24.012Z",
    "verification": {
      "databaseMatchesAfterImage": true,
      "seedMatchesAfterImage": true,
      "detailApiVerified": true
    },
    "receiptSha256": "8831a8bb6a80d150e24a1988e385e7f64d09e860b39f95edbb2eeedf0c76b276"
  }
}
