
> infra-tracker@1.0.0 portco:reconciliation:apply
> npx tsx scripts/portco-reconciliation/apply-cli.ts --proposal=audits/portco-reconciliation/2026-08-03/proposals/0080-phoenix-renewables-v1/proposal.json --approval=audits/portco-reconciliation/2026-08-03/approvals/0080-phoenix-renewables-v1.json --production-snapshot=audits/portco-reconciliation/2026-08-03/execution-v1/tasks/0080-phoenix-renewables/attempt-1/locked-production-snapshot.json --proposal-sha256=e91133843404da469e6b606733125d58dc877c181146871f136e59d8ca28b4c3 --approval-sha256=b8753f1761f48cfee00733213da5ad0f8dca73ab67cf05aaba7c06184e6eeae8 --snapshot-sha256=d44a4d5ec5a6a073941ad12efcf2e5105dad70ade818a8b1fc1643dd1cd549a3

(node:2799) DeprecationWarning: Calling client.query() when the client is already executing a query is deprecated and will be removed in pg@9.0. Use async/await or an external async flow control mechanism instead.
(Use `node --trace-deprecation ...` to show where the warning was created)
{
  "mode": "DRY_RUN",
  "databaseWrites": false,
  "seedWrites": false,
  "seedEntry": {
    "proposalSha256": "e91133843404da469e6b606733125d58dc877c181146871f136e59d8ca28b4c3",
    "approvalSha256": "b8753f1761f48cfee00733213da5ad0f8dca73ab67cf05aaba7c06184e6eeae8",
    "afterImageSha256": "ddf92a9ab23e5f1fe4fb4f117308b8df7d4077a2e984edf74940225d91f554cf",
    "taskId": "ledger:0080:phoenix-renewables:9685ebc7",
    "operation": "UPSERT",
    "company": {
      "name": "Phoenix Renewables",
      "investmentFirm": "ArcLight Capital Partners",
      "sector": "Power & ET",
      "subsector": "Operating Renewables Portfolio",
      "region": "North America",
      "country": "United States",
      "ownershipVehicle": "ArcLight Infrastructure Partners Fund VIII",
      "description": "Phoenix Renewables is an ArcLight Infrastructure Partners Fund VIII portfolio of operating renewable generation assets managed through ArcLight's SkyVest Renewables portfolio-services platform. ArcLight's current portfolio-services page identifies Phoenix and Thunderbird as the initial Fund VIII operating portfolios managed by SkyVest, while ArcLight's 2025 ESG report reports 467 MW for Phoenix. Phoenix is counted as the manager-level portfolio; SkyVest is the management platform, and individual assets or projects beneath Phoenix are not separate PortCos. ArcLight's live investments page lists Phoenix as Current. Public sources reviewed do not disclose an exact ownership-entry date, stake, website, founding year, headquarters, or a Phoenix-level exit through August 14, 2026.",
      "status": "Active",
      "countryTags": [
        "United States"
      ],
      "milestones": [
        {
          "date": "2024–early 2025",
          "event": "ArcLight reported that it had established Phoenix Renewables under SkyVest Renewables as an operating-renewables portfolio with 467 MW.",
          "category": "Other"
        },
        {
          "date": "Jul 29, 2024",
          "event": "ArcLight launched SkyVest Renewables to manage operating renewable assets; ArcLight's current portfolio-services page separately identifies Phoenix as an initial Fund VIII portfolio managed through SkyVest.",
          "category": "Other"
        }
      ],
      "management": [],
      "sources": [
        {
          "label": "Arclight — Alpha Generation (AlphaGen)",
          "url": "https://arclight.com/portfolio-services/",
          "type": "WEBSITE",
          "purpose": "OPERATIONS_ASSETS",
          "evidenceLabel": "Arclight operations / asset details"
        },
        {
          "label": "Arclight — Catalyst Old River Hydroelectric",
          "url": "https://arclight.com/investments/",
          "type": "WEBSITE",
          "purpose": "COMPANY_PROFILE",
          "evidenceLabel": "Arclight company profile"
        },
        {
          "label": "PR Newswire — Phoenix Renewables",
          "url": "https://www.prnewswire.com/news-releases/arclight-announces-operating-focused-renewables-initiative-and-new-wind-investment-302207994.html",
          "type": "PRESS_RELEASE",
          "purpose": "MILESTONE_EVENT",
          "evidenceLabel": "PR Newswire transaction or milestone detail"
        },
        {
          "label": "ArcLight — 2025 ESG Report",
          "url": "https://arclight.com/wp-content/uploads/2025/10/2025-ArcLight-ESG-Report.pdf",
          "type": "PRESENTATION",
          "purpose": "OWNERSHIP_INVESTMENT",
          "evidenceLabel": "Phoenix Renewables Fund VIII attribution, establishment under SkyVest and reported operating-portfolio scale"
        }
      ],
      "owners": [
        {
          "investmentFirm": "ArcLight Capital Partners",
          "ownershipVehicle": "ArcLight Infrastructure Partners Fund VIII",
          "fundName": "ArcLight Infrastructure Partners Fund VIII",
          "vehicleName": "ArcLight Infrastructure Partners Fund VIII",
          "status": "Active",
          "transactionState": "CLOSED_ACTIVE"
        }
      ]
    },
    "retiredCompanies": [],
    "canonicalAfterImage": {
      "id": "cmrxpj6im00jeivhecwke4ndp",
      "name": "Phoenix Renewables",
      "aliases": [],
      "sector": "POWER_ET",
      "subsector": "Operating Renewables Portfolio",
      "region": "NORTH_AMERICA",
      "country": "United States",
      "countryTags": [
        "United States"
      ],
      "description": "Phoenix Renewables is an ArcLight Infrastructure Partners Fund VIII portfolio of operating renewable generation assets managed through ArcLight's SkyVest Renewables portfolio-services platform. ArcLight's current portfolio-services page identifies Phoenix and Thunderbird as the initial Fund VIII operating portfolios managed by SkyVest, while ArcLight's 2025 ESG report reports 467 MW for Phoenix. Phoenix is counted as the manager-level portfolio; SkyVest is the management platform, and individual assets or projects beneath Phoenix are not separate PortCos. ArcLight's live investments page lists Phoenix as Current. Public sources reviewed do not disclose an exact ownership-entry date, stake, website, founding year, headquarters, or a Phoenix-level exit through August 14, 2026.",
      "companyStatus": "ACTIVE",
      "recordStatus": "PUBLISHED",
      "website": null,
      "yearFounded": null,
      "headquarters": null,
      "lastVerifiedAt": "2026-08-14T00:00:00.000Z",
      "ownershipPeriods": [
        {
          "id": "cmrxpjrjb01g9ivheyyxrg77r",
          "managerName": "ArcLight Capital Partners",
          "organizationName": "ArcLight Capital Partners",
          "fundName": "ArcLight Infrastructure Partners Fund VIII",
          "vehicleName": "ArcLight Infrastructure Partners Fund VIII",
          "stake": null,
          "investmentYear": null,
          "exitYear": null,
          "isActive": true,
          "transactionState": "CLOSED_ACTIVE"
        }
      ],
      "pendingOwnershipTransactions": [],
      "milestones": [
        {
          "id": "cmrxpkm9v02p4ivheorezj3ew",
          "date": "2024–early 2025",
          "event": "ArcLight reported that it had established Phoenix Renewables under SkyVest Renewables as an operating-renewables portfolio with 467 MW.",
          "category": "OTHER",
          "sortDate": null,
          "evidenceUrls": [
            "https://arclight.com/wp-content/uploads/2025/10/2025-ArcLight-ESG-Report.pdf"
          ]
        },
        {
          "id": "cmrxpkmaf02p5ivhe9g8eq5os",
          "date": "Jul 29, 2024",
          "event": "ArcLight launched SkyVest Renewables to manage operating renewable assets; ArcLight's current portfolio-services page separately identifies Phoenix as an initial Fund VIII portfolio managed through SkyVest.",
          "category": "OTHER",
          "sortDate": "2024-07-29T04:00:00.000Z",
          "evidenceUrls": [
            "https://www.prnewswire.com/news-releases/arclight-announces-operating-focused-renewables-initiative-and-new-wind-investment-302207994.html",
            "https://arclight.com/portfolio-services/"
          ]
        }
      ],
      "managementRoles": [],
      "citations": [
        {
          "id": "cmrxpp0qv07jgivheld1c8cmt",
          "label": "Arclight — Alpha Generation (AlphaGen)",
          "url": "https://arclight.com/portfolio-services/",
          "sourceType": "WEBSITE",
          "purpose": "OPERATIONS_ASSETS",
          "evidenceLabel": "Arclight operations / asset details",
          "isPrimary": true
        },
        {
          "id": "cmrxpp0ri07jhivheiei753f0",
          "label": "Arclight — Catalyst Old River Hydroelectric",
          "url": "https://arclight.com/investments/",
          "sourceType": "WEBSITE",
          "purpose": "COMPANY_PROFILE",
          "evidenceLabel": "Arclight company profile",
          "isPrimary": false
        },
        {
          "id": "cmrxpp0sh07jjivhe4l6y9jbl",
          "label": "PR Newswire — Phoenix Renewables",
          "url": "https://www.prnewswire.com/news-releases/arclight-announces-operating-focused-renewables-initiative-and-new-wind-investment-302207994.html",
          "sourceType": "PRESS_RELEASE",
          "purpose": "MILESTONE_EVENT",
          "evidenceLabel": "PR Newswire transaction or milestone detail",
          "isPrimary": false
        },
        {
          "id": null,
          "label": "ArcLight — 2025 ESG Report",
          "url": "https://arclight.com/wp-content/uploads/2025/10/2025-ArcLight-ESG-Report.pdf",
          "sourceType": "PRESENTATION",
          "purpose": "OWNERSHIP_INVESTMENT",
          "evidenceLabel": "Phoenix Renewables Fund VIII attribution, establishment under SkyVest and reported operating-portfolio scale",
          "isPrimary": false
        }
      ]
    }
  },
  "plan": {
    "companyName": "Phoenix Renewables",
    "mutations": [
      {
        "kind": "CORRECT_COMPANY",
        "relationIds": [],
        "detail": "Apply approved changes to description, headquarters, lastVerifiedAt, ownershipPeriods, milestones, citations."
      }
    ],
    "changedFields": [
      "citations",
      "description",
      "headquarters",
      "lastVerifiedAt",
      "milestones",
      "ownershipPeriods"
    ],
    "retiredCompanyIds": []
  }
}
