
 RUN  v4.1.5 /Users/mikeberry6/Infra-MA2-portco-ipx-attribution-repair

·······························································································································································································································································································································································································································································································································································································································································································································································································································································································································································································································································································································································································································································································································································································································································································································································································································································································································································································································································································································································································································································································································································································································································································································································································································································································································································································································································································································································································································································xx·······································································································································································································································································································································································································································································································································································································································································································stderr | src/app/weekly-briefing/route.test.ts > weekly briefing route > fails closed when the approval index cannot be validated
Failed to resolve approved weekly briefing: Error: stale approval
    at /Users/mikeberry6/Infra-MA2-portco-ipx-attribution-repair/src/app/weekly-briefing/route.test.ts:109:7
    at file:///Users/mikeberry6/Infra-MA2-portco-ipx-attribution-repair/node_modules/@vitest/runner/dist/chunk-artifact.js:302:11
    at file:///Users/mikeberry6/Infra-MA2-portco-ipx-attribution-repair/node_modules/@vitest/runner/dist/chunk-artifact.js:1903:26
    at file:///Users/mikeberry6/Infra-MA2-portco-ipx-attribution-repair/node_modules/@vitest/runner/dist/chunk-artifact.js:2326:20
    at new Promise (<anonymous>)
    at runWithCancel (file:///Users/mikeberry6/Infra-MA2-portco-ipx-attribution-repair/node_modules/@vitest/runner/dist/chunk-artifact.js:2323:10)
    at file:///Users/mikeberry6/Infra-MA2-portco-ipx-attribution-repair/node_modules/@vitest/runner/dist/chunk-artifact.js:2305:20
    at new Promise (<anonymous>)
    at runWithTimeout (file:///Users/mikeberry6/Infra-MA2-portco-ipx-attribution-repair/node_modules/@vitest/runner/dist/chunk-artifact.js:2272:10)
    at file:///Users/mikeberry6/Infra-MA2-portco-ipx-attribution-repair/node_modules/@vitest/runner/dist/chunk-artifact.js:2955:64

································································································································································································································································································································································································································

⎯⎯⎯⎯⎯⎯⎯ Failed Tests 2 ⎯⎯⎯⎯⎯⎯⎯

 FAIL  scripts/portfolio-fund-attribution/seed-manifest.test.ts > portfolio fund attribution seed manifest > matches every active evaluated seed owner exactly once
AssertionError: expected [ { …(13) }, { …(13) }, …(1431) ] to have a length of 1432 but got 1433

- Expected
+ Received

- 1432
+ 1433

 ❯ scripts/portfolio-fund-attribution/seed-manifest.test.ts:57:30
     55|     // All 1,393 active owners remain covered. Batches 019–027 add for…
     56|     // metadata overlays, not owners; every added key must exist in ev…
     57|     expect(manifest.records).toHaveLength(1_432);
       |                              ^
     58|     expect(owners).toHaveLength(1_393);
     59|     expect(new Set(ownerKeys)).toHaveProperty("size", ownerKeys.length…

⎯⎯⎯⎯⎯⎯⎯⎯⎯⎯⎯⎯⎯⎯⎯⎯⎯⎯⎯⎯⎯⎯⎯⎯[1/2]⎯

 FAIL  scripts/portfolio-fund-attribution/seed-manifest.test.ts > portfolio fund attribution seed manifest > does not create funds and labels every estimate
AssertionError: expected 447 to be 448 // Object.is equality

- Expected
+ Received

- 448
+ 447

 ❯ scripts/portfolio-fund-attribution/seed-manifest.test.ts:75:49
     73|     expect(manifest.policy.fundUpdates).toBe(0);
     74|     // Batch 006 preserves 448 estimates and records IENTC's partially…
     75|     expect(manifest.policy.inferredAssignments).toBe(448);
       |                                                 ^
     76|     expect(inferred).toHaveLength(448);
     77|     // Batch 010 resolves Helix's directly evidenced KKR corporate-sub…

⎯⎯⎯⎯⎯⎯⎯⎯⎯⎯⎯⎯⎯⎯⎯⎯⎯⎯⎯⎯⎯⎯⎯⎯[2/2]⎯


 Test Files  1 failed | 210 passed (211)
      Tests  2 failed | 3846 passed (3848)
   Start at  20:02:20
   Duration  56.34s (transform 9.98s, setup 17.18s, import 33.74s, tests 327.79s, environment 88.48s)

