
> infra-tracker@1.0.0 portco:reconciliation:apply
> npx tsx scripts/portco-reconciliation/apply-cli.ts --proposal=audits/portco-reconciliation/2026-08-03/proposals/0070-gulf-coast-express-pipeline-v2/proposal.json --approval=audits/portco-reconciliation/2026-08-03/approvals/0070-gulf-coast-express-pipeline-v2.json --production-snapshot=audits/portco-reconciliation/2026-08-03/execution-v1/tasks/0070-gulf-coast-express-pipeline/attempt-2/locked-production-snapshot.json --proposal-sha256=351959298d59bf4d85f584db7e7e4e72a9e71290b1ffae6e5f64d28ee5ab97cf --approval-sha256=4564c3230cbe740e09c94a0d6a91baffdd16fe0cc0939c99587bd08fd935b5f7 --snapshot-sha256=30d5035534b9fad19609b4dcb5ed70f7e49df3e2a2c1f1c0ef6b542e5175b5ad

(node:2868) DeprecationWarning: Calling client.query() when the client is already executing a query is deprecated and will be removed in pg@9.0. Use async/await or an external async flow control mechanism instead.
(Use `node --trace-deprecation ...` to show where the warning was created)
{
  "mode": "DRY_RUN",
  "databaseWrites": false,
  "seedWrites": false,
  "seedEntry": {
    "proposalSha256": "351959298d59bf4d85f584db7e7e4e72a9e71290b1ffae6e5f64d28ee5ab97cf",
    "approvalSha256": "4564c3230cbe740e09c94a0d6a91baffdd16fe0cc0939c99587bd08fd935b5f7",
    "afterImageSha256": "2c56febce729547c41b99e88aa0f9ae8d9c729f8d78966c635faf53109802687",
    "taskId": "ledger:0070:gulf-coast-express-pipeline:5147d87a",
    "operation": "MERGE",
    "company": {
      "name": "Gulf Coast Express Pipeline LLC (GCX)",
      "investmentFirm": "Kinder Morgan, Inc.",
      "sector": "Midstream",
      "subsector": "Natural gas transmission pipeline",
      "region": "North America",
      "country": "United States",
      "ownershipVehicle": "Kinder Morgan Texas Pipeline LLC",
      "description": "Gulf Coast Express Pipeline LLC (GCX) is an approximately 500-mile natural-gas transmission system that moves Permian Basin production from the Waha area to Agua Dulce and other South Texas markets. The system is fully subscribed under long-term binding transportation agreements and has approximately 2.59 Bcf/d of capacity following a June 2026 compression expansion. Kinder Morgan Texas Pipeline LLC owns 34% and operates GCX. ArcLight-managed vehicles own the remaining 66% through three separately recorded tranches acquired in 2022, 2024 and 2025. Mubadala's publicly disclosed co-investment is nested within ArcLight's 2025 tranche; its specific percentage and legal vehicle are not publicly disclosed and are not additive to ArcLight's 66% aggregate interest. No GCX-specific sale or pending exit was identified through August 13, 2026.",
      "status": "Active",
      "countryTags": [
        "United States"
      ],
      "website": "https://www.kindermorgan.com/Operations/Natural-Gas/Index",
      "investmentYear": 2017,
      "headquarters": "Texas, United States",
      "milestones": [
        {
          "date": "Dec 21, 2017",
          "event": "Kinder Morgan, DCP Midstream and Targa reached final investment decision for the approximately $1.7 billion Gulf Coast Express Pipeline after securing long-term binding transportation commitments.",
          "category": "Financing"
        },
        {
          "date": "Dec 2018",
          "event": "Altus Midstream exercised its option to acquire a 15% GCX interest, leaving Kinder Morgan with 35% and DCP Midstream and Targa with 25% each.",
          "category": "Acquisition"
        },
        {
          "date": "Sep 25, 2019",
          "event": "GCX entered full commercial service ahead of schedule with approximately 2.0 Bcf/d of capacity fully subscribed under long-term contracts.",
          "category": "Expansion"
        },
        {
          "date": "May 17, 2022",
          "event": "ArcLight completed its $857 million acquisition of Targa's 25% GCX interest through AL GCX Holdings LLC.",
          "category": "Acquisition"
        },
        {
          "date": "Jun 4, 2024",
          "event": "ArcLight completed its acquisition of Kinetik's 16% GCX interest for $510 million upfront plus a $30 million deferred payment.",
          "category": "Acquisition"
        },
        {
          "date": "Aug 30, 2024",
          "event": "GCX reached final investment decision for an approximately $455 million compression expansion designed to add 570 MMcf/d of capacity under binding long-term agreements.",
          "category": "Expansion"
        },
        {
          "date": "Dec 16, 2024",
          "event": "Phillips 66 entered into a definitive agreement to sell its 25% non-operated GCX interest to an ArcLight affiliate for $865 million.",
          "category": "Divestiture"
        },
        {
          "date": "Jan 30, 2025",
          "event": "Phillips 66 closed the sale of its 25% GCX interest to the ArcLight affiliate for $853 million of cash proceeds.",
          "category": "Acquisition"
        },
        {
          "date": "Feb 3, 2025",
          "event": "ArcLight publicly announced completion of the 25% acquisition and identified Mubadala as its partner in acquiring an interest in GCX.",
          "category": "Acquisition"
        },
        {
          "date": "Jun 23, 2026",
          "event": "GCX placed its approximately $450 million expansion in service, adding approximately 570 MMcf/d and increasing total system capacity to approximately 2.59 Bcf/d.",
          "category": "Expansion"
        }
      ],
      "management": [],
      "sources": [
        {
          "label": "Kindermorgan — Gulf Coast Express Pipeline (GCX)",
          "url": "https://www.kindermorgan.com/Operations/Natural-Gas/Index",
          "type": "WEBSITE",
          "purpose": "OWNERSHIP_INVESTMENT",
          "evidenceLabel": "Current 34% Kinder Morgan operated interest, ArcLight co-ownership, Texas footprint and 2.59 Bcf/d system capacity"
        },
        {
          "label": "Close date source — ArcLight Capital Partners — Gulf Coast Express Pipeline (GCX)",
          "url": "https://www.prnewswire.com/news-releases/arclight-announces-865-million-acquisition-of-strategic-pipeline-interest-302365746.html",
          "type": "PRESS_RELEASE",
          "purpose": "OWNERSHIP_INVESTMENT",
          "evidenceLabel": "ArcLight's February 2025 public completion announcement for the 25% Phillips 66 tranche"
        },
        {
          "label": "Investor — Gulf Coast Express Pipeline (GCX)",
          "url": "https://investor.phillips66.com/financial-information/news-releases/news-release-details/2024/Phillips-66-announces-agreement-to-sell-interest-in-Gulf-Coast-Express/default.aspx",
          "type": "ARTICLE",
          "purpose": "OWNERSHIP_INVESTMENT",
          "evidenceLabel": "Phillips 66's December 2024 agreement to sell its 25% GCX interest to ArcLight"
        },
        {
          "label": "Ownership source — Mubadala — Gulf Coast Express Pipeline LLC",
          "url": "https://www.mubadala.com/en/what-we-do/gulf-coast-express",
          "type": "ARTICLE",
          "purpose": "OWNERSHIP_INVESTMENT",
          "evidenceLabel": "Current Mubadala U.S. infrastructure and real-assets holding"
        },
        {
          "label": "Investment date source — Mubadala — Gulf Coast Express Pipeline LLC",
          "url": "https://www.linkedin.com/posts/arclight-capital-partners_infrastructure-datacenters-naturalgas-activity-7297604147405602816-xeoy",
          "type": "ARTICLE",
          "purpose": "OWNERSHIP_INVESTMENT",
          "evidenceLabel": "ArcLight's identification of Mubadala as its partner in the 2025 GCX acquisition"
        },
        {
          "label": "S&P Global — Gulf Coast Express Pipeline LLC",
          "url": "https://www.spglobal.com/commodityinsights/en/market-insights/latest-news/natural-gas/011325-arclight-to-buy-additional-gulf-coast-express-stake-phillips-66-says",
          "type": "ARTICLE",
          "purpose": "OWNERSHIP_INVESTMENT",
          "evidenceLabel": "ArcLight's aggregate 66% ownership, Kinder Morgan's 34% interest and 2025 acquisition-vehicle context"
        },
        {
          "label": "Kinder Morgan — GCX final investment decision",
          "url": "https://ir.kindermorgan.com/news/news-details/2017/Kinder-Morgan-DCP-Midstream-and-Targa-Resources-Announce-Final-Investment-Decision-on-Gulf-Coast-Express-Pipeline-Project/default.aspx",
          "type": "PRESS_RELEASE",
          "purpose": "MILESTONE_EVENT",
          "evidenceLabel": "December 2017 final investment decision, original ownership, project scope and shipper commitments"
        },
        {
          "label": "Kinder Morgan — 2018 GCX ownership update",
          "url": "https://ir.kindermorgan.com/news/news-details/2019/Kinder-Morgan-Declares-020-Dividend-and-Announces-Results-for-Fourth-Quarter-of-2018/default.aspx",
          "type": "PRESS_RELEASE",
          "purpose": "MILESTONE_EVENT",
          "evidenceLabel": "Altus Midstream's December 2018 option exercise and resulting historical ownership stakes"
        },
        {
          "label": "Kinder Morgan — GCX commercial service",
          "url": "https://ir.kindermorgan.com/news/news-details/2019/Gulf-Coast-Express-Pipeline-Placed-in-Service-Ahead-of-Schedule/default.aspx",
          "type": "PRESS_RELEASE",
          "purpose": "MILESTONE_EVENT",
          "evidenceLabel": "September 2019 full commercial service and long-term contracted capacity"
        },
        {
          "label": "ArcLight — 2022 GCX acquisition",
          "url": "https://www.prnewswire.com/news-releases/arclight-completes-acquisition-of-a-25-interest-in-the-gulf-coast-express-pipeline-301549622.html",
          "type": "PRESS_RELEASE",
          "purpose": "OWNERSHIP_INVESTMENT",
          "evidenceLabel": "May 2022 close of ArcLight's $857 million acquisition of Targa's 25% GCX interest"
        },
        {
          "label": "ArcLight — 2025 ESG Report",
          "url": "https://arclight.com/wp-content/uploads/2025/10/2025-ArcLight-ESG-Report.pdf",
          "type": "PRESENTATION",
          "purpose": "OWNERSHIP_INVESTMENT",
          "evidenceLabel": "GCX attribution to ArcLight Energy Partners Fund VII and Strategic Gas classification"
        },
        {
          "label": "Kinetik — 2024 GCX divestiture close",
          "url": "https://ir.kinetik.com/news/news-details/2024/Kinetik-Completes-Divestiture-of-Its-Equity-Interest-in-Gulf-Coast-Express-Pipeline/default.aspx",
          "type": "PRESS_RELEASE",
          "purpose": "OWNERSHIP_INVESTMENT",
          "evidenceLabel": "June 2024 close of ArcLight's acquisition of Kinetik's 16% GCX interest and transaction consideration"
        },
        {
          "label": "Kinetik — GCX purchase and sale agreement",
          "url": "https://www.sec.gov/Archives/edgar/data/1692787/000119312524137234/d829012dex102.htm",
          "type": "SEC_FILING",
          "purpose": "OWNERSHIP_INVESTMENT",
          "evidenceLabel": "Legal 2024 ArcLight acquisition entities, buyer parent and acquired 16% interest"
        },
        {
          "label": "Kinder Morgan — GCX expansion final investment decision",
          "url": "https://ir.kindermorgan.com/news/news-details/2024/Kinder-Morgan-Reports-Third-Quarter-2024-Financial-Results/default.aspx",
          "type": "PRESS_RELEASE",
          "purpose": "MILESTONE_EVENT",
          "evidenceLabel": "August 2024 expansion final investment decision, project cost and contracted capacity addition"
        },
        {
          "label": "Phillips 66 — 2024 annual report",
          "url": "https://www.sec.gov/Archives/edgar/data/1534701/000119312525075331/d909520dars.pdf",
          "type": "SEC_FILING",
          "purpose": "OWNERSHIP_INVESTMENT",
          "evidenceLabel": "January 30, 2025 close of Phillips 66's 25% GCX sale and $853 million cash proceeds"
        },
        {
          "label": "Kinder Morgan — GCX expansion placed in service",
          "url": "https://ir.kindermorgan.com/news/news-details/2026/Kinder-Morgan-Reports-Second-Quarter-2026-Financial-Results/default.aspx",
          "type": "PRESS_RELEASE",
          "purpose": "MILESTONE_EVENT",
          "evidenceLabel": "June 2026 expansion in-service date and current 2.59 Bcf/d system capacity"
        }
      ],
      "owners": [
        {
          "investmentFirm": "Kinder Morgan, Inc.",
          "ownershipVehicle": "Kinder Morgan Texas Pipeline LLC",
          "vehicleName": "Kinder Morgan Texas Pipeline LLC",
          "investmentYear": 2017,
          "stake": "34%",
          "status": "Active",
          "transactionState": "CLOSED_ACTIVE"
        },
        {
          "investmentFirm": "ArcLight Capital Partners",
          "ownershipVehicle": "ArcLight Energy Partners Fund VII, L.P.",
          "fundName": "ArcLight Energy Partners Fund VII, L.P.",
          "vehicleName": "AL GCX Holdings LLC",
          "investmentYear": 2022,
          "stake": "25%",
          "status": "Active",
          "transactionState": "CLOSED_ACTIVE"
        },
        {
          "investmentFirm": "ArcLight Capital Partners",
          "ownershipVehicle": "AL GCX Co-Invest, L.P. (via GCX Pipeline, LLC and AL GCX Holdings LLC)",
          "vehicleName": "AL GCX Co-Invest, L.P. (via GCX Pipeline, LLC and AL GCX Holdings LLC)",
          "investmentYear": 2024,
          "stake": "16%",
          "status": "Active",
          "transactionState": "CLOSED_ACTIVE"
        },
        {
          "investmentFirm": "ArcLight Capital Partners",
          "ownershipVehicle": "AL GCX Fund VIII Holdings LLC",
          "vehicleName": "AL GCX Fund VIII Holdings LLC",
          "investmentYear": 2025,
          "stake": "25%",
          "status": "Active",
          "transactionState": "CLOSED_ACTIVE"
        },
        {
          "investmentFirm": "Mubadala",
          "ownershipVehicle": "Co-investment within ArcLight-led 2025 GCX acquisition (legal vehicle not publicly disclosed)",
          "vehicleName": "Co-investment within ArcLight-led 2025 GCX acquisition (legal vehicle not publicly disclosed)",
          "investmentYear": 2025,
          "stake": "Not publicly disclosed; included within ArcLight's 25% 2025 GCX tranche and not additive to ArcLight-managed aggregate ownership",
          "status": "Active",
          "transactionState": "CLOSED_ACTIVE"
        }
      ]
    },
    "retiredCompanies": [
      {
        "name": "Gulf Coast Express Pipeline (GCX)",
        "country": "United States"
      },
      {
        "name": "Gulf Coast Express Pipeline LLC",
        "country": "United States"
      }
    ],
    "reviewedSeedRetirements": [
      {
        "sourceQueueTaskId": "ledger:0479:gulf-coast-express-pipeline-gcx:80ffe67c",
        "sourceQueueEntrySha256": "485293ecba49e8863c5a276514fb3af451c8adb76a37b761dca676c5f96760c4",
        "name": "Gulf Coast Express Pipeline (GCX)",
        "country": "United States",
        "rawSeedEntrySha256": "5a675a4a5cf898586bd42772d0042d5839cc86f035c30c0b248c0366f341f47b",
        "evaluatedSeedEntrySha256": "5a675a4a5cf898586bd42772d0042d5839cc86f035c30c0b248c0366f341f47b"
      },
      {
        "sourceQueueTaskId": "ledger:0480:gulf-coast-express-pipeline-llc:9e2ebb7a",
        "sourceQueueEntrySha256": "235fc2cb525be156ee34d14e31d36b93d8de2bbb2e07c45daed7920f7d083a48",
        "name": "Gulf Coast Express Pipeline LLC",
        "country": "United States",
        "rawSeedEntrySha256": "bdb63318e8faf66cf2d7521c31793486018739cc3da68e8c1ae955e8b2f3c0bc",
        "evaluatedSeedEntrySha256": "bdb63318e8faf66cf2d7521c31793486018739cc3da68e8c1ae955e8b2f3c0bc"
      }
    ],
    "canonicalAfterImage": {
      "id": "cmrxpjln4016sivhe00yic3tw",
      "name": "Gulf Coast Express Pipeline LLC (GCX)",
      "aliases": [
        "Gulf Coast Express",
        "Gulf Coast Express (GCX)",
        "Gulf Coast Express Pipeline",
        "Gulf Coast Express Pipeline (GCX)",
        "Gulf Coast Express Pipeline LLC",
        "GCX"
      ],
      "sector": "MIDSTREAM",
      "subsector": "Natural gas transmission pipeline",
      "region": "NORTH_AMERICA",
      "country": "United States",
      "countryTags": [
        "United States"
      ],
      "description": "Gulf Coast Express Pipeline LLC (GCX) is an approximately 500-mile natural-gas transmission system that moves Permian Basin production from the Waha area to Agua Dulce and other South Texas markets. The system is fully subscribed under long-term binding transportation agreements and has approximately 2.59 Bcf/d of capacity following a June 2026 compression expansion. Kinder Morgan Texas Pipeline LLC owns 34% and operates GCX. ArcLight-managed vehicles own the remaining 66% through three separately recorded tranches acquired in 2022, 2024 and 2025. Mubadala's publicly disclosed co-investment is nested within ArcLight's 2025 tranche; its specific percentage and legal vehicle are not publicly disclosed and are not additive to ArcLight's 66% aggregate interest. No GCX-specific sale or pending exit was identified through August 13, 2026.",
      "companyStatus": "ACTIVE",
      "recordStatus": "PUBLISHED",
      "website": "https://www.kindermorgan.com/Operations/Natural-Gas/Index",
      "yearFounded": null,
      "headquarters": "Texas, United States",
      "lastVerifiedAt": "2026-08-13T00:00:00.000Z",
      "ownershipPeriods": [
        {
          "id": null,
          "managerName": "Kinder Morgan, Inc.",
          "organizationName": null,
          "fundName": null,
          "vehicleName": "Kinder Morgan Texas Pipeline LLC",
          "stake": "34%",
          "investmentYear": 2017,
          "exitYear": null,
          "isActive": true,
          "transactionState": "CLOSED_ACTIVE"
        },
        {
          "id": "cmrxpjrdg01fyivhemafebf8q",
          "managerName": "ArcLight Capital Partners",
          "organizationName": "ArcLight Capital Partners",
          "fundName": "ArcLight Energy Partners Fund VII, L.P.",
          "vehicleName": "AL GCX Holdings LLC",
          "stake": "25%",
          "investmentYear": 2022,
          "exitYear": null,
          "isActive": true,
          "transactionState": "CLOSED_ACTIVE"
        },
        {
          "id": null,
          "managerName": "ArcLight Capital Partners",
          "organizationName": "ArcLight Capital Partners",
          "fundName": null,
          "vehicleName": "AL GCX Co-Invest, L.P. (via GCX Pipeline, LLC and AL GCX Holdings LLC)",
          "stake": "16%",
          "investmentYear": 2024,
          "exitYear": null,
          "isActive": true,
          "transactionState": "CLOSED_ACTIVE"
        },
        {
          "id": null,
          "managerName": "ArcLight Capital Partners",
          "organizationName": "ArcLight Capital Partners",
          "fundName": null,
          "vehicleName": "AL GCX Fund VIII Holdings LLC",
          "stake": "25%",
          "investmentYear": 2025,
          "exitYear": null,
          "isActive": true,
          "transactionState": "CLOSED_ACTIVE"
        },
        {
          "id": "cmrxpk81c0266ivhe05djrrfq",
          "managerName": "Mubadala",
          "organizationName": "Mubadala",
          "fundName": null,
          "vehicleName": "Co-investment within ArcLight-led 2025 GCX acquisition (legal vehicle not publicly disclosed)",
          "stake": "Not publicly disclosed; included within ArcLight's 25% 2025 GCX tranche and not additive to ArcLight-managed aggregate ownership",
          "investmentYear": 2025,
          "exitYear": null,
          "isActive": true,
          "transactionState": "CLOSED_ACTIVE"
        }
      ],
      "pendingOwnershipTransactions": [],
      "milestones": [
        {
          "id": "cmrxpklfz02o3ivhelkoegtxb",
          "date": "Dec 21, 2017",
          "event": "Kinder Morgan, DCP Midstream and Targa reached final investment decision for the approximately $1.7 billion Gulf Coast Express Pipeline after securing long-term binding transportation commitments.",
          "category": "FINANCING",
          "sortDate": "2017-12-21T05:00:00.000Z",
          "evidenceUrls": [
            "https://ir.kindermorgan.com/news/news-details/2017/Kinder-Morgan-DCP-Midstream-and-Targa-Resources-Announce-Final-Investment-Decision-on-Gulf-Coast-Express-Pipeline-Project/default.aspx"
          ]
        },
        {
          "id": "cmrxpmghp04w3ivhe8bb5n0n9",
          "date": "Dec 2018",
          "event": "Altus Midstream exercised its option to acquire a 15% GCX interest, leaving Kinder Morgan with 35% and DCP Midstream and Targa with 25% each.",
          "category": "ACQUISITION",
          "sortDate": "2018-12-01T05:00:00.000Z",
          "evidenceUrls": [
            "https://ir.kindermorgan.com/news/news-details/2019/Kinder-Morgan-Declares-020-Dividend-and-Announces-Results-for-Fourth-Quarter-of-2018/default.aspx"
          ]
        },
        {
          "id": "cmrxpklgm02o4ivhetxk9b50n",
          "date": "Sep 25, 2019",
          "event": "GCX entered full commercial service ahead of schedule with approximately 2.0 Bcf/d of capacity fully subscribed under long-term contracts.",
          "category": "EXPANSION",
          "sortDate": "2019-09-25T04:00:00.000Z",
          "evidenceUrls": [
            "https://ir.kindermorgan.com/news/news-details/2019/Gulf-Coast-Express-Pipeline-Placed-in-Service-Ahead-of-Schedule/default.aspx"
          ]
        },
        {
          "id": "cmrxpmgia04w4ivhejnal59a0",
          "date": "May 17, 2022",
          "event": "ArcLight completed its $857 million acquisition of Targa's 25% GCX interest through AL GCX Holdings LLC.",
          "category": "ACQUISITION",
          "sortDate": "2022-05-17T04:00:00.000Z",
          "evidenceUrls": [
            "https://www.prnewswire.com/news-releases/arclight-completes-acquisition-of-a-25-interest-in-the-gulf-coast-express-pipeline-301549622.html",
            "https://arclight.com/wp-content/uploads/2025/10/2025-ArcLight-ESG-Report.pdf"
          ]
        },
        {
          "id": "cmrxpmgir04w5ivheldgicvfn",
          "date": "Jun 4, 2024",
          "event": "ArcLight completed its acquisition of Kinetik's 16% GCX interest for $510 million upfront plus a $30 million deferred payment.",
          "category": "ACQUISITION",
          "sortDate": "2024-06-04T04:00:00.000Z",
          "evidenceUrls": [
            "https://ir.kinetik.com/news/news-details/2024/Kinetik-Completes-Divestiture-of-Its-Equity-Interest-in-Gulf-Coast-Express-Pipeline/default.aspx",
            "https://www.sec.gov/Archives/edgar/data/1692787/000119312524137234/d829012dex102.htm"
          ]
        },
        {
          "id": "cmrxpklh302o5ivhenb25pd3c",
          "date": "Aug 30, 2024",
          "event": "GCX reached final investment decision for an approximately $455 million compression expansion designed to add 570 MMcf/d of capacity under binding long-term agreements.",
          "category": "EXPANSION",
          "sortDate": "2024-08-30T04:00:00.000Z",
          "evidenceUrls": [
            "https://ir.kindermorgan.com/news/news-details/2024/Kinder-Morgan-Reports-Third-Quarter-2024-Financial-Results/default.aspx"
          ]
        },
        {
          "id": "cmrxpklhi02o6ivhed3zmdd1j",
          "date": "Dec 16, 2024",
          "event": "Phillips 66 entered into a definitive agreement to sell its 25% non-operated GCX interest to an ArcLight affiliate for $865 million.",
          "category": "DIVESTITURE",
          "sortDate": "2024-12-16T05:00:00.000Z",
          "evidenceUrls": [
            "https://investor.phillips66.com/financial-information/news-releases/news-release-details/2024/Phillips-66-announces-agreement-to-sell-interest-in-Gulf-Coast-Express/default.aspx"
          ]
        },
        {
          "id": "cmrxpkli202o7ivhee7nspfoo",
          "date": "Jan 30, 2025",
          "event": "Phillips 66 closed the sale of its 25% GCX interest to the ArcLight affiliate for $853 million of cash proceeds.",
          "category": "ACQUISITION",
          "sortDate": "2025-01-30T05:00:00.000Z",
          "evidenceUrls": [
            "https://www.sec.gov/Archives/edgar/data/1534701/000119312525075331/d909520dars.pdf"
          ]
        },
        {
          "id": "cmrxpmgj604w6ivheo717dga1",
          "date": "Feb 3, 2025",
          "event": "ArcLight publicly announced completion of the 25% acquisition and identified Mubadala as its partner in acquiring an interest in GCX.",
          "category": "ACQUISITION",
          "sortDate": "2025-02-03T05:00:00.000Z",
          "evidenceUrls": [
            "https://www.prnewswire.com/news-releases/arclight-announces-865-million-acquisition-of-strategic-pipeline-interest-302365746.html",
            "https://www.linkedin.com/posts/arclight-capital-partners_infrastructure-datacenters-naturalgas-activity-7297604147405602816-xeoy"
          ]
        },
        {
          "id": null,
          "date": "Jun 23, 2026",
          "event": "GCX placed its approximately $450 million expansion in service, adding approximately 570 MMcf/d and increasing total system capacity to approximately 2.59 Bcf/d.",
          "category": "EXPANSION",
          "sortDate": "2026-06-23T04:00:00.000Z",
          "evidenceUrls": [
            "https://ir.kindermorgan.com/news/news-details/2026/Kinder-Morgan-Reports-Second-Quarter-2026-Financial-Results/default.aspx"
          ]
        }
      ],
      "managementRoles": [],
      "citations": [
        {
          "id": "cmrxpozdq07hiivhee0qsj0wc",
          "label": "Kindermorgan — Gulf Coast Express Pipeline (GCX)",
          "url": "https://www.kindermorgan.com/Operations/Natural-Gas/Index",
          "sourceType": "WEBSITE",
          "purpose": "OWNERSHIP_INVESTMENT",
          "evidenceLabel": "Current 34% Kinder Morgan operated interest, ArcLight co-ownership, Texas footprint and 2.59 Bcf/d system capacity",
          "isPrimary": true
        },
        {
          "id": "cmrxpozb607heivheuwzramgc",
          "label": "Close date source — ArcLight Capital Partners — Gulf Coast Express Pipeline (GCX)",
          "url": "https://www.prnewswire.com/news-releases/arclight-announces-865-million-acquisition-of-strategic-pipeline-interest-302365746.html",
          "sourceType": "PRESS_RELEASE",
          "purpose": "OWNERSHIP_INVESTMENT",
          "evidenceLabel": "ArcLight's February 2025 public completion announcement for the 25% Phillips 66 tranche",
          "isPrimary": false
        },
        {
          "id": "cmrxpozcj07hgivhe2lgtwzls",
          "label": "Investor — Gulf Coast Express Pipeline (GCX)",
          "url": "https://investor.phillips66.com/financial-information/news-releases/news-release-details/2024/Phillips-66-announces-agreement-to-sell-interest-in-Gulf-Coast-Express/default.aspx",
          "sourceType": "ARTICLE",
          "purpose": "OWNERSHIP_INVESTMENT",
          "evidenceLabel": "Phillips 66's December 2024 agreement to sell its 25% GCX interest to ArcLight",
          "isPrimary": false
        },
        {
          "id": "cmrxpsd8r0cgyivherstnyo78",
          "label": "Ownership source — Mubadala — Gulf Coast Express Pipeline LLC",
          "url": "https://www.mubadala.com/en/what-we-do/gulf-coast-express",
          "sourceType": "ARTICLE",
          "purpose": "OWNERSHIP_INVESTMENT",
          "evidenceLabel": "Current Mubadala U.S. infrastructure and real-assets holding",
          "isPrimary": false
        },
        {
          "id": "cmrxpsdaz0ch1ivhebvpasqka",
          "label": "Investment date source — Mubadala — Gulf Coast Express Pipeline LLC",
          "url": "https://www.linkedin.com/posts/arclight-capital-partners_infrastructure-datacenters-naturalgas-activity-7297604147405602816-xeoy",
          "sourceType": "ARTICLE",
          "purpose": "OWNERSHIP_INVESTMENT",
          "evidenceLabel": "ArcLight's identification of Mubadala as its partner in the 2025 GCX acquisition",
          "isPrimary": false
        },
        {
          "id": "cmrxpsdc00ch3ivheehu0gkjr",
          "label": "S&P Global — Gulf Coast Express Pipeline LLC",
          "url": "https://www.spglobal.com/commodityinsights/en/market-insights/latest-news/natural-gas/011325-arclight-to-buy-additional-gulf-coast-express-stake-phillips-66-says",
          "sourceType": "ARTICLE",
          "purpose": "OWNERSHIP_INVESTMENT",
          "evidenceLabel": "ArcLight's aggregate 66% ownership, Kinder Morgan's 34% interest and 2025 acquisition-vehicle context",
          "isPrimary": false
        },
        {
          "id": null,
          "label": "Kinder Morgan — GCX final investment decision",
          "url": "https://ir.kindermorgan.com/news/news-details/2017/Kinder-Morgan-DCP-Midstream-and-Targa-Resources-Announce-Final-Investment-Decision-on-Gulf-Coast-Express-Pipeline-Project/default.aspx",
          "sourceType": "PRESS_RELEASE",
          "purpose": "MILESTONE_EVENT",
          "evidenceLabel": "December 2017 final investment decision, original ownership, project scope and shipper commitments",
          "isPrimary": false
        },
        {
          "id": null,
          "label": "Kinder Morgan — 2018 GCX ownership update",
          "url": "https://ir.kindermorgan.com/news/news-details/2019/Kinder-Morgan-Declares-020-Dividend-and-Announces-Results-for-Fourth-Quarter-of-2018/default.aspx",
          "sourceType": "PRESS_RELEASE",
          "purpose": "MILESTONE_EVENT",
          "evidenceLabel": "Altus Midstream's December 2018 option exercise and resulting historical ownership stakes",
          "isPrimary": false
        },
        {
          "id": null,
          "label": "Kinder Morgan — GCX commercial service",
          "url": "https://ir.kindermorgan.com/news/news-details/2019/Gulf-Coast-Express-Pipeline-Placed-in-Service-Ahead-of-Schedule/default.aspx",
          "sourceType": "PRESS_RELEASE",
          "purpose": "MILESTONE_EVENT",
          "evidenceLabel": "September 2019 full commercial service and long-term contracted capacity",
          "isPrimary": false
        },
        {
          "id": null,
          "label": "ArcLight — 2022 GCX acquisition",
          "url": "https://www.prnewswire.com/news-releases/arclight-completes-acquisition-of-a-25-interest-in-the-gulf-coast-express-pipeline-301549622.html",
          "sourceType": "PRESS_RELEASE",
          "purpose": "OWNERSHIP_INVESTMENT",
          "evidenceLabel": "May 2022 close of ArcLight's $857 million acquisition of Targa's 25% GCX interest",
          "isPrimary": false
        },
        {
          "id": null,
          "label": "ArcLight — 2025 ESG Report",
          "url": "https://arclight.com/wp-content/uploads/2025/10/2025-ArcLight-ESG-Report.pdf",
          "sourceType": "PRESENTATION",
          "purpose": "OWNERSHIP_INVESTMENT",
          "evidenceLabel": "GCX attribution to ArcLight Energy Partners Fund VII and Strategic Gas classification",
          "isPrimary": false
        },
        {
          "id": null,
          "label": "Kinetik — 2024 GCX divestiture close",
          "url": "https://ir.kinetik.com/news/news-details/2024/Kinetik-Completes-Divestiture-of-Its-Equity-Interest-in-Gulf-Coast-Express-Pipeline/default.aspx",
          "sourceType": "PRESS_RELEASE",
          "purpose": "OWNERSHIP_INVESTMENT",
          "evidenceLabel": "June 2024 close of ArcLight's acquisition of Kinetik's 16% GCX interest and transaction consideration",
          "isPrimary": false
        },
        {
          "id": null,
          "label": "Kinetik — GCX purchase and sale agreement",
          "url": "https://www.sec.gov/Archives/edgar/data/1692787/000119312524137234/d829012dex102.htm",
          "sourceType": "SEC_FILING",
          "purpose": "OWNERSHIP_INVESTMENT",
          "evidenceLabel": "Legal 2024 ArcLight acquisition entities, buyer parent and acquired 16% interest",
          "isPrimary": false
        },
        {
          "id": null,
          "label": "Kinder Morgan — GCX expansion final investment decision",
          "url": "https://ir.kindermorgan.com/news/news-details/2024/Kinder-Morgan-Reports-Third-Quarter-2024-Financial-Results/default.aspx",
          "sourceType": "PRESS_RELEASE",
          "purpose": "MILESTONE_EVENT",
          "evidenceLabel": "August 2024 expansion final investment decision, project cost and contracted capacity addition",
          "isPrimary": false
        },
        {
          "id": null,
          "label": "Phillips 66 — 2024 annual report",
          "url": "https://www.sec.gov/Archives/edgar/data/1534701/000119312525075331/d909520dars.pdf",
          "sourceType": "SEC_FILING",
          "purpose": "OWNERSHIP_INVESTMENT",
          "evidenceLabel": "January 30, 2025 close of Phillips 66's 25% GCX sale and $853 million cash proceeds",
          "isPrimary": false
        },
        {
          "id": null,
          "label": "Kinder Morgan — GCX expansion placed in service",
          "url": "https://ir.kindermorgan.com/news/news-details/2026/Kinder-Morgan-Reports-Second-Quarter-2026-Financial-Results/default.aspx",
          "sourceType": "PRESS_RELEASE",
          "purpose": "MILESTONE_EVENT",
          "evidenceLabel": "June 2026 expansion in-service date and current 2.59 Bcf/d system capacity",
          "isPrimary": false
        }
      ]
    }
  },
  "plan": {
    "companyName": "Gulf Coast Express Pipeline LLC (GCX)",
    "mutations": [
      {
        "kind": "CORRECT_COMPANY",
        "relationIds": [],
        "detail": "Apply approved changes to aliases, description, website, headquarters, lastVerifiedAt, ownershipPeriods, milestones, citations."
      },
      {
        "kind": "ADD_OWNER",
        "relationIds": [],
        "detail": "Add 3 approved ownership period(s)."
      },
      {
        "kind": "MERGE_COMPANIES",
        "relationIds": [
          "seed:ledger:0479:gulf-coast-express-pipeline-gcx:80ffe67c",
          "seed:ledger:0480:gulf-coast-express-pipeline-llc:9e2ebb7a"
        ],
        "detail": "retire 2 reviewed seed-only identity record(s)"
      }
    ],
    "changedFields": [
      "aliases",
      "citations",
      "description",
      "headquarters",
      "lastVerifiedAt",
      "milestones",
      "ownershipPeriods",
      "seedIdentities",
      "website"
    ],
    "retiredCompanyIds": []
  }
}
