
> infra-tracker@1.0.0 portco:reconciliation:batch:apply
> npx tsx scripts/portco-reconciliation/batch-apply-cli.ts --batch-manifest=audits/portco-reconciliation/2026-08-23/batches/batch-0162-0166-v1/batch-manifest-v2.json --batch-sha256=8f15f33baae4f06e0d088f8f7f1b2d601646d1ebd3eb5b2fc6e632c5597d0569

(node:3611) DeprecationWarning: Calling client.query() when the client is already executing a query is deprecated and will be removed in pg@9.0. Use async/await or an external async flow control mechanism instead.
(Use `node --trace-deprecation ...` to show where the warning was created)
{
  "mode": "BATCH_DRY_RUN",
  "batchId": "batch-0162-0166-v1",
  "batchSha256": "8f15f33baae4f06e0d088f8f7f1b2d601646d1ebd3eb5b2fc6e632c5597d0569",
  "databaseWrites": false,
  "seedWrites": false,
  "plans": [
    {
      "companyName": "Duke Energy Florida",
      "mutations": [
        {
          "kind": "CORRECT_COMPANY",
          "relationIds": [],
          "detail": "Apply approved changes to aliases, subsector, description, website, yearFounded, headquarters, lastVerifiedAt, ownershipPeriods, milestones, citations."
        },
        {
          "kind": "ADD_PENDING_TRANSACTION",
          "relationIds": [],
          "detail": "Add 1 signed pending ownership transaction(s)."
        }
      ],
      "changedFields": [
        "aliases",
        "citations",
        "description",
        "headquarters",
        "lastVerifiedAt",
        "milestones",
        "ownershipPeriods",
        "pendingOwnershipTransactions",
        "subsector",
        "website",
        "yearFounded"
      ],
      "retiredCompanyIds": []
    },
    {
      "companyName": "CAG Holdings",
      "mutations": [
        {
          "kind": "CORRECT_COMPANY",
          "relationIds": [],
          "detail": "Apply approved changes to name, aliases, description, yearFounded, headquarters, lastVerifiedAt, ownershipPeriods, milestones, citations."
        }
      ],
      "changedFields": [
        "aliases",
        "citations",
        "description",
        "headquarters",
        "lastVerifiedAt",
        "milestones",
        "name",
        "ownershipPeriods",
        "yearFounded"
      ],
      "retiredCompanyIds": []
    },
    {
      "companyName": "Copia Power",
      "mutations": [
        {
          "kind": "CORRECT_COMPANY",
          "relationIds": [],
          "detail": "Apply approved changes to aliases, description, website, headquarters, lastVerifiedAt, ownershipPeriods, milestones, citations."
        },
        {
          "kind": "ADD_PENDING_TRANSACTION",
          "relationIds": [],
          "detail": "Add 1 signed pending ownership transaction(s)."
        }
      ],
      "changedFields": [
        "aliases",
        "citations",
        "description",
        "headquarters",
        "lastVerifiedAt",
        "milestones",
        "ownershipPeriods",
        "pendingOwnershipTransactions",
        "website"
      ],
      "retiredCompanyIds": []
    },
    {
      "companyName": "Fermata Energy",
      "mutations": [
        {
          "kind": "CORRECT_COMPANY",
          "relationIds": [],
          "detail": "Apply approved changes to aliases, description, headquarters, lastVerifiedAt, milestones, citations."
        },
        {
          "kind": "RETIRE_OWNERSHIP",
          "relationIds": [
            "cmrxpjvyz01ngivhepbsr5vxc"
          ],
          "detail": "Retire 1 ownership period(s) without deleting history."
        },
        {
          "kind": "REALIZE_COMPANY",
          "relationIds": [],
          "detail": "Mark the company realized after all active ownership has ended."
        }
      ],
      "changedFields": [
        "aliases",
        "citations",
        "companyStatus",
        "description",
        "headquarters",
        "lastVerifiedAt",
        "milestones",
        "ownershipPeriods"
      ],
      "retiredCompanyIds": []
    }
  ]
}
