
> infra-tracker@1.0.0 portfolio:fund-attribution:apply
> npx tsx scripts/apply-portfolio-fund-attribution.ts --manifest=audits/portfolio-fund-attribution/2026-08-23/scoped/batch-0141-attribution-repair/apply-manifest.json --manifest-sha256=f3761bccd4cc8ca4628b359caffd3202c89dac2899f4806905d9bc7441095b48 --production-snapshot=audits/portfolio-fund-attribution/2026-08-23/scoped/batch-0141-attribution-repair/production-snapshot.json --approval=audits/portfolio-fund-attribution/2026-08-23/scoped/batch-0141-attribution-repair/approval.json --approval-sha256=15cffb799b36fedb5a4919380c253f8558ac9ffe23d975b237f9ff1f750f8037 --apply=true --write-token=APPLY_REVIEWED_PORTFOLIO_FUND_ATTRIBUTION --receipt=tmp/portfolio-fund-attribution/production/apply-receipt.json

(node:3000) DeprecationWarning: Calling client.query() when the client is already executing a query is deprecated and will be removed in pg@9.0. Use async/await or an external async flow control mechanism instead.
(Use `node --trace-deprecation ...` to show where the warning was created)
{
  "schemaVersion": 1,
  "artifactType": "PORTFOLIO_FUND_ATTRIBUTION_APPLY_RECEIPT",
  "manifestSha256": "f3761bccd4cc8ca4628b359caffd3202c89dac2899f4806905d9bc7441095b48",
  "approvalSha256": "15cffb799b36fedb5a4919380c253f8558ac9ffe23d975b237f9ff1f750f8037",
  "environment": "production",
  "pipelineRunId": "cmt5phzws0000bcyyinnf60dt",
  "mutationCount": 9,
  "changed": 9,
  "idempotent": false,
  "beforeFingerprint": "11fd688f873b201af814353b7c0e336b202f255bc1e90aa893f0f175b16a687a",
  "afterFingerprint": "e7ad4522be617843c97115fa951ec613057b06c39b54f98e5fd07480340d8acf",
  "rows": [
    {
      "recordId": "OFA-REPAIR-0141-EOLIAN-EMPLOYEES",
      "ownershipPeriodId": "cmt5og4ch0007u7yykqzqw0ct",
      "companyId": "cmrxpjgka00ytivhen28z6djw",
      "stateBeforeApply": "PENDING",
      "before": {
        "linkedFundName": null,
        "fundAttribution": "UNRESOLVED",
        "attributedFundName": null,
        "attributionConfidence": null,
        "attributionRationale": null
      },
      "after": {
        "linkedFundName": null,
        "fundAttribution": "DIRECT_PROGRAM",
        "attributedFundName": null,
        "attributionConfidence": null,
        "attributionRationale": "Eolian's current company site identifies the business as owned by GIP funds and employees; employee ownership is direct ownership with no managed-fund attribution."
      }
    },
    {
      "recordId": "OFA-REPAIR-0141-EOLIAN-FORMER-MAP",
      "ownershipPeriodId": "cmt5og4io0009u7yyvbz3oqar",
      "companyId": "cmrxpjgka00ytivhen28z6djw",
      "stateBeforeApply": "PENDING",
      "before": {
        "linkedFundName": null,
        "fundAttribution": "UNRESOLVED",
        "attributedFundName": null,
        "attributionConfidence": null,
        "attributionRationale": null
      },
      "after": {
        "linkedFundName": null,
        "fundAttribution": "DISCLOSED",
        "attributedFundName": "MAP RE/ES",
        "attributionConfidence": null,
        "attributionRationale": "GIP's acquisition announcement directly identifies MAP Energy's renewable-energy and energy-storage business, MAP RE/ES, as the acquired predecessor vehicle; this former ownership is disclosed but has no separate curated fund link."
      }
    },
    {
      "recordId": "OFA-REPAIR-0142-LIGHTHOUSE-FORMER-EXCELSIOR",
      "ownershipPeriodId": "cmt5ogans000fu7yykyfg3253",
      "companyId": "cmrxpj8x000n4ivhefbfwnig3",
      "stateBeforeApply": "PENDING",
      "before": {
        "linkedFundName": null,
        "fundAttribution": "UNRESOLVED",
        "attributedFundName": null,
        "attributionConfidence": null,
        "attributionRationale": null
      },
      "after": {
        "linkedFundName": null,
        "fundAttribution": "DISCLOSED",
        "attributedFundName": "Excelsior Renewable Energy Investment Fund I LP",
        "attributionConfidence": null,
        "attributionRationale": "Excelsior's sale announcement and KeyBanc transaction record directly identify Excelsior Renewable Energy Investment Fund I LP as the seller of the consolidated Lighthouse portfolio; the former vehicle is disclosed but has no separate curated fund link."
      }
    },
    {
      "recordId": "OFA-REPAIR-0143-GIGAPOWER-BLACKROCK",
      "ownershipPeriodId": "cmrxpju8701klivhews3qe3yr",
      "companyId": "cmrxpj8xk00n5ivhezp5xja2f",
      "stateBeforeApply": "PENDING",
      "before": {
        "linkedFundName": null,
        "fundAttribution": "DISCLOSED",
        "attributedFundName": "Diversified Infrastructure",
        "attributionConfidence": null,
        "attributionRationale": "Matched supplemental ownership detail: Firm: BlackRock | Fund: Diversified Infrastructure | Ownership Interest: Not publicly disclosed. Supplemental ownership detail discloses a distinct fund/vehicle that does not match funds.ts."
      },
      "after": {
        "linkedFundName": null,
        "fundAttribution": "DISCLOSED",
        "attributedFundName": "BGIF IV Neon Acquisition LP",
        "attributionConfidence": null,
        "attributionRationale": "AT&T's closing release and regulatory evidence establish BlackRock's 50% Gigapower ownership through BGIF IV Neon Acquisition LP; the vehicle is disclosed but has no separate curated fund link."
      }
    },
    {
      "recordId": "OFA-REPAIR-0143-GIGAPOWER-ATT",
      "ownershipPeriodId": "cmt5oggkj000tu7yyz4u566wy",
      "companyId": "cmrxpj8xk00n5ivhezp5xja2f",
      "stateBeforeApply": "PENDING",
      "before": {
        "linkedFundName": null,
        "fundAttribution": "UNRESOLVED",
        "attributedFundName": null,
        "attributionConfidence": null,
        "attributionRationale": null
      },
      "after": {
        "linkedFundName": null,
        "fundAttribution": "DIRECT_PROGRAM",
        "attributedFundName": null,
        "attributionConfidence": null,
        "attributionRationale": "AT&T and regulatory evidence establish AT&T's aggregate 50% Gigapower interest through its disclosed corporate holding entities; this is corporate ownership rather than a managed-fund attribution."
      }
    },
    {
      "recordId": "OFA-REPAIR-0144-HARQUAHALA-BLACKROCK",
      "ownershipPeriodId": "cmrxpju8p01kmivhernfcvtau",
      "companyId": "cmrxpj8y400n6ivhelufjsj1z",
      "stateBeforeApply": "PENDING",
      "before": {
        "linkedFundName": "BlackRock Global Energy & Power Infrastructure Fund III",
        "fundAttribution": "DISCLOSED",
        "attributedFundName": "Diversified Infrastructure",
        "attributionConfidence": null,
        "attributionRationale": "Matched supplemental ownership detail: Firm: BlackRock | Fund: Diversified Infrastructure | Ownership Interest: 50% Supplemental ownership detail discloses a distinct fund/vehicle that does not match funds.ts."
      },
      "after": {
        "linkedFundName": "BlackRock Global Energy & Power Infrastructure Fund III",
        "fundAttribution": "DISCLOSED",
        "attributedFundName": "BlackRock Global Energy & Power Infrastructure Fund III",
        "attributionConfidence": null,
        "attributionRationale": "Capital Power's closing and annual-report evidence establish BlackRock GEPIF III's continuing 50% indirect Harquahala ownership through the Trident entities, matching the curated GEPIF III fund record."
      }
    },
    {
      "recordId": "OFA-REPAIR-0144-HARQUAHALA-CAPITAL-POWER",
      "ownershipPeriodId": "cmt5ogmaf0016u7yy9gfmnt7i",
      "companyId": "cmrxpj8y400n6ivhelufjsj1z",
      "stateBeforeApply": "PENDING",
      "before": {
        "linkedFundName": null,
        "fundAttribution": "UNRESOLVED",
        "attributedFundName": null,
        "attributionConfidence": null,
        "attributionRationale": null
      },
      "after": {
        "linkedFundName": null,
        "fundAttribution": "DIRECT_PROGRAM",
        "attributedFundName": null,
        "attributionConfidence": null,
        "attributionRationale": "Capital Power's closing and current operating disclosures establish its continuing 50% indirect ownership through Capital Power Investments and Trident Parent Holdings; this is corporate ownership rather than a managed-fund attribution."
      }
    },
    {
      "recordId": "OFA-REPAIR-0144-HARQUAHALA-FORMER-CSG",
      "ownershipPeriodId": "cmt5ogmg60018u7yycxhjngfs",
      "companyId": "cmrxpj8y400n6ivhelufjsj1z",
      "stateBeforeApply": "PENDING",
      "before": {
        "linkedFundName": null,
        "fundAttribution": "UNRESOLVED",
        "attributedFundName": null,
        "attributionConfidence": null,
        "attributionRationale": null
      },
      "after": {
        "linkedFundName": null,
        "fundAttribution": "DIRECT_PROGRAM",
        "attributedFundName": null,
        "attributionConfidence": null,
        "attributionRationale": "Capital Power's closing evidence identifies CSG Investments, a Beal Financial Corporation affiliate, as Harquahala's direct corporate seller; no managed-fund vehicle is disclosed."
      }
    },
    {
      "recordId": "OFA-REPAIR-0145-INDIAN-ENERGY-FORMER-DEBT",
      "ownershipPeriodId": "cmrxpju9601knivheepwf2q66",
      "companyId": "cmrxpj8yo00n7ivhe4ceylarx",
      "stateBeforeApply": "PENDING",
      "before": {
        "linkedFundName": null,
        "fundAttribution": "INFERRED",
        "attributedFundName": "BlackRock Global Energy & Power Infrastructure Fund III",
        "attributionConfidence": "LOW",
        "attributionRationale": "Estimated from manager match 1.00, vintage 2020 is 3 years before investment, North America-relevant mandate; next candidate trails by 0.0 points. Public disclosure does not identify a distinct fund."
      },
      "after": {
        "linkedFundName": null,
        "fundAttribution": "UNRESOLVED",
        "attributedFundName": null,
        "attributionConfidence": null,
        "attributionRationale": "A direct BlackRock Impact Opportunities interview describes the Viejas exposure as approximately US$25 million of bridge capital that earned a return and was repaid, while Indian Energy identifies BlackRock as a financing partner; no equity ownership or infrastructure-fund vehicle is established."
      }
    }
  ],
  "appliedAt": "2026-08-23T11:10:58.944Z",
  "receiptSha256": "b918bc4d2eaccdded8abb5b44477d681aac5e2e28b22c4df69f31a6183aaa3c8"
}
