
> infra-tracker@1.0.0 portco:reconciliation:batch:apply
> npx tsx scripts/portco-reconciliation/batch-apply-cli.ts --batch-manifest=audits/portco-reconciliation/2026-08-23/batches/batch-0351-0355-v1/batch-manifest-v8.json --batch-sha256=44f817fab99cf55c7ec2ef846cc01c38e4123a60ee8abe0bb361f6a9466df7ab

(node:3574) DeprecationWarning: Calling client.query() when the client is already executing a query is deprecated and will be removed in pg@9.0. Use async/await or an external async flow control mechanism instead.
(Use `node --trace-deprecation ...` to show where the warning was created)
{
  "mode": "BATCH_DRY_RUN",
  "batchId": "batch-0351-0355-v1",
  "batchSha256": "44f817fab99cf55c7ec2ef846cc01c38e4123a60ee8abe0bb361f6a9466df7ab",
  "databaseWrites": false,
  "seedWrites": false,
  "plans": [
    {
      "companyName": "CSV Midstream Solutions Corp.",
      "mutations": [
        {
          "kind": "CORRECT_COMPANY",
          "relationIds": [],
          "detail": "Apply approved changes to aliases, description, website, lastVerifiedAt, ownershipPeriods, milestones, citations."
        },
        {
          "kind": "ADD_OWNER",
          "relationIds": [],
          "detail": "Add 1 approved ownership period(s)."
        },
        {
          "kind": "MERGE_COMPANIES",
          "relationIds": [
            "cmrxpjltm0170ivheiq4ug9t2"
          ],
          "detail": "merge 1 production duplicate(s)"
        }
      ],
      "changedFields": [
        "aliases",
        "citations",
        "description",
        "lastVerifiedAt",
        "milestones",
        "ownershipPeriods",
        "redirects",
        "website"
      ],
      "retiredCompanyIds": [
        "cmrxpjltm0170ivheiq4ug9t2"
      ]
    },
    {
      "companyName": "Mercury Fiber",
      "mutations": [
        {
          "kind": "CREATE_COMPANY",
          "relationIds": [],
          "detail": "Create the approved canonical company and all approved relations."
        }
      ],
      "changedFields": [
        "company"
      ],
      "retiredCompanyIds": []
    },
    {
      "companyName": "Millennium Parking Garages, LLC",
      "mutations": [
        {
          "kind": "CORRECT_COMPANY",
          "relationIds": [],
          "detail": "Apply approved changes to description, website, headquarters, lastVerifiedAt, ownershipPeriods, milestones, citations."
        },
        {
          "kind": "ADD_OWNER",
          "relationIds": [],
          "detail": "Add 2 approved ownership period(s)."
        }
      ],
      "changedFields": [
        "citations",
        "description",
        "headquarters",
        "lastVerifiedAt",
        "milestones",
        "ownershipPeriods",
        "website"
      ],
      "retiredCompanyIds": []
    }
  ]
}
