
> infra-tracker@1.0.0 portco:reconciliation:apply
> npx tsx scripts/portco-reconciliation/apply-cli.ts --proposal=audits/portco-reconciliation/2026-08-03/proposals/0083-salamanca-salamanca-infrastructure-llc-v1/proposal.json --approval=audits/portco-reconciliation/2026-08-03/approvals/0083-salamanca-salamanca-infrastructure-llc-v1.json --production-snapshot=audits/portco-reconciliation/2026-08-03/execution-v1/tasks/0083-salamanca/attempt-1/locked-production-snapshot.json --proposal-sha256=0adfaf5a70ce6f61a1515a737223767056c0093a6c2c845ead841807bc7cad09 --approval-sha256=db2ee3227d448ed4c03c98b2111345d6a989f5e3e7a29ef475126880345da9d2 --snapshot-sha256=0558c5c2406a2c1302d85ac2e7e5524a416f00391eacba556235ffc15d09deb7 --seed-artifact=prisma/seed-data/approved-portco-after-images.json --apply --write-token=APPLY_APPROVED_PORTCO_CHANGE --receipt=tmp/portco-reconciliation/production/apply-receipt.json --public-base-url=https://infra-ma-2.vercel.app/Infra-MA2/

(node:2962) DeprecationWarning: Calling client.query() when the client is already executing a query is deprecated and will be removed in pg@9.0. Use async/await or an external async flow control mechanism instead.
(Use `node --trace-deprecation ...` to show where the warning was created)
{
  "mode": "APPLIED",
  "receiptPath": "/home/runner/work/Infra-MA2/Infra-MA2/tmp/portco-reconciliation/production/apply-receipt.json",
  "receipt": {
    "schemaVersion": 1,
    "artifactType": "PORTCO_CHANGE_APPLY_RECEIPT",
    "runId": "portco-reconciliation-2026-08-03-v2",
    "taskId": "ledger:0083:salamanca:0c228ba6",
    "taskIndex": 83,
    "companyName": "Salamanca",
    "companyId": "cmsu5dwi10000aa6hv7b4kc3u",
    "proposalSha256": "0adfaf5a70ce6f61a1515a737223767056c0093a6c2c845ead841807bc7cad09",
    "approvalSha256": "db2ee3227d448ed4c03c98b2111345d6a989f5e3e7a29ef475126880345da9d2",
    "productionSnapshotSha256": "0558c5c2406a2c1302d85ac2e7e5524a416f00391eacba556235ffc15d09deb7",
    "beforeCompanySnapshotSha256": null,
    "appliedAfterImageSha256": "7197c52490b16e65325f6527aa135b6b9e4cea28b56bc63de80fc29051a29116",
    "seedAfterImageSha256": "7197c52490b16e65325f6527aa135b6b9e4cea28b56bc63de80fc29051a29116",
    "approvedSeedEntrySha256": "a21b905ae0c860a5ea0823ffc08a4855dff3fa599a32cc49336c0171d6e33765",
    "databaseTargetFingerprint": "45836a2e3306aa27a98c47cded3087b545691ec737c22861a69c4ab202986929",
    "transactionId": "8273f5f2-42ea-4b7f-9707-7e1f283c983d",
    "auditEventId": "cmsu5dzwz000oaa6h8put8nqw",
    "appliedAt": "2026-08-15T09:02:33.241Z",
    "verification": {
      "databaseMatchesAfterImage": true,
      "seedMatchesAfterImage": true,
      "detailApiVerified": true
    },
    "receiptSha256": "d6f9f609b0360da72d6a7dedd8459d685937d015770308c84dc9a80df4b185ae"
  }
}
