
> infra-tracker@1.0.0 portco:reconciliation:batch:apply
> npx tsx scripts/portco-reconciliation/batch-apply-cli.ts --batch-manifest=audits/portco-reconciliation/2026-08-23/batches/batch-0224-0228-v1/batch-manifest.json --batch-sha256=e9d287135d6cb4b9cabed5a2cefb7199bcc890081487fdcac9e27173c87822d8 --seed-artifact=prisma/seed-data/approved-portco-after-images.json --apply --write-token=APPLY_APPROVED_PORTCO_BATCH --commit-receipt=tmp/portco-reconciliation/production/batch-commit-receipt.json --receipt=tmp/portco-reconciliation/production/batch-apply-receipt.json --public-base-url=https://infra-ma-2.vercel.app/Infra-MA2/

(node:3746) DeprecationWarning: Calling client.query() when the client is already executing a query is deprecated and will be removed in pg@9.0. Use async/await or an external async flow control mechanism instead.
(Use `node --trace-deprecation ...` to show where the warning was created)
{
  "mode": "BATCH_APPLIED",
  "receiptPath": "/home/runner/work/Infra-MA2/Infra-MA2/tmp/portco-reconciliation/production/batch-apply-receipt.json",
  "receipt": {
    "schemaVersion": 1,
    "artifactType": "PORTCO_APPLY_BATCH_RECEIPT",
    "runId": "portco-reconciliation-2026-08-03-v2",
    "batchId": "batch-0224-0228-v1",
    "batchSha256": "e9d287135d6cb4b9cabed5a2cefb7199bcc890081487fdcac9e27173c87822d8",
    "releaseSha": "182b8ac650aa4968c5c33970ebc8eebfa4c8b048",
    "databaseTargetFingerprint": "45836a2e3306aa27a98c47cded3087b545691ec737c22861a69c4ab202986929",
    "transactionId": "4215754b-87d7-4e54-b96b-ed21d4fed450",
    "appliedAt": "2026-08-29T09:47:34.659Z",
    "members": [
      {
        "kind": "MUTATION",
        "taskId": "ledger:0224:braya-renewable-fuels:f18c1937",
        "taskIndex": 224,
        "companyName": "Braya Renewable Fuels",
        "receipt": {
          "schemaVersion": 1,
          "artifactType": "PORTCO_CHANGE_APPLY_RECEIPT",
          "runId": "portco-reconciliation-2026-08-03-v2",
          "taskId": "ledger:0224:braya-renewable-fuels:f18c1937",
          "taskIndex": 224,
          "companyName": "Braya Renewable Fuels",
          "companyId": "cmrxpjdgl00u7ivhe3uwhdzke",
          "proposalSha256": "42b4d51a763cfb9ab4a94527d98bc2be13d22eca437a4a2556f03d48e56e1efb",
          "approvalSha256": "fa39c349e63e4c6c632badb26bc13d71b4f26573a4ada7b2ab67abc13116f963",
          "productionSnapshotSha256": "c81fdc5fb2f75ea7472bbfdcb747acc4b159c22936ea93cee0224f5caaff335c",
          "beforeCompanySnapshotSha256": "4d619301f54867b010e1512842bf938e2734e0bd9d78963e4da342164490362f",
          "appliedAfterImageSha256": "7df9fdbf24ca912d64276c18d995187b02bb2e8bac10f8577ca5eafab132a385",
          "seedAfterImageSha256": "7df9fdbf24ca912d64276c18d995187b02bb2e8bac10f8577ca5eafab132a385",
          "approvedSeedEntrySha256": "9942a74432357768a900e6d9ea443d77d184ac9085a471c029d7b5d1b4a7b4dd",
          "databaseTargetFingerprint": "45836a2e3306aa27a98c47cded3087b545691ec737c22861a69c4ab202986929",
          "transactionId": "4215754b-87d7-4e54-b96b-ed21d4fed450",
          "auditEventId": "cmte75ems000dw22bulcs5846",
          "appliedAt": "2026-08-29T09:47:34.659Z",
          "verification": {
            "databaseMatchesAfterImage": true,
            "seedMatchesAfterImage": true,
            "detailApiVerified": true
          },
          "receiptSha256": "ea8ecdcc370e9ffd16fcb67714efa54423b5bb574a2fcfd67703754c5fb0c840"
        }
      },
      {
        "kind": "MUTATION",
        "taskId": "ledger:0225:convergent-energy-and-power:464221aa",
        "taskIndex": 225,
        "companyName": "Convergent Energy and Power",
        "receipt": {
          "schemaVersion": 1,
          "artifactType": "PORTCO_CHANGE_APPLY_RECEIPT",
          "runId": "portco-reconciliation-2026-08-03-v2",
          "taskId": "ledger:0225:convergent-energy-and-power:464221aa",
          "taskIndex": 225,
          "companyName": "Convergent Energy and Power",
          "companyId": "cmrxpjdh400u8ivheq80gd7ep",
          "proposalSha256": "d5ce84cf33d93437c0dd42ab90cf701692ad41bdaa935b4b90eb737c739cf08a",
          "approvalSha256": "e183a83af7a6083083f64af8e0471405d93c9742fbaee838d1e2d501cb37c9e8",
          "productionSnapshotSha256": "a35c66dd1369802db2381c37e4cd39b4b2c5e7bb634dbee5e06ed3b6c91ae2b8",
          "beforeCompanySnapshotSha256": "d2391d3b5c95e304068344434655dbe7f9e2ff5dbfed5c9913aa2ec660bacdc8",
          "appliedAfterImageSha256": "d0649a624cfce08633c08e3463a8e3589667b63bff11c15d37862fea807bbc18",
          "seedAfterImageSha256": "d0649a624cfce08633c08e3463a8e3589667b63bff11c15d37862fea807bbc18",
          "approvedSeedEntrySha256": "4f24def13403829f7542828b11aa620d2e67515d6f32dc5c757cf03f31316aa3",
          "databaseTargetFingerprint": "45836a2e3306aa27a98c47cded3087b545691ec737c22861a69c4ab202986929",
          "transactionId": "4215754b-87d7-4e54-b96b-ed21d4fed450",
          "auditEventId": "cmte75igs000jw22banezg93d",
          "appliedAt": "2026-08-29T09:47:34.659Z",
          "verification": {
            "databaseMatchesAfterImage": true,
            "seedMatchesAfterImage": true,
            "detailApiVerified": true
          },
          "receiptSha256": "5a5da927394861dbd7739693ed3a62eeb0586da5a5eaf1b10995dd22e62f11ae"
        }
      },
      {
        "kind": "MUTATION",
        "taskId": "ledger:0226:gopher-resource:d40d2e66",
        "taskIndex": 226,
        "companyName": "Gopher Resource",
        "receipt": {
          "schemaVersion": 1,
          "artifactType": "PORTCO_CHANGE_APPLY_RECEIPT",
          "runId": "portco-reconciliation-2026-08-03-v2",
          "taskId": "ledger:0226:gopher-resource:d40d2e66",
          "taskIndex": 226,
          "companyName": "Gopher Resource",
          "companyId": "cmrxpjdi600uaivhenl93kb9z",
          "proposalSha256": "5f04023d89ffd37367f2da995a4556a28e4f4fc3c9637828cafaec9065579b40",
          "approvalSha256": "12472e625a51572d06f3913e5e22ce70873de250e9d37d911fc3b35276291753",
          "productionSnapshotSha256": "041f04cb33b049925404303af4f69f77e746969ae5277deb03aba1dc727f91bb",
          "beforeCompanySnapshotSha256": "487272842d81988b1365ef7078c36baf80ece8a6a3ea8455b0eaee4489e38b12",
          "appliedAfterImageSha256": "97de62bef0de403142aca74b4831bae908048a25e37d885db80ad6f8c43e6491",
          "seedAfterImageSha256": "97de62bef0de403142aca74b4831bae908048a25e37d885db80ad6f8c43e6491",
          "approvedSeedEntrySha256": "f3291cf69d12ceb468e5a3fbceef9db9b7d273f298799340eb8f10a1de794f50",
          "databaseTargetFingerprint": "45836a2e3306aa27a98c47cded3087b545691ec737c22861a69c4ab202986929",
          "transactionId": "4215754b-87d7-4e54-b96b-ed21d4fed450",
          "auditEventId": "cmte75mpt000rw22bn6vuoo22",
          "appliedAt": "2026-08-29T09:47:34.659Z",
          "verification": {
            "databaseMatchesAfterImage": true,
            "seedMatchesAfterImage": true,
            "detailApiVerified": true
          },
          "receiptSha256": "6902f4fa012b953483fbccc01f7fd1bac31d0742f1ae4f00948d34e81276f37e"
        }
      },
      {
        "kind": "MUTATION",
        "taskId": "ledger:0227:harvestone-low-carbon-partners:184c949c",
        "taskIndex": 227,
        "companyName": "Harvestone Low Carbon Partners",
        "receipt": {
          "schemaVersion": 1,
          "artifactType": "PORTCO_CHANGE_APPLY_RECEIPT",
          "runId": "portco-reconciliation-2026-08-03-v2",
          "taskId": "ledger:0227:harvestone-low-carbon-partners:184c949c",
          "taskIndex": 227,
          "companyName": "Harvestone Low Carbon Partners",
          "companyId": "cmrxpjdja00ucivher3kcpgs2",
          "proposalSha256": "15e21057f2660d130a7a95953912169a1c74f8e840089385cbeb1a6a3ca9cb5a",
          "approvalSha256": "949c58ef990fa3e784a5329b5d1fa4923f132b3ce5cce51b02cc8481bfd39f7f",
          "productionSnapshotSha256": "be2341319023342933536b55a51fa4d3febc606fb707096df44ee0894636ccad",
          "beforeCompanySnapshotSha256": "fb9da2442d1b962fd73ee8bce2825edd679a9902c0796cc83d023f5e4ebb5fb6",
          "appliedAfterImageSha256": "0e10914d7aff505895827f87fffa76ded7a5d045ef0fccb482121fe323b5f86f",
          "seedAfterImageSha256": "0e10914d7aff505895827f87fffa76ded7a5d045ef0fccb482121fe323b5f86f",
          "approvedSeedEntrySha256": "2f2cfbc27ff25cc94a7aeda8d1278d8da4562d0519016e02d5b7998ffc858e02",
          "databaseTargetFingerprint": "45836a2e3306aa27a98c47cded3087b545691ec737c22861a69c4ab202986929",
          "transactionId": "4215754b-87d7-4e54-b96b-ed21d4fed450",
          "auditEventId": "cmte75qzo0016w22ba03a9tqv",
          "appliedAt": "2026-08-29T09:47:34.659Z",
          "verification": {
            "databaseMatchesAfterImage": true,
            "seedMatchesAfterImage": true,
            "detailApiVerified": true
          },
          "receiptSha256": "4545ce4ffd9c8493653ab3b913a859933151059a58e08018e639cdd901d063e3"
        }
      },
      {
        "kind": "MUTATION",
        "taskId": "ledger:0228:metrus-energy:3f2ae5fa",
        "taskIndex": 228,
        "companyName": "Metrus Energy",
        "receipt": {
          "schemaVersion": 1,
          "artifactType": "PORTCO_CHANGE_APPLY_RECEIPT",
          "runId": "portco-reconciliation-2026-08-03-v2",
          "taskId": "ledger:0228:metrus-energy:3f2ae5fa",
          "taskIndex": 228,
          "companyName": "Metrus Energy",
          "companyId": "cmrxpjdmc00udivhejaxw2vbz",
          "proposalSha256": "527fd1f334e5524525712b303fd75e14fb0781d0b1723d5d8ddbd8beca50bdd7",
          "approvalSha256": "060fb62ba4ff0c2806a3f265c7e2b401302ea243c920a90a88850146d90592c4",
          "productionSnapshotSha256": "0681d8df8b166c58ec80222e6a7efb1fff6d451e12434fe48e36b5d0a0e193ae",
          "beforeCompanySnapshotSha256": "9526fd9d4984e0e6fa0b22085a3a65d203cdee12280ab7173076eaddabd00d11",
          "appliedAfterImageSha256": "f07df2ef30ab959d32956506ef8c9d2d2fb760b5ee3c1862ca3fdb5b40e16d03",
          "seedAfterImageSha256": "f07df2ef30ab959d32956506ef8c9d2d2fb760b5ee3c1862ca3fdb5b40e16d03",
          "approvedSeedEntrySha256": "4e5992541e9b71c2fd77620e948d6f019cd9fe69d91bbafe0dbf3ede901eb90e",
          "databaseTargetFingerprint": "45836a2e3306aa27a98c47cded3087b545691ec737c22861a69c4ab202986929",
          "transactionId": "4215754b-87d7-4e54-b96b-ed21d4fed450",
          "auditEventId": "cmte75ul8001cw22bav20ge2z",
          "appliedAt": "2026-08-29T09:47:34.659Z",
          "verification": {
            "databaseMatchesAfterImage": true,
            "seedMatchesAfterImage": true,
            "detailApiVerified": true
          },
          "receiptSha256": "7d021265e6051032c166192b2e298526e8cf1e7609920490552db89248d09adb"
        }
      }
    ],
    "verification": {
      "databaseTransactionCommitted": true,
      "seedArtifactVerified": true,
      "allDetailApisVerified": true,
      "partialDatabaseApplication": false
    },
    "receiptSha256": "7a126853c327329b52d3d6d7dd47a315ae8912ad0276a6d57e6c99e8f412b8e0"
  }
}
