
> infra-tracker@1.0.0 portco:reconciliation:batch:apply
> npx tsx scripts/portco-reconciliation/batch-apply-cli.ts --batch-manifest=audits/portco-reconciliation/2026-08-23/batches/batch-0187-0191-v1/batch-manifest.json --batch-sha256=571cc24b4a9337c5c490ec0cbf56dfffd464b75d7fd34030dd99fef8b87c5528

(node:3490) DeprecationWarning: Calling client.query() when the client is already executing a query is deprecated and will be removed in pg@9.0. Use async/await or an external async flow control mechanism instead.
(Use `node --trace-deprecation ...` to show where the warning was created)
{
  "mode": "BATCH_DRY_RUN",
  "batchId": "batch-0187-0191-v1",
  "batchSha256": "571cc24b4a9337c5c490ec0cbf56dfffd464b75d7fd34030dd99fef8b87c5528",
  "databaseWrites": false,
  "seedWrites": false,
  "plans": [
    {
      "companyName": "Toqlukuti'k Wind & Hydrogen",
      "mutations": [
        {
          "kind": "CORRECT_COMPANY",
          "relationIds": [],
          "detail": "Apply approved changes to aliases, description, headquarters, lastVerifiedAt, ownershipPeriods, milestones, citations."
        }
      ],
      "changedFields": [
        "aliases",
        "citations",
        "description",
        "headquarters",
        "lastVerifiedAt",
        "milestones",
        "ownershipPeriods"
      ],
      "retiredCompanyIds": []
    },
    {
      "companyName": "Vineyard Offshore",
      "mutations": [
        {
          "kind": "CORRECT_COMPANY",
          "relationIds": [],
          "detail": "Apply approved changes to aliases, description, ownershipPeriods, milestones, citations."
        },
        {
          "kind": "RETIRE_OWNERSHIP",
          "relationIds": [
            "cmrxpjxqs01qbivhe1wsscu5r"
          ],
          "detail": "Retire 1 ownership period(s) without deleting history."
        },
        {
          "kind": "MERGE_COMPANIES",
          "relationIds": [
            "cmrxpjcc300shivhevs5fdcyl"
          ],
          "detail": "merge 1 production duplicate(s)"
        }
      ],
      "changedFields": [
        "aliases",
        "citations",
        "description",
        "milestones",
        "ownershipPeriods",
        "redirects"
      ],
      "retiredCompanyIds": [
        "cmrxpjcc300shivhevs5fdcyl"
      ]
    },
    {
      "companyName": "Autopista Arco Norte, S.A. de C.V.",
      "mutations": [
        {
          "kind": "CORRECT_COMPANY",
          "relationIds": [],
          "detail": "Apply approved changes to name, aliases, description, website, headquarters, lastVerifiedAt, ownershipPeriods, milestones, citations."
        },
        {
          "kind": "MERGE_COMPANIES",
          "relationIds": [
            "cmrxpjmbm017uivheptthqtyf"
          ],
          "detail": "merge 1 production duplicate(s)"
        }
      ],
      "changedFields": [
        "aliases",
        "citations",
        "description",
        "headquarters",
        "lastVerifiedAt",
        "milestones",
        "name",
        "ownershipPeriods",
        "redirects",
        "website"
      ],
      "retiredCompanyIds": [
        "cmrxpjmbm017uivheptthqtyf"
      ]
    },
    {
      "companyName": "Caturus",
      "mutations": [
        {
          "kind": "CORRECT_COMPANY",
          "relationIds": [],
          "detail": "Apply approved changes to aliases, description, website, headquarters, lastVerifiedAt, ownershipPeriods, milestones, citations."
        },
        {
          "kind": "ADD_OWNER",
          "relationIds": [],
          "detail": "Add 1 approved ownership period(s)."
        },
        {
          "kind": "MERGE_COMPANIES",
          "relationIds": [
            "cmrxpjch400smivhexwb0tx7x"
          ],
          "detail": "merge 1 production duplicate(s)"
        }
      ],
      "changedFields": [
        "aliases",
        "citations",
        "description",
        "headquarters",
        "lastVerifiedAt",
        "milestones",
        "ownershipPeriods",
        "redirects",
        "website"
      ],
      "retiredCompanyIds": [
        "cmrxpjch400smivhexwb0tx7x"
      ]
    }
  ]
}
