
> infra-tracker@1.0.0 portco:reconciliation:apply
> npx tsx scripts/portco-reconciliation/apply-cli.ts --proposal=audits/portco-reconciliation/2026-08-03/proposals/0039-lbj-express-v1/proposal.json --approval=audits/portco-reconciliation/2026-08-03/approvals/0039-lbj-express-v1.json --production-snapshot=audits/portco-reconciliation/2026-08-03/execution-v1/tasks/0039-lbj-express/attempt-1/production-snapshot.json --proposal-sha256=5ed0fec8c6e92595037fcac5b9bc6455d6f92e86dafa20269aa12cc6acc56304 --approval-sha256=d168142dc175f18b096dea9595a62532492a2b5fe033407f0530f32d3f348157 --snapshot-sha256=f2ac5a2fd25b7e1a4b429097bf57328c371766f2d2ef78e0bb9aa7d3daaa6934 --seed-artifact=prisma/seed-data/approved-portco-after-images.json --apply --write-token=APPLY_APPROVED_PORTCO_CHANGE --receipt=tmp/portco-reconciliation/production/apply-receipt.json --public-base-url=https://infra-ma-2.vercel.app/Infra-MA2/

(node:3218) DeprecationWarning: Calling client.query() when the client is already executing a query is deprecated and will be removed in pg@9.0. Use async/await or an external async flow control mechanism instead.
(Use `node --trace-deprecation ...` to show where the warning was created)
{
  "mode": "APPLIED",
  "receiptPath": "/home/runner/work/Infra-MA2/Infra-MA2/tmp/portco-reconciliation/production/apply-receipt.json",
  "receipt": {
    "schemaVersion": 1,
    "artifactType": "PORTCO_CHANGE_APPLY_RECEIPT",
    "runId": "portco-reconciliation-2026-08-03-v2",
    "taskId": "ledger:0039:lbj-express:7e5653c8",
    "taskIndex": 39,
    "companyName": "LBJ Express",
    "proposalSha256": "5ed0fec8c6e92595037fcac5b9bc6455d6f92e86dafa20269aa12cc6acc56304",
    "approvalSha256": "d168142dc175f18b096dea9595a62532492a2b5fe033407f0530f32d3f348157",
    "productionSnapshotSha256": "f2ac5a2fd25b7e1a4b429097bf57328c371766f2d2ef78e0bb9aa7d3daaa6934",
    "beforeCompanySnapshotSha256": "d18396831a70cd0bbcfbf4fa8cc9490699c8c5e57979e2b108f527c99d54fa88",
    "appliedAfterImageSha256": "3d90b8fab852905b26e866ba65f2fa74b187bbf6bd85430d6c28cc5c3a6309ab",
    "seedAfterImageSha256": "3d90b8fab852905b26e866ba65f2fa74b187bbf6bd85430d6c28cc5c3a6309ab",
    "databaseTargetFingerprint": "45836a2e3306aa27a98c47cded3087b545691ec737c22861a69c4ab202986929",
    "transactionId": "114ecc96-189a-49eb-862e-d5f83f69aaab",
    "auditEventId": "cmsk5dzzv0008he4sdg1ma1us",
    "appliedAt": "2026-08-08T09:04:51.789Z",
    "verification": {
      "databaseMatchesAfterImage": true,
      "seedMatchesAfterImage": true,
      "detailApiVerified": true
    },
    "receiptSha256": "80be2e039124d3e47c4921aec235227c0b649cf3b1186beb0e805a5c8ad81dd2"
  }
}
