
> infra-tracker@1.0.0 portco:reconciliation:apply
> npx tsx scripts/portco-reconciliation/apply-cli.ts --proposal=audits/portco-reconciliation/2026-08-03/proposals/0046-brightspeed-v5/proposal.json --approval=audits/portco-reconciliation/2026-08-03/approvals/0046-brightspeed-v5.json --production-snapshot=audits/portco-reconciliation/2026-08-03/execution-v1/tasks/0046-brightspeed/attempt-2/production-snapshot.json --proposal-sha256=bc6630e883a2af241225a11ebf999846cb6aa04b2cf2a769e4b0cec39ea377ca --approval-sha256=ce78ed16eb6aeb0f198f7cb85b8ca40ab7f4c0abfc5826f6bc1e7ee7e2366341 --snapshot-sha256=268f91403b0d623d2d9af22d6589959d433276e3cc77dbca932d94558750d831 --seed-artifact=prisma/seed-data/approved-portco-after-images.json --apply --write-token=APPLY_APPROVED_PORTCO_CHANGE --receipt=tmp/portco-reconciliation/production/apply-receipt.json --public-base-url=https://infra-ma-2.vercel.app/Infra-MA2/

(node:3085) DeprecationWarning: Calling client.query() when the client is already executing a query is deprecated and will be removed in pg@9.0. Use async/await or an external async flow control mechanism instead.
(Use `node --trace-deprecation ...` to show where the warning was created)
{
  "mode": "APPLIED",
  "receiptPath": "/home/runner/work/Infra-MA2/Infra-MA2/tmp/portco-reconciliation/production/apply-receipt.json",
  "receipt": {
    "schemaVersion": 1,
    "artifactType": "PORTCO_CHANGE_APPLY_RECEIPT",
    "runId": "portco-reconciliation-2026-08-03-v2",
    "taskId": "ledger:0046:brightspeed:f81f08b3",
    "taskIndex": 46,
    "companyName": "Brightspeed",
    "proposalSha256": "bc6630e883a2af241225a11ebf999846cb6aa04b2cf2a769e4b0cec39ea377ca",
    "approvalSha256": "ce78ed16eb6aeb0f198f7cb85b8ca40ab7f4c0abfc5826f6bc1e7ee7e2366341",
    "productionSnapshotSha256": "268f91403b0d623d2d9af22d6589959d433276e3cc77dbca932d94558750d831",
    "beforeCompanySnapshotSha256": "4ec002ac33cf8295bb52bf10d747a561c4bf69983e9857207ed03be1d7082814",
    "appliedAfterImageSha256": "a43f8165ac87b8116dcbcec0b5e78b888a1e9fc91a66d96d80caa248c2a5b1f3",
    "seedAfterImageSha256": "a43f8165ac87b8116dcbcec0b5e78b888a1e9fc91a66d96d80caa248c2a5b1f3",
    "approvedSeedEntrySha256": "269cd1a7c06b8b2be83f750a088987498a555303661804bac54a3db891603b1b",
    "databaseTargetFingerprint": "45836a2e3306aa27a98c47cded3087b545691ec737c22861a69c4ab202986929",
    "transactionId": "40e3e6cf-ef09-4b51-80ca-39e1c71303dd",
    "auditEventId": "cmskc46gv000idp4sbzx6qvdb",
    "appliedAt": "2026-08-08T12:13:10.901Z",
    "verification": {
      "databaseMatchesAfterImage": true,
      "seedMatchesAfterImage": true,
      "detailApiVerified": true
    },
    "receiptSha256": "c7f507d6bf8120b2bf6ddc9c9ec8316e4d7b98727eb21d52f43f3135e3df6bc2"
  }
}
