
> infra-tracker@1.0.0 portco:reconciliation:apply
> npx tsx scripts/portco-reconciliation/apply-cli.ts --proposal=audits/portco-reconciliation/2026-08-03/proposals/0093-freight-ninja-v3/proposal.json --approval=audits/portco-reconciliation/2026-08-03/approvals/0093-freight-ninja-v3.json --production-snapshot=audits/portco-reconciliation/2026-08-03/execution-v1/tasks/0093-freight-ninja/attempt-3/locked-production-snapshot.json --proposal-sha256=2d4a65e7963ffb808a17e1c74e18dc0153483c038b504bb1e0142177b3996159 --approval-sha256=924fcf732036265e8d6289f036d207aff82a92c801ec1db35cefb38b3e43e553 --snapshot-sha256=dd488a0a9c0859e3f357601eb52306bde29a552dc34eadb466c8bef1928993a7 --seed-artifact=prisma/seed-data/approved-portco-after-images.json --apply --write-token=APPLY_APPROVED_PORTCO_CHANGE --receipt=tmp/portco-reconciliation/production/apply-receipt.json --public-base-url=https://infra-ma-2.vercel.app/Infra-MA2/

(node:2967) DeprecationWarning: Calling client.query() when the client is already executing a query is deprecated and will be removed in pg@9.0. Use async/await or an external async flow control mechanism instead.
(Use `node --trace-deprecation ...` to show where the warning was created)
{
  "mode": "APPLIED",
  "receiptPath": "/home/runner/work/Infra-MA2/Infra-MA2/tmp/portco-reconciliation/production/apply-receipt.json",
  "receipt": {
    "schemaVersion": 1,
    "artifactType": "PORTCO_CHANGE_APPLY_RECEIPT",
    "runId": "portco-reconciliation-2026-08-03-v2",
    "taskId": "ledger:0093:freight-ninja:b71d456e",
    "taskIndex": 93,
    "companyName": "Freight Ninja",
    "companyId": "cmrxpj78w00khivheaaxm91l6",
    "proposalSha256": "2d4a65e7963ffb808a17e1c74e18dc0153483c038b504bb1e0142177b3996159",
    "approvalSha256": "924fcf732036265e8d6289f036d207aff82a92c801ec1db35cefb38b3e43e553",
    "productionSnapshotSha256": "dd488a0a9c0859e3f357601eb52306bde29a552dc34eadb466c8bef1928993a7",
    "beforeCompanySnapshotSha256": "3fc331afd5f32166091603bc3aa5466da6383046489a24d6ecc9594bb286bd5d",
    "appliedAfterImageSha256": "756d31bc9c7651ab859a97808384f80e53addf13adcb27b73be566154a1f9f9f",
    "seedAfterImageSha256": "756d31bc9c7651ab859a97808384f80e53addf13adcb27b73be566154a1f9f9f",
    "approvedSeedEntrySha256": "4ba563108ab2880c879a42933e35565a99629e123eb4b609238faf6191eedf0a",
    "databaseTargetFingerprint": "45836a2e3306aa27a98c47cded3087b545691ec737c22861a69c4ab202986929",
    "transactionId": "8d929849-52f1-4f2e-8665-17fd5a9a16c4",
    "auditEventId": "cmsvg7c8s0006af6hbkb4rbss",
    "appliedAt": "2026-08-16T06:53:05.336Z",
    "verification": {
      "databaseMatchesAfterImage": true,
      "seedMatchesAfterImage": true,
      "detailApiVerified": true
    },
    "receiptSha256": "905a0cc73a9f1a6ae58d1031df13fee7f1ae482ff380dff48a9979d30e6cef5d"
  }
}
