
> infra-tracker@1.0.0 portfolio:fund-attribution:apply
> npx tsx scripts/apply-portfolio-fund-attribution.ts --manifest=audits/portfolio-fund-attribution/2026-08-23/scoped/batch-0146-attribution-repair/apply-manifest.json --manifest-sha256=71d3176e1f846b924e3732ae25513c350600dddc8adfc1614d38950704652e12 --production-snapshot=audits/portfolio-fund-attribution/2026-08-23/scoped/batch-0146-attribution-repair/production-snapshot.json --approval=audits/portfolio-fund-attribution/2026-08-23/scoped/batch-0146-attribution-repair/approval.json --approval-sha256=8e11762b9bbb593da0281200e159766910cad0fb4a8f176076f3f9856d01fa3b --apply=true --write-token=APPLY_REVIEWED_PORTFOLIO_FUND_ATTRIBUTION --receipt=tmp/portfolio-fund-attribution/production/apply-receipt.json

(node:3073) DeprecationWarning: Calling client.query() when the client is already executing a query is deprecated and will be removed in pg@9.0. Use async/await or an external async flow control mechanism instead.
(Use `node --trace-deprecation ...` to show where the warning was created)
{
  "schemaVersion": 1,
  "artifactType": "PORTFOLIO_FUND_ATTRIBUTION_APPLY_RECEIPT",
  "manifestSha256": "71d3176e1f846b924e3732ae25513c350600dddc8adfc1614d38950704652e12",
  "approvalSha256": "8e11762b9bbb593da0281200e159766910cad0fb4a8f176076f3f9856d01fa3b",
  "environment": "production",
  "pipelineRunId": "cmt5tkox30000ddyy1mp0d3yd",
  "mutationCount": 7,
  "changed": 7,
  "idempotent": false,
  "beforeFingerprint": "fcdf55909824e78bdb94ac6470d7752ac4c6ac4bec43729b0b2d6e219fd3df13",
  "afterFingerprint": "65c216aca8ec294b96a5491ff5bf518be6b62af137655df16da322a16c9710e5",
  "rows": [
    {
      "recordId": "OFA-REPAIR-0149-FORMER-ENERGIR",
      "ownershipPeriodId": "cmt5so1l500142oyyg2h5z3lc",
      "companyId": "cmrxpj90w00nbivhe1yvbf58m",
      "stateBeforeApply": "PENDING",
      "before": {
        "linkedFundName": null,
        "fundAttribution": "UNRESOLVED",
        "attributedFundName": null,
        "attributionConfidence": null,
        "attributionRationale": null
      },
      "after": {
        "linkedFundName": null,
        "fundAttribution": "DIRECT_PROGRAM",
        "attributedFundName": null,
        "attributionConfidence": null,
        "attributionRationale": "Énergir directly held its former PNGTS corporate interest through Northern New England Investment Company; the disclosed corporate holding vehicle is not an infrastructure fund."
      }
    },
    {
      "recordId": "OFA-REPAIR-0149-FORMER-TC-ENERGY",
      "ownershipPeriodId": "cmt5so1km00122oyyo7ja4wx5",
      "companyId": "cmrxpj90w00nbivhe1yvbf58m",
      "stateBeforeApply": "PENDING",
      "before": {
        "linkedFundName": null,
        "fundAttribution": "UNRESOLVED",
        "attributedFundName": null,
        "attributionConfidence": null,
        "attributionRationale": null
      },
      "after": {
        "linkedFundName": null,
        "fundAttribution": "DIRECT_PROGRAM",
        "attributedFundName": null,
        "attributionConfidence": null,
        "attributionRationale": "TC Energy directly held its former PNGTS corporate interest through TC Pipelines, Inc.; the disclosed corporate holding vehicle is not an infrastructure fund."
      }
    },
    {
      "recordId": "OFA-REPAIR-0150-ORSTED",
      "ownershipPeriodId": "cmt5so20o001i2oyyqi0xxuqi",
      "companyId": "cmrxpjgkv00yuivhek3goid87",
      "stateBeforeApply": "PENDING",
      "before": {
        "linkedFundName": null,
        "fundAttribution": "UNRESOLVED",
        "attributedFundName": null,
        "attributionConfidence": null,
        "attributionRationale": null
      },
      "after": {
        "linkedFundName": null,
        "fundAttribution": "DIRECT_PROGRAM",
        "attributedFundName": null,
        "attributionConfidence": null,
        "attributionRationale": "Ørsted owns its 50% project interests through disclosed corporate project entities; no managed infrastructure fund is involved."
      }
    },
    {
      "recordId": "OFA-REPAIR-0150-FORMER-EVERSOURCE",
      "ownershipPeriodId": "cmt5so213001k2oyygj5nzrm5",
      "companyId": "cmrxpjgkv00yuivhek3goid87",
      "stateBeforeApply": "PENDING",
      "before": {
        "linkedFundName": null,
        "fundAttribution": "UNRESOLVED",
        "attributedFundName": null,
        "attributionConfidence": null,
        "attributionRationale": null
      },
      "after": {
        "linkedFundName": null,
        "fundAttribution": "DIRECT_PROGRAM",
        "attributedFundName": null,
        "attributionConfidence": null,
        "attributionRationale": "Eversource formerly owned its 50% interests through corporate project entities and sold those interests to GIP in 2024; the former ownership was not held through an infrastructure fund."
      }
    },
    {
      "recordId": "OFA-REPAIR-0151-XRG",
      "ownershipPeriodId": "cmt5so2i300222oyywym8y1a1",
      "companyId": "cmrxpjgli00yvivheorrptcgd",
      "stateBeforeApply": "PENDING",
      "before": {
        "linkedFundName": null,
        "fundAttribution": "UNRESOLVED",
        "attributedFundName": null,
        "attributionConfidence": null,
        "attributionRationale": null
      },
      "after": {
        "linkedFundName": null,
        "fundAttribution": "DIRECT_PROGRAM",
        "attributedFundName": null,
        "attributionConfidence": null,
        "attributionRationale": "XRG's Rio Grande LNG interests are direct strategic corporate investments held through acquisition affiliates; no managed infrastructure fund is disclosed."
      }
    },
    {
      "recordId": "OFA-REPAIR-0151-TOTALENERGIES",
      "ownershipPeriodId": "cmt5so2hq00202oyye9cc3m3s",
      "companyId": "cmrxpjgli00yvivheorrptcgd",
      "stateBeforeApply": "PENDING",
      "before": {
        "linkedFundName": null,
        "fundAttribution": "UNRESOLVED",
        "attributedFundName": null,
        "attributionConfidence": null,
        "attributionRationale": null
      },
      "after": {
        "linkedFundName": null,
        "fundAttribution": "DIRECT_PROGRAM",
        "attributedFundName": null,
        "attributionConfidence": null,
        "attributionRationale": "TotalEnergies' Rio Grande LNG interests are direct strategic corporate investments held through project affiliates; no managed infrastructure fund is disclosed."
      }
    },
    {
      "recordId": "OFA-REPAIR-0151-NEXTDECADE",
      "ownershipPeriodId": "cmt5so2hh001z2oyyjxzfgmon",
      "companyId": "cmrxpjgli00yvivheorrptcgd",
      "stateBeforeApply": "PENDING",
      "before": {
        "linkedFundName": null,
        "fundAttribution": "UNRESOLVED",
        "attributedFundName": null,
        "attributionConfidence": null,
        "attributionRationale": null
      },
      "after": {
        "linkedFundName": null,
        "fundAttribution": "DIRECT_PROGRAM",
        "attributedFundName": null,
        "attributionConfidence": null,
        "attributionRationale": "NextDecade's retained Rio Grande LNG interests are direct sponsor and corporate project ownership rather than a managed infrastructure-fund investment."
      }
    }
  ],
  "appliedAt": "2026-08-23T13:05:03.488Z",
  "receiptSha256": "b9f52c2b5beda928a14451b1dfecf45630f29393144103ef4a006542749d31e6"
}
