
> infra-tracker@1.0.0 portco:reconciliation:batch:apply
> npx tsx scripts/portco-reconciliation/batch-apply-cli.ts --batch-manifest=audits/portco-reconciliation/2026-08-23/batches/batch-0264-0268-v4/batch-manifest.json --batch-sha256=c7f145053fa703b88e9896da2170258b4c0a647fe12a235ee4cec68f38986630 --seed-artifact=prisma/seed-data/approved-portco-after-images.json --apply --write-token=APPLY_APPROVED_PORTCO_BATCH --commit-receipt=tmp/portco-reconciliation/production/batch-commit-receipt.json --receipt=tmp/portco-reconciliation/production/batch-apply-receipt.json --public-base-url=https://infra-ma-2.vercel.app/Infra-MA2/

(node:4012) DeprecationWarning: Calling client.query() when the client is already executing a query is deprecated and will be removed in pg@9.0. Use async/await or an external async flow control mechanism instead.
(Use `node --trace-deprecation ...` to show where the warning was created)
{
  "mode": "BATCH_APPLIED",
  "receiptPath": "/home/runner/work/Infra-MA2/Infra-MA2/tmp/portco-reconciliation/production/batch-apply-receipt.json",
  "receipt": {
    "schemaVersion": 1,
    "artifactType": "PORTCO_APPLY_BATCH_RECEIPT",
    "runId": "portco-reconciliation-2026-08-03-v2",
    "batchId": "batch-0264-0268-v4",
    "batchSha256": "c7f145053fa703b88e9896da2170258b4c0a647fe12a235ee4cec68f38986630",
    "releaseSha": "deddccbcdc2f65cdd1132cc55bb0dbe12e4b0ba4",
    "databaseTargetFingerprint": "45836a2e3306aa27a98c47cded3087b545691ec737c22861a69c4ab202986929",
    "transactionId": "e39fc8cd-583f-407e-8f31-94c860010239",
    "appliedAt": "2026-08-29T20:10:52.317Z",
    "members": [
      {
        "kind": "MUTATION",
        "taskId": "ledger:0264:red-de-carreteras-de-occidente-s-a-b-de-c-v:3ba7cbb5",
        "taskIndex": 264,
        "companyName": "Red de Carreteras de Occidente, S.A.B. de C.V.",
        "receipt": {
          "schemaVersion": 1,
          "artifactType": "PORTCO_CHANGE_APPLY_RECEIPT",
          "runId": "portco-reconciliation-2026-08-03-v2",
          "taskId": "ledger:0264:red-de-carreteras-de-occidente-s-a-b-de-c-v:3ba7cbb5",
          "taskIndex": 264,
          "companyName": "Red de Carreteras de Occidente, S.A.B. de C.V.",
          "companyId": "cmrxpjgc300yjivhejf598csv",
          "proposalSha256": "95ad1a58d6431f12ca503a5624b700c185dd6b6337ed933be196e4e759a7511d",
          "approvalSha256": "bdf14e258f472e00bbfb2833f5137216926a92cf185f2168fa46c5be0d17d922",
          "productionSnapshotSha256": "07bafb7498b4336f4a8d6a3cceced29b81ee13315909499bcab124d02748cf5f",
          "beforeCompanySnapshotSha256": "af8d06c06687d8e4aa12cfefda9cceaacdcead581412383286ddbbb8625324d1",
          "appliedAfterImageSha256": "d172d066b54a26fd9dab7ddfcd7df1fb2e7068d2be066bda7ef4d6cb6110ec40",
          "seedAfterImageSha256": "d172d066b54a26fd9dab7ddfcd7df1fb2e7068d2be066bda7ef4d6cb6110ec40",
          "approvedSeedEntrySha256": "744810440e2ec5833af451025c329c1a35478981cc2b6d7189eb9931cb0dd8ca",
          "databaseTargetFingerprint": "45836a2e3306aa27a98c47cded3087b545691ec737c22861a69c4ab202986929",
          "transactionId": "e39fc8cd-583f-407e-8f31-94c860010239",
          "auditEventId": "cmtetevda000j3g2bghz03enn",
          "appliedAt": "2026-08-29T20:10:52.317Z",
          "verification": {
            "databaseMatchesAfterImage": true,
            "seedMatchesAfterImage": true,
            "detailApiVerified": true
          },
          "receiptSha256": "20ac5b0d983035e36da2be7b52da97de17849cb4f5e086a83f38a8a868f64da5"
        }
      },
      {
        "kind": "MUTATION",
        "taskId": "ledger:0265:wecom-fiber:efb4f3b9",
        "taskIndex": 265,
        "companyName": "Wecom Fiber",
        "receipt": {
          "schemaVersion": 1,
          "artifactType": "PORTCO_CHANGE_APPLY_RECEIPT",
          "runId": "portco-reconciliation-2026-08-03-v2",
          "taskId": "ledger:0265:wecom-fiber:efb4f3b9",
          "taskIndex": 265,
          "companyName": "Wecom Fiber",
          "companyId": "cmrxpjggs00ynivheegnza3qj",
          "proposalSha256": "c91bfab4be037d9a9bd22b5c135a5e4ccb29614449a5ae694af1dc4fe6fb5ee3",
          "approvalSha256": "b746f11c30ea9fee1332d766c9f6fe568a1c24a34f04bf723ed0ad18767d5fc9",
          "productionSnapshotSha256": "f8c09518492dda5243f3a7b22cc947b9d386a9a3759f52c9b6651c35cb38d2f1",
          "beforeCompanySnapshotSha256": "233bf66589aa6775677e5182e3907bbe4da3ee2befa7cba7b560abeb11edbef5",
          "appliedAfterImageSha256": "c32ed4ed9c9da682eec1e43ac652c71e9a11a467fdd34cbdae9e4ce471ef92c2",
          "seedAfterImageSha256": "c32ed4ed9c9da682eec1e43ac652c71e9a11a467fdd34cbdae9e4ce471ef92c2",
          "approvedSeedEntrySha256": "e77f7ed629173329cecde468b8023d2fe8398ced9e637dd862ae276d85005e25",
          "databaseTargetFingerprint": "45836a2e3306aa27a98c47cded3087b545691ec737c22861a69c4ab202986929",
          "transactionId": "e39fc8cd-583f-407e-8f31-94c860010239",
          "auditEventId": "cmtetf1pn000w3g2bdu6h01ay",
          "appliedAt": "2026-08-29T20:10:52.317Z",
          "verification": {
            "databaseMatchesAfterImage": true,
            "seedMatchesAfterImage": true,
            "detailApiVerified": true
          },
          "receiptSha256": "ae48dd5d55cbe44bafefba419845fb1988b0e30309434b2fd5bda8dcf3a2269a"
        }
      },
      {
        "kind": "MUTATION",
        "taskId": "ledger:0266:channelview-cogeneration:a4e4cfd5",
        "taskIndex": 266,
        "companyName": "Channelview Cogeneration",
        "receipt": {
          "schemaVersion": 1,
          "artifactType": "PORTCO_CHANGE_APPLY_RECEIPT",
          "runId": "portco-reconciliation-2026-08-03-v2",
          "taskId": "ledger:0266:channelview-cogeneration:a4e4cfd5",
          "taskIndex": 266,
          "companyName": "Channelview Cogeneration",
          "companyId": "cmtetf3o5000x3g2bx6qi4hzi",
          "proposalSha256": "ac68049d9b82051fda78df2b740e1f5e223b3ca2ec5e2f21907e07c3d8d2e6bc",
          "approvalSha256": "0e16ea6f9596e6db35420a4d8eabdc208194164b3bfcc10f9aa905e09c165d4f",
          "productionSnapshotSha256": "bb59530841115f65b2f6cb1e304b53888ef51f3df42af12d912d039f9fea41cc",
          "beforeCompanySnapshotSha256": null,
          "appliedAfterImageSha256": "3fa9f942443f0537f67e6ad8552cf6a526bec38da3aa35929ba5902f390ba634",
          "seedAfterImageSha256": "3fa9f942443f0537f67e6ad8552cf6a526bec38da3aa35929ba5902f390ba634",
          "approvedSeedEntrySha256": "bc5569392295cdbdd2af9a56d1a1699075764b7c76e600b4fe6368501cd1408d",
          "databaseTargetFingerprint": "45836a2e3306aa27a98c47cded3087b545691ec737c22861a69c4ab202986929",
          "transactionId": "e39fc8cd-583f-407e-8f31-94c860010239",
          "auditEventId": "cmtetf8bu001p3g2br1coga2x",
          "appliedAt": "2026-08-29T20:10:52.317Z",
          "verification": {
            "databaseMatchesAfterImage": true,
            "seedMatchesAfterImage": true,
            "detailApiVerified": true
          },
          "receiptSha256": "ba9bc76cd6bd6acfb71e2723da2c3f229c834d788f364de98a0d60e256cce845"
        }
      },
      {
        "kind": "MUTATION",
        "taskId": "ledger:0267:cyrusone:541adafa",
        "taskIndex": 267,
        "companyName": "CyrusOne",
        "receipt": {
          "schemaVersion": 1,
          "artifactType": "PORTCO_CHANGE_APPLY_RECEIPT",
          "runId": "portco-reconciliation-2026-08-03-v2",
          "taskId": "ledger:0267:cyrusone:541adafa",
          "taskIndex": 267,
          "companyName": "CyrusOne",
          "companyId": "cmrxpjjte013vivhep3ejd8c0",
          "proposalSha256": "3bfc3b6232457cdd4e5a26a043d81fcc3bc37be976c23fc700395bab5906b00a",
          "approvalSha256": "5bfcde16cd8ddf58c6b6268a31e960cd8fc32681d81f7d4aaa15ff1a37a5587e",
          "productionSnapshotSha256": "91e6bc082e845817b8d73fe736178b7641b2a0434509093706a81d2f4d434afe",
          "beforeCompanySnapshotSha256": "e05c922cd0207a04a4e31e6a76f734b6f5958b6d194f7152ca77bcd4f654aac1",
          "appliedAfterImageSha256": "7a45fcc626c21b82ce42e2ead30d6569ed9da3785c28a99e540181d784435b72",
          "seedAfterImageSha256": "7a45fcc626c21b82ce42e2ead30d6569ed9da3785c28a99e540181d784435b72",
          "approvedSeedEntrySha256": "996e1269020cdf16f566e01c3a2eeece74f051331b1234e33ec36a5aec0d8d66",
          "databaseTargetFingerprint": "45836a2e3306aa27a98c47cded3087b545691ec737c22861a69c4ab202986929",
          "transactionId": "e39fc8cd-583f-407e-8f31-94c860010239",
          "auditEventId": "cmtetferv00283g2beglcmkpc",
          "appliedAt": "2026-08-29T20:10:52.317Z",
          "verification": {
            "databaseMatchesAfterImage": true,
            "seedMatchesAfterImage": true,
            "detailApiVerified": true
          },
          "receiptSha256": "3317a6535e5843dbeadbf4d19379ff868b3a007dc55bbc77f4d3f6a8c8d53112"
        }
      },
      {
        "kind": "TERMINAL",
        "taskId": "ledger:0268:hess-midstream:b85ab916",
        "taskIndex": 268,
        "companyName": "Hess Midstream",
        "outcome": "EXCLUDED",
        "decisionSha256": "a771d75fdb619326b1834ace405cc0d5c3af8ce2ac1358bfb4c0ddae4bd986f3"
      }
    ],
    "verification": {
      "databaseTransactionCommitted": true,
      "seedArtifactVerified": true,
      "allDetailApisVerified": true,
      "partialDatabaseApplication": false
    },
    "receiptSha256": "08c60838923d19f720453468994f899717f9ac177e7694cfba46dd96f212e6b0"
  }
}
