
> infra-tracker@1.0.0 portco:reconciliation:batch:apply
> npx tsx scripts/portco-reconciliation/batch-apply-cli.ts --batch-manifest=audits/portco-reconciliation/2026-08-23/batches/batch-0219-0223-v1/batch-manifest-v2.json --batch-sha256=54ff1f0ed08add50ec80397de759f189384428219ff03e5bb53928677b54e6e3 --seed-artifact=prisma/seed-data/approved-portco-after-images.json --apply --write-token=APPLY_APPROVED_PORTCO_BATCH --commit-receipt=tmp/portco-reconciliation/production/batch-commit-receipt.json --receipt=tmp/portco-reconciliation/production/batch-apply-receipt.json --public-base-url=https://infra-ma-2.vercel.app/Infra-MA2/

(node:3921) DeprecationWarning: Calling client.query() when the client is already executing a query is deprecated and will be removed in pg@9.0. Use async/await or an external async flow control mechanism instead.
(Use `node --trace-deprecation ...` to show where the warning was created)
{
  "mode": "BATCH_APPLIED",
  "receiptPath": "/home/runner/work/Infra-MA2/Infra-MA2/tmp/portco-reconciliation/production/batch-apply-receipt.json",
  "receipt": {
    "schemaVersion": 1,
    "artifactType": "PORTCO_APPLY_BATCH_RECEIPT",
    "runId": "portco-reconciliation-2026-08-03-v2",
    "batchId": "batch-0219-0223-v1",
    "batchSha256": "54ff1f0ed08add50ec80397de759f189384428219ff03e5bb53928677b54e6e3",
    "releaseSha": "9de259738264b40f3e2e580b45650e09994100a0",
    "databaseTargetFingerprint": "45836a2e3306aa27a98c47cded3087b545691ec737c22861a69c4ab202986929",
    "transactionId": "945e8d7f-78a4-45a7-93ac-d9a4cce978b1",
    "appliedAt": "2026-08-29T08:41:26.000Z",
    "members": [
      {
        "kind": "MUTATION",
        "taskId": "ledger:0219:wideopenwest-inc:2debcc76",
        "taskIndex": 219,
        "companyName": "WideOpenWest, Inc.",
        "receipt": {
          "schemaVersion": 1,
          "artifactType": "PORTCO_CHANGE_APPLY_RECEIPT",
          "runId": "portco-reconciliation-2026-08-03-v2",
          "taskId": "ledger:0219:wideopenwest-inc:2debcc76",
          "taskIndex": 219,
          "companyName": "WideOpenWest, Inc.",
          "companyId": "cmrxpjddu00u2ivheu6k02my6",
          "proposalSha256": "d18288bd15cfe6753324538cfa4d2ff8453a164da9d9aebdf0f4c9c432759e68",
          "approvalSha256": "ceccbc13f976a10b10002e8a6e96b1698bf5a45fc1beeeb411411492329e11a6",
          "productionSnapshotSha256": "4cc2ec48e8c6a2f8e33c18ab8e9625a47ee1500ab95ecc5931ad8c4a78f98e48",
          "beforeCompanySnapshotSha256": "f7e77716cc85a4c388a366ae47def25240a7c008887e7199a0d460e77717f180",
          "appliedAfterImageSha256": "2ec90d84bfb55e1917346f053e4964c449b98bd7fa94d6cbcd04d1e0c89b4043",
          "seedAfterImageSha256": "2ec90d84bfb55e1917346f053e4964c449b98bd7fa94d6cbcd04d1e0c89b4043",
          "approvedSeedEntrySha256": "3db3ebd6544ab0b2c110862719448449aaa9da1d02a8d52b5f0ee221af864b5f",
          "databaseTargetFingerprint": "45836a2e3306aa27a98c47cded3087b545691ec737c22861a69c4ab202986929",
          "transactionId": "945e8d7f-78a4-45a7-93ac-d9a4cce978b1",
          "auditEventId": "cmte4sh4o000e0x2b3isj0tvc",
          "appliedAt": "2026-08-29T08:41:26.000Z",
          "verification": {
            "databaseMatchesAfterImage": true,
            "seedMatchesAfterImage": true,
            "detailApiVerified": true
          },
          "receiptSha256": "0222271f88cd0eebaffbd81d88bd2db74ba4db798b0b2ddd22908ca173cb1e6b"
        }
      },
      {
        "kind": "TERMINAL",
        "taskId": "ledger:0220:bleutec-industries:3c6b9662",
        "taskIndex": 220,
        "companyName": "Bleutec Industries",
        "outcome": "DEFERRED",
        "decisionSha256": "49978cb2a7207c4bec02afa356866b28940bca61a34c41668e36dbfae35ea8a0"
      },
      {
        "kind": "MUTATION",
        "taskId": "ledger:0221:mantle-reach:c0dcf711",
        "taskIndex": 221,
        "companyName": "Mantle Reach",
        "receipt": {
          "schemaVersion": 1,
          "artifactType": "PORTCO_CHANGE_APPLY_RECEIPT",
          "runId": "portco-reconciliation-2026-08-03-v2",
          "taskId": "ledger:0221:mantle-reach:c0dcf711",
          "taskIndex": 221,
          "companyName": "Mantle Reach",
          "companyId": "cmte4si88000f0x2b8sgnu0se",
          "proposalSha256": "486ef61481c402268248fc63e1dd48ee304f3013e6d58bdbdacc27b7744739e4",
          "approvalSha256": "b1ba55da3aaedc242871d8f594c99f24d96842867f2da113771ea74e6712f3e4",
          "productionSnapshotSha256": "23b5c43e2c6d80ea8e5b9740c0735ba3b95468b9282a3562ee07a66e453b4821",
          "beforeCompanySnapshotSha256": null,
          "appliedAfterImageSha256": "b03b2b5c28043a7b9b122826bf972a92103e811da4505d448dce52a51265cb6c",
          "seedAfterImageSha256": "b03b2b5c28043a7b9b122826bf972a92103e811da4505d448dce52a51265cb6c",
          "approvedSeedEntrySha256": "6edb763c24388085983761aed67a5c5349805c428be4f5bc6a40a08e93a664b4",
          "databaseTargetFingerprint": "45836a2e3306aa27a98c47cded3087b545691ec737c22861a69c4ab202986929",
          "transactionId": "945e8d7f-78a4-45a7-93ac-d9a4cce978b1",
          "auditEventId": "cmte4skid000t0x2bups7efqc",
          "appliedAt": "2026-08-29T08:41:26.000Z",
          "verification": {
            "databaseMatchesAfterImage": true,
            "seedMatchesAfterImage": true,
            "detailApiVerified": true
          },
          "receiptSha256": "c273ecb09757f34e560aa5c1331a35a3c7f004d4636aeadc432e1ad8523e4bd8"
        }
      },
      {
        "kind": "MUTATION",
        "taskId": "ledger:0222:anza-renewables:03b962a6",
        "taskIndex": 222,
        "companyName": "Anza Renewables",
        "receipt": {
          "schemaVersion": 1,
          "artifactType": "PORTCO_CHANGE_APPLY_RECEIPT",
          "runId": "portco-reconciliation-2026-08-03-v2",
          "taskId": "ledger:0222:anza-renewables:03b962a6",
          "taskIndex": 222,
          "companyName": "Anza Renewables",
          "companyId": "cmrxpjdf000u4ivhe82f2fkli",
          "proposalSha256": "f9b03d80f5423bd9d7fdb5af71a4dae50ea8153d1216bd67e947d55731d194f6",
          "approvalSha256": "925d79a5a14f6fb2299b98e3188146f2163bb352791c7a4bdbfb7fd6adbc60bd",
          "productionSnapshotSha256": "d96c3b2565fa030c74813f73eb7cb3a19e6b511a045aa322cb05b4c4c577aa64",
          "beforeCompanySnapshotSha256": "2cc298803a734fec53c5305473303342de1dd5194e0bbcd7c197fedff742fae4",
          "appliedAfterImageSha256": "37a39118688e998c2d37b5740ef02350d8bbf82455b68ff0e26a669c72579df8",
          "seedAfterImageSha256": "37a39118688e998c2d37b5740ef02350d8bbf82455b68ff0e26a669c72579df8",
          "approvedSeedEntrySha256": "22516cfadceedbdde29eb837373f25e1aef24aca41adb8a825354195af330d1b",
          "databaseTargetFingerprint": "45836a2e3306aa27a98c47cded3087b545691ec737c22861a69c4ab202986929",
          "transactionId": "945e8d7f-78a4-45a7-93ac-d9a4cce978b1",
          "auditEventId": "cmte4soot00150x2b7mkq9li6",
          "appliedAt": "2026-08-29T08:41:26.000Z",
          "verification": {
            "databaseMatchesAfterImage": true,
            "seedMatchesAfterImage": true,
            "detailApiVerified": true
          },
          "receiptSha256": "8519c49a4575828a9c172f0899af00fcc623fc2a55b9cf9c3367c245cf19c037"
        }
      },
      {
        "kind": "MUTATION",
        "taskId": "ledger:0223:avolta-renewable-holdings:7181d627",
        "taskIndex": 223,
        "companyName": "Avolta Renewable Holdings",
        "receipt": {
          "schemaVersion": 1,
          "artifactType": "PORTCO_CHANGE_APPLY_RECEIPT",
          "runId": "portco-reconciliation-2026-08-03-v2",
          "taskId": "ledger:0223:avolta-renewable-holdings:7181d627",
          "taskIndex": 223,
          "companyName": "Avolta Renewable Holdings",
          "companyId": "cmrxpjdg100u6ivhep4xv8y79",
          "proposalSha256": "f2dd0866c047d8537b6ad591b12d14b59fb0a0d9e4fde25cb606fc051cafe54d",
          "approvalSha256": "2fd3b58fd9a2c60ed220295df999ff1cf60f642e9fb8e98c9dbc337dede05fc4",
          "productionSnapshotSha256": "5d3893c240fde2a2eecd219c12c8972183f662aa167f0ac0bb281835f53a92c1",
          "beforeCompanySnapshotSha256": "e2b32cf91da1c04217d803f896a2e888e2f6aa7fdce1a152c14cba97349d2ace",
          "appliedAfterImageSha256": "09e3136be77cce0ce090f8223b0c5053106467d330ca1e4215f25afb0af263b8",
          "seedAfterImageSha256": "09e3136be77cce0ce090f8223b0c5053106467d330ca1e4215f25afb0af263b8",
          "approvedSeedEntrySha256": "f3a7e9b70233464b5eff1fe4c1e6de229c0c9831f4fd3ced70e6aaebecfcea01",
          "databaseTargetFingerprint": "45836a2e3306aa27a98c47cded3087b545691ec737c22861a69c4ab202986929",
          "transactionId": "945e8d7f-78a4-45a7-93ac-d9a4cce978b1",
          "auditEventId": "cmte4sscn001f0x2bi99t0u2p",
          "appliedAt": "2026-08-29T08:41:26.000Z",
          "verification": {
            "databaseMatchesAfterImage": true,
            "seedMatchesAfterImage": true,
            "detailApiVerified": true
          },
          "receiptSha256": "b60cf8655d0da28449f12b4599a40302b42070914d3cc7a52faa9f8cee38feab"
        }
      }
    ],
    "verification": {
      "databaseTransactionCommitted": true,
      "seedArtifactVerified": true,
      "allDetailApisVerified": true,
      "partialDatabaseApplication": false
    },
    "receiptSha256": "295c99cfd3b9b411cb4aae7b4849b7abe11827750b157b144616b207bdc292bc"
  }
}
