
> infra-tracker@1.0.0 portco:reconciliation:apply
> npx tsx scripts/portco-reconciliation/apply-cli.ts --proposal=audits/portco-reconciliation/2026-08-03/proposals/0099-pearl-ruby-solar-portfolio-v4/proposal.json --approval=audits/portco-reconciliation/2026-08-03/approvals/0099-pearl-ruby-solar-portfolio-v4.json --production-snapshot=audits/portco-reconciliation/2026-08-03/execution-v1/tasks/0099-pearl-ruby-solar-portfolio/attempt-3/locked-production-snapshot.json --proposal-sha256=fce9a48e950204056ba72d6df94acaf8148c699eb9c638492f7341b23d4892ef --approval-sha256=14c82cd1838447f577c292e602447d326141c622c7ca17f0ca530fd62000f7f1 --snapshot-sha256=4eaeb6feb7382627dc56f5a78def5705ede4bf1811a5ee4e8d8f185d877349a2 --seed-artifact=prisma/seed-data/approved-portco-after-images.json --apply --write-token=APPLY_APPROVED_PORTCO_CHANGE --receipt=tmp/portco-reconciliation/production/apply-receipt.json --public-base-url=https://infra-ma-2.vercel.app/Infra-MA2/

(node:3191) DeprecationWarning: Calling client.query() when the client is already executing a query is deprecated and will be removed in pg@9.0. Use async/await or an external async flow control mechanism instead.
(Use `node --trace-deprecation ...` to show where the warning was created)
{
  "mode": "APPLIED",
  "receiptPath": "/home/runner/work/Infra-MA2/Infra-MA2/tmp/portco-reconciliation/production/apply-receipt.json",
  "receipt": {
    "schemaVersion": 1,
    "artifactType": "PORTCO_CHANGE_APPLY_RECEIPT",
    "runId": "portco-reconciliation-2026-08-03-v2",
    "taskId": "ledger:0099:pearl-ruby-solar-portfolio:806939d6",
    "taskIndex": 99,
    "companyName": "Pearl/Ruby Solar Portfolio",
    "companyId": "cmrxpj5xm00igivhejhjldefv",
    "proposalSha256": "fce9a48e950204056ba72d6df94acaf8148c699eb9c638492f7341b23d4892ef",
    "approvalSha256": "14c82cd1838447f577c292e602447d326141c622c7ca17f0ca530fd62000f7f1",
    "productionSnapshotSha256": "4eaeb6feb7382627dc56f5a78def5705ede4bf1811a5ee4e8d8f185d877349a2",
    "beforeCompanySnapshotSha256": "fa8258d4490f244986e995f7285912cc25ec52ca2ec4c0137bb48878ba0d4469",
    "appliedAfterImageSha256": "796b1558c7ef5059b32be0660f40d04bc257f49b497ca79c0a624f18daac20cf",
    "seedAfterImageSha256": "796b1558c7ef5059b32be0660f40d04bc257f49b497ca79c0a624f18daac20cf",
    "approvedSeedEntrySha256": "f3ab5daa9ea97f1edd884cfead812cc8e843499f5e787e7de91ab9403ddd5852",
    "databaseTargetFingerprint": "45836a2e3306aa27a98c47cded3087b545691ec737c22861a69c4ab202986929",
    "transactionId": "ad413417-763d-47a7-bec0-8e59d5332170",
    "auditEventId": "cmsvrx15t0008gn6h75kxua8a",
    "appliedAt": "2026-08-16T12:20:58.983Z",
    "verification": {
      "databaseMatchesAfterImage": true,
      "seedMatchesAfterImage": true,
      "detailApiVerified": true
    },
    "receiptSha256": "9f2e100d07db64ae0ece580743558f6f718d13ed1f672cbd346f83b83c057f63"
  }
}
