
> infra-tracker@1.0.0 portco:reconciliation:batch:apply
> npx tsx scripts/portco-reconciliation/batch-apply-cli.ts --batch-manifest=audits/portco-reconciliation/2026-08-23/batches/batch-0287-0291-v1/batch-manifest.json --batch-sha256=58822442152edd669f2cfdad337d1bd03e7121b25cb6bd0089e0f9466ff19e47 --seed-artifact=prisma/seed-data/approved-portco-after-images.json --apply --write-token=APPLY_APPROVED_PORTCO_BATCH --commit-receipt=tmp/portco-reconciliation/production/batch-commit-receipt.json --receipt=tmp/portco-reconciliation/production/batch-apply-receipt.json --public-base-url=https://infra-ma-2.vercel.app/Infra-MA2/

(node:3754) DeprecationWarning: Calling client.query() when the client is already executing a query is deprecated and will be removed in pg@9.0. Use async/await or an external async flow control mechanism instead.
(Use `node --trace-deprecation ...` to show where the warning was created)
{
  "mode": "BATCH_APPLIED",
  "receiptPath": "/home/runner/work/Infra-MA2/Infra-MA2/tmp/portco-reconciliation/production/batch-apply-receipt.json",
  "receipt": {
    "schemaVersion": 1,
    "artifactType": "PORTCO_APPLY_BATCH_RECEIPT",
    "runId": "portco-reconciliation-2026-08-03-v2",
    "batchId": "batch-0287-0291-v1",
    "batchSha256": "58822442152edd669f2cfdad337d1bd03e7121b25cb6bd0089e0f9466ff19e47",
    "releaseSha": "58e645405b08ccebde7d413f62924cd5e22cdec5",
    "databaseTargetFingerprint": "45836a2e3306aa27a98c47cded3087b545691ec737c22861a69c4ab202986929",
    "transactionId": "48553798-9258-40f9-b0e2-946708c2a1a4",
    "appliedAt": "2026-09-01T04:10:11.923Z",
    "members": [
      {
        "kind": "MUTATION",
        "taskId": "ledger:0287:ambient-photonics:ce65fde2",
        "taskIndex": 287,
        "companyName": "Ambient Photonics",
        "receipt": {
          "schemaVersion": 1,
          "artifactType": "PORTCO_CHANGE_APPLY_RECEIPT",
          "runId": "portco-reconciliation-2026-08-03-v2",
          "taskId": "ledger:0287:ambient-photonics:ce65fde2",
          "taskIndex": 287,
          "companyName": "Ambient Photonics",
          "companyId": "cmrxpjhzs0113ivhef2kq2td6",
          "proposalSha256": "75f36bc39c66891019d845351a65925c7cc5c14345a4d2243fc043963cd30374",
          "approvalSha256": "2daa30d32e98e886c0a7bc777c2016cda8442666f2db368db54cabcefdd244ec",
          "productionSnapshotSha256": "032cc9f766b9aba483b331462dc4450da885401c69ecb5e2e5a889b9c0646818",
          "beforeCompanySnapshotSha256": "6f82ca1c7df84bd79914bbafbbe77527f4c470a3df8378cc9025e089ee0527f8",
          "appliedAfterImageSha256": "ca2d7032d9175364481367e26d277d4e5aeb6ce6bd3bc0e9ba99af1bbc4853e7",
          "seedAfterImageSha256": "ca2d7032d9175364481367e26d277d4e5aeb6ce6bd3bc0e9ba99af1bbc4853e7",
          "approvedSeedEntrySha256": "dc47c6bd6eb2fe8adc182e3b92bebe0b802720220da68f7b33362e9997626cb6",
          "databaseTargetFingerprint": "45836a2e3306aa27a98c47cded3087b545691ec737c22861a69c4ab202986929",
          "transactionId": "48553798-9258-40f9-b0e2-946708c2a1a4",
          "auditEventId": "cmti5fihc0001wa2b0df2mqvg",
          "appliedAt": "2026-09-01T04:10:11.923Z",
          "verification": {
            "databaseMatchesAfterImage": true,
            "seedMatchesAfterImage": true,
            "detailApiVerified": true
          },
          "receiptSha256": "a19bd61b240660a27738eca790d80cdd19f2f37636ad416a1a78a8cc9e960098"
        }
      },
      {
        "kind": "MUTATION",
        "taskId": "ledger:0288:bear-river-midstream:6266be72",
        "taskIndex": 288,
        "companyName": "Bear River Midstream",
        "receipt": {
          "schemaVersion": 1,
          "artifactType": "PORTCO_CHANGE_APPLY_RECEIPT",
          "runId": "portco-reconciliation-2026-08-03-v2",
          "taskId": "ledger:0288:bear-river-midstream:6266be72",
          "taskIndex": 288,
          "companyName": "Bear River Midstream",
          "companyId": "cmti5fikq0002wa2bf07a5mgt",
          "proposalSha256": "fdf5e93a43fb1ba83600a2084345f2a32efd42319d64ceaddfdff61042cecf0f",
          "approvalSha256": "2449c27d768223feda4c309ae58933be82c9e42d053be136e1ac39e3c03cd5be",
          "productionSnapshotSha256": "e1ed5d2262ab146b526696b50b7e8f6671e5a3106b191fec3de221b04e2a3200",
          "beforeCompanySnapshotSha256": null,
          "appliedAfterImageSha256": "24dfeafb9a539aef52a0e926ac8707ed5db8fd098c4b4ecde92bd86db78b8cc4",
          "seedAfterImageSha256": "24dfeafb9a539aef52a0e926ac8707ed5db8fd098c4b4ecde92bd86db78b8cc4",
          "approvedSeedEntrySha256": "f1c8f2a87916a82c629eaedeb4d235836bf62682a443888c5311284a9bc7d2bb",
          "databaseTargetFingerprint": "45836a2e3306aa27a98c47cded3087b545691ec737c22861a69c4ab202986929",
          "transactionId": "48553798-9258-40f9-b0e2-946708c2a1a4",
          "auditEventId": "cmti5firb000kwa2bjuap2lkd",
          "appliedAt": "2026-09-01T04:10:11.923Z",
          "verification": {
            "databaseMatchesAfterImage": true,
            "seedMatchesAfterImage": true,
            "detailApiVerified": true
          },
          "receiptSha256": "178b1868972163c96679770a4c6d03c19edc7528e7f036ab8071e4b53dc16f13"
        }
      },
      {
        "kind": "MUTATION",
        "taskId": "ledger:0289:checksammy:c0009a91",
        "taskIndex": 289,
        "companyName": "CheckSammy",
        "receipt": {
          "schemaVersion": 1,
          "artifactType": "PORTCO_CHANGE_APPLY_RECEIPT",
          "runId": "portco-reconciliation-2026-08-03-v2",
          "taskId": "ledger:0289:checksammy:c0009a91",
          "taskIndex": 289,
          "companyName": "CheckSammy",
          "companyId": "cmrxpji3k0116ivhe3prvbtya",
          "proposalSha256": "107c655b4fa85740c9ffcd46d61b9ccf78badaf3fd0e23c86740656c7ab7d1c3",
          "approvalSha256": "dcccde264ec9f3a6e0a4f7473f58e0d50b7b790d50dcd69eb4eae53af340b3bb",
          "productionSnapshotSha256": "184e626d0620a1cb00d2badebce93b3fa5805bc7c9fc3708c68faf0912238065",
          "beforeCompanySnapshotSha256": "9c1d61a697e654dde673060d48f7993bc4220c7c7847112816b5cbaa6dadb827",
          "appliedAfterImageSha256": "5cba006b164bfca159de3f1dd460acedc4601f053fbc7a94a0c8418ab7810b52",
          "seedAfterImageSha256": "5cba006b164bfca159de3f1dd460acedc4601f053fbc7a94a0c8418ab7810b52",
          "approvedSeedEntrySha256": "4ce56fe7f1c014523109458bd9c998b34d748527941470cac559f6d5d267a31b",
          "databaseTargetFingerprint": "45836a2e3306aa27a98c47cded3087b545691ec737c22861a69c4ab202986929",
          "transactionId": "48553798-9258-40f9-b0e2-946708c2a1a4",
          "auditEventId": "cmti5fixd000mwa2bj1xk864n",
          "appliedAt": "2026-09-01T04:10:11.923Z",
          "verification": {
            "databaseMatchesAfterImage": true,
            "seedMatchesAfterImage": true,
            "detailApiVerified": true
          },
          "receiptSha256": "03bc921e24486f1186c23b3b3a64d3c6d087403f1517a051d4f56580f428067a"
        }
      },
      {
        "kind": "MUTATION",
        "taskId": "ledger:0290:entek-technology-holdings:3d9d2806",
        "taskIndex": 290,
        "companyName": "ENTEK Technology Holdings",
        "receipt": {
          "schemaVersion": 1,
          "artifactType": "PORTCO_CHANGE_APPLY_RECEIPT",
          "runId": "portco-reconciliation-2026-08-03-v2",
          "taskId": "ledger:0290:entek-technology-holdings:3d9d2806",
          "taskIndex": 290,
          "companyName": "ENTEK Technology Holdings",
          "companyId": "cmrxpji440117ivheou5ldq15",
          "proposalSha256": "32f0d89cb96046a099d1c738ffc2f003da3191ba279fe91d711fd7dda1ae9344",
          "approvalSha256": "03a2373446a516610a2cfb08ff1c6939b04020ba5554f789c1b4211bc2524b59",
          "productionSnapshotSha256": "13c406520dcea0686159b0858c2a61c74feb1d1ae26be9426a8dd7f9a31fe19a",
          "beforeCompanySnapshotSha256": "71ff055fae48e8bfa6df127c98a7bf0b64778aef51372b0fe8c0e32babb4776b",
          "appliedAfterImageSha256": "c378ca24dcccef21ab7bcf1bfb14a36533ee7a1ef4e574c9975003441eb9cfca",
          "seedAfterImageSha256": "c378ca24dcccef21ab7bcf1bfb14a36533ee7a1ef4e574c9975003441eb9cfca",
          "approvedSeedEntrySha256": "b03fe6bf0c7edce0c44c4570ce5dbc0cdc0e23a66517ac8a5f9c0dcd5433fe81",
          "databaseTargetFingerprint": "45836a2e3306aa27a98c47cded3087b545691ec737c22861a69c4ab202986929",
          "transactionId": "48553798-9258-40f9-b0e2-946708c2a1a4",
          "auditEventId": "cmti5fj3q000owa2b1cfof9us",
          "appliedAt": "2026-09-01T04:10:11.923Z",
          "verification": {
            "databaseMatchesAfterImage": true,
            "seedMatchesAfterImage": true,
            "detailApiVerified": true
          },
          "receiptSha256": "f821f535d1f81002922bfae01d5ad5204799fc13bcb01e328fa56bc53bfce767"
        }
      },
      {
        "kind": "MUTATION",
        "taskId": "ledger:0291:epirus:00b0659d",
        "taskIndex": 291,
        "companyName": "Epirus",
        "receipt": {
          "schemaVersion": 1,
          "artifactType": "PORTCO_CHANGE_APPLY_RECEIPT",
          "runId": "portco-reconciliation-2026-08-03-v2",
          "taskId": "ledger:0291:epirus:00b0659d",
          "taskIndex": 291,
          "companyName": "Epirus",
          "companyId": "cmrxpji4n0118ivheb0bo1lts",
          "proposalSha256": "1a3e2e2611784b8ff288d786114fc810d6c57dd4caa3b13dacd8a6f420496c97",
          "approvalSha256": "b561419b7611f0dce8c25f80fe656e50d8ef531bd0fa7149c3e8c8a3fde44efe",
          "productionSnapshotSha256": "9a551834463e4e92ec9ce53429125ec57993b5c47d2d7718502f95e7ae33ac73",
          "beforeCompanySnapshotSha256": "eb3af5c59cd8fb0a9afc9a4b2ee7a2f379eaf8f2b5cdc86a672379ae4be91b32",
          "appliedAfterImageSha256": "6c041a16a024b972bc5681aaad86059e6470a90dcfef0927761511db56d2cb88",
          "seedAfterImageSha256": "6c041a16a024b972bc5681aaad86059e6470a90dcfef0927761511db56d2cb88",
          "approvedSeedEntrySha256": "273b44de29665f9406d8f44ec3a09e3f01e68fd6d13f5f46f006ce612f069d92",
          "databaseTargetFingerprint": "45836a2e3306aa27a98c47cded3087b545691ec737c22861a69c4ab202986929",
          "transactionId": "48553798-9258-40f9-b0e2-946708c2a1a4",
          "auditEventId": "cmti5fj9m000qwa2bsi6tn2de",
          "appliedAt": "2026-09-01T04:10:11.923Z",
          "verification": {
            "databaseMatchesAfterImage": true,
            "seedMatchesAfterImage": true,
            "detailApiVerified": true
          },
          "receiptSha256": "c6bf6ce009b0dbd1d8677ff4598ccbf5e4b4d433bb9063ed20a8a255cf66aba4"
        }
      }
    ],
    "verification": {
      "databaseTransactionCommitted": true,
      "seedArtifactVerified": true,
      "allDetailApisVerified": true,
      "partialDatabaseApplication": false
    },
    "receiptSha256": "8fd8649c89ad0534da5e3419696ea75de365d73b87690db027b2b41489e025f4"
  }
}
