
> infra-tracker@1.0.0 portco:reconciliation:batch:apply
> npx tsx scripts/portco-reconciliation/batch-apply-cli.ts --batch-manifest=audits/portco-reconciliation/2026-08-23/batches/batch-0146-0151-v3/batch-manifest.json --batch-sha256=5e52499d1a5ceef9a15a29f4ca0bf229f085f321f0c68903c6298970b90f4940 --seed-artifact=prisma/seed-data/approved-portco-after-images.json --apply --write-token=APPLY_APPROVED_PORTCO_BATCH --commit-receipt=tmp/portco-reconciliation/production/batch-commit-receipt.json --receipt=tmp/portco-reconciliation/production/batch-apply-receipt.json --public-base-url=https://infra-ma-2.vercel.app/Infra-MA2/

(node:3984) DeprecationWarning: Calling client.query() when the client is already executing a query is deprecated and will be removed in pg@9.0. Use async/await or an external async flow control mechanism instead.
(Use `node --trace-deprecation ...` to show where the warning was created)
{
  "mode": "BATCH_APPLIED",
  "receiptPath": "/home/runner/work/Infra-MA2/Infra-MA2/tmp/portco-reconciliation/production/batch-apply-receipt.json",
  "receipt": {
    "schemaVersion": 1,
    "artifactType": "PORTCO_APPLY_BATCH_RECEIPT",
    "runId": "portco-reconciliation-2026-08-03-v2",
    "batchId": "batch-0146-0151-v3",
    "batchSha256": "5e52499d1a5ceef9a15a29f4ca0bf229f085f321f0c68903c6298970b90f4940",
    "releaseSha": "dd131d99052893544d9d57b2483f3d69b7dc0e71",
    "databaseTargetFingerprint": "45836a2e3306aa27a98c47cded3087b545691ec737c22861a69c4ab202986929",
    "transactionId": "f57956cf-e86c-4875-b697-a276165c7448",
    "appliedAt": "2026-08-23T12:39:41.228Z",
    "members": [
      {
        "kind": "MUTATION",
        "taskId": "ledger:0146:jupiter-power:85379278",
        "taskIndex": 146,
        "companyName": "Jupiter Power",
        "receipt": {
          "schemaVersion": 1,
          "artifactType": "PORTCO_CHANGE_APPLY_RECEIPT",
          "runId": "portco-reconciliation-2026-08-03-v2",
          "taskId": "ledger:0146:jupiter-power:85379278",
          "taskIndex": 146,
          "companyName": "Jupiter Power",
          "companyId": "cmrxpj8z800n8ivhe1tqmwbzz",
          "proposalSha256": "a7f10db5512f798ce7d474a93839eb8f86d6a136c3852d64d8f381ec1aea400b",
          "approvalSha256": "9bc08da1cae6a88fd549f70b24f4a0cb9d006146f5986bbf3e90b4cf353c90e0",
          "productionSnapshotSha256": "3e881bd5530ee6bc6ac77a157569aaf9fb0c7f62cbfa019bf9431c3cb49d20c4",
          "beforeCompanySnapshotSha256": "b96283cbe2138b295ace6ffbbbe8c6ca842a68f2d47b06af5bb28f883edcf97f",
          "appliedAfterImageSha256": "cfac6c9a0ccb4ce309e69f55a919bd324bacae605e2464d4111869cf15b04ab4",
          "seedAfterImageSha256": "cfac6c9a0ccb4ce309e69f55a919bd324bacae605e2464d4111869cf15b04ab4",
          "approvedSeedEntrySha256": "015e4214640948db900689039964602e145f33ca2b30d309f38f52a6a7ad5679",
          "databaseTargetFingerprint": "45836a2e3306aa27a98c47cded3087b545691ec737c22861a69c4ab202986929",
          "transactionId": "f57956cf-e86c-4875-b697-a276165c7448",
          "auditEventId": "cmt5so0w9000c2oyyr0gk12u2",
          "appliedAt": "2026-08-23T12:39:41.228Z",
          "verification": {
            "databaseMatchesAfterImage": true,
            "seedMatchesAfterImage": true,
            "detailApiVerified": true
          },
          "receiptSha256": "edcbedebf24211379c6fbe74bae93d890d943683f5b3631c5db9067b8223cd30"
        }
      },
      {
        "kind": "MUTATION",
        "taskId": "ledger:0148:national-renewable-solutions:2d543538",
        "taskIndex": 148,
        "companyName": "National Renewable Solutions",
        "receipt": {
          "schemaVersion": 1,
          "artifactType": "PORTCO_CHANGE_APPLY_RECEIPT",
          "runId": "portco-reconciliation-2026-08-03-v2",
          "taskId": "ledger:0148:national-renewable-solutions:2d543538",
          "taskIndex": 148,
          "companyName": "National Renewable Solutions",
          "companyId": "cmrxpj90b00naivhedtmfwflb",
          "proposalSha256": "c3968ae4d28af2a4b8be3b56cbdfa37bc9c333aa22e313ad05500755c8d65480",
          "approvalSha256": "0b7939472a4fb41e6e57f82cfe916fa323d65028f9e222eb9b842ee0478a199c",
          "productionSnapshotSha256": "4174b413897e9073b2c9432d638415d870da834c8988a7d4fc3dbf1e0fb96e89",
          "beforeCompanySnapshotSha256": "3f9c0d92e1914590734f98fce6d7890af61f25e9adacef029821fc3434d584fb",
          "appliedAfterImageSha256": "f8eed98a78e217b979d522eab2dc7977040b69be25d3e9eecc20a0ca238f665e",
          "seedAfterImageSha256": "f8eed98a78e217b979d522eab2dc7977040b69be25d3e9eecc20a0ca238f665e",
          "approvedSeedEntrySha256": "d7d7e6c3fd6385ebf960f34f9ea5f56ab6b3161610294e3ee8cf349fbba99bac",
          "databaseTargetFingerprint": "45836a2e3306aa27a98c47cded3087b545691ec737c22861a69c4ab202986929",
          "transactionId": "f57956cf-e86c-4875-b697-a276165c7448",
          "auditEventId": "cmt5so19f000o2oyyo9li7g0g",
          "appliedAt": "2026-08-23T12:39:41.228Z",
          "verification": {
            "databaseMatchesAfterImage": true,
            "seedMatchesAfterImage": true,
            "detailApiVerified": true
          },
          "receiptSha256": "6c92d26b9c33d9193f618a29adfc186dbc08c456eaa89576b46c6ffa416665d0"
        }
      },
      {
        "kind": "MUTATION",
        "taskId": "ledger:0149:portland-natural-gas-transmission-system:15040b8a",
        "taskIndex": 149,
        "companyName": "Portland Natural Gas Transmission System",
        "receipt": {
          "schemaVersion": 1,
          "artifactType": "PORTCO_CHANGE_APPLY_RECEIPT",
          "runId": "portco-reconciliation-2026-08-03-v2",
          "taskId": "ledger:0149:portland-natural-gas-transmission-system:15040b8a",
          "taskIndex": 149,
          "companyName": "Portland Natural Gas Transmission System",
          "companyId": "cmrxpj90w00nbivhe1yvbf58m",
          "proposalSha256": "bcc169b405db816e87b92310c0d09f7eec0510d21efd1c721edef6868b3b591b",
          "approvalSha256": "209568b6a7710c60410fcc5d1af166ac997e875fbd8b711bd3a7a99362ffb75f",
          "productionSnapshotSha256": "abb3a15a2df1740cecb121ee548db18f117365ed6d27777b4ea29435786cd52c",
          "beforeCompanySnapshotSha256": "ede32e71a1bfd70d5c8436ec3dd5f64ab754820ae8b8a4e2abe43bdb78830c5c",
          "appliedAfterImageSha256": "7040a45dbc33320028d602bd3908b5cbcacc2048b16c8000a3c71c18a2a33e82",
          "seedAfterImageSha256": "7040a45dbc33320028d602bd3908b5cbcacc2048b16c8000a3c71c18a2a33e82",
          "approvedSeedEntrySha256": "4977588d8c34b5be08528cc409d65b8754c297eb5f6277e37e726ef2f6065de5",
          "databaseTargetFingerprint": "45836a2e3306aa27a98c47cded3087b545691ec737c22861a69c4ab202986929",
          "transactionId": "f57956cf-e86c-4875-b697-a276165c7448",
          "auditEventId": "cmt5so1rq00162oyys6j439iv",
          "appliedAt": "2026-08-23T12:39:41.228Z",
          "verification": {
            "databaseMatchesAfterImage": true,
            "seedMatchesAfterImage": true,
            "detailApiVerified": true
          },
          "receiptSha256": "17b7bf51c2114a8ec6bfe72bd1479c8aea4d939d851ed4113f99311fe38e087c"
        }
      },
      {
        "kind": "MUTATION",
        "taskId": "ledger:0150:revolution-wind-and-south-fork-wind:141c088f",
        "taskIndex": 150,
        "companyName": "Revolution Wind & South Fork Wind",
        "receipt": {
          "schemaVersion": 1,
          "artifactType": "PORTCO_CHANGE_APPLY_RECEIPT",
          "runId": "portco-reconciliation-2026-08-03-v2",
          "taskId": "ledger:0150:revolution-wind-and-south-fork-wind:141c088f",
          "taskIndex": 150,
          "companyName": "Revolution Wind & South Fork Wind",
          "companyId": "cmrxpjgkv00yuivhek3goid87",
          "proposalSha256": "431e52ca65cbd7ecb93e0cada8029a773a6a9c83cbc18463fa97be05b6208f42",
          "approvalSha256": "f7337e75a01ed0243017ecf11464823efae6bd583cfd6656b55507b25f9e85c8",
          "productionSnapshotSha256": "2cd28155c38ce31d29815aae4975f71d9d3e41074728c49a358380ff4533aab8",
          "beforeCompanySnapshotSha256": "8548e0a8298ecad123ffdb452d9d495736cbb664cfd5f26a85d11be1ab5e209d",
          "appliedAfterImageSha256": "ae8b8ff30666a98ea06f99029d71789c7a8e67fa23c81f0469085bb329dc1d2e",
          "seedAfterImageSha256": "ae8b8ff30666a98ea06f99029d71789c7a8e67fa23c81f0469085bb329dc1d2e",
          "approvedSeedEntrySha256": "d7c25d1afae2e60ad12f9d271d299b7ad931e38cf6ec0c7aede289b1ba3d4751",
          "databaseTargetFingerprint": "45836a2e3306aa27a98c47cded3087b545691ec737c22861a69c4ab202986929",
          "transactionId": "f57956cf-e86c-4875-b697-a276165c7448",
          "auditEventId": "cmt5so26u001m2oyypdhwg0c0",
          "appliedAt": "2026-08-23T12:39:41.228Z",
          "verification": {
            "databaseMatchesAfterImage": true,
            "seedMatchesAfterImage": true,
            "detailApiVerified": true
          },
          "receiptSha256": "8d1ed2cfe80d7e7d5442e1080236a5412464e6e55e8383e7fa51fe0d37af74c7"
        }
      },
      {
        "kind": "MUTATION",
        "taskId": "ledger:0151:rio-grande-lng:e7985cce",
        "taskIndex": 151,
        "companyName": "Rio Grande LNG",
        "receipt": {
          "schemaVersion": 1,
          "artifactType": "PORTCO_CHANGE_APPLY_RECEIPT",
          "runId": "portco-reconciliation-2026-08-03-v2",
          "taskId": "ledger:0151:rio-grande-lng:e7985cce",
          "taskIndex": 151,
          "companyName": "Rio Grande LNG",
          "companyId": "cmrxpjgli00yvivheorrptcgd",
          "proposalSha256": "e882f7bce6a6ab08a71eb270bacd169040e9fcb925fc55a5423cf48beb4d4ab3",
          "approvalSha256": "9c84586fc442430d977c23f851a4faafcef46be9f3b41f6edeeb3c9c7aafe644",
          "productionSnapshotSha256": "1436894b0ee2c6c670665780fbf31f1707fa649ceb0f8588780690ba4359e7bf",
          "beforeCompanySnapshotSha256": "e8465b2d7afc902882bed28c72b3a33a5018dae45496d0c43db5429e3499c9a9",
          "appliedAfterImageSha256": "3c5ae10865937e7cbd4bdf1979a9fa89ea1dbf7f70fb5d7aa7a18b11136174b3",
          "seedAfterImageSha256": "3c5ae10865937e7cbd4bdf1979a9fa89ea1dbf7f70fb5d7aa7a18b11136174b3",
          "approvedSeedEntrySha256": "bfc1e16d8496aca6d22f1c4f925291b75899f6e01cb0dd63cc25813912d46b2b",
          "databaseTargetFingerprint": "45836a2e3306aa27a98c47cded3087b545691ec737c22861a69c4ab202986929",
          "transactionId": "f57956cf-e86c-4875-b697-a276165c7448",
          "auditEventId": "cmt5so2oz00242oyy3795fbkm",
          "appliedAt": "2026-08-23T12:39:41.228Z",
          "verification": {
            "databaseMatchesAfterImage": true,
            "seedMatchesAfterImage": true,
            "detailApiVerified": true
          },
          "receiptSha256": "ae355d94f1188d547fb5fd9e731d7731e6cff35d374330cd1006059eb5eb5e78"
        }
      }
    ],
    "verification": {
      "databaseTransactionCommitted": true,
      "seedArtifactVerified": true,
      "allDetailApisVerified": true,
      "partialDatabaseApplication": false
    },
    "receiptSha256": "eaf3a53ca94d46dc24af97a262fd080c95ea3ce43050a50d6ba7123f137653d1"
  }
}
