
> infra-tracker@1.0.0 portco:reconciliation:batch:apply
> npx tsx scripts/portco-reconciliation/batch-apply-cli.ts --batch-manifest=audits/portco-reconciliation/2026-08-23/batches/batch-0146-0151-v3/batch-manifest.json --batch-sha256=5e52499d1a5ceef9a15a29f4ca0bf229f085f321f0c68903c6298970b90f4940

(node:3721) DeprecationWarning: Calling client.query() when the client is already executing a query is deprecated and will be removed in pg@9.0. Use async/await or an external async flow control mechanism instead.
(Use `node --trace-deprecation ...` to show where the warning was created)
{
  "mode": "BATCH_DRY_RUN",
  "batchId": "batch-0146-0151-v3",
  "batchSha256": "5e52499d1a5ceef9a15a29f4ca0bf229f085f321f0c68903c6298970b90f4940",
  "databaseWrites": false,
  "seedWrites": false,
  "plans": [
    {
      "companyName": "Jupiter Power",
      "mutations": [
        {
          "kind": "CORRECT_COMPANY",
          "relationIds": [],
          "detail": "Apply approved changes to aliases, description, website, headquarters, lastVerifiedAt, ownershipPeriods, milestones, citations."
        }
      ],
      "changedFields": [
        "aliases",
        "citations",
        "description",
        "headquarters",
        "lastVerifiedAt",
        "milestones",
        "ownershipPeriods",
        "website"
      ],
      "retiredCompanyIds": []
    },
    {
      "companyName": "National Renewable Solutions",
      "mutations": [
        {
          "kind": "CORRECT_COMPANY",
          "relationIds": [],
          "detail": "Apply approved changes to aliases, subsector, description, website, headquarters, lastVerifiedAt, ownershipPeriods, milestones, citations."
        }
      ],
      "changedFields": [
        "aliases",
        "citations",
        "description",
        "headquarters",
        "lastVerifiedAt",
        "milestones",
        "ownershipPeriods",
        "subsector",
        "website"
      ],
      "retiredCompanyIds": []
    },
    {
      "companyName": "Portland Natural Gas Transmission System",
      "mutations": [
        {
          "kind": "CORRECT_COMPANY",
          "relationIds": [],
          "detail": "Apply approved changes to aliases, description, website, headquarters, lastVerifiedAt, ownershipPeriods, milestones, citations."
        },
        {
          "kind": "ADD_OWNER",
          "relationIds": [],
          "detail": "Add 2 approved ownership period(s)."
        }
      ],
      "changedFields": [
        "aliases",
        "citations",
        "description",
        "headquarters",
        "lastVerifiedAt",
        "milestones",
        "ownershipPeriods",
        "website"
      ],
      "retiredCompanyIds": []
    },
    {
      "companyName": "Revolution Wind & South Fork Wind",
      "mutations": [
        {
          "kind": "CORRECT_COMPANY",
          "relationIds": [],
          "detail": "Apply approved changes to aliases, description, website, headquarters, lastVerifiedAt, ownershipPeriods, milestones, citations."
        },
        {
          "kind": "ADD_OWNER",
          "relationIds": [],
          "detail": "Add 2 approved ownership period(s)."
        }
      ],
      "changedFields": [
        "aliases",
        "citations",
        "description",
        "headquarters",
        "lastVerifiedAt",
        "milestones",
        "ownershipPeriods",
        "website"
      ],
      "retiredCompanyIds": []
    },
    {
      "companyName": "Rio Grande LNG",
      "mutations": [
        {
          "kind": "CORRECT_COMPANY",
          "relationIds": [],
          "detail": "Apply approved changes to aliases, description, website, headquarters, lastVerifiedAt, ownershipPeriods, milestones, citations."
        },
        {
          "kind": "ADD_OWNER",
          "relationIds": [],
          "detail": "Add 3 approved ownership period(s)."
        }
      ],
      "changedFields": [
        "aliases",
        "citations",
        "description",
        "headquarters",
        "lastVerifiedAt",
        "milestones",
        "ownershipPeriods",
        "website"
      ],
      "retiredCompanyIds": []
    }
  ]
}
