
> infra-tracker@1.0.0 portco:reconciliation:batch:apply
> npx tsx scripts/portco-reconciliation/batch-apply-cli.ts --batch-manifest=audits/portco-reconciliation/2026-08-23/batches/batch-deferred-0111-0220-v1/batch-manifest-v2.json --batch-sha256=a73a2e23a94c8a7bc93a8bf8eab22dd1228eea0d1a60b38e6af72793a62a95f6

(node:3596) DeprecationWarning: Calling client.query() when the client is already executing a query is deprecated and will be removed in pg@9.0. Use async/await or an external async flow control mechanism instead.
(Use `node --trace-deprecation ...` to show where the warning was created)
{
  "mode": "BATCH_DRY_RUN",
  "batchId": "batch-deferred-0111-0220-v1",
  "batchSha256": "a73a2e23a94c8a7bc93a8bf8eab22dd1228eea0d1a60b38e6af72793a62a95f6",
  "databaseWrites": false,
  "seedWrites": false,
  "plans": [
    {
      "companyName": "Sunstone Power",
      "mutations": [
        {
          "kind": "CORRECT_COMPANY",
          "relationIds": [],
          "detail": "Apply approved changes to description, website, yearFounded, headquarters, lastVerifiedAt, ownershipPeriods, milestones, citations."
        }
      ],
      "changedFields": [
        "citations",
        "description",
        "headquarters",
        "lastVerifiedAt",
        "milestones",
        "ownershipPeriods",
        "website",
        "yearFounded"
      ],
      "retiredCompanyIds": []
    }
  ]
}
