
> infra-tracker@1.0.0 portco:reconciliation:apply
> npx tsx scripts/portco-reconciliation/apply-cli.ts --proposal=audits/portco-reconciliation/2026-08-03/proposals/0082-rec-solar-rec-power-v1/proposal.json --approval=audits/portco-reconciliation/2026-08-03/approvals/0082-rec-solar-rec-power-v1.json --production-snapshot=audits/portco-reconciliation/2026-08-03/execution-v1/tasks/0082-rec-solar/attempt-1/locked-production-snapshot.json --proposal-sha256=5ab0280cfb99bab8f7e477d1c63855958334e8338fa25a9596d4860a0fa5ea3a --approval-sha256=d92456e32a470a23b76593250784ea06bbdbfd1607cfcc0245f5271d73a53976 --snapshot-sha256=ac01346c7ed39ef950eb5ed1dc4f070dca612b57d7ff423842a54c098f07506c --seed-artifact=prisma/seed-data/approved-portco-after-images.json --apply --write-token=APPLY_APPROVED_PORTCO_CHANGE --receipt=tmp/portco-reconciliation/production/apply-receipt.json --public-base-url=https://infra-ma-2.vercel.app/Infra-MA2/

(node:3175) DeprecationWarning: Calling client.query() when the client is already executing a query is deprecated and will be removed in pg@9.0. Use async/await or an external async flow control mechanism instead.
(Use `node --trace-deprecation ...` to show where the warning was created)
{
  "mode": "APPLIED",
  "receiptPath": "/home/runner/work/Infra-MA2/Infra-MA2/tmp/portco-reconciliation/production/apply-receipt.json",
  "receipt": {
    "schemaVersion": 1,
    "artifactType": "PORTCO_CHANGE_APPLY_RECEIPT",
    "runId": "portco-reconciliation-2026-08-03-v2",
    "taskId": "ledger:0082:rec-solar:f4e1cc1f",
    "taskIndex": 82,
    "companyName": "REC Solar",
    "companyId": "cmrxpj6jr00jgivheinookosn",
    "proposalSha256": "5ab0280cfb99bab8f7e477d1c63855958334e8338fa25a9596d4860a0fa5ea3a",
    "approvalSha256": "d92456e32a470a23b76593250784ea06bbdbfd1607cfcc0245f5271d73a53976",
    "productionSnapshotSha256": "ac01346c7ed39ef950eb5ed1dc4f070dca612b57d7ff423842a54c098f07506c",
    "beforeCompanySnapshotSha256": "ec3b1f29015a2e661d13e2182dcf1889706e26d6d2f948f8ddadc68ce63da2ca",
    "appliedAfterImageSha256": "d6c39553b4dec155ee0eef63c8b9facd398e5f25bb6ec43e9e9b0bcb92dfe502",
    "seedAfterImageSha256": "d6c39553b4dec155ee0eef63c8b9facd398e5f25bb6ec43e9e9b0bcb92dfe502",
    "approvedSeedEntrySha256": "c3c17969bc0faa8e323252716be1eed2b44ab303c663d3007e94b19a8add2f0b",
    "databaseTargetFingerprint": "45836a2e3306aa27a98c47cded3087b545691ec737c22861a69c4ab202986929",
    "transactionId": "16af442f-66d2-4315-bbe3-84f2b0bf9c53",
    "auditEventId": "cmsu297hy000dg76hh8aztfy4",
    "appliedAt": "2026-08-15T07:34:51.011Z",
    "verification": {
      "databaseMatchesAfterImage": true,
      "seedMatchesAfterImage": true,
      "detailApiVerified": true
    },
    "receiptSha256": "7c1bcc8a5c69d6e86fca4aef39e49cd4a585608aeea4bc0c2192fe2e94d718c4"
  }
}
