
> infra-tracker@1.0.0 portco:reconciliation:batch:apply
> npx tsx scripts/portco-reconciliation/batch-apply-cli.ts --batch-manifest=audits/portco-reconciliation/2026-08-23/batches/batch-0324-0328-v1/batch-manifest-v5.json --batch-sha256=afcf0066637b5767f0485196161d05e5b1b11bc8c57e0781844277025f41fca1 --seed-artifact=prisma/seed-data/approved-portco-after-images.json --apply --write-token=APPLY_APPROVED_PORTCO_BATCH --commit-receipt=tmp/portco-reconciliation/production/batch-commit-receipt.json --receipt=tmp/portco-reconciliation/production/batch-apply-receipt.json --public-base-url=https://infra-ma-2.vercel.app/Infra-MA2/

(node:3978) DeprecationWarning: Calling client.query() when the client is already executing a query is deprecated and will be removed in pg@9.0. Use async/await or an external async flow control mechanism instead.
(Use `node --trace-deprecation ...` to show where the warning was created)
{
  "mode": "BATCH_APPLIED",
  "receiptPath": "/home/runner/work/Infra-MA2/Infra-MA2/tmp/portco-reconciliation/production/batch-apply-receipt.json",
  "receipt": {
    "schemaVersion": 1,
    "artifactType": "PORTCO_APPLY_BATCH_RECEIPT",
    "runId": "portco-reconciliation-2026-08-03-v2",
    "batchId": "batch-0324-0328-v1",
    "batchSha256": "afcf0066637b5767f0485196161d05e5b1b11bc8c57e0781844277025f41fca1",
    "releaseSha": "5a817ede589b4cc86fdaf38a27872acb331accb1",
    "databaseTargetFingerprint": "45836a2e3306aa27a98c47cded3087b545691ec737c22861a69c4ab202986929",
    "transactionId": "152deeda-b32a-4fd6-b527-fafce54742db",
    "appliedAt": "2026-09-01T12:08:59.739Z",
    "members": [
      {
        "kind": "MUTATION",
        "taskId": "ledger:0324:pembina-gas-infrastructure-inc:de0cbf95",
        "taskIndex": 324,
        "companyName": "Pembina Gas Infrastructure Inc.",
        "receipt": {
          "schemaVersion": 1,
          "artifactType": "PORTCO_CHANGE_APPLY_RECEIPT",
          "runId": "portco-reconciliation-2026-08-03-v2",
          "taskId": "ledger:0324:pembina-gas-infrastructure-inc:de0cbf95",
          "taskIndex": 324,
          "companyName": "Pembina Gas Infrastructure Inc.",
          "companyId": "cmrxpjjwg0141ivhecv1bf8dw",
          "proposalSha256": "5a9a8b3534e3b214a6b22df8703b0d5362d2a11e4840d6b418c3387c792619d5",
          "approvalSha256": "b0a630b1ab5940cda87f797c4ccff355b36f44c9b5bde2603df1661b015d4392",
          "productionSnapshotSha256": "a42ec52be1387507b074f5099a17c417b6235a65bd6cbe2b034b1f076c8ce47f",
          "beforeCompanySnapshotSha256": "2bc9be5b4114757f4308028a7930684ba5da567c1977aa8e5b746dddba123171",
          "appliedAfterImageSha256": "c97423d9f3dabf44ee192ab7ef6643940d78714c25b873be458a458f0fc7daa4",
          "seedAfterImageSha256": "c97423d9f3dabf44ee192ab7ef6643940d78714c25b873be458a458f0fc7daa4",
          "approvedSeedEntrySha256": "450e2d508978e21afd2c28f648fda15856d4700ad87a0adfae1abe937f89f8b9",
          "databaseTargetFingerprint": "45836a2e3306aa27a98c47cded3087b545691ec737c22861a69c4ab202986929",
          "transactionId": "152deeda-b32a-4fd6-b527-fafce54742db",
          "auditEventId": "cmtimim5f000a2i2bywe2htsy",
          "appliedAt": "2026-09-01T12:08:59.739Z",
          "verification": {
            "databaseMatchesAfterImage": true,
            "seedMatchesAfterImage": true,
            "detailApiVerified": true
          },
          "receiptSha256": "bf44cb52317e453215abf726b67ec50c7b568c1a5054a79beed2fab49d240683"
        }
      },
      {
        "kind": "MUTATION",
        "taskId": "ledger:0325:port-arthur-lng:d837cc61",
        "taskIndex": 325,
        "companyName": "Port Arthur LNG",
        "receipt": {
          "schemaVersion": 1,
          "artifactType": "PORTCO_CHANGE_APPLY_RECEIPT",
          "runId": "portco-reconciliation-2026-08-03-v2",
          "taskId": "ledger:0325:port-arthur-lng:d837cc61",
          "taskIndex": 325,
          "companyName": "Port Arthur LNG",
          "companyId": "cmrxpjjwz0142ivhel1oxig89",
          "proposalSha256": "9466cf2ab26a62ce9b6ba8ab542e8bc35803a8708c4696cea43e3979323fe5fa",
          "approvalSha256": "e59dd189e8e6540f39aa3d660b3f5d6885932c5596a914586a346fb86aa79bce",
          "productionSnapshotSha256": "bafa6944650766ea3953cd7e5ebc3ed2ed4607a4206628ded2e33a6a9a64c84a",
          "beforeCompanySnapshotSha256": "cdfd5a39a9a5164cf16fc10a2041f681dd55ee922dc37280a728f8075c5a9cd9",
          "appliedAfterImageSha256": "97507af11312b377eb8e9f395365e612d9cd81ab616f6c1b38635f0cc67384b8",
          "seedAfterImageSha256": "97507af11312b377eb8e9f395365e612d9cd81ab616f6c1b38635f0cc67384b8",
          "approvedSeedEntrySha256": "2cfd190dc37f13d5828fcc882fafc4e4a05004e49f432039cc1221ec33f112d3",
          "databaseTargetFingerprint": "45836a2e3306aa27a98c47cded3087b545691ec737c22861a69c4ab202986929",
          "transactionId": "152deeda-b32a-4fd6-b527-fafce54742db",
          "auditEventId": "cmtimiry7000q2i2bxgw2toiy",
          "appliedAt": "2026-09-01T12:08:59.739Z",
          "verification": {
            "databaseMatchesAfterImage": true,
            "seedMatchesAfterImage": true,
            "detailApiVerified": true
          },
          "receiptSha256": "e0385397ace08b40fb08c1560aca4a620fcbd98ccec2dda9c57e0974410cb5c1"
        }
      },
      {
        "kind": "MUTATION",
        "taskId": "ledger:0326:totalenergies-u-s-solar-portfolio-jv:ebabd0e8",
        "taskIndex": 326,
        "companyName": "TotalEnergies U.S. Solar Portfolio JV",
        "receipt": {
          "schemaVersion": 1,
          "artifactType": "PORTCO_CHANGE_APPLY_RECEIPT",
          "runId": "portco-reconciliation-2026-08-03-v2",
          "taskId": "ledger:0326:totalenergies-u-s-solar-portfolio-jv:ebabd0e8",
          "taskIndex": 326,
          "companyName": "TotalEnergies U.S. Solar Portfolio JV",
          "companyId": "cmrxpjjyj0145ivhej5vka83l",
          "proposalSha256": "14f60a588a67ccdc3116b37d4f2587b004d1475ef41f237c6023d039599c7656",
          "approvalSha256": "2ea00815f9f40135537f83384ff94935740586d0b1ff6b3a8b59ff2ff22b2b48",
          "productionSnapshotSha256": "7b702e0f0e6acaefe36a34b1b1754cc332f82d333f01dda0af0d3801ae3fe9ab",
          "beforeCompanySnapshotSha256": "20bee49596f6a02aeb421719cc453fad8163e770b03b41c2b9bbc0c0f9c97a43",
          "appliedAfterImageSha256": "96c5ecccca361476f8f46e1c32d39dba01bbae62dd6007e21d99a0eb3b1cefd7",
          "seedAfterImageSha256": "96c5ecccca361476f8f46e1c32d39dba01bbae62dd6007e21d99a0eb3b1cefd7",
          "approvedSeedEntrySha256": "94c6b4c945fd937b7c62b3647df7033080d103940c7eba6bab1f54df03a851b5",
          "databaseTargetFingerprint": "45836a2e3306aa27a98c47cded3087b545691ec737c22861a69c4ab202986929",
          "transactionId": "152deeda-b32a-4fd6-b527-fafce54742db",
          "auditEventId": "cmtimiwvw000x2i2bc6u7di3j",
          "appliedAt": "2026-09-01T12:08:59.739Z",
          "verification": {
            "databaseMatchesAfterImage": true,
            "seedMatchesAfterImage": true,
            "detailApiVerified": true
          },
          "receiptSha256": "fe3f40de792360e9fdbec2811394416067a555970ea25e91a0d65a32092f3a2a"
        }
      },
      {
        "kind": "MUTATION",
        "taskId": "ledger:0327:ceres-terminals-jacksonville:001d4d4e",
        "taskIndex": 327,
        "companyName": "Ceres Terminals Jacksonville",
        "receipt": {
          "schemaVersion": 1,
          "artifactType": "PORTCO_CHANGE_APPLY_RECEIPT",
          "runId": "portco-reconciliation-2026-08-03-v2",
          "taskId": "ledger:0327:ceres-terminals-jacksonville:001d4d4e",
          "taskIndex": 327,
          "companyName": "Ceres Terminals Jacksonville",
          "companyId": "cmrxpjk3t014aivhevebx57qf",
          "proposalSha256": "5d4e079831e9d100bf722c6b64d991e2f7c00116ff90d3b09d10d17328a4b377",
          "approvalSha256": "ea17f609dae9bed2d445950c0ff547af4c87973da615945bc3732a1689009093",
          "productionSnapshotSha256": "344644b4b38535294b6855dc32656e4c741d040aff9c4454c410d7062ad0b3a1",
          "beforeCompanySnapshotSha256": "85ae68385b1c658d73ecc8b615a134b9d80d0a47cb42f1cc488a0d07ba33ec52",
          "appliedAfterImageSha256": "6f7cd339cd2030319a8e359b7e8215da64f1469831f42741cde3ed8c6a4f4428",
          "seedAfterImageSha256": "6f7cd339cd2030319a8e359b7e8215da64f1469831f42741cde3ed8c6a4f4428",
          "approvedSeedEntrySha256": "2c9a8e5683327769c57d503494a736e043f4cbe66f40064f114ada50c101516f",
          "databaseTargetFingerprint": "45836a2e3306aa27a98c47cded3087b545691ec737c22861a69c4ab202986929",
          "transactionId": "152deeda-b32a-4fd6-b527-fafce54742db",
          "auditEventId": "cmtimj2zg00182i2b4d3cp7jv",
          "appliedAt": "2026-09-01T12:08:59.739Z",
          "verification": {
            "databaseMatchesAfterImage": true,
            "seedMatchesAfterImage": true,
            "detailApiVerified": true
          },
          "receiptSha256": "0be5ce4b53b3d0a639b69abd75483c94b9baa919851660f990f717f4dbda695b"
        }
      },
      {
        "kind": "MUTATION",
        "taskId": "ledger:0328:long-beach-container-terminal:d95cebc8",
        "taskIndex": 328,
        "companyName": "Long Beach Container Terminal",
        "receipt": {
          "schemaVersion": 1,
          "artifactType": "PORTCO_CHANGE_APPLY_RECEIPT",
          "runId": "portco-reconciliation-2026-08-03-v2",
          "taskId": "ledger:0328:long-beach-container-terminal:d95cebc8",
          "taskIndex": 328,
          "companyName": "Long Beach Container Terminal",
          "companyId": "cmrxpjk8n014jivhecvfuv0ei",
          "proposalSha256": "de48d036b3b484c9b15b2e970f39ed0d205ef2c9a6ae16f1f38dc2b7540f7cc8",
          "approvalSha256": "6a95e6071d72068d1f89c901a83a061882339544b115fbdc9c50a9f8e2a86105",
          "productionSnapshotSha256": "f1f170495636ebac6c8837e5e47f4f81b4db68c60a46a6aad3e40dedf04bcb4e",
          "beforeCompanySnapshotSha256": "c026fdad654541870891c61a5f5bb5c33f23c4b90854f09c229983d90b4e6502",
          "appliedAfterImageSha256": "bc69699bbe95bbcdc2d23aac3cb337bee88fa758845536f07e598ee687bf9e7f",
          "seedAfterImageSha256": "bc69699bbe95bbcdc2d23aac3cb337bee88fa758845536f07e598ee687bf9e7f",
          "approvedSeedEntrySha256": "5596b4a37ee9d317573219d868ec958a44eeff1abbbc7f2287437a3c665be757",
          "databaseTargetFingerprint": "45836a2e3306aa27a98c47cded3087b545691ec737c22861a69c4ab202986929",
          "transactionId": "152deeda-b32a-4fd6-b527-fafce54742db",
          "auditEventId": "cmtimj9ou001n2i2bdbvlkt1q",
          "appliedAt": "2026-09-01T12:08:59.739Z",
          "verification": {
            "databaseMatchesAfterImage": true,
            "seedMatchesAfterImage": true,
            "detailApiVerified": true
          },
          "receiptSha256": "c1fb4be1624030e8536a20369c877187d6b24bc2b7ed0ac52790eed11be3e4d1"
        }
      }
    ],
    "verification": {
      "databaseTransactionCommitted": true,
      "seedArtifactVerified": true,
      "allDetailApisVerified": true,
      "partialDatabaseApplication": false
    },
    "receiptSha256": "30ab054c913d1f8f461e2532047175a19a37d97315438d6014095fd52fa8d9f4"
  }
}
