
> infra-tracker@1.0.0 portco:reconciliation:batch:apply
> npx tsx scripts/portco-reconciliation/batch-apply-cli.ts --batch-manifest=audits/portco-reconciliation/2026-08-23/batches/batch-0136-0140-v1/batch-manifest.json --batch-sha256=bc9f12bbf81487ce5f58439fb40000b64abc98660e65a293755b4efb63e52e43 --seed-artifact=prisma/seed-data/approved-portco-after-images.json --apply --write-token=APPLY_APPROVED_PORTCO_BATCH --commit-receipt=tmp/portco-reconciliation/production/batch-commit-receipt.json --receipt=tmp/portco-reconciliation/production/batch-apply-receipt.json --public-base-url=https://infra-ma-2.vercel.app/Infra-MA2/

(node:3824) DeprecationWarning: Calling client.query() when the client is already executing a query is deprecated and will be removed in pg@9.0. Use async/await or an external async flow control mechanism instead.
(Use `node --trace-deprecation ...` to show where the warning was created)
{
  "mode": "BATCH_APPLIED",
  "receiptPath": "/home/runner/work/Infra-MA2/Infra-MA2/tmp/portco-reconciliation/production/batch-apply-receipt.json",
  "receipt": {
    "schemaVersion": 1,
    "artifactType": "PORTCO_APPLY_BATCH_RECEIPT",
    "runId": "portco-reconciliation-2026-08-03-v2",
    "batchId": "batch-0136-0140-v1",
    "batchSha256": "bc9f12bbf81487ce5f58439fb40000b64abc98660e65a293755b4efb63e52e43",
    "releaseSha": "7462162af603d7b10ca2663a61a4d7deac2a5e07",
    "databaseTargetFingerprint": "45836a2e3306aa27a98c47cded3087b545691ec737c22861a69c4ab202986929",
    "transactionId": "7308e371-4af7-4112-8cb6-13148181f0ee",
    "appliedAt": "2026-08-23T08:54:13.411Z",
    "members": [
      {
        "kind": "MUTATION",
        "taskId": "ledger:0136:cleancapital-holdings-llc:f7156fe1",
        "taskIndex": 136,
        "companyName": "CleanCapital Holdings, LLC",
        "receipt": {
          "schemaVersion": 1,
          "artifactType": "PORTCO_CHANGE_APPLY_RECEIPT",
          "runId": "portco-reconciliation-2026-08-03-v2",
          "taskId": "ledger:0136:cleancapital-holdings-llc:f7156fe1",
          "taskIndex": 136,
          "companyName": "CleanCapital Holdings, LLC",
          "companyId": "cmrxpj8ua00mzivheaeu8kmvz",
          "proposalSha256": "87ea13baf3e3a97854af3ab1e52542fd4e1bb47f56375aafe3b7545df6b792bd",
          "approvalSha256": "b14856c83fc083640743496abe31c6b4630ddabcfd7eb06c7ec3796844ae8bad",
          "productionSnapshotSha256": "b8eeeb7ce324740358f7b2e94611e0e35969a22062ca5edc38fa291c9e12fabf",
          "beforeCompanySnapshotSha256": "fe5423e6d369a220918ad3aadf5ee020d8bbe835b6dac86d68bb2ead98a6500d",
          "appliedAfterImageSha256": "6e811f758344d8ff3f6698a08037f3e08674c404acd9cddd988db0ad1f8aa943",
          "seedAfterImageSha256": "6e811f758344d8ff3f6698a08037f3e08674c404acd9cddd988db0ad1f8aa943",
          "approvedSeedEntrySha256": "13726166d2bbaadf2b9ff91836c3920b2ecee71edb78018b8d6a110945a9229f",
          "databaseTargetFingerprint": "45836a2e3306aa27a98c47cded3087b545691ec737c22861a69c4ab202986929",
          "transactionId": "7308e371-4af7-4112-8cb6-13148181f0ee",
          "auditEventId": "cmt5klonk0005y8yy5oibiu8b",
          "appliedAt": "2026-08-23T08:54:13.411Z",
          "verification": {
            "databaseMatchesAfterImage": true,
            "seedMatchesAfterImage": true,
            "detailApiVerified": true
          },
          "receiptSha256": "38e7e02e61292863c4335504d4d79d9d6a63504cafe359d6612ae0db1b8be69b"
        }
      },
      {
        "kind": "MUTATION",
        "taskId": "ledger:0137:clearway-energy-group:fb84d1ab",
        "taskIndex": 137,
        "companyName": "Clearway Energy Group",
        "receipt": {
          "schemaVersion": 1,
          "artifactType": "PORTCO_CHANGE_APPLY_RECEIPT",
          "runId": "portco-reconciliation-2026-08-03-v2",
          "taskId": "ledger:0137:clearway-energy-group:fb84d1ab",
          "taskIndex": 137,
          "companyName": "Clearway Energy Group",
          "companyId": "cmrxpjgjr00ysivhenmpy1x6i",
          "proposalSha256": "8b7a631f280e29fbb3a62b8b5cd728d276e544a3e9456f54b0d4128bfb1c19dc",
          "approvalSha256": "db5606c1dacfe04b8a272e1bb30e62d489f2b6762f1b86b463d2715d3706fd7a",
          "productionSnapshotSha256": "4d94bf39811b9df246c9051ea9ddb50df7aa608552472af2d99a82d26f627339",
          "beforeCompanySnapshotSha256": "8ca7e4787e616d6e5bbd58774ad30dd51a141cb0205f313ede828b534a21aa52",
          "appliedAfterImageSha256": "39cca3a3243a0640d813300aa7917bbc4cc3b8e96e209071037d346a6b71d4c8",
          "seedAfterImageSha256": "39cca3a3243a0640d813300aa7917bbc4cc3b8e96e209071037d346a6b71d4c8",
          "approvedSeedEntrySha256": "7f30aac476f681d8fab8b2658e559d81e8bc2b7b724c1355ef00489ee644f630",
          "databaseTargetFingerprint": "45836a2e3306aa27a98c47cded3087b545691ec737c22861a69c4ab202986929",
          "transactionId": "7308e371-4af7-4112-8cb6-13148181f0ee",
          "auditEventId": "cmt5klu6u000gy8yyko09puqu",
          "appliedAt": "2026-08-23T08:54:13.411Z",
          "verification": {
            "databaseMatchesAfterImage": true,
            "seedMatchesAfterImage": true,
            "detailApiVerified": true
          },
          "receiptSha256": "91d7678f11b64a0fdfff10f51996ac6b50ce1febd4dadc41186f7e4caccbc428"
        }
      },
      {
        "kind": "TERMINAL",
        "taskId": "ledger:0138:conexon:5a11e528",
        "taskIndex": 138,
        "companyName": "Conexon",
        "outcome": "EXCLUDED",
        "decisionSha256": "1a28658ec025c4deef8ae04a71f360185064d42ab4cd4d93b2c03e77a490a05b"
      },
      {
        "kind": "MUTATION",
        "taskId": "ledger:0139:electrada:10ae1f7f",
        "taskIndex": 139,
        "companyName": "Electrada",
        "receipt": {
          "schemaVersion": 1,
          "artifactType": "PORTCO_CHANGE_APPLY_RECEIPT",
          "runId": "portco-reconciliation-2026-08-03-v2",
          "taskId": "ledger:0139:electrada:10ae1f7f",
          "taskIndex": 139,
          "companyName": "Electrada",
          "companyId": "cmrxpj8vz00n2ivhe9ik74yeq",
          "proposalSha256": "82409e7c54c2dc8a8f784cd2b9212ce16e28af0420cdb0b75f38f8d97adbcd8a",
          "approvalSha256": "6f7a0a752c60f9b619c23a3bb3c75710df58dc971572358337bb39db75748a7d",
          "productionSnapshotSha256": "f75f64a5148dde39692ad1bf45e70e9dcd136b0482f537251a1f6a926c07be62",
          "beforeCompanySnapshotSha256": "cdb312615a1ade4b642381b58e3d104526e8bd69126d625f9ae6c1de681643ca",
          "appliedAfterImageSha256": "36b06b7b8b1609caeafc797775d1ec2bbfab612174d01db2d83bfc0dc6a04084",
          "seedAfterImageSha256": "36b06b7b8b1609caeafc797775d1ec2bbfab612174d01db2d83bfc0dc6a04084",
          "approvedSeedEntrySha256": "4f64e7145cf4850e555a1cde08a1b6f5e7b05935068a386121d14b0e5a16eae2",
          "databaseTargetFingerprint": "45836a2e3306aa27a98c47cded3087b545691ec737c22861a69c4ab202986929",
          "transactionId": "7308e371-4af7-4112-8cb6-13148181f0ee",
          "auditEventId": "cmt5klz5p000ry8yycb45vccp",
          "appliedAt": "2026-08-23T08:54:13.411Z",
          "verification": {
            "databaseMatchesAfterImage": true,
            "seedMatchesAfterImage": true,
            "detailApiVerified": true
          },
          "receiptSha256": "a406eedf3e9d768d443d011b63686e9187bb5a81b27d54af109602808cc3d5bc"
        }
      },
      {
        "kind": "MUTATION",
        "taskId": "ledger:0140:environmental-360-solutions:28da2905",
        "taskIndex": 140,
        "companyName": "Environmental 360 Solutions",
        "receipt": {
          "schemaVersion": 1,
          "artifactType": "PORTCO_CHANGE_APPLY_RECEIPT",
          "runId": "portco-reconciliation-2026-08-03-v2",
          "taskId": "ledger:0140:environmental-360-solutions:28da2905",
          "taskIndex": 140,
          "companyName": "Environmental 360 Solutions",
          "companyId": "cmrxpj8wj00n3ivheefc305n4",
          "proposalSha256": "a834ec3c62ff18b3044df5b68f0d94d697e565d9554f2fefb88a7e98bc77f9f6",
          "approvalSha256": "ae1211faf200e4c7f731e309e017dafad2948cadd176cc0bc0718c853e2ef452",
          "productionSnapshotSha256": "b67254a1cd6821a19f0187ebc06393e1aafd977fa8bd7808b9a69cad3482d999",
          "beforeCompanySnapshotSha256": "d9c1ddc26106909394618191d0bb38cbb1e83d6bed42e8baccafdd2786d9effc",
          "appliedAfterImageSha256": "a6d96752e0e4fc401d130a68d72d108bf91bf5963eac5e14cb75ff9ea7aaea39",
          "seedAfterImageSha256": "a6d96752e0e4fc401d130a68d72d108bf91bf5963eac5e14cb75ff9ea7aaea39",
          "approvedSeedEntrySha256": "d3b2148362fa19e269f1017d71fc8e934162393ec2cb08b161a40aeb54be2fa1",
          "databaseTargetFingerprint": "45836a2e3306aa27a98c47cded3087b545691ec737c22861a69c4ab202986929",
          "transactionId": "7308e371-4af7-4112-8cb6-13148181f0ee",
          "auditEventId": "cmt5km4gp0014y8yyqupht138",
          "appliedAt": "2026-08-23T08:54:13.411Z",
          "verification": {
            "databaseMatchesAfterImage": true,
            "seedMatchesAfterImage": true,
            "detailApiVerified": true
          },
          "receiptSha256": "7f96e1e4ce7b0968e30c1f62dd32f584c3077d19601fc5bd3f2da4b8c86533c0"
        }
      }
    ],
    "verification": {
      "databaseTransactionCommitted": true,
      "seedArtifactVerified": true,
      "allDetailApisVerified": true,
      "partialDatabaseApplication": false
    },
    "receiptSha256": "c6d349f4781ddf5ef54af97c667af9d010b1cda7dfa0e51d1df2b5431ba724cf"
  }
}
