
> infra-tracker@1.0.0 portco:reconciliation:batch:apply
> npx tsx scripts/portco-reconciliation/batch-apply-cli.ts --batch-manifest=audits/portco-reconciliation/2026-08-23/batches/batch-0136-0140-v1/batch-manifest.json --batch-sha256=bc9f12bbf81487ce5f58439fb40000b64abc98660e65a293755b4efb63e52e43

(node:3557) DeprecationWarning: Calling client.query() when the client is already executing a query is deprecated and will be removed in pg@9.0. Use async/await or an external async flow control mechanism instead.
(Use `node --trace-deprecation ...` to show where the warning was created)
{
  "mode": "BATCH_DRY_RUN",
  "batchId": "batch-0136-0140-v1",
  "batchSha256": "bc9f12bbf81487ce5f58439fb40000b64abc98660e65a293755b4efb63e52e43",
  "databaseWrites": false,
  "seedWrites": false,
  "plans": [
    {
      "companyName": "CleanCapital Holdings, LLC",
      "mutations": [
        {
          "kind": "CORRECT_COMPANY",
          "relationIds": [],
          "detail": "Apply approved changes to aliases, description, website, headquarters, lastVerifiedAt, ownershipPeriods, milestones, citations."
        },
        {
          "kind": "RETIRE_OWNERSHIP",
          "relationIds": [
            "cmrxpju2c01keivhesnzgo23j"
          ],
          "detail": "Retire 1 ownership period(s) without deleting history."
        }
      ],
      "changedFields": [
        "aliases",
        "citations",
        "description",
        "headquarters",
        "lastVerifiedAt",
        "milestones",
        "ownershipPeriods",
        "website"
      ],
      "retiredCompanyIds": []
    },
    {
      "companyName": "Clearway Energy Group",
      "mutations": [
        {
          "kind": "CORRECT_COMPANY",
          "relationIds": [],
          "detail": "Apply approved changes to aliases, description, website, headquarters, lastVerifiedAt, milestones, citations."
        },
        {
          "kind": "ADD_OWNER",
          "relationIds": [],
          "detail": "Add 2 approved ownership period(s)."
        },
        {
          "kind": "RETIRE_OWNERSHIP",
          "relationIds": [
            "cmrxpk2cd01xcivhef8mj5h2n"
          ],
          "detail": "Retire 1 ownership period(s) without deleting history."
        }
      ],
      "changedFields": [
        "aliases",
        "citations",
        "description",
        "headquarters",
        "lastVerifiedAt",
        "milestones",
        "ownershipPeriods",
        "website"
      ],
      "retiredCompanyIds": []
    },
    {
      "companyName": "Electrada",
      "mutations": [
        {
          "kind": "CORRECT_COMPANY",
          "relationIds": [],
          "detail": "Apply approved changes to aliases, description, headquarters, lastVerifiedAt, milestones, citations."
        },
        {
          "kind": "RETIRE_OWNERSHIP",
          "relationIds": [
            "cmrxpju4l01kiivheyfgagvuj"
          ],
          "detail": "Retire 1 ownership period(s) without deleting history."
        },
        {
          "kind": "REALIZE_COMPANY",
          "relationIds": [],
          "detail": "Mark the company realized after all active ownership has ended."
        }
      ],
      "changedFields": [
        "aliases",
        "citations",
        "companyStatus",
        "description",
        "headquarters",
        "lastVerifiedAt",
        "milestones",
        "ownershipPeriods"
      ],
      "retiredCompanyIds": []
    },
    {
      "companyName": "Environmental 360 Solutions",
      "mutations": [
        {
          "kind": "CORRECT_COMPANY",
          "relationIds": [],
          "detail": "Apply approved changes to aliases, description, website, headquarters, lastVerifiedAt, ownershipPeriods, milestones, citations."
        },
        {
          "kind": "ADD_OWNER",
          "relationIds": [],
          "detail": "Add 4 approved ownership period(s)."
        }
      ],
      "changedFields": [
        "aliases",
        "citations",
        "description",
        "headquarters",
        "lastVerifiedAt",
        "milestones",
        "ownershipPeriods",
        "website"
      ],
      "retiredCompanyIds": []
    }
  ]
}
