
> infra-tracker@1.0.0 portco:reconciliation:apply
> npx tsx scripts/portco-reconciliation/apply-cli.ts --proposal=audits/portco-reconciliation/2026-08-03/proposals/0085-third-coast-infrastructure-cv-v1/proposal.json --approval=audits/portco-reconciliation/2026-08-03/approvals/0085-third-coast-infrastructure-cv-v1.json --production-snapshot=audits/portco-reconciliation/2026-08-03/execution-v1/tasks/0085-third-coast-infrastructure-cv/attempt-2/locked-production-snapshot.json --proposal-sha256=64b527745b4b04cd4df6d5cf75575cfe9d87d96bddb822366704a0857aa35578 --approval-sha256=db14f87039a2828dd505c3cf026bb87b4fd5d9b377c94d01529c9b85f229978c --snapshot-sha256=ba13ba43b6765a71ae8bbbb31757ccb4572817757b1092a6771120d634d47de7 --seed-artifact=prisma/seed-data/approved-portco-after-images.json --apply --write-token=APPLY_APPROVED_PORTCO_CHANGE --receipt=tmp/portco-reconciliation/production/apply-receipt.json --public-base-url=https://infra-ma-2.vercel.app/Infra-MA2/

(node:3110) DeprecationWarning: Calling client.query() when the client is already executing a query is deprecated and will be removed in pg@9.0. Use async/await or an external async flow control mechanism instead.
(Use `node --trace-deprecation ...` to show where the warning was created)
{
  "mode": "APPLIED",
  "receiptPath": "/home/runner/work/Infra-MA2/Infra-MA2/tmp/portco-reconciliation/production/apply-receipt.json",
  "receipt": {
    "schemaVersion": 1,
    "artifactType": "PORTCO_CHANGE_APPLY_RECEIPT",
    "runId": "portco-reconciliation-2026-08-03-v2",
    "taskId": "ledger:0085:third-coast-infrastructure-cv:56f00f29",
    "taskIndex": 85,
    "companyName": "Third Coast Infrastructure (CV)",
    "companyId": "cmrxpj6lv00jkivheo08wzrt4",
    "proposalSha256": "64b527745b4b04cd4df6d5cf75575cfe9d87d96bddb822366704a0857aa35578",
    "approvalSha256": "db14f87039a2828dd505c3cf026bb87b4fd5d9b377c94d01529c9b85f229978c",
    "productionSnapshotSha256": "ba13ba43b6765a71ae8bbbb31757ccb4572817757b1092a6771120d634d47de7",
    "beforeCompanySnapshotSha256": "9c7738fc9ed4e5a73342744cd69b822cc808aa831e16c550bf17f1b3a9fe1feb",
    "appliedAfterImageSha256": "8beaf75e69eac02bc6933df1f054fb6818ddbccbfc67099e17812832013c8477",
    "seedAfterImageSha256": "8beaf75e69eac02bc6933df1f054fb6818ddbccbfc67099e17812832013c8477",
    "approvedSeedEntrySha256": "cd8bd7f0db1779ddf1f819f68bbdff26d57ca08dd068fa5b4c0bf20d73ffd2cc",
    "databaseTargetFingerprint": "45836a2e3306aa27a98c47cded3087b545691ec737c22861a69c4ab202986929",
    "transactionId": "02877e0f-acbd-4ae2-a251-60f4463c89b9",
    "auditEventId": "cmsutnuvb000nee6heslul4vm",
    "appliedAt": "2026-08-15T20:22:04.077Z",
    "verification": {
      "databaseMatchesAfterImage": true,
      "seedMatchesAfterImage": true,
      "detailApiVerified": true
    },
    "receiptSha256": "67c2158b54c2c0d91e06caa9a5972241caac8ccf79c9ef3a939aa4a583847bdb"
  }
}
