
> infra-tracker@1.0.0 portco:reconciliation:apply
> npx tsx scripts/portco-reconciliation/apply-cli.ts --proposal=audits/portco-reconciliation/2026-08-03/proposals/0044-southern-power-solar-portfolio-v1/proposal.json --approval=audits/portco-reconciliation/2026-08-03/approvals/0044-southern-power-solar-portfolio-v1.json --production-snapshot=audits/portco-reconciliation/2026-08-03/execution-v1/tasks/0044-southern-power-solar-portfolio/attempt-1/production-snapshot.json --proposal-sha256=bc042d302e608c3296c81f2aca0233599dc7039fc22b20ec6d965cb6a81b88de --approval-sha256=d95f11c4452310a738c3506cde248dc0f69e687dfaf2acf1c044f92776233d77 --snapshot-sha256=31958468b2e3529655faa7775cb6fa2ea52f47b76bee0a786a527ddf3d3a3f9a --seed-artifact=prisma/seed-data/approved-portco-after-images.json --apply --write-token=APPLY_APPROVED_PORTCO_CHANGE --receipt=tmp/portco-reconciliation/production/apply-receipt.json --public-base-url=https://infra-ma-2.vercel.app/Infra-MA2/

(node:3297) DeprecationWarning: Calling client.query() when the client is already executing a query is deprecated and will be removed in pg@9.0. Use async/await or an external async flow control mechanism instead.
(Use `node --trace-deprecation ...` to show where the warning was created)
{
  "mode": "APPLIED",
  "receiptPath": "/home/runner/work/Infra-MA2/Infra-MA2/tmp/portco-reconciliation/production/apply-receipt.json",
  "receipt": {
    "schemaVersion": 1,
    "artifactType": "PORTCO_CHANGE_APPLY_RECEIPT",
    "runId": "portco-reconciliation-2026-08-03-v2",
    "taskId": "ledger:0044:southern-power-solar-portfolio:e23910f6",
    "taskIndex": 44,
    "companyName": "Southern Power solar portfolio",
    "proposalSha256": "bc042d302e608c3296c81f2aca0233599dc7039fc22b20ec6d965cb6a81b88de",
    "approvalSha256": "d95f11c4452310a738c3506cde248dc0f69e687dfaf2acf1c044f92776233d77",
    "productionSnapshotSha256": "31958468b2e3529655faa7775cb6fa2ea52f47b76bee0a786a527ddf3d3a3f9a",
    "beforeCompanySnapshotSha256": "e3214528feec9acef2d8960c2749b8106dd9b2c0371b4963a3b70dab26232f8b",
    "appliedAfterImageSha256": "066d5e2255320a822df9e2d92279357732c40c1f7e7519ced44eb72026ba64e6",
    "seedAfterImageSha256": "066d5e2255320a822df9e2d92279357732c40c1f7e7519ced44eb72026ba64e6",
    "approvedSeedEntrySha256": "e68dd6c6c6925618736dad191e27bf2b405a6ac3f1fb0d0a5ad02416bb7b91b5",
    "databaseTargetFingerprint": "45836a2e3306aa27a98c47cded3087b545691ec737c22861a69c4ab202986929",
    "transactionId": "64fb0aa6-9c7c-462b-836c-145b9f69b081",
    "auditEventId": "cmsk9vgtf0009jl4so6k7oomt",
    "appliedAt": "2026-08-08T11:10:25.249Z",
    "verification": {
      "databaseMatchesAfterImage": true,
      "seedMatchesAfterImage": true,
      "detailApiVerified": true
    },
    "receiptSha256": "e916c6d653bbe25234231d2fcc2f30d4b75388a1dcac7111eebe658f55edc243"
  }
}
