
> infra-tracker@1.0.0 portco:reconciliation:apply
> npx tsx scripts/portco-reconciliation/apply-cli.ts --proposal=audits/portco-reconciliation/2026-08-03/proposals/0044-southern-power-solar-portfolio-v1/proposal.json --approval=audits/portco-reconciliation/2026-08-03/approvals/0044-southern-power-solar-portfolio-v1.json --production-snapshot=audits/portco-reconciliation/2026-08-03/execution-v1/tasks/0044-southern-power-solar-portfolio/attempt-1/production-snapshot.json --proposal-sha256=bc042d302e608c3296c81f2aca0233599dc7039fc22b20ec6d965cb6a81b88de --approval-sha256=d95f11c4452310a738c3506cde248dc0f69e687dfaf2acf1c044f92776233d77 --snapshot-sha256=31958468b2e3529655faa7775cb6fa2ea52f47b76bee0a786a527ddf3d3a3f9a

(node:3052) DeprecationWarning: Calling client.query() when the client is already executing a query is deprecated and will be removed in pg@9.0. Use async/await or an external async flow control mechanism instead.
(Use `node --trace-deprecation ...` to show where the warning was created)
{
  "mode": "DRY_RUN",
  "databaseWrites": false,
  "seedWrites": false,
  "seedEntry": {
    "proposalSha256": "bc042d302e608c3296c81f2aca0233599dc7039fc22b20ec6d965cb6a81b88de",
    "approvalSha256": "d95f11c4452310a738c3506cde248dc0f69e687dfaf2acf1c044f92776233d77",
    "afterImageSha256": "066d5e2255320a822df9e2d92279357732c40c1f7e7519ced44eb72026ba64e6",
    "taskId": "ledger:0044:southern-power-solar-portfolio:e23910f6",
    "operation": "MERGE",
    "company": {
      "name": "SP Solar Holdings I, LP",
      "investmentFirm": "APG Asset Management",
      "sector": "Power & ET",
      "subsector": "Contracted utility-scale solar and battery storage portfolio",
      "region": "North America",
      "country": "United States",
      "ownershipVehicle": "Scarlet Renewables LLC",
      "description": "SP Solar Holdings I, LP is a Delaware limited partnership that indirectly owns substantially all of Southern Power's solar and battery energy storage facilities. Southern Power controls the partnership through wholly owned subsidiaries, holds 67%, and operates and maintains the assets; APG holds the 33% passive limited-partner interest through Scarlet Renewables LLC after acquiring it from Global Atlantic in November 2023. The assets supply utilities and other power purchasers under long-term contracts across multiple U.S. states. Southern Company's June 2026 filing continued to report the 67%/33% economics and Southern Power control, while APG's March 2026 regulatory filing continued to list Scarlet Renewables as an APG-managed infrastructure vehicle.",
      "status": "Active",
      "countryTags": [
        "United States"
      ],
      "investmentYear": 2023,
      "milestones": [
        {
          "date": "2001",
          "event": "Southern Power, SP Solar's controlling sponsor and operator, was formed as Southern Company's wholesale generating subsidiary.",
          "category": "Other"
        },
        {
          "date": "May 22, 2018",
          "event": "Southern Power agreed to sell a 33% minority interest in the solar portfolio to Global Atlantic.",
          "category": "Divestiture"
        },
        {
          "date": "May 25, 2018",
          "event": "Southern Power completed the $1.175 billion sale of a 33% interest in SP Solar Holdings I, LP to Scarlet Renewables LLC, whose beneficial interests were owned by Global Atlantic affiliates.",
          "category": "Financing"
        },
        {
          "date": "Feb 2021",
          "event": "Southern Power announced battery storage additions at selected California solar projects within the broader portfolio.",
          "category": "Expansion"
        },
        {
          "date": "Sep 2023",
          "event": "Southern Power acquired the Millers Branch Solar Facility in Texas, expanding its broader solar fleet.",
          "category": "Acquisition"
        },
        {
          "date": "Nov 2023",
          "event": "At APG's investment, the disclosed portfolio comprised 26 operating solar facilities and two battery storage projects totaling approximately 2.2 GW across six U.S. states.",
          "category": "Expansion"
        },
        {
          "date": "Nov 14, 2023",
          "event": "Global Atlantic announced that it had completed the sale of its 33% SP Solar interest to APG; Southern Power remained the majority owner and operator.",
          "category": "Acquisition"
        }
      ],
      "management": [],
      "sources": [
        {
          "label": "Investment date source — APG Infrastructure — Southern Power solar portfolio",
          "url": "https://assetmanagement.apg.nl/publications/apg-boosts-commitment-to-energy-transition-with-major-us-solar-investment/",
          "type": "ARTICLE",
          "purpose": "OWNERSHIP_INVESTMENT",
          "evidenceLabel": "APG's 33% portfolio acquisition, infrastructure mandate, operating scope, and Southern Power's retained control"
        },
        {
          "label": "Business Wire — Southern Power",
          "url": "https://www.businesswire.com/news/home/20231114814709/en/Global-Atlantic-Sells-Stake-in-26-Solar-Facilities-to-APG",
          "type": "PRESS_RELEASE",
          "purpose": "OWNERSHIP_INVESTMENT",
          "evidenceLabel": "Global Atlantic's completed-sale announcement and November 14, 2023 disclosure date"
        },
        {
          "label": "Southerncompany — Southern Power solar portfolio",
          "url": "https://www.southerncompany.com/newsroom/financials/southern-power-to-sell-minority-interest-in-solar.html",
          "type": "PRESS_RELEASE",
          "purpose": "SUPPORTING_CONTEXT",
          "evidenceLabel": "Original 26-facility partnership transaction and Southern Power operating role"
        },
        {
          "label": "Southernpowercompany — Southern Power",
          "url": "https://www.southernpowercompany.com/our-projects/solar.html",
          "type": "WEBSITE",
          "purpose": "OPERATIONS_ASSETS",
          "evidenceLabel": "Current solar fleet, operating geography, and third-party co-ownership footprint"
        },
        {
          "label": "Southernpowercompany — Southern Power",
          "url": "https://www.southernpowercompany.com/who-we-are.html",
          "type": "ARTICLE",
          "purpose": "MILESTONE_EVENT",
          "evidenceLabel": "Southern Power sponsor and operator formation context"
        },
        {
          "label": "Southern Power — May 2018 Form 8-K",
          "url": "https://www.sec.gov/Archives/edgar/data/1160661/000116066118000004/spcjuno8-k52018.htm",
          "type": "SEC_FILING",
          "purpose": "COMPANY_PROFILE",
          "evidenceLabel": "SP Solar legal identity, Scarlet Renewables vehicle, original closing, and 67%/33% structure"
        },
        {
          "label": "APG Asset Management US — March 2026 Form ADV",
          "url": "https://reports.adviserinfo.sec.gov/reports/ADV/160795/PDF/160795.pdf",
          "type": "SEC_FILING",
          "purpose": "OWNERSHIP_INVESTMENT",
          "evidenceLabel": "Current APG management of Scarlet Renewables LLC"
        },
        {
          "label": "Southern Company — Q2 2026 Form 10-Q",
          "url": "https://www.sec.gov/Archives/edgar/data/92122/000009212226000054/so-20260630.htm",
          "type": "SEC_FILING",
          "purpose": "OWNERSHIP_INVESTMENT",
          "evidenceLabel": "Current SP Solar identity, operations, Southern Power control, and 67%/33% economics"
        },
        {
          "label": "Southern Power — Millers Branch Solar Facility fact sheet",
          "url": "https://www.southernpowercompany.com/content/dam/southernpower/pdfs/fact-sheets/MillersBranch2_Solar_Facility_factsheet_FINAL2.pdf",
          "type": "OTHER",
          "purpose": "MILESTONE_EVENT",
          "evidenceLabel": "September 2023 Millers Branch acquisition and broader solar-fleet expansion"
        }
      ],
      "owners": [
        {
          "investmentFirm": "APG Asset Management",
          "ownershipVehicle": "Scarlet Renewables LLC",
          "investmentYear": 2023,
          "stake": "33%",
          "status": "Active",
          "transactionState": "CLOSED_ACTIVE"
        }
      ]
    },
    "retiredCompanies": [
      {
        "name": "Southern Power",
        "country": "United States"
      },
      {
        "name": "Southern Power solar portfolio",
        "country": "United States"
      }
    ],
    "canonicalAfterImage": {
      "id": "cmrxpj5k500hwivhetgtctyfl",
      "name": "SP Solar Holdings I, LP",
      "aliases": [
        "Southern Power solar and storage portfolio",
        "Southern Power solar portfolio",
        "SP Solar",
        "SPSH"
      ],
      "sector": "POWER_ET",
      "subsector": "Contracted utility-scale solar and battery storage portfolio",
      "region": "NORTH_AMERICA",
      "country": "United States",
      "countryTags": [
        "United States"
      ],
      "description": "SP Solar Holdings I, LP is a Delaware limited partnership that indirectly owns substantially all of Southern Power's solar and battery energy storage facilities. Southern Power controls the partnership through wholly owned subsidiaries, holds 67%, and operates and maintains the assets; APG holds the 33% passive limited-partner interest through Scarlet Renewables LLC after acquiring it from Global Atlantic in November 2023. The assets supply utilities and other power purchasers under long-term contracts across multiple U.S. states. Southern Company's June 2026 filing continued to report the 67%/33% economics and Southern Power control, while APG's March 2026 regulatory filing continued to list Scarlet Renewables as an APG-managed infrastructure vehicle.",
      "companyStatus": "ACTIVE",
      "recordStatus": "PUBLISHED",
      "website": null,
      "yearFounded": null,
      "headquarters": null,
      "lastVerifiedAt": "2026-08-08T00:00:00.000Z",
      "ownershipPeriods": [
        {
          "id": "cmrxpjql301eoivhe386yx8e4",
          "managerName": "APG Asset Management",
          "organizationName": "APG Asset Management",
          "fundName": null,
          "vehicleName": "Scarlet Renewables LLC",
          "stake": "33%",
          "investmentYear": 2023,
          "exitYear": null,
          "isActive": true,
          "transactionState": "CLOSED_ACTIVE"
        }
      ],
      "pendingOwnershipTransactions": [],
      "milestones": [
        {
          "id": "cmrxpkhzd02jvivheejhgjqr6",
          "date": "2001",
          "event": "Southern Power, SP Solar's controlling sponsor and operator, was formed as Southern Company's wholesale generating subsidiary.",
          "category": "OTHER",
          "sortDate": "2001-01-01T00:00:00.000Z",
          "evidenceUrls": [
            "https://www.southernpowercompany.com/who-we-are.html"
          ]
        },
        {
          "id": "cmrxpki5c02k1ivhe1jvll98v",
          "date": "May 22, 2018",
          "event": "Southern Power agreed to sell a 33% minority interest in the solar portfolio to Global Atlantic.",
          "category": "DIVESTITURE",
          "sortDate": "2018-05-22T04:00:00.000Z",
          "evidenceUrls": [
            "https://www.sec.gov/Archives/edgar/data/1160661/000116066118000004/spcjuno8-k52018.htm",
            "https://www.southerncompany.com/newsroom/financials/southern-power-to-sell-minority-interest-in-solar.html"
          ]
        },
        {
          "id": "cmrxpki4q02k0ivheau72j57a",
          "date": "May 25, 2018",
          "event": "Southern Power completed the $1.175 billion sale of a 33% interest in SP Solar Holdings I, LP to Scarlet Renewables LLC, whose beneficial interests were owned by Global Atlantic affiliates.",
          "category": "FINANCING",
          "sortDate": "2018-05-25T04:00:00.000Z",
          "evidenceUrls": [
            "https://www.sec.gov/Archives/edgar/data/1160661/000116066118000004/spcjuno8-k52018.htm"
          ]
        },
        {
          "id": "cmrxpki5v02k2ivhe5h69pepy",
          "date": "Feb 2021",
          "event": "Southern Power announced battery storage additions at selected California solar projects within the broader portfolio.",
          "category": "EXPANSION",
          "sortDate": "2021-02-01T05:00:00.000Z",
          "evidenceUrls": []
        },
        {
          "id": "cmrxpki3602jyivhep24c5ika",
          "date": "Sep 2023",
          "event": "Southern Power acquired the Millers Branch Solar Facility in Texas, expanding its broader solar fleet.",
          "category": "ACQUISITION",
          "sortDate": "2023-09-01T04:00:00.000Z",
          "evidenceUrls": [
            "https://www.southernpowercompany.com/content/dam/southernpower/pdfs/fact-sheets/MillersBranch2_Solar_Facility_factsheet_FINAL2.pdf"
          ]
        },
        {
          "id": "cmrxpki6g02k3ivhepk2pr9e0",
          "date": "Nov 2023",
          "event": "At APG's investment, the disclosed portfolio comprised 26 operating solar facilities and two battery storage projects totaling approximately 2.2 GW across six U.S. states.",
          "category": "EXPANSION",
          "sortDate": "2023-11-01T04:00:00.000Z",
          "evidenceUrls": [
            "https://assetmanagement.apg.nl/publications/apg-boosts-commitment-to-energy-transition-with-major-us-solar-investment/",
            "https://www.businesswire.com/news/home/20231114814709/en/Global-Atlantic-Sells-Stake-in-26-Solar-Facilities-to-APG"
          ]
        },
        {
          "id": "cmrxpki6w02k4ivhe1ti0wh62",
          "date": "Nov 14, 2023",
          "event": "Global Atlantic announced that it had completed the sale of its 33% SP Solar interest to APG; Southern Power remained the majority owner and operator.",
          "category": "ACQUISITION",
          "sortDate": "2023-11-14T05:00:00.000Z",
          "evidenceUrls": [
            "https://assetmanagement.apg.nl/publications/apg-boosts-commitment-to-energy-transition-with-major-us-solar-investment/",
            "https://www.businesswire.com/news/home/20231114814709/en/Global-Atlantic-Sells-Stake-in-26-Solar-Facilities-to-APG",
            "https://reports.adviserinfo.sec.gov/reports/ADV/160795/PDF/160795.pdf"
          ]
        }
      ],
      "managementRoles": [],
      "citations": [
        {
          "id": "cmrxpot5s078eivheqq39hkn4",
          "label": "Investment date source — APG Infrastructure — Southern Power solar portfolio",
          "url": "https://assetmanagement.apg.nl/publications/apg-boosts-commitment-to-energy-transition-with-major-us-solar-investment/",
          "sourceType": "ARTICLE",
          "purpose": "OWNERSHIP_INVESTMENT",
          "evidenceLabel": "APG's 33% portfolio acquisition, infrastructure mandate, operating scope, and Southern Power's retained control",
          "isPrimary": true
        },
        {
          "id": "cmrxpot66078fivheprplsver",
          "label": "Business Wire — Southern Power",
          "url": "https://www.businesswire.com/news/home/20231114814709/en/Global-Atlantic-Sells-Stake-in-26-Solar-Facilities-to-APG",
          "sourceType": "PRESS_RELEASE",
          "purpose": "OWNERSHIP_INVESTMENT",
          "evidenceLabel": "Global Atlantic's completed-sale announcement and November 14, 2023 disclosure date",
          "isPrimary": false
        },
        {
          "id": "cmrxpot73078hivhegsacvb6r",
          "label": "Southerncompany — Southern Power solar portfolio",
          "url": "https://www.southerncompany.com/newsroom/financials/southern-power-to-sell-minority-interest-in-solar.html",
          "sourceType": "PRESS_RELEASE",
          "purpose": "SUPPORTING_CONTEXT",
          "evidenceLabel": "Original 26-facility partnership transaction and Southern Power operating role",
          "isPrimary": false
        },
        {
          "id": "cmrxpotbi078iivhehk7lddt1",
          "label": "Southernpowercompany — Southern Power",
          "url": "https://www.southernpowercompany.com/our-projects/solar.html",
          "sourceType": "WEBSITE",
          "purpose": "OPERATIONS_ASSETS",
          "evidenceLabel": "Current solar fleet, operating geography, and third-party co-ownership footprint",
          "isPrimary": false
        },
        {
          "id": "cmrxpot1m0786ivhey72cka18",
          "label": "Southernpowercompany — Southern Power",
          "url": "https://www.southernpowercompany.com/who-we-are.html",
          "sourceType": "ARTICLE",
          "purpose": "MILESTONE_EVENT",
          "evidenceLabel": "Southern Power sponsor and operator formation context",
          "isPrimary": false
        },
        {
          "id": null,
          "label": "Southern Power — May 2018 Form 8-K",
          "url": "https://www.sec.gov/Archives/edgar/data/1160661/000116066118000004/spcjuno8-k52018.htm",
          "sourceType": "SEC_FILING",
          "purpose": "COMPANY_PROFILE",
          "evidenceLabel": "SP Solar legal identity, Scarlet Renewables vehicle, original closing, and 67%/33% structure",
          "isPrimary": false
        },
        {
          "id": null,
          "label": "APG Asset Management US — March 2026 Form ADV",
          "url": "https://reports.adviserinfo.sec.gov/reports/ADV/160795/PDF/160795.pdf",
          "sourceType": "SEC_FILING",
          "purpose": "OWNERSHIP_INVESTMENT",
          "evidenceLabel": "Current APG management of Scarlet Renewables LLC",
          "isPrimary": false
        },
        {
          "id": null,
          "label": "Southern Company — Q2 2026 Form 10-Q",
          "url": "https://www.sec.gov/Archives/edgar/data/92122/000009212226000054/so-20260630.htm",
          "sourceType": "SEC_FILING",
          "purpose": "OWNERSHIP_INVESTMENT",
          "evidenceLabel": "Current SP Solar identity, operations, Southern Power control, and 67%/33% economics",
          "isPrimary": false
        },
        {
          "id": null,
          "label": "Southern Power — Millers Branch Solar Facility fact sheet",
          "url": "https://www.southernpowercompany.com/content/dam/southernpower/pdfs/fact-sheets/MillersBranch2_Solar_Facility_factsheet_FINAL2.pdf",
          "sourceType": "OTHER",
          "purpose": "MILESTONE_EVENT",
          "evidenceLabel": "September 2023 Millers Branch acquisition and broader solar-fleet expansion",
          "isPrimary": false
        }
      ]
    }
  },
  "plan": {
    "companyName": "SP Solar Holdings I, LP",
    "mutations": [
      {
        "kind": "CORRECT_COMPANY",
        "relationIds": [],
        "detail": "Apply approved changes to name, aliases, subsector, description, headquarters, lastVerifiedAt, ownershipPeriods, milestones, citations."
      },
      {
        "kind": "MERGE_COMPANIES",
        "relationIds": [
          "cmrxpj5jp00hvivheqg0t2csf"
        ],
        "detail": "merge 1 production duplicate(s)"
      }
    ],
    "changedFields": [
      "aliases",
      "citations",
      "description",
      "headquarters",
      "lastVerifiedAt",
      "milestones",
      "name",
      "ownershipPeriods",
      "redirects",
      "subsector"
    ],
    "retiredCompanyIds": [
      "cmrxpj5jp00hvivheqg0t2csf"
    ]
  }
}
