
> infra-tracker@1.0.0 portco:reconciliation:batch:apply
> npx tsx scripts/portco-reconciliation/batch-apply-cli.ts --batch-manifest=audits/portco-reconciliation/2026-08-23/batches/batch-0339-0343-v2/batch-manifest.json --batch-sha256=e9fc9705e80c19c41f3e0c23ef3b67a69980bcaf1c600860c1cc74521bf227e8

(node:3770) DeprecationWarning: Calling client.query() when the client is already executing a query is deprecated and will be removed in pg@9.0. Use async/await or an external async flow control mechanism instead.
(Use `node --trace-deprecation ...` to show where the warning was created)
{
  "mode": "BATCH_DRY_RUN",
  "batchId": "batch-0339-0343-v2",
  "batchSha256": "e9fc9705e80c19c41f3e0c23ef3b67a69980bcaf1c600860c1cc74521bf227e8",
  "databaseWrites": false,
  "seedWrites": false,
  "plans": [
    {
      "companyName": "Race Communications",
      "mutations": [
        {
          "kind": "CREATE_COMPANY",
          "relationIds": [],
          "detail": "Create the approved canonical company and all approved relations."
        }
      ],
      "changedFields": [
        "company"
      ],
      "retiredCompanyIds": []
    },
    {
      "companyName": "TowerPoint Infrastructure Partners",
      "mutations": [
        {
          "kind": "CORRECT_COMPANY",
          "relationIds": [],
          "detail": "Apply approved changes to aliases, description, website, yearFounded, headquarters, lastVerifiedAt, ownershipPeriods, milestones, citations."
        },
        {
          "kind": "ADD_OWNER",
          "relationIds": [],
          "detail": "Add 2 approved ownership period(s)."
        }
      ],
      "changedFields": [
        "aliases",
        "citations",
        "description",
        "headquarters",
        "lastVerifiedAt",
        "milestones",
        "ownershipPeriods",
        "website",
        "yearFounded"
      ],
      "retiredCompanyIds": []
    },
    {
      "companyName": "Centre de recherche du CHUM (CRCHUM)",
      "mutations": [
        {
          "kind": "CORRECT_COMPANY",
          "relationIds": [],
          "detail": "Apply approved changes to name, aliases, subsector, description, website, headquarters, lastVerifiedAt, ownershipPeriods, citations."
        },
        {
          "kind": "ADD_OWNER",
          "relationIds": [],
          "detail": "Add 1 approved ownership period(s)."
        },
        {
          "kind": "MERGE_COMPANIES",
          "relationIds": [
            "cmrxpj7rh00lbivhecb0tu96n",
            "cmrxpjl630160ivhex0vonvz0"
          ],
          "detail": "merge 2 production duplicate(s)"
        }
      ],
      "changedFields": [
        "aliases",
        "citations",
        "description",
        "headquarters",
        "lastVerifiedAt",
        "name",
        "ownershipPeriods",
        "redirects",
        "subsector",
        "website"
      ],
      "retiredCompanyIds": [
        "cmrxpj7rh00lbivhecb0tu96n",
        "cmrxpjl630160ivhex0vonvz0"
      ]
    },
    {
      "companyName": "Altán Redes, S.A.P.I. de C.V.",
      "mutations": [
        {
          "kind": "CORRECT_COMPANY",
          "relationIds": [],
          "detail": "Apply approved changes to aliases, description, website, headquarters, lastVerifiedAt, ownershipPeriods, milestones, citations."
        },
        {
          "kind": "ADD_OWNER",
          "relationIds": [],
          "detail": "Add 9 approved ownership period(s)."
        }
      ],
      "changedFields": [
        "aliases",
        "citations",
        "description",
        "headquarters",
        "lastVerifiedAt",
        "milestones",
        "ownershipPeriods",
        "website"
      ],
      "retiredCompanyIds": []
    }
  ]
}
