
> infra-tracker@1.0.0 portco:reconciliation:apply
> npx tsx scripts/portco-reconciliation/apply-cli.ts --proposal=audits/portco-reconciliation/2026-08-03/proposals/0096-leatherstocking-gas-company-v1/proposal.json --approval=audits/portco-reconciliation/2026-08-03/approvals/0096-leatherstocking-gas-company-v1.json --production-snapshot=audits/portco-reconciliation/2026-08-03/execution-v1/tasks/0096-leatherstocking-gas-company/attempt-1/locked-production-snapshot.json --proposal-sha256=bd3c9e26a1a61cdfb49cf3fbab83fbbe3d00bb188d1388de54ddb368a4a0a3bd --approval-sha256=dc47e0443bb3ddc6e3c19bd440d68b8d489360888c2a219ac9a7769712e8a460 --snapshot-sha256=b1a2affa837f395a70eb112acc908b623d93fcdc2e943cfcd2b31c56d6b5e6a5 --seed-artifact=prisma/seed-data/approved-portco-after-images.json --apply --write-token=APPLY_APPROVED_PORTCO_CHANGE --receipt=tmp/portco-reconciliation/production/apply-receipt.json --public-base-url=https://infra-ma-2.vercel.app/Infra-MA2/

(node:3177) DeprecationWarning: Calling client.query() when the client is already executing a query is deprecated and will be removed in pg@9.0. Use async/await or an external async flow control mechanism instead.
(Use `node --trace-deprecation ...` to show where the warning was created)
{
  "mode": "APPLIED",
  "receiptPath": "/home/runner/work/Infra-MA2/Infra-MA2/tmp/portco-reconciliation/production/apply-receipt.json",
  "receipt": {
    "schemaVersion": 1,
    "artifactType": "PORTCO_CHANGE_APPLY_RECEIPT",
    "runId": "portco-reconciliation-2026-08-03-v2",
    "taskId": "ledger:0096:leatherstocking-gas-company:040d6e21",
    "taskIndex": 96,
    "companyName": "Leatherstocking Gas Company",
    "companyId": "cmrxpj5sm00ibivhekmn5ibaf",
    "proposalSha256": "bd3c9e26a1a61cdfb49cf3fbab83fbbe3d00bb188d1388de54ddb368a4a0a3bd",
    "approvalSha256": "dc47e0443bb3ddc6e3c19bd440d68b8d489360888c2a219ac9a7769712e8a460",
    "productionSnapshotSha256": "b1a2affa837f395a70eb112acc908b623d93fcdc2e943cfcd2b31c56d6b5e6a5",
    "beforeCompanySnapshotSha256": "6c8e4f3694f8918b136010b9542f096ef5461dabf670fcdccd7e98bddd73f62d",
    "appliedAfterImageSha256": "4220f172bba16046683d2d2bd0500eda605725dd63c49c3b6090678e581ab47a",
    "seedAfterImageSha256": "4220f172bba16046683d2d2bd0500eda605725dd63c49c3b6090678e581ab47a",
    "approvedSeedEntrySha256": "e200b3cc70d8f1a094bd87434d00d0b97e7fa74c59b1626a19a7774d1e87e96e",
    "databaseTargetFingerprint": "45836a2e3306aa27a98c47cded3087b545691ec737c22861a69c4ab202986929",
    "transactionId": "2252008a-9d09-473b-bd86-537d4a7da002",
    "auditEventId": "cmsvna0dr0006g96h1baesu6r",
    "appliedAt": "2026-08-16T10:11:06.396Z",
    "verification": {
      "databaseMatchesAfterImage": true,
      "seedMatchesAfterImage": true,
      "detailApiVerified": true
    },
    "receiptSha256": "cc262bff838ad21aa9b3677aa634723ceb2e79a17478220924e8e559b430dd19"
  }
}
