
> infra-tracker@1.0.0 portco:reconciliation:apply
> npx tsx scripts/portco-reconciliation/apply-cli.ts --proposal=audits/portco-reconciliation/2026-08-03/proposals/0059-stagecoach-renewables-v1/proposal.json --approval=audits/portco-reconciliation/2026-08-03/approvals/0059-stagecoach-renewables-v1.json --production-snapshot=audits/portco-reconciliation/2026-08-03/execution-v1/tasks/0059-stagecoach-renewables/attempt-1/production-snapshot.json --proposal-sha256=d385b126568b789e3efa397ac2d716c6914f84a5754445bf26f3c6f822ce9e5f --approval-sha256=071a3f007488308756bc36e5a2baf5199445f703cfbe5488e572483a0be3d110 --snapshot-sha256=07a9838c4f17ab7bb2835fe056afb2e4e1698ecefe1df46f6050cacb7a05c6be --seed-artifact=prisma/seed-data/approved-portco-after-images.json --apply --write-token=APPLY_APPROVED_PORTCO_CHANGE --receipt=tmp/portco-reconciliation/production/apply-receipt.json --public-base-url=https://infra-ma-2.vercel.app/Infra-MA2/

(node:3107) DeprecationWarning: Calling client.query() when the client is already executing a query is deprecated and will be removed in pg@9.0. Use async/await or an external async flow control mechanism instead.
(Use `node --trace-deprecation ...` to show where the warning was created)
{
  "mode": "APPLIED",
  "receiptPath": "/home/runner/work/Infra-MA2/Infra-MA2/tmp/portco-reconciliation/production/apply-receipt.json",
  "receipt": {
    "schemaVersion": 1,
    "artifactType": "PORTCO_CHANGE_APPLY_RECEIPT",
    "runId": "portco-reconciliation-2026-08-03-v2",
    "taskId": "ledger:0059:stagecoach-renewables:326832cf",
    "taskIndex": 59,
    "companyName": "Stagecoach Renewables",
    "proposalSha256": "d385b126568b789e3efa397ac2d716c6914f84a5754445bf26f3c6f822ce9e5f",
    "approvalSha256": "071a3f007488308756bc36e5a2baf5199445f703cfbe5488e572483a0be3d110",
    "productionSnapshotSha256": "07a9838c4f17ab7bb2835fe056afb2e4e1698ecefe1df46f6050cacb7a05c6be",
    "beforeCompanySnapshotSha256": null,
    "appliedAfterImageSha256": "1822c9387aeccd07ce4349f2ea4e71d4f6f013ccde1a0b7799bb41c607eb8a0a",
    "seedAfterImageSha256": "1822c9387aeccd07ce4349f2ea4e71d4f6f013ccde1a0b7799bb41c607eb8a0a",
    "approvedSeedEntrySha256": "6acd619d2f581d7768c1a85583b0c863109b009c0f1639c93ee123906427d055",
    "databaseTargetFingerprint": "45836a2e3306aa27a98c47cded3087b545691ec737c22861a69c4ab202986929",
    "transactionId": "1743d985-0e06-4bdb-a222-33fd62874292",
    "auditEventId": "cmsqlwsqt000ceb4sbw5cbkpo",
    "appliedAt": "2026-08-12T21:33:59.801Z",
    "verification": {
      "databaseMatchesAfterImage": true,
      "seedMatchesAfterImage": true,
      "detailApiVerified": true
    },
    "receiptSha256": "0a30190fafd5cbeb1b76ed7bf60c8c3a5ebf378f6929b62db2facc98c8617a5e"
  }
}
