
> infra-tracker@1.0.0 portco:reconciliation:apply
> npx tsx scripts/portco-reconciliation/apply-cli.ts --proposal=audits/portco-reconciliation/2026-08-03/proposals/0059-stagecoach-renewables-v1/proposal.json --approval=audits/portco-reconciliation/2026-08-03/approvals/0059-stagecoach-renewables-v1.json --production-snapshot=audits/portco-reconciliation/2026-08-03/execution-v1/tasks/0059-stagecoach-renewables/attempt-1/production-snapshot.json --proposal-sha256=d385b126568b789e3efa397ac2d716c6914f84a5754445bf26f3c6f822ce9e5f --approval-sha256=071a3f007488308756bc36e5a2baf5199445f703cfbe5488e572483a0be3d110 --snapshot-sha256=07a9838c4f17ab7bb2835fe056afb2e4e1698ecefe1df46f6050cacb7a05c6be

(node:2869) DeprecationWarning: Calling client.query() when the client is already executing a query is deprecated and will be removed in pg@9.0. Use async/await or an external async flow control mechanism instead.
(Use `node --trace-deprecation ...` to show where the warning was created)
{
  "mode": "DRY_RUN",
  "databaseWrites": false,
  "seedWrites": false,
  "seedEntry": {
    "proposalSha256": "d385b126568b789e3efa397ac2d716c6914f84a5754445bf26f3c6f822ce9e5f",
    "approvalSha256": "071a3f007488308756bc36e5a2baf5199445f703cfbe5488e572483a0be3d110",
    "afterImageSha256": "1822c9387aeccd07ce4349f2ea4e71d4f6f013ccde1a0b7799bb41c607eb8a0a",
    "taskId": "ledger:0059:stagecoach-renewables:326832cf",
    "operation": "UPSERT",
    "company": {
      "name": "Stagecoach Renewables, LLC",
      "investmentFirm": "Apollo Global Management",
      "sector": "Power & ET",
      "subsector": "Renewable energy land and development royalties",
      "region": "North America",
      "country": "United States",
      "ownershipVehicle": "Apollo-managed infrastructure funds (specific fund and legal vehicle not publicly disclosed)",
      "description": "Stagecoach Renewables, LLC, also known as Stagecoach Royalty, is an Apollo-backed U.S. renewable-energy land-and-development-royalties platform. The business acquires property interests and long-term royalty interests tied to wind and solar development rights in Texas, Colorado and other major U.S. renewable-energy markets. Apollo-managed infrastructure funds invested in 2019. The exact ownership percentage, specific fund, legal investment vehicle, founding year and current headquarters are not publicly disclosed. Apollo Infrastructure materials continued to identify an Apollo partner on the Stagecoach Renewables board in March 2025, and no Apollo exit or signed pending ownership change was identified through August 12, 2026.",
      "status": "Active",
      "countryTags": [
        "United States"
      ],
      "investmentYear": 2019,
      "milestones": [
        {
          "date": "2019",
          "event": "Apollo-managed infrastructure funds invested in Stagecoach Renewables, a U.S. platform that acquires land and long-term royalty interests tied to renewable-energy development rights.",
          "category": "Financing"
        }
      ],
      "management": [],
      "sources": [
        {
          "label": "Apollo — Stagecoach Royalty infrastructure investment",
          "url": "https://www.apollo.com/wealth/insights-news/pressreleases/2021/10/apollo-funds-to-invest-824-million-supporting-nextera-energy-partners-acquisition-of-50-interest-in-2-5-gw-renewable-energy-portfolio-130509600",
          "type": "PRESS_RELEASE",
          "purpose": "OWNERSHIP_INVESTMENT",
          "evidenceLabel": "Apollo-managed funds' investment in the renewable-energy land-royalties platform"
        },
        {
          "label": "Apollo Infrastructure Company — 2024 Form 10-K",
          "url": "https://www.sec.gov/Archives/edgar/data/1971381/000119312525068918/d888030d10k.htm",
          "type": "SEC_FILING",
          "purpose": "OWNERSHIP_INVESTMENT",
          "evidenceLabel": "March 2025 current Apollo Infrastructure board relationship and Stagecoach Renewables identity"
        },
        {
          "label": "Paul Hastings — Stagecoach Royalty platform profile",
          "url": "https://www.paulhastings.com/professionals/peterhays",
          "type": "WEBSITE",
          "purpose": "COMPANY_PROFILE",
          "evidenceLabel": "Apollo backing, land-and-royalty model, platform boundary and U.S. operating geography"
        },
        {
          "label": "T1 Energy — 2026 Form 10-K/A",
          "url": "https://www.sec.gov/Archives/edgar/data/1992243/000121390026049667/ea0288125-10ka1_t1energy.htm",
          "type": "SEC_FILING",
          "purpose": "COMPANY_PROFILE",
          "evidenceLabel": "Stagecoach Renewables LLC operating identity, Apollo backing and renewable-royalties focus"
        }
      ],
      "owners": [
        {
          "investmentFirm": "Apollo Global Management",
          "ownershipVehicle": "Apollo-managed infrastructure funds (specific fund and legal vehicle not publicly disclosed)",
          "investmentYear": 2019,
          "stake": "Not publicly disclosed",
          "status": "Active",
          "transactionState": "CLOSED_ACTIVE"
        }
      ]
    },
    "retiredCompanies": [],
    "canonicalAfterImage": {
      "id": null,
      "name": "Stagecoach Renewables, LLC",
      "aliases": [
        "Stagecoach Renewables",
        "Stagecoach Royalty",
        "Stagecoach Royalty Holdings, LLC"
      ],
      "sector": "POWER_ET",
      "subsector": "Renewable energy land and development royalties",
      "region": "NORTH_AMERICA",
      "country": "United States",
      "countryTags": [
        "United States"
      ],
      "description": "Stagecoach Renewables, LLC, also known as Stagecoach Royalty, is an Apollo-backed U.S. renewable-energy land-and-development-royalties platform. The business acquires property interests and long-term royalty interests tied to wind and solar development rights in Texas, Colorado and other major U.S. renewable-energy markets. Apollo-managed infrastructure funds invested in 2019. The exact ownership percentage, specific fund, legal investment vehicle, founding year and current headquarters are not publicly disclosed. Apollo Infrastructure materials continued to identify an Apollo partner on the Stagecoach Renewables board in March 2025, and no Apollo exit or signed pending ownership change was identified through August 12, 2026.",
      "companyStatus": "ACTIVE",
      "recordStatus": "PUBLISHED",
      "website": null,
      "yearFounded": null,
      "headquarters": null,
      "lastVerifiedAt": "2026-08-12T00:00:00.000Z",
      "ownershipPeriods": [
        {
          "id": null,
          "managerName": "Apollo Global Management",
          "organizationName": "Apollo Global Management",
          "fundName": null,
          "vehicleName": "Apollo-managed infrastructure funds (specific fund and legal vehicle not publicly disclosed)",
          "stake": "Not publicly disclosed",
          "investmentYear": 2019,
          "exitYear": null,
          "isActive": true,
          "transactionState": "CLOSED_ACTIVE"
        }
      ],
      "pendingOwnershipTransactions": [],
      "milestones": [
        {
          "id": null,
          "date": "2019",
          "event": "Apollo-managed infrastructure funds invested in Stagecoach Renewables, a U.S. platform that acquires land and long-term royalty interests tied to renewable-energy development rights.",
          "category": "FINANCING",
          "sortDate": "2019-01-01T00:00:00.000Z",
          "evidenceUrls": [
            "https://www.apollo.com/wealth/insights-news/pressreleases/2021/10/apollo-funds-to-invest-824-million-supporting-nextera-energy-partners-acquisition-of-50-interest-in-2-5-gw-renewable-energy-portfolio-130509600"
          ]
        }
      ],
      "managementRoles": [],
      "citations": [
        {
          "id": null,
          "label": "Apollo — Stagecoach Royalty infrastructure investment",
          "url": "https://www.apollo.com/wealth/insights-news/pressreleases/2021/10/apollo-funds-to-invest-824-million-supporting-nextera-energy-partners-acquisition-of-50-interest-in-2-5-gw-renewable-energy-portfolio-130509600",
          "sourceType": "PRESS_RELEASE",
          "purpose": "OWNERSHIP_INVESTMENT",
          "evidenceLabel": "Apollo-managed funds' investment in the renewable-energy land-royalties platform",
          "isPrimary": true
        },
        {
          "id": null,
          "label": "Apollo Infrastructure Company — 2024 Form 10-K",
          "url": "https://www.sec.gov/Archives/edgar/data/1971381/000119312525068918/d888030d10k.htm",
          "sourceType": "SEC_FILING",
          "purpose": "OWNERSHIP_INVESTMENT",
          "evidenceLabel": "March 2025 current Apollo Infrastructure board relationship and Stagecoach Renewables identity",
          "isPrimary": false
        },
        {
          "id": null,
          "label": "Paul Hastings — Stagecoach Royalty platform profile",
          "url": "https://www.paulhastings.com/professionals/peterhays",
          "sourceType": "WEBSITE",
          "purpose": "COMPANY_PROFILE",
          "evidenceLabel": "Apollo backing, land-and-royalty model, platform boundary and U.S. operating geography",
          "isPrimary": false
        },
        {
          "id": null,
          "label": "T1 Energy — 2026 Form 10-K/A",
          "url": "https://www.sec.gov/Archives/edgar/data/1992243/000121390026049667/ea0288125-10ka1_t1energy.htm",
          "sourceType": "SEC_FILING",
          "purpose": "COMPANY_PROFILE",
          "evidenceLabel": "Stagecoach Renewables LLC operating identity, Apollo backing and renewable-royalties focus",
          "isPrimary": false
        }
      ]
    }
  },
  "plan": {
    "companyName": "Stagecoach Renewables, LLC",
    "mutations": [
      {
        "kind": "CREATE_COMPANY",
        "relationIds": [],
        "detail": "Create the approved canonical company and all approved relations."
      }
    ],
    "changedFields": [
      "company"
    ],
    "retiredCompanyIds": []
  }
}
