
> infra-tracker@1.0.0 portco:reconciliation:batch:apply
> npx tsx scripts/portco-reconciliation/batch-apply-cli.ts --batch-manifest=audits/portco-reconciliation/2026-08-23/batches/batch-0249-0253-v1/batch-manifest.json --batch-sha256=f2688d921be742fe4b6878016dc5b13c4bc7c469634e8f8e1170e7a7aabe4fdf

(node:3571) DeprecationWarning: Calling client.query() when the client is already executing a query is deprecated and will be removed in pg@9.0. Use async/await or an external async flow control mechanism instead.
(Use `node --trace-deprecation ...` to show where the warning was created)
{
  "mode": "BATCH_DRY_RUN",
  "batchId": "batch-0249-0253-v1",
  "batchSha256": "f2688d921be742fe4b6878016dc5b13c4bc7c469634e8f8e1170e7a7aabe4fdf",
  "databaseWrites": false,
  "seedWrites": false,
  "plans": [
    {
      "companyName": "Health Park at Avenir",
      "mutations": [
        {
          "kind": "CREATE_COMPANY",
          "relationIds": [],
          "detail": "Create the approved canonical company and all approved relations."
        }
      ],
      "changedFields": [
        "company"
      ],
      "retiredCompanyIds": []
    },
    {
      "companyName": "Fengate-MedCraft Cleveland Clinic Outpatient Portfolio",
      "mutations": [
        {
          "kind": "CORRECT_COMPANY",
          "relationIds": [],
          "detail": "Apply approved changes to name, aliases, description, yearFounded, headquarters, lastVerifiedAt, ownershipPeriods, milestones, citations."
        },
        {
          "kind": "ADD_OWNER",
          "relationIds": [],
          "detail": "Add 2 approved ownership period(s)."
        }
      ],
      "changedFields": [
        "aliases",
        "citations",
        "description",
        "headquarters",
        "lastVerifiedAt",
        "milestones",
        "name",
        "ownershipPeriods",
        "yearFounded"
      ],
      "retiredCompanyIds": []
    },
    {
      "companyName": "Montecito Medical Outpatient Portfolio",
      "mutations": [
        {
          "kind": "CORRECT_COMPANY",
          "relationIds": [],
          "detail": "Apply approved changes to aliases, description, yearFounded, headquarters, lastVerifiedAt, ownershipPeriods, milestones, citations."
        },
        {
          "kind": "ADD_OWNER",
          "relationIds": [],
          "detail": "Add 1 approved ownership period(s)."
        }
      ],
      "changedFields": [
        "aliases",
        "citations",
        "description",
        "headquarters",
        "lastVerifiedAt",
        "milestones",
        "ownershipPeriods",
        "yearFounded"
      ],
      "retiredCompanyIds": []
    },
    {
      "companyName": "Prince George's County Blueprint Schools Program (Phase One)",
      "mutations": [
        {
          "kind": "CORRECT_COMPANY",
          "relationIds": [],
          "detail": "Apply approved changes to aliases, description, yearFounded, headquarters, lastVerifiedAt, milestones, citations."
        },
        {
          "kind": "ADD_OWNER",
          "relationIds": [],
          "detail": "Add 2 approved ownership period(s)."
        },
        {
          "kind": "RETIRE_OWNERSHIP",
          "relationIds": [
            "cmrxpk18101voivhepfzndjpj"
          ],
          "detail": "Retire 1 ownership period(s) without deleting history."
        }
      ],
      "changedFields": [
        "aliases",
        "citations",
        "description",
        "headquarters",
        "lastVerifiedAt",
        "milestones",
        "ownershipPeriods",
        "yearFounded"
      ],
      "retiredCompanyIds": []
    }
  ]
}
