
> infra-tracker@1.0.0 portco:reconciliation:batch:apply
> npx tsx scripts/portco-reconciliation/batch-apply-cli.ts --batch-manifest=audits/portco-reconciliation/2026-08-23/batches/batch-0204-0208-v1/batch-manifest.json --batch-sha256=c90e86c3affb34263a5e3c499bd76dcc7ad39538610c9aa7640ce9896f766996 --seed-artifact=prisma/seed-data/approved-portco-after-images.json --apply --write-token=APPLY_APPROVED_PORTCO_BATCH --commit-receipt=tmp/portco-reconciliation/production/batch-commit-receipt.json --receipt=tmp/portco-reconciliation/production/batch-apply-receipt.json --public-base-url=https://infra-ma-2.vercel.app/Infra-MA2/

(node:3829) DeprecationWarning: Calling client.query() when the client is already executing a query is deprecated and will be removed in pg@9.0. Use async/await or an external async flow control mechanism instead.
(Use `node --trace-deprecation ...` to show where the warning was created)
{
  "mode": "BATCH_APPLIED",
  "receiptPath": "/home/runner/work/Infra-MA2/Infra-MA2/tmp/portco-reconciliation/production/batch-apply-receipt.json",
  "receipt": {
    "schemaVersion": 1,
    "artifactType": "PORTCO_APPLY_BATCH_RECEIPT",
    "runId": "portco-reconciliation-2026-08-03-v2",
    "batchId": "batch-0204-0208-v1",
    "batchSha256": "c90e86c3affb34263a5e3c499bd76dcc7ad39538610c9aa7640ce9896f766996",
    "releaseSha": "7f4bfa1706b34a8ced955238d18d010ce92960fa",
    "databaseTargetFingerprint": "45836a2e3306aa27a98c47cded3087b545691ec737c22861a69c4ab202986929",
    "transactionId": "7ac329f2-3ff9-4338-9264-1d8639adeca5",
    "appliedAt": "2026-08-29T06:09:13.183Z",
    "members": [
      {
        "kind": "MUTATION",
        "taskId": "ledger:0204:green-street-power-partners:9b141bba",
        "taskIndex": 204,
        "companyName": "Green Street Power Partners",
        "receipt": {
          "schemaVersion": 1,
          "artifactType": "PORTCO_CHANGE_APPLY_RECEIPT",
          "runId": "portco-reconciliation-2026-08-03-v2",
          "taskId": "ledger:0204:green-street-power-partners:9b141bba",
          "taskIndex": 204,
          "companyName": "Green Street Power Partners",
          "companyId": "cmrxpjcyj00teivhe0d58ngch",
          "proposalSha256": "1abe23079c0f88d658089f09517c3ef8587e446bd4abb9687499af2e753f6873",
          "approvalSha256": "eedfc32f32564cdb61cb389cf9924de89a4edbcec6227f45807a6bc8dcf48ca4",
          "productionSnapshotSha256": "507b835da2331e4a96358ed7077b3ffe1c387e3e970f6f965cb1bb4fc38a3c04",
          "beforeCompanySnapshotSha256": "c07d59a5f3d3de30f3d0337886c8bc1f5c5b87e54ef882dea9c7ed26b12fd701",
          "appliedAfterImageSha256": "fc0d658ccfe4763c6928318ea011b147cd1671cf99803f19abea16ffcfe2d384",
          "seedAfterImageSha256": "fc0d658ccfe4763c6928318ea011b147cd1671cf99803f19abea16ffcfe2d384",
          "approvedSeedEntrySha256": "0c54b2c3cb19d7644032075e36a17f73c1c2e030e165e7359a1835848e72610b",
          "databaseTargetFingerprint": "45836a2e3306aa27a98c47cded3087b545691ec737c22861a69c4ab202986929",
          "transactionId": "7ac329f2-3ff9-4338-9264-1d8639adeca5",
          "auditEventId": "cmtdzd0x3000ayd2brrd8vage",
          "appliedAt": "2026-08-29T06:09:13.183Z",
          "verification": {
            "databaseMatchesAfterImage": true,
            "seedMatchesAfterImage": true,
            "detailApiVerified": true
          },
          "receiptSha256": "b46f0879385d4391e77b05fa358c64535265aefdf1e4bc393b1bdaa7bd9a1f5b"
        }
      },
      {
        "kind": "TERMINAL",
        "taskId": "ledger:0205:gs-power-partners:c5899878",
        "taskIndex": 205,
        "companyName": "GS Power Partners",
        "outcome": "SUPERSEDED",
        "decisionSha256": "df7071d91cf545c97b54bab47187baca1ab39daf9aa78083196c4c3e10f7e5cc"
      },
      {
        "kind": "MUTATION",
        "taskId": "ledger:0206:jw-water-holdings:fc8ebab0",
        "taskIndex": 206,
        "companyName": "JW Water Holdings",
        "receipt": {
          "schemaVersion": 1,
          "artifactType": "PORTCO_CHANGE_APPLY_RECEIPT",
          "runId": "portco-reconciliation-2026-08-03-v2",
          "taskId": "ledger:0206:jw-water-holdings:fc8ebab0",
          "taskIndex": 206,
          "companyName": "JW Water Holdings",
          "companyId": "cmrxpjd0700thivhe6wdzyicz",
          "proposalSha256": "8a20de5694747ab3bcba360d7610d753cdda5baa173262fb755c0de7fe0519c0",
          "approvalSha256": "02f4c786df8dd8bc6028069e8631065c7b621ae5841f5a90c24e5b08153f3a46",
          "productionSnapshotSha256": "e73857cf073c70847450357b2c61f20c5e14db82c3ac3da75d37b43045c74e59",
          "beforeCompanySnapshotSha256": "23d9f76aa2e0dd3c76064beb9fd893e6a25e39437522c90eeeeb57efdaa0dc83",
          "appliedAfterImageSha256": "2c6ec9abe17b35ee356733dd9f4dd5592387750ebd74c3afa7185661e42b3465",
          "seedAfterImageSha256": "2c6ec9abe17b35ee356733dd9f4dd5592387750ebd74c3afa7185661e42b3465",
          "approvedSeedEntrySha256": "b3f4ce4c815af6a836c3766cfc9ae9d9cac859873ed32d5727dbcc90d02819dc",
          "databaseTargetFingerprint": "45836a2e3306aa27a98c47cded3087b545691ec737c22861a69c4ab202986929",
          "transactionId": "7ac329f2-3ff9-4338-9264-1d8639adeca5",
          "auditEventId": "cmtdzd1hw000nyd2bwuh0m8tq",
          "appliedAt": "2026-08-29T06:09:13.183Z",
          "verification": {
            "databaseMatchesAfterImage": true,
            "seedMatchesAfterImage": true,
            "detailApiVerified": true
          },
          "receiptSha256": "add56462878de21e27edbfaf287ac7b544d69279cfc5351910e84c9e73401b08"
        }
      },
      {
        "kind": "TERMINAL",
        "taskId": "ledger:0207:robson-communities-utilities-pima-utility:d965a9e0",
        "taskIndex": 207,
        "companyName": "Robson Communities Utilities / Pima Utility",
        "outcome": "SUPERSEDED",
        "decisionSha256": "7eb74aa886c13d038c47f0a7c0c49959cebd9755b3be5a1529383f925adc646b"
      },
      {
        "kind": "TERMINAL",
        "taskId": "ledger:0208:robson-utilities-portfolio:357f70cb",
        "taskIndex": 208,
        "companyName": "Robson Utilities Portfolio",
        "outcome": "SUPERSEDED",
        "decisionSha256": "cf9563a8b75fe4a48753dad402ce5bc928549ee9426e5f87ea3bb6a8d2871fac"
      }
    ],
    "verification": {
      "databaseTransactionCommitted": true,
      "seedArtifactVerified": true,
      "allDetailApisVerified": true,
      "partialDatabaseApplication": false
    },
    "receiptSha256": "03eef8267cf62da5177042a00c662dcec13966e5d27961cd46ded4773958d819"
  }
}
