
> infra-tracker@1.0.0 portco:reconciliation:batch:apply
> npx tsx scripts/portco-reconciliation/batch-apply-cli.ts --batch-manifest=audits/portco-reconciliation/2026-08-23/batches/batch-0204-0208-v1/batch-manifest.json --batch-sha256=c90e86c3affb34263a5e3c499bd76dcc7ad39538610c9aa7640ce9896f766996

(node:3562) DeprecationWarning: Calling client.query() when the client is already executing a query is deprecated and will be removed in pg@9.0. Use async/await or an external async flow control mechanism instead.
(Use `node --trace-deprecation ...` to show where the warning was created)
{
  "mode": "BATCH_DRY_RUN",
  "batchId": "batch-0204-0208-v1",
  "batchSha256": "c90e86c3affb34263a5e3c499bd76dcc7ad39538610c9aa7640ce9896f766996",
  "databaseWrites": false,
  "seedWrites": false,
  "plans": [
    {
      "companyName": "GS Power Partners",
      "mutations": [
        {
          "kind": "CORRECT_COMPANY",
          "relationIds": [],
          "detail": "Apply approved changes to aliases, description, website, headquarters, lastVerifiedAt, ownershipPeriods, milestones, citations."
        },
        {
          "kind": "MERGE_COMPANIES",
          "relationIds": [
            "cmrxpjcxy00tdivhea9p9kug7"
          ],
          "detail": "merge 1 production duplicate(s)"
        }
      ],
      "changedFields": [
        "aliases",
        "citations",
        "description",
        "headquarters",
        "lastVerifiedAt",
        "milestones",
        "ownershipPeriods",
        "redirects",
        "website"
      ],
      "retiredCompanyIds": [
        "cmrxpjcxy00tdivhea9p9kug7"
      ]
    },
    {
      "companyName": "JW Water Holdings, LLC",
      "mutations": [
        {
          "kind": "CORRECT_COMPANY",
          "relationIds": [],
          "detail": "Apply approved changes to name, aliases, description, website, headquarters, lastVerifiedAt, ownershipPeriods, milestones, citations."
        },
        {
          "kind": "MERGE_COMPANIES",
          "relationIds": [
            "cmrxpjd2w00tmivhewaupms5e",
            "cmrxpjd0s00tiivheuomhxk0o",
            "seed:ledger:0482:jw-water-holdings-incl-robson-utilities:9fae287b"
          ],
          "detail": "merge 2 production duplicate(s); retire 1 reviewed seed-only identity record(s)"
        }
      ],
      "changedFields": [
        "aliases",
        "citations",
        "description",
        "headquarters",
        "lastVerifiedAt",
        "milestones",
        "name",
        "ownershipPeriods",
        "redirects",
        "seedIdentities",
        "website"
      ],
      "retiredCompanyIds": [
        "cmrxpjd2w00tmivhewaupms5e",
        "cmrxpjd0s00tiivheuomhxk0o"
      ]
    }
  ]
}
