
> infra-tracker@1.0.0 portco:reconciliation:apply
> npx tsx scripts/portco-reconciliation/apply-cli.ts --proposal=audits/portco-reconciliation/2026-08-03/proposals/0104-ugi-electric-transmission-and-distribution-utility-business-v3/proposal.json --approval=audits/portco-reconciliation/2026-08-03/approvals/0104-ugi-electric-transmission-and-distribution-utility-business-v3.json --production-snapshot=audits/portco-reconciliation/2026-08-03/execution-v1/tasks/0104-ugi-electric-transmission-and-distribution-utility-business/attempt-3/locked-production-snapshot.json --proposal-sha256=8bcabac02c03947e57cf5c81c0483fb1fa71ee42f8677d401c5753f53e39aef0 --approval-sha256=eadacb96c4c608ace73d685c2ff5234da5e1d764739d78f725cab8a001f7deed --snapshot-sha256=a4824557f24606e13095823092ddcc0b45af73a64f98fb166cfc63a48a1a2a35 --seed-artifact=prisma/seed-data/approved-portco-after-images.json --apply --write-token=APPLY_APPROVED_PORTCO_CHANGE --receipt=tmp/portco-reconciliation/production/apply-receipt.json --public-base-url=https://infra-ma-2.vercel.app/Infra-MA2/

(node:3001) DeprecationWarning: Calling client.query() when the client is already executing a query is deprecated and will be removed in pg@9.0. Use async/await or an external async flow control mechanism instead.
(Use `node --trace-deprecation ...` to show where the warning was created)
{
  "mode": "APPLIED",
  "receiptPath": "/home/runner/work/Infra-MA2/Infra-MA2/tmp/portco-reconciliation/production/apply-receipt.json",
  "receipt": {
    "schemaVersion": 1,
    "artifactType": "PORTCO_CHANGE_APPLY_RECEIPT",
    "runId": "portco-reconciliation-2026-08-03-v2",
    "taskId": "ledger:0104:ugi-electric-transmission-and-distribution-utility-business:e94ef30f",
    "taskIndex": 104,
    "companyName": "UGI Electric transmission and distribution utility business",
    "companyId": "cmsw2oa8w0000bd6hgpno2qxc",
    "proposalSha256": "8bcabac02c03947e57cf5c81c0483fb1fa71ee42f8677d401c5753f53e39aef0",
    "approvalSha256": "eadacb96c4c608ace73d685c2ff5234da5e1d764739d78f725cab8a001f7deed",
    "productionSnapshotSha256": "a4824557f24606e13095823092ddcc0b45af73a64f98fb166cfc63a48a1a2a35",
    "beforeCompanySnapshotSha256": null,
    "appliedAfterImageSha256": "693dd8b30945e3f9e3056c54fb4ed435791638d0e8793cdc48c2c79d07e00633",
    "seedAfterImageSha256": "693dd8b30945e3f9e3056c54fb4ed435791638d0e8793cdc48c2c79d07e00633",
    "approvedSeedEntrySha256": "1fb7a0edd7c7a8c82e6a7a0866e1c36af1894a660d4a18eb2daec2dd2490eef3",
    "databaseTargetFingerprint": "45836a2e3306aa27a98c47cded3087b545691ec737c22861a69c4ab202986929",
    "transactionId": "cbcd055f-0d7a-420a-a6d9-9b5e00f5600c",
    "auditEventId": "cmsw2oakm000dbd6hmwr2hdoy",
    "appliedAt": "2026-08-16T17:22:06.887Z",
    "verification": {
      "databaseMatchesAfterImage": true,
      "seedMatchesAfterImage": true,
      "detailApiVerified": true
    },
    "receiptSha256": "2be2e641bbb58d470bdddea3f965465217a69e1e1a43a1ec4b0900fce7849ca5"
  }
}
