
> infra-tracker@1.0.0 portco:reconciliation:batch:apply
> npx tsx scripts/portco-reconciliation/batch-apply-cli.ts --batch-manifest=audits/portco-reconciliation/2026-08-23/batches/batch-0361-0365-v1/batch-manifest-v2.json --batch-sha256=f55a40673da0d7a1e6fc8d43cc85a58962be38ea10a519cbb1c3bafe6068a047 --seed-artifact=prisma/seed-data/approved-portco-after-images.json --apply --write-token=APPLY_APPROVED_PORTCO_BATCH --commit-receipt=tmp/portco-reconciliation/production/batch-commit-receipt.json --receipt=tmp/portco-reconciliation/production/batch-apply-receipt.json --public-base-url=https://infra-ma-2.vercel.app/Infra-MA2/

(node:3813) DeprecationWarning: Calling client.query() when the client is already executing a query is deprecated and will be removed in pg@9.0. Use async/await or an external async flow control mechanism instead.
(Use `node --trace-deprecation ...` to show where the warning was created)
{
  "mode": "BATCH_APPLIED",
  "receiptPath": "/home/runner/work/Infra-MA2/Infra-MA2/tmp/portco-reconciliation/production/batch-apply-receipt.json",
  "receipt": {
    "schemaVersion": 1,
    "artifactType": "PORTCO_APPLY_BATCH_RECEIPT",
    "runId": "portco-reconciliation-2026-08-03-v2",
    "batchId": "batch-0361-0365-v1",
    "batchSha256": "f55a40673da0d7a1e6fc8d43cc85a58962be38ea10a519cbb1c3bafe6068a047",
    "releaseSha": "5c79101f7409d9b85e242c14bf7a55b79b3c8709",
    "databaseTargetFingerprint": "45836a2e3306aa27a98c47cded3087b545691ec737c22861a69c4ab202986929",
    "transactionId": "5d99508e-1b10-4d90-baa9-0bdb282c4623",
    "appliedAt": "2026-09-01T18:41:11.128Z",
    "members": [
      {
        "kind": "TERMINAL",
        "taskId": "ledger:0361:nopetro-renewables:1b512de3",
        "taskIndex": 361,
        "companyName": "Nopetro Renewables",
        "outcome": "DEFERRED",
        "decisionSha256": "d3c992912bef57b385a93950ac540c6909815ba77e185d5b638b18b889ca0116"
      },
      {
        "kind": "MUTATION",
        "taskId": "ledger:0362:skywire-networks-xchange-telecom:61604de9",
        "taskIndex": 362,
        "companyName": "Skywire Networks / Xchange Telecom",
        "receipt": {
          "schemaVersion": 1,
          "artifactType": "PORTCO_CHANGE_APPLY_RECEIPT",
          "runId": "portco-reconciliation-2026-08-03-v2",
          "taskId": "ledger:0362:skywire-networks-xchange-telecom:61604de9",
          "taskIndex": 362,
          "companyName": "Skywire Networks / Xchange Telecom",
          "companyId": "cmtj0jm5c0000xx2b23nagtjp",
          "proposalSha256": "38b2c1f23fde5a90f6ea587f4e1235b83c1daa2163da02e1cb178ad431c1fd36",
          "approvalSha256": "cd0e6d3beb9a13ba9514eb5291fb948852a0c66bd11c810a2d7ea28c64abf033",
          "productionSnapshotSha256": "a8609eb916bdafa262fb52f660babc2c862adbf177763e12bd278b49bfe47c7b",
          "beforeCompanySnapshotSha256": null,
          "appliedAfterImageSha256": "28ba9da15b750302015d8e528276ddb05fc216a1e27cc45ef69e8c71d1dcb245",
          "seedAfterImageSha256": "28ba9da15b750302015d8e528276ddb05fc216a1e27cc45ef69e8c71d1dcb245",
          "approvedSeedEntrySha256": "dae2a4252677b7a2d5db3176cc9cccc4e2b8c3d4c5ad33ffcaa070d547f3726b",
          "databaseTargetFingerprint": "45836a2e3306aa27a98c47cded3087b545691ec737c22861a69c4ab202986929",
          "transactionId": "5d99508e-1b10-4d90-baa9-0bdb282c4623",
          "auditEventId": "cmtj0jmf9000gxx2blgzwnv93",
          "appliedAt": "2026-09-01T18:41:11.128Z",
          "verification": {
            "databaseMatchesAfterImage": true,
            "seedMatchesAfterImage": true,
            "detailApiVerified": true
          },
          "receiptSha256": "1b629c0feb0895ea5cc9e15d45c4a6434ed1d2f554fdde0026a99fb804c08fb7"
        }
      },
      {
        "kind": "TERMINAL",
        "taskId": "ledger:0363:telmax-inc:f608a383",
        "taskIndex": 363,
        "companyName": "telMAX Inc.",
        "outcome": "DEFERRED",
        "decisionSha256": "d3c72605a805da0770e5e9fd2fc802d0f6367272843baa019289fa25d728a047"
      },
      {
        "kind": "MUTATION",
        "taskId": "ledger:0364:uge-international-ltd:3aed0a3e",
        "taskIndex": 364,
        "companyName": "UGE International Ltd.",
        "receipt": {
          "schemaVersion": 1,
          "artifactType": "PORTCO_CHANGE_APPLY_RECEIPT",
          "runId": "portco-reconciliation-2026-08-03-v2",
          "taskId": "ledger:0364:uge-international-ltd:3aed0a3e",
          "taskIndex": 364,
          "companyName": "UGE International Ltd.",
          "companyId": "cmtj0jmj1000hxx2bly6aduiw",
          "proposalSha256": "2ffd803ac2ccc29531983cd9b92de0d8bbf17cab39b368ee5f09f0874efe2699",
          "approvalSha256": "7b4b449dbf41b24ba291ae24a5b52fc170509e3a0947b3bb02e74eaaa399fb5a",
          "productionSnapshotSha256": "99bdb18ece8952816ded77d2f99d161eb411c910a2acc4832d8b0464c3cfff0b",
          "beforeCompanySnapshotSha256": null,
          "appliedAfterImageSha256": "5882c8c4469625ef3eb3a6e2a414ca9f973c2096491816fd2c610ac8cc1251e9",
          "seedAfterImageSha256": "5882c8c4469625ef3eb3a6e2a414ca9f973c2096491816fd2c610ac8cc1251e9",
          "approvedSeedEntrySha256": "e24aea3ef96e5b4836f4cc43f8021d60ea17ec9e3835cbede0a7c859a2a1c40a",
          "databaseTargetFingerprint": "45836a2e3306aa27a98c47cded3087b545691ec737c22861a69c4ab202986929",
          "transactionId": "5d99508e-1b10-4d90-baa9-0bdb282c4623",
          "auditEventId": "cmtj0jmq70010xx2b6ych448h",
          "appliedAt": "2026-09-01T18:41:11.128Z",
          "verification": {
            "databaseMatchesAfterImage": true,
            "seedMatchesAfterImage": true,
            "detailApiVerified": true
          },
          "receiptSha256": "aaf84516ce26a5b580ca32f9a1825a825e4bd094785c7ed1dd7ea5536fac1fb4"
        }
      },
      {
        "kind": "TERMINAL",
        "taskId": "ledger:0365:arcadian-infracom:27de01bd",
        "taskIndex": 365,
        "companyName": "Arcadian Infracom",
        "outcome": "DEFERRED",
        "decisionSha256": "71cb23e940fd9b7bbbf097e0a424c2b3dfe3258ebfc2c8d6b517b1704d8a06f2"
      }
    ],
    "verification": {
      "databaseTransactionCommitted": true,
      "seedArtifactVerified": true,
      "allDetailApisVerified": true,
      "partialDatabaseApplication": false
    },
    "receiptSha256": "5b707745f3f32c74bbd664582feb594d5808ec50b875e1b197e06bf85ebd0450"
  }
}
