
> infra-tracker@1.0.0 portco:reconciliation:apply
> npx tsx scripts/portco-reconciliation/apply-cli.ts --proposal=audits/portco-reconciliation/2026-08-03/proposals/0087-zeem-solutions-v1/proposal.json --approval=audits/portco-reconciliation/2026-08-03/approvals/0087-zeem-solutions-v1.json --production-snapshot=audits/portco-reconciliation/2026-08-03/execution-v1/tasks/0087-zeem-solutions/attempt-2/locked-production-snapshot.json --proposal-sha256=1442deb7d5e6711daf05e4f05763edce4bb3c6e8734693860237e29116d1ee05 --approval-sha256=5fcc65a312bf4553d485d6bae590c668ea2609f22ce42b5bf92bd82984460b33 --snapshot-sha256=e38c9de562ead731d3c4f862040f3544c973bc736f9a53ff8576d8336d68a784 --seed-artifact=prisma/seed-data/approved-portco-after-images.json --apply --write-token=APPLY_APPROVED_PORTCO_CHANGE --receipt=tmp/portco-reconciliation/production/apply-receipt.json --public-base-url=https://infra-ma-2.vercel.app/Infra-MA2/

(node:3252) DeprecationWarning: Calling client.query() when the client is already executing a query is deprecated and will be removed in pg@9.0. Use async/await or an external async flow control mechanism instead.
(Use `node --trace-deprecation ...` to show where the warning was created)
{
  "mode": "APPLIED",
  "receiptPath": "/home/runner/work/Infra-MA2/Infra-MA2/tmp/portco-reconciliation/production/apply-receipt.json",
  "receipt": {
    "schemaVersion": 1,
    "artifactType": "PORTCO_CHANGE_APPLY_RECEIPT",
    "runId": "portco-reconciliation-2026-08-03-v2",
    "taskId": "ledger:0087:zeem-solutions:fb68d7c4",
    "taskIndex": 87,
    "companyName": "Zeem Solutions",
    "companyId": "cmrxpj6nk00jnivhe6mtdjqda",
    "proposalSha256": "1442deb7d5e6711daf05e4f05763edce4bb3c6e8734693860237e29116d1ee05",
    "approvalSha256": "5fcc65a312bf4553d485d6bae590c668ea2609f22ce42b5bf92bd82984460b33",
    "productionSnapshotSha256": "e38c9de562ead731d3c4f862040f3544c973bc736f9a53ff8576d8336d68a784",
    "beforeCompanySnapshotSha256": "36bc56ecb592033e5048eb578a39bb0aa9ea1e5a37f8237de6fc1a6b8c4af53b",
    "appliedAfterImageSha256": "215a282e8f0364cc70e1aa75ca4e432b69fa12488746656cfd809e39058a4da5",
    "seedAfterImageSha256": "215a282e8f0364cc70e1aa75ca4e432b69fa12488746656cfd809e39058a4da5",
    "approvedSeedEntrySha256": "52597fd10f4e3924fde20a5fd9f79f682c0153a168f5dcbe6f8c31971c92d283",
    "databaseTargetFingerprint": "45836a2e3306aa27a98c47cded3087b545691ec737c22861a69c4ab202986929",
    "transactionId": "5ef8f2ff-9fe8-4636-8061-2f12a0761b8e",
    "auditEventId": "cmsv1vdd90009ic6hv1kqrs8e",
    "appliedAt": "2026-08-16T00:11:51.469Z",
    "verification": {
      "databaseMatchesAfterImage": true,
      "seedMatchesAfterImage": true,
      "detailApiVerified": true
    },
    "receiptSha256": "a0e7b4f59e25f19ccc42dc3b1f079507556b86e5c9ff39ce079b8426ae789a19"
  }
}
