
> infra-tracker@1.0.0 portco:reconciliation:batch:apply
> npx tsx scripts/portco-reconciliation/batch-apply-cli.ts --batch-manifest=audits/portco-reconciliation/2026-08-23/batches/batch-0214-0218-v1/batch-manifest.json --batch-sha256=b58abcae3c791c69747c20db89277f9cea46b7ce54762920a2237eb51639976b --seed-artifact=prisma/seed-data/approved-portco-after-images.json --apply --write-token=APPLY_APPROVED_PORTCO_BATCH --commit-receipt=tmp/portco-reconciliation/production/batch-commit-receipt.json --receipt=tmp/portco-reconciliation/production/batch-apply-receipt.json --public-base-url=https://infra-ma-2.vercel.app/Infra-MA2/

(node:3980) DeprecationWarning: Calling client.query() when the client is already executing a query is deprecated and will be removed in pg@9.0. Use async/await or an external async flow control mechanism instead.
(Use `node --trace-deprecation ...` to show where the warning was created)
{
  "mode": "BATCH_APPLIED",
  "receiptPath": "/home/runner/work/Infra-MA2/Infra-MA2/tmp/portco-reconciliation/production/batch-apply-receipt.json",
  "receipt": {
    "schemaVersion": 1,
    "artifactType": "PORTCO_APPLY_BATCH_RECEIPT",
    "runId": "portco-reconciliation-2026-08-03-v2",
    "batchId": "batch-0214-0218-v1",
    "batchSha256": "b58abcae3c791c69747c20db89277f9cea46b7ce54762920a2237eb51639976b",
    "releaseSha": "e5ab6ef35bb6e8243e9b69cb27cf886cf3af6272",
    "databaseTargetFingerprint": "45836a2e3306aa27a98c47cded3087b545691ec737c22861a69c4ab202986929",
    "transactionId": "49b25117-c3f6-457e-a9ce-68b22cb4d77e",
    "appliedAt": "2026-08-29T07:53:30.579Z",
    "members": [
      {
        "kind": "MUTATION",
        "taskId": "ledger:0214:fibernow:ea7c2ad3",
        "taskIndex": 214,
        "companyName": "Fibernow",
        "receipt": {
          "schemaVersion": 1,
          "artifactType": "PORTCO_CHANGE_APPLY_RECEIPT",
          "runId": "portco-reconciliation-2026-08-03-v2",
          "taskId": "ledger:0214:fibernow:ea7c2ad3",
          "taskIndex": 214,
          "companyName": "Fibernow",
          "companyId": "cmrxpjdb400txivhexf162x1c",
          "proposalSha256": "93d961f7f42d6231964d60aa1e65d5a8794f1be06f9e1cc9b024bead2c9dba83",
          "approvalSha256": "a1e19aa5e0c3414aadee055b103855bc663bbaaec68cd3f3395b75dd3fe8e313",
          "productionSnapshotSha256": "2bcf878aaf6d265565eae53850d621f7d347ff8da0c601fdb66a649392c32840",
          "beforeCompanySnapshotSha256": "22d0bb74cf10c908f5d1b3424bd5a3d813b1ef7517d5f92339606e671585a186",
          "appliedAfterImageSha256": "30803185968114dac52c5221317ea150246961397cc3e3adf1ef9912d945cb86",
          "seedAfterImageSha256": "30803185968114dac52c5221317ea150246961397cc3e3adf1ef9912d945cb86",
          "approvedSeedEntrySha256": "bbb14a2f2d1b7ee1005fb3b03a55f82ba0788216bf6a1e17843c8034f1c3995d",
          "databaseTargetFingerprint": "45836a2e3306aa27a98c47cded3087b545691ec737c22861a69c4ab202986929",
          "transactionId": "49b25117-c3f6-457e-a9ce-68b22cb4d77e",
          "auditEventId": "cmte32j2700092k2b6dz0zk7k",
          "appliedAt": "2026-08-29T07:53:30.579Z",
          "verification": {
            "databaseMatchesAfterImage": true,
            "seedMatchesAfterImage": true,
            "detailApiVerified": true
          },
          "receiptSha256": "20ec681dedac3d7595b5101bf01bdb2d7a4171faf62d0a6ad999600cd36a136a"
        }
      },
      {
        "kind": "MUTATION",
        "taskId": "ledger:0215:invenergy-ampci-thermal-power:7aff1fc4",
        "taskIndex": 215,
        "companyName": "Invenergy AMPCI Thermal Power",
        "receipt": {
          "schemaVersion": 1,
          "artifactType": "PORTCO_CHANGE_APPLY_RECEIPT",
          "runId": "portco-reconciliation-2026-08-03-v2",
          "taskId": "ledger:0215:invenergy-ampci-thermal-power:7aff1fc4",
          "taskIndex": 215,
          "companyName": "Invenergy AMPCI Thermal Power",
          "companyId": "cmrxpj6er00j7ivhe4q6f5u9y",
          "proposalSha256": "2c37f98d85d12f6c9faaf77ff58facd2b0dcaef99cd2e637d0e1c9591241a601",
          "approvalSha256": "8fed7045ede9b38e38155a2146a713d8b8aa48a13535453e71a0273a37b54dc2",
          "productionSnapshotSha256": "36fff253527e44aebbd6e568941daf49f0d4e7e688c87b59f2336c8aa44e9833",
          "beforeCompanySnapshotSha256": "bd6780bbd92db1cb18edf24e071c3d0e0fd772c2abadd29edfe76fc8594e81ea",
          "appliedAfterImageSha256": "a6999b476907a9e17bba638dcb025022baa2f6caa0ed082c03f034a7eca9e501",
          "seedAfterImageSha256": "a6999b476907a9e17bba638dcb025022baa2f6caa0ed082c03f034a7eca9e501",
          "approvedSeedEntrySha256": "f2606610adf203783cf6125e9f816481b52fe299cca95bde47ec8d8c295982e9",
          "databaseTargetFingerprint": "45836a2e3306aa27a98c47cded3087b545691ec737c22861a69c4ab202986929",
          "transactionId": "49b25117-c3f6-457e-a9ce-68b22cb4d77e",
          "auditEventId": "cmte32q1a000l2k2bv5cz9vw4",
          "appliedAt": "2026-08-29T07:53:30.579Z",
          "verification": {
            "databaseMatchesAfterImage": true,
            "seedMatchesAfterImage": true,
            "detailApiVerified": true
          },
          "receiptSha256": "d813e7b97005feb9d7aaaacbd2e90538d5740ce40aae1e8b5ba3df414c317bd5"
        }
      },
      {
        "kind": "MUTATION",
        "taskId": "ledger:0216:mexico-telecom-partners:4a74c013",
        "taskIndex": 216,
        "companyName": "Mexico Telecom Partners",
        "receipt": {
          "schemaVersion": 1,
          "artifactType": "PORTCO_CHANGE_APPLY_RECEIPT",
          "runId": "portco-reconciliation-2026-08-03-v2",
          "taskId": "ledger:0216:mexico-telecom-partners:4a74c013",
          "taskIndex": 216,
          "companyName": "Mexico Telecom Partners",
          "companyId": "cmrxpjdbm00tyivher2rzd195",
          "proposalSha256": "ac918a6a413a5e95ba3a4962eece0a7f72fb24d856754b11ff145cd12f714ecd",
          "approvalSha256": "d4300d4dc02aab02656de8c294e2768cb717bdbe9d8e46593233d7eb4cb189b3",
          "productionSnapshotSha256": "67c34d1558f5ec22793b03583e4db891997e52f2c25a1abdea4e67a0eb325b4c",
          "beforeCompanySnapshotSha256": "748c8c355df19d1b467c3f0480da4c2ad4514392e809717d5152438df24ada0e",
          "appliedAfterImageSha256": "92dc371b484ec5a09d8670d8a05b819b5058fe3d70623152778f90afaecb57c9",
          "seedAfterImageSha256": "92dc371b484ec5a09d8670d8a05b819b5058fe3d70623152778f90afaecb57c9",
          "approvedSeedEntrySha256": "69b62ab4c15a69289a9f89ca429a5f7b03c2ea81f45795d52a84c3c469af4058",
          "databaseTargetFingerprint": "45836a2e3306aa27a98c47cded3087b545691ec737c22861a69c4ab202986929",
          "transactionId": "49b25117-c3f6-457e-a9ce-68b22cb4d77e",
          "auditEventId": "cmte32umq000r2k2bx3lbqxbv",
          "appliedAt": "2026-08-29T07:53:30.579Z",
          "verification": {
            "databaseMatchesAfterImage": true,
            "seedMatchesAfterImage": true,
            "detailApiVerified": true
          },
          "receiptSha256": "afb9c1e3f47d314f1b848f449e88551d65b400290f078d00d5d0e45ac137243e"
        }
      },
      {
        "kind": "MUTATION",
        "taskId": "ledger:0217:orange-barrel-media:938d5ad8",
        "taskIndex": 217,
        "companyName": "Orange Barrel Media",
        "receipt": {
          "schemaVersion": 1,
          "artifactType": "PORTCO_CHANGE_APPLY_RECEIPT",
          "runId": "portco-reconciliation-2026-08-03-v2",
          "taskId": "ledger:0217:orange-barrel-media:938d5ad8",
          "taskIndex": 217,
          "companyName": "Orange Barrel Media",
          "companyId": "cmrxpjdca00tzivhe8jg48f1m",
          "proposalSha256": "42af330fd375930a89129d30973fea17c0d2f3b724a168d9ed503bbc3d86659c",
          "approvalSha256": "e14b032e4a555a84f5428fcb47ffaf98e387fbb42de67b02cdc2ac533534cb55",
          "productionSnapshotSha256": "0b97448dda42d1c87dd58a291b52ab81ca3ca62d1e7b64f3d357a2e63108202f",
          "beforeCompanySnapshotSha256": "3b7d7f00cdee40cdbde1af875050f6f59267a3cccb98a75d898aaf102a88c99e",
          "appliedAfterImageSha256": "0a0d810d0f4aedc66628288de73d2c7a6c079474c377e89ff8e3d20ba4e7349c",
          "seedAfterImageSha256": "0a0d810d0f4aedc66628288de73d2c7a6c079474c377e89ff8e3d20ba4e7349c",
          "approvedSeedEntrySha256": "c28d524a1df45a6ca863c5d4593f0568bb0140883ae9a59f260feca3f8d7ac4e",
          "databaseTargetFingerprint": "45836a2e3306aa27a98c47cded3087b545691ec737c22861a69c4ab202986929",
          "transactionId": "49b25117-c3f6-457e-a9ce-68b22cb4d77e",
          "auditEventId": "cmte32zzd00112k2be7et66nk",
          "appliedAt": "2026-08-29T07:53:30.579Z",
          "verification": {
            "databaseMatchesAfterImage": true,
            "seedMatchesAfterImage": true,
            "detailApiVerified": true
          },
          "receiptSha256": "a9f3143faa3d5f67ad655df73da86d6ddb723b18524ae45f4a611454d1a3c6d8"
        }
      },
      {
        "kind": "MUTATION",
        "taskId": "ledger:0218:switch-inc:ed27b056",
        "taskIndex": 218,
        "companyName": "Switch, Inc.",
        "receipt": {
          "schemaVersion": 1,
          "artifactType": "PORTCO_CHANGE_APPLY_RECEIPT",
          "runId": "portco-reconciliation-2026-08-03-v2",
          "taskId": "ledger:0218:switch-inc:ed27b056",
          "taskIndex": 218,
          "companyName": "Switch, Inc.",
          "companyId": "cmrxpjdcs00u0ivhec2k6lhpt",
          "proposalSha256": "750c9f776c9a7d6d786de38a30ced7a95a5f1c5ff7e1ae8c59f6883dcebd207c",
          "approvalSha256": "3b483d3612de7fb76907451c83178077222ea3a313cd51183f5f92b6eafc9e7b",
          "productionSnapshotSha256": "631d449ca5eb1e74ea86fdad24f5b46da3aee06e9ab24bb80ba96aecfbbb7b0e",
          "beforeCompanySnapshotSha256": "7101049576a4afdbd53b103b10e66eee9f973e3370cfe3eca94eefa7e6c5cc2d",
          "appliedAfterImageSha256": "94cd4f25ada737a668f51d5404e5af160bc9f6e4b92bec8d1b2fa25a457bbb15",
          "seedAfterImageSha256": "94cd4f25ada737a668f51d5404e5af160bc9f6e4b92bec8d1b2fa25a457bbb15",
          "approvedSeedEntrySha256": "3a80743143518caea2ef6e3168aff69aa380591244284a39e4dc172a9ca222ee",
          "databaseTargetFingerprint": "45836a2e3306aa27a98c47cded3087b545691ec737c22861a69c4ab202986929",
          "transactionId": "49b25117-c3f6-457e-a9ce-68b22cb4d77e",
          "auditEventId": "cmte335n3001e2k2b2poqjk4b",
          "appliedAt": "2026-08-29T07:53:30.579Z",
          "verification": {
            "databaseMatchesAfterImage": true,
            "seedMatchesAfterImage": true,
            "detailApiVerified": true
          },
          "receiptSha256": "16762a558113e6a447b7c4a9ff27ab316bfca09a9b7fa60906f1679a29c42a44"
        }
      }
    ],
    "verification": {
      "databaseTransactionCommitted": true,
      "seedArtifactVerified": true,
      "allDetailApisVerified": true,
      "partialDatabaseApplication": false
    },
    "receiptSha256": "0496a4a56ec3aaf88b8909bc2e541224588f12e92803fea829a086466b211b92"
  }
}
