
> infra-tracker@1.0.0 portco:reconciliation:batch:apply
> npx tsx scripts/portco-reconciliation/batch-apply-cli.ts --batch-manifest=audits/portco-reconciliation/2026-08-23/batches/batch-0214-0218-v1/batch-manifest.json --batch-sha256=b58abcae3c791c69747c20db89277f9cea46b7ce54762920a2237eb51639976b

(node:3710) DeprecationWarning: Calling client.query() when the client is already executing a query is deprecated and will be removed in pg@9.0. Use async/await or an external async flow control mechanism instead.
(Use `node --trace-deprecation ...` to show where the warning was created)
{
  "mode": "BATCH_DRY_RUN",
  "batchId": "batch-0214-0218-v1",
  "batchSha256": "b58abcae3c791c69747c20db89277f9cea46b7ce54762920a2237eb51639976b",
  "databaseWrites": false,
  "seedWrites": false,
  "plans": [
    {
      "companyName": "Fibernow",
      "mutations": [
        {
          "kind": "CORRECT_COMPANY",
          "relationIds": [],
          "detail": "Apply approved changes to aliases, description, website, yearFounded, headquarters, lastVerifiedAt, ownershipPeriods, milestones, citations."
        }
      ],
      "changedFields": [
        "aliases",
        "citations",
        "description",
        "headquarters",
        "lastVerifiedAt",
        "milestones",
        "ownershipPeriods",
        "website",
        "yearFounded"
      ],
      "retiredCompanyIds": []
    },
    {
      "companyName": "Invenergy AMPCI Thermal Power",
      "mutations": [
        {
          "kind": "CORRECT_COMPANY",
          "relationIds": [],
          "detail": "Apply approved changes to aliases, description, headquarters, lastVerifiedAt, ownershipPeriods, milestones, citations."
        },
        {
          "kind": "ADD_OWNER",
          "relationIds": [],
          "detail": "Add 1 approved ownership period(s)."
        },
        {
          "kind": "ADD_PENDING_TRANSACTION",
          "relationIds": [],
          "detail": "Add 1 signed pending ownership transaction(s)."
        }
      ],
      "changedFields": [
        "aliases",
        "citations",
        "description",
        "headquarters",
        "lastVerifiedAt",
        "milestones",
        "ownershipPeriods",
        "pendingOwnershipTransactions"
      ],
      "retiredCompanyIds": []
    },
    {
      "companyName": "Mexico Telecom Partners",
      "mutations": [
        {
          "kind": "CORRECT_COMPANY",
          "relationIds": [],
          "detail": "Apply approved changes to aliases, description, website, headquarters, lastVerifiedAt, ownershipPeriods, milestones, citations."
        }
      ],
      "changedFields": [
        "aliases",
        "citations",
        "description",
        "headquarters",
        "lastVerifiedAt",
        "milestones",
        "ownershipPeriods",
        "website"
      ],
      "retiredCompanyIds": []
    },
    {
      "companyName": "Orange Barrel Media",
      "mutations": [
        {
          "kind": "CORRECT_COMPANY",
          "relationIds": [],
          "detail": "Apply approved changes to aliases, description, website, headquarters, lastVerifiedAt, ownershipPeriods, milestones, citations."
        }
      ],
      "changedFields": [
        "aliases",
        "citations",
        "description",
        "headquarters",
        "lastVerifiedAt",
        "milestones",
        "ownershipPeriods",
        "website"
      ],
      "retiredCompanyIds": []
    },
    {
      "companyName": "Switch, Inc.",
      "mutations": [
        {
          "kind": "CORRECT_COMPANY",
          "relationIds": [],
          "detail": "Apply approved changes to aliases, description, website, headquarters, lastVerifiedAt, ownershipPeriods, milestones, citations."
        },
        {
          "kind": "ADD_OWNER",
          "relationIds": [],
          "detail": "Add 2 approved ownership period(s)."
        }
      ],
      "changedFields": [
        "aliases",
        "citations",
        "description",
        "headquarters",
        "lastVerifiedAt",
        "milestones",
        "ownershipPeriods",
        "website"
      ],
      "retiredCompanyIds": []
    }
  ]
}
