
> infra-tracker@1.0.0 portco:reconciliation:batch:apply
> npx tsx scripts/portco-reconciliation/batch-apply-cli.ts --batch-manifest=audits/portco-reconciliation/2026-08-23/batches/batch-0302-0306-v1/batch-manifest-v3.json --batch-sha256=a947c038d2232d9b29bacf21b9f63c6665d12d8b4a8e1cc8ca51468465cfcec3

(node:3363) DeprecationWarning: Calling client.query() when the client is already executing a query is deprecated and will be removed in pg@9.0. Use async/await or an external async flow control mechanism instead.
(Use `node --trace-deprecation ...` to show where the warning was created)
{
  "mode": "BATCH_DRY_RUN",
  "batchId": "batch-0302-0306-v1",
  "batchSha256": "a947c038d2232d9b29bacf21b9f63c6665d12d8b4a8e1cc8ca51468465cfcec3",
  "databaseWrites": false,
  "seedWrites": false,
  "plans": [
    {
      "companyName": "Prospect Power",
      "mutations": [
        {
          "kind": "CORRECT_COMPANY",
          "relationIds": [],
          "detail": "Apply approved changes to aliases, description, headquarters, lastVerifiedAt, ownershipPeriods, milestones, citations."
        },
        {
          "kind": "RETIRE_OWNERSHIP",
          "relationIds": [
            "cmrxpjrkd01gbivhepnv27o1y"
          ],
          "detail": "Retire 1 ownership period(s) without deleting history."
        }
      ],
      "changedFields": [
        "aliases",
        "citations",
        "description",
        "headquarters",
        "lastVerifiedAt",
        "milestones",
        "ownershipPeriods"
      ],
      "retiredCompanyIds": []
    }
  ]
}
